2024-02-02 17:56:28,668 - INFO - Configuration:
{
    "task": "5",
    "topic": "CS2_high lr",
    "train_classifier": true,
    "number_gpus": "1",
    "modalities": [
        "rgb"
    ],
    "encoder_model": "MAE",
    "mask_ratio": 0.8,
    "dataset": "NTU",
    "split": "CS",
    "num_classes": 60,
    "epochs": 500,
    "res_cktp": false,
    "cktp_dir": "/home/bas06400/Thesis/VIP/src/align_checkpoints/mae_checkpoints/",
    "trained_encoder": "checkpoint_rgb_CS_20240130_193828.pth",
    "learning_rate": 0.01,
    "temperature": 0.1,
    "num_workers": 10,
    "batch_size": 64,
    "data_root": "/net/polaris/storage/deeplearning/ntu",
    "random_sample": false,
    "pin_memory": true,
    "scheduler_config": {
        "type": "plateau",
        "params": {
            "mode": "min",
            "factor": 0.1,
            "patience": 5
        }
    }
}
2024-02-02 17:56:28,722 - INFO - Training MAE for rgb...
2024-02-02 17:56:28,808 - INFO - Evaluing on the following GPUs [2]
2024-02-02 17:56:32,633 - INFO - Starting feature extraction...
2024-02-02 18:30:33,294 - INFO - Epoch [1/500], Loss: 5.443704081158484, Accuracy: 5.251436236175436%
2024-02-02 18:30:33,312 - INFO - Test Accuracy: 7.311028500619579%, Balanced Test Accuracy: 7.804908054908053%
2024-02-02 18:30:34,073 - INFO - Epoch [2/500], Loss: 5.109312249287482, Accuracy: 7.478551362842609%
2024-02-02 18:30:34,798 - INFO - Epoch [3/500], Loss: 4.970122143626213, Accuracy: 8.521246172145876%
2024-02-02 18:30:35,538 - INFO - Epoch [4/500], Loss: 4.876044917491175, Accuracy: 9.381722471085466%
2024-02-02 18:30:36,301 - INFO - Epoch [5/500], Loss: 4.804605336439225, Accuracy: 10.016956444714397%
2024-02-02 18:30:37,101 - INFO - Epoch [6/500], Loss: 4.746971102491502, Accuracy: 10.65472123098727%
2024-02-02 18:30:37,800 - INFO - Epoch [7/500], Loss: 4.698576644062996, Accuracy: 11.203907574722244%
2024-02-02 18:30:38,510 - INFO - Epoch [8/500], Loss: 4.656823574535308, Accuracy: 11.679700351782957%
2024-02-02 18:30:39,349 - INFO - Epoch [9/500], Loss: 4.62015962600708, Accuracy: 12.069445498949714%
2024-02-02 18:30:40,114 - INFO - Epoch [10/500], Loss: 4.587546859537402, Accuracy: 12.471844709336168%
2024-02-02 18:30:40,956 - INFO - Epoch [11/500], Loss: 4.558272455488482, Accuracy: 12.833750917419584%
2024-02-02 18:30:40,966 - INFO - Test Accuracy: 11.028500619578686%, Balanced Test Accuracy: 11.96226840792058%
2024-02-02 18:30:41,725 - INFO - Epoch [12/500], Loss: 4.531651283464124, Accuracy: 13.1830030622833%
2024-02-02 18:30:42,472 - INFO - Epoch [13/500], Loss: 4.5070705115795135, Accuracy: 13.537316832434895%
2024-02-02 18:30:43,200 - INFO - Epoch [14/500], Loss: 4.484133377190559, Accuracy: 13.742312656594033%
2024-02-02 18:30:43,935 - INFO - Epoch [15/500], Loss: 4.46265084128226, Accuracy: 14.01817123478349%
2024-02-02 18:30:44,660 - INFO - Epoch [16/500], Loss: 4.442453422854023, Accuracy: 14.243413560094146%
2024-02-02 18:30:45,370 - INFO - Epoch [17/500], Loss: 4.423389762159316, Accuracy: 14.491433199200264%
2024-02-02 18:30:46,078 - INFO - Epoch [18/500], Loss: 4.405399258578977, Accuracy: 14.736922025662441%
2024-02-02 18:30:46,781 - INFO - Epoch [19/500], Loss: 4.388452561632279, Accuracy: 14.990003290056437%
2024-02-02 18:30:47,532 - INFO - Epoch [20/500], Loss: 4.372414161601374, Accuracy: 15.207653177435274%
2024-02-02 18:30:48,326 - INFO - Epoch [21/500], Loss: 4.357140067604281, Accuracy: 15.422772252170171%
2024-02-02 18:30:48,336 - INFO - Test Accuracy: 12.639405204460967%, Balanced Test Accuracy: 13.65091229221664%
2024-02-02 18:30:49,082 - INFO - Epoch [22/500], Loss: 4.342547807001298, Accuracy: 15.650545390124769%
2024-02-02 18:30:49,788 - INFO - Epoch [23/500], Loss: 4.328565571096636, Accuracy: 15.784678460253588%
2024-02-02 18:30:50,547 - INFO - Epoch [24/500], Loss: 4.315138762997043, Accuracy: 15.956773720041506%
2024-02-02 18:30:51,318 - INFO - Epoch [25/500], Loss: 4.302244638723712, Accuracy: 16.199731733859743%
2024-02-02 18:30:52,080 - INFO - Epoch [26/500], Loss: 4.289875366514729, Accuracy: 16.40219674537494%
2024-02-02 18:30:52,838 - INFO - Epoch [27/500], Loss: 4.278015501076175, Accuracy: 16.576822817806796%
2024-02-02 18:30:53,616 - INFO - Epoch [28/500], Loss: 4.266647778691784, Accuracy: 16.781818641965934%
2024-02-02 18:30:54,379 - INFO - Epoch [29/500], Loss: 4.255763826351012, Accuracy: 16.895705210943234%
2024-02-02 18:30:55,125 - INFO - Epoch [30/500], Loss: 4.245321889077464, Accuracy: 17.05008478222357%
2024-02-02 18:30:55,862 - INFO - Epoch [31/500], Loss: 4.235153801979557, Accuracy: 17.19434110292815%
2024-02-02 18:30:55,872 - INFO - Test Accuracy: 12.88723667905824%, Balanced Test Accuracy: 13.73384787515222%
2024-02-02 18:30:56,593 - INFO - Epoch [32/500], Loss: 4.225114033587517, Accuracy: 17.331004985700908%
2024-02-02 18:30:57,320 - INFO - Epoch [33/500], Loss: 4.215234961240522, Accuracy: 17.503100245488827%
2024-02-02 18:30:58,076 - INFO - Epoch [34/500], Loss: 4.205571296714967, Accuracy: 17.662541442057044%
2024-02-02 18:30:58,790 - INFO - Epoch [35/500], Loss: 4.196139690376097, Accuracy: 17.809328575405562%
2024-02-02 18:30:59,500 - INFO - Epoch [36/500], Loss: 4.186938459354062, Accuracy: 17.971300584617723%
2024-02-02 18:31:00,274 - INFO - Epoch [37/500], Loss: 4.177962524756309, Accuracy: 18.08518715359502%
2024-02-02 18:31:01,100 - INFO - Epoch [38/500], Loss: 4.169205664146331, Accuracy: 18.209196973148078%
2024-02-02 18:31:01,854 - INFO - Epoch [39/500], Loss: 4.160661791120806, Accuracy: 18.323083542125378%
2024-02-02 18:31:02,558 - INFO - Epoch [40/500], Loss: 4.15232653339063, Accuracy: 18.426846860526915%
2024-02-02 18:31:03,315 - INFO - Epoch [41/500], Loss: 4.144197488504071, Accuracy: 18.538202616860275%
2024-02-02 18:31:03,326 - INFO - Test Accuracy: 13.382899628252789%, Balanced Test Accuracy: 14.318834647638997%
2024-02-02 18:31:04,069 - INFO - Epoch [42/500], Loss: 4.1362734461022965, Accuracy: 18.664743249057274%
2024-02-02 18:31:04,843 - INFO - Epoch [43/500], Loss: 4.128553451549623, Accuracy: 18.76091412952699%
2024-02-02 18:31:05,595 - INFO - Epoch [44/500], Loss: 4.121035007699843, Accuracy: 18.87226988586035%
2024-02-02 18:31:06,335 - INFO - Epoch [45/500], Loss: 4.113712051222401, Accuracy: 18.97856401690583%
2024-02-02 18:31:07,162 - INFO - Epoch [46/500], Loss: 4.106573812903896, Accuracy: 19.097512211171008%
2024-02-02 18:31:07,961 - INFO - Epoch [47/500], Loss: 4.099606223164066, Accuracy: 19.203806342216485%
2024-02-02 18:31:08,836 - INFO - Epoch [48/500], Loss: 4.092795087445166, Accuracy: 19.299977222686206%
2024-02-02 18:31:09,585 - INFO - Epoch [49/500], Loss: 4.086132250005199, Accuracy: 19.42398704223926%
2024-02-02 18:31:10,312 - INFO - Epoch [50/500], Loss: 4.079614646011783, Accuracy: 19.4897881709817%
2024-02-02 18:31:11,078 - INFO - Epoch [51/500], Loss: 4.073241983690569, Accuracy: 19.55558929972414%
2024-02-02 18:31:11,089 - INFO - Test Accuracy: 14.12639405204461%, Balanced Test Accuracy: 14.88170846866499%
2024-02-02 18:31:11,930 - INFO - Epoch [52/500], Loss: 4.067014208243739, Accuracy: 19.65682180548174%
2024-02-02 18:31:12,654 - INFO - Epoch [53/500], Loss: 4.060927590054851, Accuracy: 19.73527699744388%
2024-02-02 18:31:13,516 - INFO - Epoch [54/500], Loss: 4.054970342786081, Accuracy: 19.826386252625717%
2024-02-02 18:31:14,257 - INFO - Epoch [55/500], Loss: 4.0491250960096234, Accuracy: 19.945334446890897%
2024-02-02 18:31:15,140 - INFO - Epoch [56/500], Loss: 4.043378489632761, Accuracy: 20.044036140004554%
2024-02-02 18:31:15,878 - INFO - Epoch [57/500], Loss: 4.0377337254824175, Accuracy: 20.173107584845493%
2024-02-02 18:31:16,590 - INFO - Epoch [58/500], Loss: 4.032203193153104, Accuracy: 20.32242553083795%
2024-02-02 18:31:17,419 - INFO - Epoch [59/500], Loss: 4.026791014978962, Accuracy: 20.403411535444032%
2024-02-02 18:31:18,172 - INFO - Epoch [60/500], Loss: 4.021491877975002, Accuracy: 20.49452079062587%
2024-02-02 18:31:19,030 - INFO - Epoch [61/500], Loss: 4.016288683779778, Accuracy: 20.57550679523195%
2024-02-02 18:31:19,041 - INFO - Test Accuracy: 15.241635687732343%, Balanced Test Accuracy: 16.068542467998988%
2024-02-02 18:31:19,819 - INFO - Epoch [62/500], Loss: 4.011150866266219, Accuracy: 20.651431174550147%
2024-02-02 18:31:20,592 - INFO - Epoch [63/500], Loss: 4.006051359638091, Accuracy: 20.74760205501987%
2024-02-02 18:31:21,345 - INFO - Epoch [64/500], Loss: 4.000988448819807, Accuracy: 20.813403183762308%
2024-02-02 18:31:22,096 - INFO - Epoch [65/500], Loss: 3.995960824431912, Accuracy: 20.917166502163845%
2024-02-02 18:31:22,824 - INFO - Epoch [66/500], Loss: 3.9909566953297584, Accuracy: 21.023460633209325%
2024-02-02 18:31:23,604 - INFO - Epoch [67/500], Loss: 3.985997654737965, Accuracy: 21.096854199883584%
2024-02-02 18:31:24,350 - INFO - Epoch [68/500], Loss: 3.981137954900342, Accuracy: 21.112039075747223%
2024-02-02 18:31:25,187 - INFO - Epoch [69/500], Loss: 3.976412750540241, Accuracy: 21.19808670564118%
2024-02-02 18:31:26,045 - INFO - Epoch [70/500], Loss: 3.9718265129673864, Accuracy: 21.26388783438362%
2024-02-02 18:31:26,759 - INFO - Epoch [71/500], Loss: 3.9673012278733717, Accuracy: 21.33475058841394%
2024-02-02 18:31:26,769 - INFO - Test Accuracy: 15.985130111524164%, Balanced Test Accuracy: 16.624026335982858%
2024-02-02 18:31:27,477 - INFO - Epoch [72/500], Loss: 3.9626686962381488, Accuracy: 21.43598309417154%
2024-02-02 18:31:28,171 - INFO - Epoch [73/500], Loss: 3.9581590746679614, Accuracy: 21.51949991142156%
2024-02-02 18:31:28,879 - INFO - Epoch [74/500], Loss: 3.9537426108314144, Accuracy: 21.600485916027637%
2024-02-02 18:31:29,620 - INFO - Epoch [75/500], Loss: 3.9494012315427103, Accuracy: 21.704249234429174%
2024-02-02 18:31:30,330 - INFO - Epoch [76/500], Loss: 3.945157302002753, Accuracy: 21.734618986156455%
2024-02-02 18:31:31,109 - INFO - Epoch [77/500], Loss: 3.9410066508477732, Accuracy: 21.813074178118594%
2024-02-02 18:31:31,823 - INFO - Epoch [78/500], Loss: 3.937011167407036, Accuracy: 21.883936932148913%
2024-02-02 18:31:32,585 - INFO - Epoch [79/500], Loss: 3.9329883451423338, Accuracy: 21.942145622959533%
2024-02-02 18:31:33,360 - INFO - Epoch [80/500], Loss: 3.9291187774750496, Accuracy: 21.97504618733075%
2024-02-02 18:31:34,054 - INFO - Epoch [81/500], Loss: 3.92549317882907, Accuracy: 22.05097056664895%
2024-02-02 18:31:34,064 - INFO - Test Accuracy: 16.1090458488228%, Balanced Test Accuracy: 16.570556657513176%
2024-02-02 18:31:34,780 - INFO - Epoch [82/500], Loss: 3.9219485790498796, Accuracy: 22.10158681952775%
2024-02-02 18:31:35,534 - INFO - Epoch [83/500], Loss: 3.9181534489316325, Accuracy: 22.190165262065648%
2024-02-02 18:31:36,401 - INFO - Epoch [84/500], Loss: 3.913842937158, Accuracy: 22.296459393111128%
2024-02-02 18:31:37,281 - INFO - Epoch [85/500], Loss: 3.9092071339968713, Accuracy: 22.352137271277808%
2024-02-02 18:31:38,210 - INFO - Epoch [86/500], Loss: 3.9056702679203403, Accuracy: 22.40528433680055%
2024-02-02 18:31:39,047 - INFO - Epoch [87/500], Loss: 3.902577166115084, Accuracy: 22.486270341406627%
2024-02-02 18:31:39,884 - INFO - Epoch [88/500], Loss: 3.8986911086305494, Accuracy: 22.539417406929363%
2024-02-02 18:31:40,804 - INFO - Epoch [89/500], Loss: 3.8946576637606465, Accuracy: 22.635588287399084%
2024-02-02 18:31:41,638 - INFO - Epoch [90/500], Loss: 3.8915425563050854, Accuracy: 22.620403411535445%
2024-02-02 18:31:42,474 - INFO - Epoch [91/500], Loss: 3.889742383553136, Accuracy: 22.620403411535445%
2024-02-02 18:31:42,485 - INFO - Test Accuracy: 15.985130111524164%, Balanced Test Accuracy: 16.552368826825344%
2024-02-02 18:31:43,366 - INFO - Epoch [92/500], Loss: 3.885041239761537, Accuracy: 22.7444132310885%
2024-02-02 18:31:44,199 - INFO - Epoch [93/500], Loss: 3.8845573562768196, Accuracy: 22.731759167868802%
2024-02-02 18:31:45,013 - INFO - Epoch [94/500], Loss: 3.8798608794327705, Accuracy: 22.79756029661124%
2024-02-02 18:31:45,775 - INFO - Epoch [95/500], Loss: 3.8756007638669785, Accuracy: 22.898792802368842%
2024-02-02 18:31:46,577 - INFO - Epoch [96/500], Loss: 3.8718576758138594, Accuracy: 22.97977880697492%
2024-02-02 18:31:47,335 - INFO - Epoch [97/500], Loss: 3.8688010760853366, Accuracy: 23.00761774605826%
2024-02-02 18:31:48,106 - INFO - Epoch [98/500], Loss: 3.8645056947585075, Accuracy: 23.086072938020397%
2024-02-02 18:31:48,874 - INFO - Epoch [99/500], Loss: 3.861307460934885, Accuracy: 23.184774631134058%
2024-02-02 18:31:49,650 - INFO - Epoch [100/500], Loss: 3.8583837579334936, Accuracy: 23.210082757573456%
2024-02-02 18:31:50,440 - INFO - Epoch [101/500], Loss: 3.8548652957524023, Accuracy: 23.278414698959836%
2024-02-02 18:31:50,451 - INFO - Test Accuracy: 15.489467162329616%, Balanced Test Accuracy: 15.986892636349156%
2024-02-02 18:31:51,302 - INFO - Epoch [102/500], Loss: 3.8525117842420453, Accuracy: 23.323969326550756%
2024-02-02 18:31:52,139 - INFO - Epoch [103/500], Loss: 3.850380122180908, Accuracy: 23.359400703565914%
2024-02-02 18:31:52,920 - INFO - Epoch [104/500], Loss: 3.84756537358607, Accuracy: 23.417609394376534%
2024-02-02 18:31:53,801 - INFO - Epoch [105/500], Loss: 3.8435975880392137, Accuracy: 23.468225647255334%
2024-02-02 18:31:54,696 - INFO - Epoch [106/500], Loss: 3.8402168745956113, Accuracy: 23.559334902437172%
2024-02-02 18:31:55,521 - INFO - Epoch [107/500], Loss: 3.8369103713381674, Accuracy: 23.607420342672032%
2024-02-02 18:31:56,305 - INFO - Epoch [108/500], Loss: 3.833828502124356, Accuracy: 23.665629033482652%
2024-02-02 18:31:57,136 - INFO - Epoch [109/500], Loss: 3.831420005809876, Accuracy: 23.69093715992205%
2024-02-02 18:31:58,027 - INFO - Epoch [110/500], Loss: 3.8284173487655577, Accuracy: 23.73649178751297%
2024-02-02 18:31:58,874 - INFO - Epoch [111/500], Loss: 3.825815588235855, Accuracy: 23.76939235188419%
2024-02-02 18:31:58,885 - INFO - Test Accuracy: 16.1090458488228%, Balanced Test Accuracy: 16.536275318884012%
2024-02-02 18:31:59,631 - INFO - Epoch [112/500], Loss: 3.823050809002692, Accuracy: 23.82253941740693%
2024-02-02 18:32:00,364 - INFO - Epoch [113/500], Loss: 3.8202660646169417, Accuracy: 23.911117859944827%
2024-02-02 18:32:01,150 - INFO - Epoch [114/500], Loss: 3.8185335234288247, Accuracy: 23.903525422013008%
2024-02-02 18:32:02,029 - INFO - Epoch [115/500], Loss: 3.8149126369145607, Accuracy: 23.974388176043327%
2024-02-02 18:32:02,773 - INFO - Epoch [116/500], Loss: 3.8128135286031233, Accuracy: 23.99716548983879%
2024-02-02 18:32:03,526 - INFO - Epoch [117/500], Loss: 3.8100983736015137, Accuracy: 24.075620681800928%
2024-02-02 18:32:04,267 - INFO - Epoch [118/500], Loss: 3.8070537082610594, Accuracy: 24.073089869156988%
2024-02-02 18:32:05,197 - INFO - Epoch [119/500], Loss: 3.804496199373276, Accuracy: 24.154075873763066%
2024-02-02 18:32:05,995 - INFO - Epoch [120/500], Loss: 3.802732056187045, Accuracy: 24.159137499050946%
2024-02-02 18:32:06,715 - INFO - Epoch [121/500], Loss: 3.8003003823180355, Accuracy: 24.159137499050946%
2024-02-02 18:32:06,726 - INFO - Test Accuracy: 16.1090458488228%, Balanced Test Accuracy: 16.456147113755808%
2024-02-02 18:32:07,488 - INFO - Epoch [122/500], Loss: 3.797103552087661, Accuracy: 24.250246754232784%
2024-02-02 18:32:08,194 - INFO - Epoch [123/500], Loss: 3.795081752923227, Accuracy: 24.290739756535825%
2024-02-02 18:32:08,897 - INFO - Epoch [124/500], Loss: 3.7932116470990644, Accuracy: 24.283147318604005%
2024-02-02 18:32:09,610 - INFO - Epoch [125/500], Loss: 3.790121836047019, Accuracy: 24.346417634702505%
2024-02-02 18:32:10,354 - INFO - Epoch [126/500], Loss: 3.786885853255949, Accuracy: 24.417280388732824%
2024-02-02 18:32:11,151 - INFO - Epoch [127/500], Loss: 3.78501128477435, Accuracy: 24.412218763444944%
2024-02-02 18:32:11,874 - INFO - Epoch [128/500], Loss: 3.7827769926478787, Accuracy: 24.445119327816162%
2024-02-02 18:32:12,614 - INFO - Epoch [129/500], Loss: 3.780478464980279, Accuracy: 24.495735580694962%
2024-02-02 18:32:13,304 - INFO - Epoch [130/500], Loss: 3.77711748115478, Accuracy: 24.556475084149522%
2024-02-02 18:32:13,993 - INFO - Epoch [131/500], Loss: 3.7756512083353533, Accuracy: 24.56406752208134%
2024-02-02 18:32:14,003 - INFO - Test Accuracy: 16.356877323420075%, Balanced Test Accuracy: 16.714083621692318%
2024-02-02 18:32:14,682 - INFO - Epoch [132/500], Loss: 3.7731563891133955, Accuracy: 24.6501151519753%
2024-02-02 18:32:15,393 - INFO - Epoch [133/500], Loss: 3.7702151633078054, Accuracy: 24.685546528990457%
2024-02-02 18:32:16,108 - INFO - Epoch [134/500], Loss: 3.7686405936556477, Accuracy: 24.685546528990457%
2024-02-02 18:32:16,816 - INFO - Epoch [135/500], Loss: 3.767810623491964, Accuracy: 24.7007314048541%
2024-02-02 18:32:17,564 - INFO - Epoch [136/500], Loss: 3.7657740385301652, Accuracy: 24.738693594513197%
2024-02-02 18:32:18,314 - INFO - Epoch [137/500], Loss: 3.7626902768688817, Accuracy: 24.814617973831396%
2024-02-02 18:32:19,030 - INFO - Epoch [138/500], Loss: 3.7593908410879875, Accuracy: 24.837395287626858%
2024-02-02 18:32:19,750 - INFO - Epoch [139/500], Loss: 3.7569348062238386, Accuracy: 24.908258041657177%
2024-02-02 18:32:20,496 - INFO - Epoch [140/500], Loss: 3.7561172381524117, Accuracy: 24.913319666945057%
2024-02-02 18:32:21,202 - INFO - Epoch [141/500], Loss: 3.7538601948368933, Accuracy: 24.981651608331436%
2024-02-02 18:32:21,212 - INFO - Test Accuracy: 16.356877323420075%, Balanced Test Accuracy: 16.65710356471226%
2024-02-02 18:32:21,988 - INFO - Epoch [142/500], Loss: 3.750824684096921, Accuracy: 25.019613797990534%
2024-02-02 18:32:22,788 - INFO - Epoch [143/500], Loss: 3.7495747525845804, Accuracy: 25.027206235922353%
2024-02-02 18:32:23,536 - INFO - Epoch [144/500], Loss: 3.7468665689229965, Accuracy: 25.065168425581454%
2024-02-02 18:32:24,281 - INFO - Epoch [145/500], Loss: 3.7449276605921407, Accuracy: 25.118315491104195%
2024-02-02 18:32:25,122 - INFO - Epoch [146/500], Loss: 3.7424444041905867, Accuracy: 25.138561992255713%
2024-02-02 18:32:25,885 - INFO - Epoch [147/500], Loss: 3.7408845684220715, Accuracy: 25.16387011869511%
2024-02-02 18:32:26,635 - INFO - Epoch [148/500], Loss: 3.7392591108237543, Accuracy: 25.22967124743755%
2024-02-02 18:32:27,435 - INFO - Epoch [149/500], Loss: 3.738159171996578, Accuracy: 25.201832308354213%
2024-02-02 18:32:28,163 - INFO - Epoch [150/500], Loss: 3.734755902521072, Accuracy: 25.30306481411181%
2024-02-02 18:32:28,882 - INFO - Epoch [151/500], Loss: 3.7322798241530695, Accuracy: 25.31065725204363%
2024-02-02 18:32:28,892 - INFO - Test Accuracy: 16.356877323420075%, Balanced Test Accuracy: 16.68939615135267%
2024-02-02 18:32:29,632 - INFO - Epoch [152/500], Loss: 3.7303123772144318, Accuracy: 25.34355781641485%
2024-02-02 18:32:30,327 - INFO - Epoch [153/500], Loss: 3.729592749668706, Accuracy: 25.34355781641485%
2024-02-02 18:32:31,022 - INFO - Epoch [154/500], Loss: 3.728007317070038, Accuracy: 25.35874269227849%
2024-02-02 18:32:31,736 - INFO - Epoch [155/500], Loss: 3.7249345817873554, Accuracy: 25.41188975780123%
2024-02-02 18:32:32,443 - INFO - Epoch [156/500], Loss: 3.722714806275983, Accuracy: 25.43719788424063%
2024-02-02 18:32:33,147 - INFO - Epoch [157/500], Loss: 3.7200207229583495, Accuracy: 25.502999012983068%
2024-02-02 18:32:33,999 - INFO - Epoch [158/500], Loss: 3.719941636727702, Accuracy: 25.510591450914887%
2024-02-02 18:32:34,800 - INFO - Epoch [159/500], Loss: 3.7173682556998346, Accuracy: 25.573861767013387%
2024-02-02 18:32:35,658 - INFO - Epoch [160/500], Loss: 3.7157981943699623, Accuracy: 25.573861767013387%
2024-02-02 18:32:36,429 - INFO - Epoch [161/500], Loss: 3.7130641567130245, Accuracy: 25.65990939690735%
2024-02-02 18:32:36,440 - INFO - Test Accuracy: 16.356877323420075%, Balanced Test Accuracy: 16.715851177807696%
2024-02-02 18:32:37,242 - INFO - Epoch [162/500], Loss: 3.711574710184528, Accuracy: 25.657378584263405%
2024-02-02 18:32:38,062 - INFO - Epoch [163/500], Loss: 3.7094795684660635, Accuracy: 25.690279148634627%
2024-02-02 18:32:38,798 - INFO - Epoch [164/500], Loss: 3.706656745364589, Accuracy: 25.756080277377066%
2024-02-02 18:32:39,511 - INFO - Epoch [165/500], Loss: 3.704813889438106, Accuracy: 25.768734340596765%
2024-02-02 18:32:40,285 - INFO - Epoch [166/500], Loss: 3.702299902035344, Accuracy: 25.819350593475566%
2024-02-02 18:32:40,985 - INFO - Epoch [167/500], Loss: 3.702170666667723, Accuracy: 25.847189532558904%
2024-02-02 18:32:41,710 - INFO - Epoch [168/500], Loss: 3.7011736588132, Accuracy: 25.864905221066483%
2024-02-02 18:32:42,418 - INFO - Epoch [169/500], Loss: 3.698912095158331, Accuracy: 25.877559284286185%
2024-02-02 18:32:43,098 - INFO - Epoch [170/500], Loss: 3.6957466616745918, Accuracy: 25.988915040619542%
2024-02-02 18:32:43,816 - INFO - Epoch [171/500], Loss: 3.6940740048885345, Accuracy: 25.986384227975602%
2024-02-02 18:32:43,827 - INFO - Test Accuracy: 16.48079306071871%, Balanced Test Accuracy: 16.844158056114576%
2024-02-02 18:32:44,600 - INFO - Epoch [172/500], Loss: 3.6918093355432635, Accuracy: 26.029408042922583%
2024-02-02 18:32:45,337 - INFO - Epoch [173/500], Loss: 3.690325851882658, Accuracy: 26.05977779464986%
2024-02-02 18:32:46,097 - INFO - Epoch [174/500], Loss: 3.689680106216861, Accuracy: 26.05724698200592%
2024-02-02 18:32:46,883 - INFO - Epoch [175/500], Loss: 3.6875285568737213, Accuracy: 26.150887049831702%
2024-02-02 18:32:47,597 - INFO - Epoch [176/500], Loss: 3.6857629942317165, Accuracy: 26.16101030040746%
2024-02-02 18:32:48,342 - INFO - Epoch [177/500], Loss: 3.6842216777224697, Accuracy: 26.16101030040746%
2024-02-02 18:32:49,096 - INFO - Epoch [178/500], Loss: 3.681900257545133, Accuracy: 26.20403411535444%
2024-02-02 18:32:49,792 - INFO - Epoch [179/500], Loss: 3.680762657234746, Accuracy: 26.22934224179384%
2024-02-02 18:32:50,482 - INFO - Epoch [180/500], Loss: 3.679708075619513, Accuracy: 26.28248930731658%
2024-02-02 18:32:51,208 - INFO - Epoch [181/500], Loss: 3.6777990830521428, Accuracy: 26.29514337053628%
2024-02-02 18:32:51,220 - INFO - Test Accuracy: 16.356877323420075%, Balanced Test Accuracy: 16.755533717490238%
2024-02-02 18:32:51,957 - INFO - Epoch [182/500], Loss: 3.675101279251037, Accuracy: 26.30779743375598%
2024-02-02 18:32:52,744 - INFO - Epoch [183/500], Loss: 3.674152456944989, Accuracy: 26.30779743375598%
2024-02-02 18:32:53,548 - INFO - Epoch [184/500], Loss: 3.6718081418545014, Accuracy: 26.38119100043024%
2024-02-02 18:32:54,327 - INFO - Epoch [185/500], Loss: 3.6705733177161988, Accuracy: 26.3660061245666%
2024-02-02 18:32:55,144 - INFO - Epoch [186/500], Loss: 3.669191715217406, Accuracy: 26.391314251005998%
2024-02-02 18:32:55,937 - INFO - Epoch [187/500], Loss: 3.666816904660194, Accuracy: 26.411560752157516%
2024-02-02 18:32:56,695 - INFO - Epoch [188/500], Loss: 3.6641218008533603, Accuracy: 26.487485131475715%
2024-02-02 18:32:57,539 - INFO - Epoch [189/500], Loss: 3.6628422910167324, Accuracy: 26.484954318831775%
2024-02-02 18:32:58,266 - INFO - Epoch [190/500], Loss: 3.661770942711061, Accuracy: 26.560878698149978%
2024-02-02 18:32:58,958 - INFO - Epoch [191/500], Loss: 3.6600116371147093, Accuracy: 26.535570571710576%
2024-02-02 18:32:58,967 - INFO - Test Accuracy: 16.60470879801735%, Balanced Test Accuracy: 16.83328849089719%
2024-02-02 18:32:59,690 - INFO - Epoch [192/500], Loss: 3.6587417678486918, Accuracy: 26.621618201604534%
2024-02-02 18:33:00,397 - INFO - Epoch [193/500], Loss: 3.658066302537918, Accuracy: 26.591248449877256%
2024-02-02 18:33:01,087 - INFO - Epoch [194/500], Loss: 3.6555182409863316, Accuracy: 26.657049578619695%
2024-02-02 18:33:01,830 - INFO - Epoch [195/500], Loss: 3.6549201112601066, Accuracy: 26.588717637233316%
2024-02-02 18:33:02,581 - INFO - Epoch [196/500], Loss: 3.6534255651697034, Accuracy: 26.651987953331815%
2024-02-02 18:33:03,331 - INFO - Epoch [197/500], Loss: 3.6517059053144147, Accuracy: 26.720319894718195%
2024-02-02 18:33:04,040 - INFO - Epoch [198/500], Loss: 3.6481258494238697, Accuracy: 26.760812897021232%
2024-02-02 18:33:04,788 - INFO - Epoch [199/500], Loss: 3.649006248481812, Accuracy: 26.738035583225773%
2024-02-02 18:33:05,549 - INFO - Epoch [200/500], Loss: 3.646585351997806, Accuracy: 26.783590210816694%
2024-02-02 18:33:06,454 - INFO - Epoch [201/500], Loss: 3.644728274595353, Accuracy: 26.816490775187912%
2024-02-02 18:33:06,466 - INFO - Test Accuracy: 16.728624535315983%, Balanced Test Accuracy: 16.997207904816598%
2024-02-02 18:33:07,344 - INFO - Epoch [202/500], Loss: 3.6449302372432526, Accuracy: 26.806367524612153%
2024-02-02 18:33:08,199 - INFO - Epoch [203/500], Loss: 3.642063772486102, Accuracy: 26.839268088983374%
2024-02-02 18:33:08,949 - INFO - Epoch [204/500], Loss: 3.6421783181928817, Accuracy: 26.82408321311973%
2024-02-02 18:33:09,760 - INFO - Epoch [205/500], Loss: 3.639601196492872, Accuracy: 26.844329714271254%
2024-02-02 18:33:10,570 - INFO - Epoch [206/500], Loss: 3.6388681223315578, Accuracy: 26.925315718877332%
2024-02-02 18:33:11,416 - INFO - Epoch [207/500], Loss: 3.6368536910703106, Accuracy: 26.93290815680915%
2024-02-02 18:33:12,226 - INFO - Epoch [208/500], Loss: 3.636355417870706, Accuracy: 26.927846531521272%
2024-02-02 18:33:12,954 - INFO - Epoch [209/500], Loss: 3.6365770202490593, Accuracy: 26.925315718877332%
2024-02-02 18:33:13,732 - INFO - Epoch [210/500], Loss: 3.632904187806191, Accuracy: 26.97087034646825%
2024-02-02 18:33:14,463 - INFO - Epoch [211/500], Loss: 3.631142900836083, Accuracy: 27.02148659934705%
2024-02-02 18:33:14,473 - INFO - Test Accuracy: 16.97645600991326%, Balanced Test Accuracy: 17.340088052044575%
2024-02-02 18:33:15,200 - INFO - Epoch [212/500], Loss: 3.6310169216125243, Accuracy: 27.04173310049857%
2024-02-02 18:33:15,934 - INFO - Epoch [213/500], Loss: 3.628066040335163, Accuracy: 27.09234935337737%
2024-02-02 18:33:16,658 - INFO - Epoch [214/500], Loss: 3.6265776873596254, Accuracy: 27.08981854073343%
2024-02-02 18:33:17,415 - INFO - Epoch [215/500], Loss: 3.6270728789029585, Accuracy: 27.08222610280161%
2024-02-02 18:33:18,152 - INFO - Epoch [216/500], Loss: 3.624372813490129, Accuracy: 27.107534229241008%
2024-02-02 18:33:18,860 - INFO - Epoch [217/500], Loss: 3.623972095789448, Accuracy: 27.13031154303647%
2024-02-02 18:33:19,582 - INFO - Epoch [218/500], Loss: 3.6210379494774725, Accuracy: 27.168273732695567%
2024-02-02 18:33:20,336 - INFO - Epoch [219/500], Loss: 3.620970869737287, Accuracy: 27.20370510971073%
2024-02-02 18:33:21,125 - INFO - Epoch [220/500], Loss: 3.6190174270060753, Accuracy: 27.223951610862247%
2024-02-02 18:33:21,962 - INFO - Epoch [221/500], Loss: 3.617259026054413, Accuracy: 27.299875990180446%
2024-02-02 18:33:21,972 - INFO - Test Accuracy: 16.48079306071871%, Balanced Test Accuracy: 16.94723090918743%
2024-02-02 18:33:22,774 - INFO - Epoch [222/500], Loss: 3.618381502166871, Accuracy: 27.241667299369826%
2024-02-02 18:33:23,562 - INFO - Epoch [223/500], Loss: 3.614687052945937, Accuracy: 27.287221926960747%
2024-02-02 18:33:24,379 - INFO - Epoch [224/500], Loss: 3.6135129322928767, Accuracy: 27.335307367195607%
2024-02-02 18:33:25,104 - INFO - Epoch [225/500], Loss: 3.6116447362207595, Accuracy: 27.373269556854705%
2024-02-02 18:33:25,846 - INFO - Epoch [226/500], Loss: 3.6107237512065518, Accuracy: 27.368207931566825%
2024-02-02 18:33:26,637 - INFO - Epoch [227/500], Loss: 3.608765178630429, Accuracy: 27.431478247665325%
2024-02-02 18:33:27,363 - INFO - Epoch [228/500], Loss: 3.609017292338033, Accuracy: 27.418824184445626%
2024-02-02 18:33:28,137 - INFO - Epoch [229/500], Loss: 3.6085861906889947, Accuracy: 27.411231746513806%
2024-02-02 18:33:28,920 - INFO - Epoch [230/500], Loss: 3.6045937581408407, Accuracy: 27.530179940778986%
2024-02-02 18:33:29,674 - INFO - Epoch [231/500], Loss: 3.604946910854309, Accuracy: 27.484625313188065%
2024-02-02 18:33:29,684 - INFO - Test Accuracy: 16.48079306071871%, Balanced Test Accuracy: 16.89167535363187%
2024-02-02 18:33:30,474 - INFO - Epoch [232/500], Loss: 3.605214697699393, Accuracy: 27.497279376407764%
2024-02-02 18:33:31,206 - INFO - Epoch [233/500], Loss: 3.601279509163672, Accuracy: 27.547895629286565%
2024-02-02 18:33:31,956 - INFO - Epoch [234/500], Loss: 3.60163856225629, Accuracy: 27.532710753422926%
2024-02-02 18:33:32,691 - INFO - Epoch [235/500], Loss: 3.599683001637459, Accuracy: 27.578265381013843%
2024-02-02 18:33:33,410 - INFO - Epoch [236/500], Loss: 3.6006732443648, Accuracy: 27.542834003998685%
2024-02-02 18:33:34,188 - INFO - Epoch [237/500], Loss: 3.5975557757962133, Accuracy: 27.555488067218384%
2024-02-02 18:33:34,934 - INFO - Epoch [238/500], Loss: 3.594562833347628, Accuracy: 27.65672057297598%
2024-02-02 18:33:35,673 - INFO - Epoch [239/500], Loss: 3.5936481486405096, Accuracy: 27.649128135044162%
2024-02-02 18:33:36,410 - INFO - Epoch [240/500], Loss: 3.592808145188516, Accuracy: 27.687090324703263%
2024-02-02 18:33:37,147 - INFO - Epoch [241/500], Loss: 3.591171241094989, Accuracy: 27.649128135044162%
2024-02-02 18:33:37,158 - INFO - Test Accuracy: 16.60470879801735%, Balanced Test Accuracy: 17.128808590765114%
2024-02-02 18:33:37,908 - INFO - Epoch [242/500], Loss: 3.5919122296956276, Accuracy: 27.671905448839624%
2024-02-02 18:33:38,686 - INFO - Epoch [243/500], Loss: 3.589629525138486, Accuracy: 27.697213575279022%
2024-02-02 18:33:39,428 - INFO - Epoch [244/500], Loss: 3.5885372219547147, Accuracy: 27.71746007643054%
2024-02-02 18:33:40,229 - INFO - Epoch [245/500], Loss: 3.5873680566587756, Accuracy: 27.737706577582063%
2024-02-02 18:33:41,004 - INFO - Epoch [246/500], Loss: 3.584632142897575, Accuracy: 27.757953078733582%
2024-02-02 18:33:41,763 - INFO - Epoch [247/500], Loss: 3.5842841229131146, Accuracy: 27.83134664540784%
2024-02-02 18:33:42,540 - INFO - Epoch [248/500], Loss: 3.584788116235887, Accuracy: 27.8035077063245%
2024-02-02 18:33:43,370 - INFO - Epoch [249/500], Loss: 3.5833918610888142, Accuracy: 27.8035077063245%
2024-02-02 18:33:44,137 - INFO - Epoch [250/500], Loss: 3.5810244439109677, Accuracy: 27.86171639713512%
2024-02-02 18:33:44,950 - INFO - Epoch [251/500], Loss: 3.5803599001899844, Accuracy: 27.8288158327639%
2024-02-02 18:33:44,960 - INFO - Test Accuracy: 17.100371747211895%, Balanced Test Accuracy: 17.620511332467856%
2024-02-02 18:33:45,677 - INFO - Epoch [252/500], Loss: 3.577714959940603, Accuracy: 27.92245590058968%
2024-02-02 18:33:46,424 - INFO - Epoch [253/500], Loss: 3.576346155616545, Accuracy: 28.01356515577152%
2024-02-02 18:33:47,148 - INFO - Epoch [254/500], Loss: 3.575511066182967, Accuracy: 27.94523321438514%
2024-02-02 18:33:47,862 - INFO - Epoch [255/500], Loss: 3.5742093012217553, Accuracy: 27.96294890289272%
2024-02-02 18:33:48,585 - INFO - Epoch [256/500], Loss: 3.574897010480204, Accuracy: 27.95282565231696%
2024-02-02 18:33:49,315 - INFO - Epoch [257/500], Loss: 3.5716868254446212, Accuracy: 27.998380279907877%
2024-02-02 18:33:50,043 - INFO - Epoch [258/500], Loss: 3.5748141167625302, Accuracy: 27.95282565231696%
2024-02-02 18:33:50,791 - INFO - Epoch [259/500], Loss: 3.5710172090799577, Accuracy: 28.02368840634728%
2024-02-02 18:33:51,576 - INFO - Epoch [260/500], Loss: 3.5693978076019595, Accuracy: 28.076835471870016%
2024-02-02 18:33:52,330 - INFO - Epoch [261/500], Loss: 3.5690370437599, Accuracy: 28.043934907498798%
2024-02-02 18:33:52,341 - INFO - Test Accuracy: 16.728624535315983%, Balanced Test Accuracy: 17.228014939971462%
2024-02-02 18:33:53,093 - INFO - Epoch [262/500], Loss: 3.5674414721227463, Accuracy: 28.114797661529117%
2024-02-02 18:33:53,820 - INFO - Epoch [263/500], Loss: 3.5674813649346753, Accuracy: 28.114797661529117%
2024-02-02 18:33:54,613 - INFO - Epoch [264/500], Loss: 3.563071604697935, Accuracy: 28.183129602915496%
2024-02-02 18:33:55,358 - INFO - Epoch [265/500], Loss: 3.5637917893548168, Accuracy: 28.170475539695797%
2024-02-02 18:33:56,118 - INFO - Epoch [266/500], Loss: 3.5630102830548442, Accuracy: 28.190722040847316%
2024-02-02 18:33:56,888 - INFO - Epoch [267/500], Loss: 3.562454224113495, Accuracy: 28.180598790271556%
2024-02-02 18:33:57,715 - INFO - Epoch [268/500], Loss: 3.562609785987485, Accuracy: 28.170475539695797%
2024-02-02 18:33:58,434 - INFO - Epoch [269/500], Loss: 3.562445343502106, Accuracy: 28.228684230506417%
2024-02-02 18:33:59,126 - INFO - Epoch [270/500], Loss: 3.5585702585597194, Accuracy: 28.284362108673093%
2024-02-02 18:33:59,856 - INFO - Epoch [271/500], Loss: 3.5591799304369958, Accuracy: 28.248930731657936%
2024-02-02 18:33:59,866 - INFO - Test Accuracy: 16.728624535315983%, Balanced Test Accuracy: 17.30701926897579%
2024-02-02 18:34:00,662 - INFO - Epoch [272/500], Loss: 3.555658766819585, Accuracy: 28.302077797180676%
2024-02-02 18:34:01,447 - INFO - Epoch [273/500], Loss: 3.5569155528660743, Accuracy: 28.264115607521575%
2024-02-02 18:34:02,280 - INFO - Epoch [274/500], Loss: 3.556516310380351, Accuracy: 28.309670235112495%
2024-02-02 18:34:03,032 - INFO - Epoch [275/500], Loss: 3.5537932721837873, Accuracy: 28.388125427074634%
2024-02-02 18:34:03,782 - INFO - Epoch [276/500], Loss: 3.552102787840751, Accuracy: 28.370409738567055%
2024-02-02 18:34:04,475 - INFO - Epoch [277/500], Loss: 3.5504843525348173, Accuracy: 28.405841115582213%
2024-02-02 18:34:05,251 - INFO - Epoch [278/500], Loss: 3.5533514368918633, Accuracy: 28.324855110976134%
2024-02-02 18:34:06,104 - INFO - Epoch [279/500], Loss: 3.5510923713445663, Accuracy: 28.388125427074634%
2024-02-02 18:34:06,839 - INFO - Epoch [280/500], Loss: 3.5498785333287333, Accuracy: 28.464049806392833%
2024-02-02 18:34:07,603 - INFO - Epoch [281/500], Loss: 3.548681905673396, Accuracy: 28.469111431680712%
2024-02-02 18:34:07,614 - INFO - Test Accuracy: 17.100371747211895%, Balanced Test Accuracy: 17.553051015007537%
2024-02-02 18:34:08,341 - INFO - Epoch [282/500], Loss: 3.547389907702323, Accuracy: 28.464049806392833%
2024-02-02 18:34:09,070 - INFO - Epoch [283/500], Loss: 3.546461357224372, Accuracy: 28.49188874547617%
2024-02-02 18:34:09,904 - INFO - Epoch [284/500], Loss: 3.544312268014877, Accuracy: 28.55768987421861%
2024-02-02 18:34:10,661 - INFO - Epoch [285/500], Loss: 3.543956672953021, Accuracy: 28.53997418571103%
2024-02-02 18:34:11,368 - INFO - Epoch [286/500], Loss: 3.545592377262731, Accuracy: 28.532381747779212%
2024-02-02 18:34:12,116 - INFO - Epoch [287/500], Loss: 3.541183899006536, Accuracy: 28.60577531445347%
2024-02-02 18:34:12,866 - INFO - Epoch [288/500], Loss: 3.5418378787655986, Accuracy: 28.60071368916559%
2024-02-02 18:34:13,597 - INFO - Epoch [289/500], Loss: 3.542147794558156, Accuracy: 28.56275149950649%
2024-02-02 18:34:14,291 - INFO - Epoch [290/500], Loss: 3.5409719160487576, Accuracy: 28.62855262824893%
2024-02-02 18:34:15,058 - INFO - Epoch [291/500], Loss: 3.538846731185913, Accuracy: 28.638675878824692%
2024-02-02 18:34:15,069 - INFO - Test Accuracy: 16.97645600991326%, Balanced Test Accuracy: 17.53717799913452%
2024-02-02 18:34:15,800 - INFO - Epoch [292/500], Loss: 3.535782721734816, Accuracy: 28.68423050641561%
2024-02-02 18:34:16,512 - INFO - Epoch [293/500], Loss: 3.5367405789513744, Accuracy: 28.73737757193835%
2024-02-02 18:34:17,269 - INFO - Epoch [294/500], Loss: 3.5371166179257054, Accuracy: 28.67663806848379%
2024-02-02 18:34:18,064 - INFO - Epoch [295/500], Loss: 3.5349751345572935, Accuracy: 28.74497000987017%
2024-02-02 18:34:18,796 - INFO - Epoch [296/500], Loss: 3.5359644106318875, Accuracy: 28.70953863285501%
2024-02-02 18:34:19,518 - INFO - Epoch [297/500], Loss: 3.532823797675871, Accuracy: 28.79811707539291%
2024-02-02 18:34:20,367 - INFO - Epoch [298/500], Loss: 3.5317049031296084, Accuracy: 28.80824032596867%
2024-02-02 18:34:21,218 - INFO - Epoch [299/500], Loss: 3.5327641098730025, Accuracy: 28.767747323665628%
2024-02-02 18:34:22,204 - INFO - Epoch [300/500], Loss: 3.532397719160203, Accuracy: 28.80824032596867%
2024-02-02 18:34:22,993 - INFO - Epoch [301/500], Loss: 3.52998211787593, Accuracy: 28.85126414091565%
2024-02-02 18:34:23,003 - INFO - Test Accuracy: 17.100371747211895%, Balanced Test Accuracy: 17.703742915699436%
2024-02-02 18:34:23,710 - INFO - Epoch [302/500], Loss: 3.5285464405052123, Accuracy: 28.881633892642927%
2024-02-02 18:34:24,480 - INFO - Epoch [303/500], Loss: 3.526791581223088, Accuracy: 28.871510642067168%
2024-02-02 18:34:25,180 - INFO - Epoch [304/500], Loss: 3.5273866023748153, Accuracy: 28.894287955862627%
2024-02-02 18:34:25,881 - INFO - Epoch [305/500], Loss: 3.526163810683835, Accuracy: 28.91453445701415%
2024-02-02 18:34:26,591 - INFO - Epoch [306/500], Loss: 3.525953790833873, Accuracy: 28.891757143218687%
2024-02-02 18:34:27,389 - INFO - Epoch [307/500], Loss: 3.5252006885505494, Accuracy: 28.886695517930807%
2024-02-02 18:34:28,130 - INFO - Epoch [308/500], Loss: 3.5261276494110785, Accuracy: 28.912003644370206%
2024-02-02 18:34:28,877 - INFO - Epoch [309/500], Loss: 3.5226443381078782, Accuracy: 28.982866398400528%
2024-02-02 18:34:29,575 - INFO - Epoch [310/500], Loss: 3.520776908724539, Accuracy: 28.998051274264167%
2024-02-02 18:34:30,338 - INFO - Epoch [311/500], Loss: 3.5203009983224254, Accuracy: 29.003112899552047%
2024-02-02 18:34:30,348 - INFO - Test Accuracy: 17.348203221809168%, Balanced Test Accuracy: 17.941838153794677%
2024-02-02 18:34:31,116 - INFO - Epoch [312/500], Loss: 3.5228929245664227, Accuracy: 28.896818768506566%
2024-02-02 18:34:32,056 - INFO - Epoch [313/500], Loss: 3.5209650709744422, Accuracy: 28.982866398400528%
2024-02-02 18:34:32,922 - INFO - Epoch [314/500], Loss: 3.517410316774922, Accuracy: 29.043605901855084%
2024-02-02 18:34:33,633 - INFO - Epoch [315/500], Loss: 3.515382205767016, Accuracy: 29.089160529446005%
2024-02-02 18:34:34,435 - INFO - Epoch [316/500], Loss: 3.517096555521411, Accuracy: 29.063852403006607%
2024-02-02 18:34:35,219 - INFO - Epoch [317/500], Loss: 3.520413894326456, Accuracy: 29.048667527142964%
2024-02-02 18:34:36,038 - INFO - Epoch [318/500], Loss: 3.5174540877342224, Accuracy: 29.063852403006607%
2024-02-02 18:34:36,743 - INFO - Epoch [319/500], Loss: 3.516084818590072, Accuracy: 29.127122719105106%
2024-02-02 18:34:37,559 - INFO - Epoch [320/500], Loss: 3.5120417365143375, Accuracy: 29.177738971983903%
2024-02-02 18:34:38,288 - INFO - Epoch [321/500], Loss: 3.5108344050184375, Accuracy: 29.213170348999064%
2024-02-02 18:34:38,297 - INFO - Test Accuracy: 17.71995043370508%, Balanced Test Accuracy: 18.283107995064515%
2024-02-02 18:34:38,993 - INFO - Epoch [322/500], Loss: 3.511453217075717, Accuracy: 29.205577911067245%
2024-02-02 18:34:39,745 - INFO - Epoch [323/500], Loss: 3.5113236827235066, Accuracy: 29.187862222559662%
2024-02-02 18:34:40,481 - INFO - Epoch [324/500], Loss: 3.5105331124317263, Accuracy: 29.218231974286944%
2024-02-02 18:34:41,168 - INFO - Epoch [325/500], Loss: 3.509410641606777, Accuracy: 29.273909852453624%
2024-02-02 18:34:41,896 - INFO - Epoch [326/500], Loss: 3.508115691523398, Accuracy: 29.273909852453624%
2024-02-02 18:34:42,676 - INFO - Epoch [327/500], Loss: 3.507261005380461, Accuracy: 29.278971477741504%
2024-02-02 18:34:43,383 - INFO - Epoch [328/500], Loss: 3.506270531204439, Accuracy: 29.32199529268848%
2024-02-02 18:34:44,111 - INFO - Epoch [329/500], Loss: 3.504580499183747, Accuracy: 29.37767317085516%
2024-02-02 18:34:44,931 - INFO - Epoch [330/500], Loss: 3.504224200883219, Accuracy: 29.342241793840003%
2024-02-02 18:34:45,655 - INFO - Epoch [331/500], Loss: 3.504921720633584, Accuracy: 29.349834231771823%
2024-02-02 18:34:45,665 - INFO - Test Accuracy: 17.224287484510533%, Balanced Test Accuracy: 17.73681169876822%
2024-02-02 18:34:46,439 - INFO - Epoch [332/500], Loss: 3.5037102127267468, Accuracy: 29.38273479614304%
2024-02-02 18:34:47,219 - INFO - Epoch [333/500], Loss: 3.5025638784131696, Accuracy: 29.3928580467188%
2024-02-02 18:34:48,036 - INFO - Epoch [334/500], Loss: 3.502475120127201, Accuracy: 29.405512109938503%
2024-02-02 18:34:48,801 - INFO - Epoch [335/500], Loss: 3.5017060923480217, Accuracy: 29.418166173158202%
2024-02-02 18:34:49,500 - INFO - Epoch [336/500], Loss: 3.4996573184767077, Accuracy: 29.45106673752942%
2024-02-02 18:34:50,312 - INFO - Epoch [337/500], Loss: 3.501328661557167, Accuracy: 29.45106673752942%
2024-02-02 18:34:51,140 - INFO - Epoch [338/500], Loss: 3.499812240081449, Accuracy: 29.45106673752942%
2024-02-02 18:34:51,982 - INFO - Epoch [339/500], Loss: 3.4971030669346934, Accuracy: 29.52446030420368%
2024-02-02 18:34:52,826 - INFO - Epoch [340/500], Loss: 3.4958739977690483, Accuracy: 29.52192949155974%
2024-02-02 18:34:53,531 - INFO - Epoch [341/500], Loss: 3.496939139500741, Accuracy: 29.597853870877938%
2024-02-02 18:34:53,542 - INFO - Test Accuracy: 17.596034696406445%, Balanced Test Accuracy: 18.058240270196794%
2024-02-02 18:34:54,229 - INFO - Epoch [342/500], Loss: 3.496310092508793, Accuracy: 29.53711436742338%
2024-02-02 18:34:54,950 - INFO - Epoch [343/500], Loss: 3.4949311967338286, Accuracy: 29.54217599271126%
2024-02-02 18:34:55,703 - INFO - Epoch [344/500], Loss: 3.495002819165107, Accuracy: 29.532052742135498%
2024-02-02 18:34:56,464 - INFO - Epoch [345/500], Loss: 3.496097028015121, Accuracy: 29.53964518006732%
2024-02-02 18:34:57,225 - INFO - Epoch [346/500], Loss: 3.492256864665016, Accuracy: 29.62569280996128%
2024-02-02 18:34:57,962 - INFO - Epoch [347/500], Loss: 3.492419104902975, Accuracy: 29.648470123756738%
2024-02-02 18:34:58,705 - INFO - Epoch [348/500], Loss: 3.4896406757254756, Accuracy: 29.706678814567358%
2024-02-02 18:34:59,488 - INFO - Epoch [349/500], Loss: 3.4887083127133307, Accuracy: 29.6965555639916%
2024-02-02 18:35:00,241 - INFO - Epoch [350/500], Loss: 3.4910462294374742, Accuracy: 29.666185812264317%
2024-02-02 18:35:00,945 - INFO - Epoch [351/500], Loss: 3.488997345970523, Accuracy: 29.762356692734038%
2024-02-02 18:35:00,956 - INFO - Test Accuracy: 17.348203221809168%, Balanced Test Accuracy: 17.87570058765711%
2024-02-02 18:35:01,710 - INFO - Epoch [352/500], Loss: 3.489419181741053, Accuracy: 29.69402475134766%
2024-02-02 18:35:02,423 - INFO - Epoch [353/500], Loss: 3.490423780535498, Accuracy: 29.661124186976437%
2024-02-02 18:35:03,121 - INFO - Epoch [354/500], Loss: 3.484190035250879, Accuracy: 29.785134006529496%
2024-02-02 18:35:03,809 - INFO - Epoch [355/500], Loss: 3.4875118833395744, Accuracy: 29.701617189279478%
2024-02-02 18:35:04,538 - INFO - Epoch [356/500], Loss: 3.484960810311379, Accuracy: 29.739579378938576%
2024-02-02 18:35:05,285 - INFO - Epoch [357/500], Loss: 3.483840018991501, Accuracy: 29.802849695037075%
2024-02-02 18:35:06,046 - INFO - Epoch [358/500], Loss: 3.482602878924339, Accuracy: 29.810442132968895%
2024-02-02 18:35:06,794 - INFO - Epoch [359/500], Loss: 3.4805114009687976, Accuracy: 29.858527573203755%
2024-02-02 18:35:07,555 - INFO - Epoch [360/500], Loss: 3.482578204764474, Accuracy: 29.810442132968895%
2024-02-02 18:35:08,300 - INFO - Epoch [361/500], Loss: 3.4861254312338366, Accuracy: 29.780072381241617%
2024-02-02 18:35:08,311 - INFO - Test Accuracy: 17.348203221809168%, Balanced Test Accuracy: 17.808240270196794%
2024-02-02 18:35:09,041 - INFO - Epoch [362/500], Loss: 3.4792992628870474, Accuracy: 29.936982765165894%
2024-02-02 18:35:09,769 - INFO - Epoch [363/500], Loss: 3.478349423216235, Accuracy: 29.936982765165894%
2024-02-02 18:35:10,498 - INFO - Epoch [364/500], Loss: 3.4807769757124687, Accuracy: 29.881304886999214%
2024-02-02 18:35:11,233 - INFO - Epoch [365/500], Loss: 3.481337387234934, Accuracy: 29.850935135271936%
2024-02-02 18:35:11,946 - INFO - Epoch [366/500], Loss: 3.476572990177139, Accuracy: 29.995191455976514%
2024-02-02 18:35:12,647 - INFO - Epoch [367/500], Loss: 3.4777958729574756, Accuracy: 29.901551388150736%
2024-02-02 18:35:13,391 - INFO - Epoch [368/500], Loss: 3.4744341373443604, Accuracy: 29.990129830688634%
2024-02-02 18:35:14,272 - INFO - Epoch [369/500], Loss: 3.478962958339722, Accuracy: 29.906613013438616%
2024-02-02 18:35:15,060 - INFO - Epoch [370/500], Loss: 3.4728660415257178, Accuracy: 30.028092020347735%
2024-02-02 18:35:15,804 - INFO - Epoch [371/500], Loss: 3.4733551505111877, Accuracy: 30.023030395059855%
2024-02-02 18:35:15,814 - INFO - Test Accuracy: 17.224287484510533%, Balanced Test Accuracy: 17.633637095593617%
2024-02-02 18:35:16,533 - INFO - Epoch [372/500], Loss: 3.473962812894775, Accuracy: 29.987599018044694%
2024-02-02 18:35:17,327 - INFO - Epoch [373/500], Loss: 3.47307097046606, Accuracy: 30.015437957128032%
2024-02-02 18:35:18,103 - INFO - Epoch [374/500], Loss: 3.4731092751026154, Accuracy: 30.048338521499254%
2024-02-02 18:35:18,820 - INFO - Epoch [375/500], Loss: 3.4697941053778893, Accuracy: 30.048338521499254%
2024-02-02 18:35:19,550 - INFO - Epoch [376/500], Loss: 3.469215776170454, Accuracy: 30.091362336446235%
2024-02-02 18:35:20,291 - INFO - Epoch [377/500], Loss: 3.4724457807117894, Accuracy: 30.093893149090174%
2024-02-02 18:35:21,010 - INFO - Epoch [378/500], Loss: 3.4716430078110387, Accuracy: 30.076177460582592%
2024-02-02 18:35:21,780 - INFO - Epoch [379/500], Loss: 3.468662963278832, Accuracy: 30.13944777668109%
2024-02-02 18:35:22,515 - INFO - Epoch [380/500], Loss: 3.4666833449755945, Accuracy: 30.172348341052313%
2024-02-02 18:35:23,236 - INFO - Epoch [381/500], Loss: 3.4668425874363993, Accuracy: 30.15716346518867%
2024-02-02 18:35:23,246 - INFO - Test Accuracy: 17.472118959107807%, Balanced Test Accuracy: 17.880889842846365%
2024-02-02 18:35:23,949 - INFO - Epoch [382/500], Loss: 3.466432143843943, Accuracy: 30.179940778984133%
2024-02-02 18:35:24,735 - INFO - Epoch [383/500], Loss: 3.465942562828141, Accuracy: 30.21031053071141%
2024-02-02 18:35:25,586 - INFO - Epoch [384/500], Loss: 3.4649357432799954, Accuracy: 30.190064029559892%
2024-02-02 18:35:26,324 - INFO - Epoch [385/500], Loss: 3.4652728029797153, Accuracy: 30.20777971806747%
2024-02-02 18:35:27,143 - INFO - Epoch [386/500], Loss: 3.4627968048857105, Accuracy: 30.26598840887809%
2024-02-02 18:35:27,943 - INFO - Epoch [387/500], Loss: 3.4638031627382, Accuracy: 30.19512565484777%
2024-02-02 18:35:28,715 - INFO - Epoch [388/500], Loss: 3.4651476430796806, Accuracy: 30.19512565484777%
2024-02-02 18:35:29,484 - INFO - Epoch [389/500], Loss: 3.4620686235927765, Accuracy: 30.22549540657505%
2024-02-02 18:35:30,219 - INFO - Epoch [390/500], Loss: 3.4597719941408402, Accuracy: 30.31913547440083%
2024-02-02 18:35:30,935 - INFO - Epoch [391/500], Loss: 3.4587413255245454, Accuracy: 30.30648141118113%
2024-02-02 18:35:30,946 - INFO - Test Accuracy: 17.348203221809168%, Balanced Test Accuracy: 17.747724397180917%
2024-02-02 18:35:31,764 - INFO - Epoch [392/500], Loss: 3.458515794286805, Accuracy: 30.32166628704477%
2024-02-02 18:35:32,533 - INFO - Epoch [393/500], Loss: 3.461196437958748, Accuracy: 30.238149469794752%
2024-02-02 18:35:33,220 - INFO - Epoch [394/500], Loss: 3.4590543224926917, Accuracy: 30.33685116290841%
2024-02-02 18:35:33,914 - INFO - Epoch [395/500], Loss: 3.458860294713128, Accuracy: 30.30648141118113%
2024-02-02 18:35:34,639 - INFO - Epoch [396/500], Loss: 3.458485001037198, Accuracy: 30.362159289347808%
2024-02-02 18:35:35,480 - INFO - Epoch [397/500], Loss: 3.4580884789747577, Accuracy: 30.33432035026447%
2024-02-02 18:35:36,254 - INFO - Epoch [398/500], Loss: 3.458642408732445, Accuracy: 30.34191278819629%
2024-02-02 18:35:37,011 - INFO - Epoch [399/500], Loss: 3.4576154312779828, Accuracy: 30.34950522612811%
2024-02-02 18:35:37,781 - INFO - Epoch [400/500], Loss: 3.4543548401805664, Accuracy: 30.33432035026447%
2024-02-02 18:35:38,493 - INFO - Epoch [401/500], Loss: 3.4533029643277966, Accuracy: 30.417837167514488%
2024-02-02 18:35:38,503 - INFO - Test Accuracy: 17.472118959107807%, Balanced Test Accuracy: 17.886613286069807%
2024-02-02 18:35:39,281 - INFO - Epoch [402/500], Loss: 3.4527632440290144, Accuracy: 30.46592260774935%
2024-02-02 18:35:40,023 - INFO - Epoch [403/500], Loss: 3.4544864135884468, Accuracy: 30.37987497785539%
2024-02-02 18:35:40,761 - INFO - Epoch [404/500], Loss: 3.4534116509941315, Accuracy: 30.41277554222661%
2024-02-02 18:35:41,586 - INFO - Epoch [405/500], Loss: 3.450784601511494, Accuracy: 30.44820691924177%
2024-02-02 18:35:42,297 - INFO - Epoch [406/500], Loss: 3.4520782184216285, Accuracy: 30.44820691924177%
2024-02-02 18:35:43,045 - INFO - Epoch [407/500], Loss: 3.4522930027977115, Accuracy: 30.473515045681168%
2024-02-02 18:35:43,802 - INFO - Epoch [408/500], Loss: 3.4493667343931813, Accuracy: 30.52666211120391%
2024-02-02 18:35:44,554 - INFO - Epoch [409/500], Loss: 3.449498254925974, Accuracy: 30.45833016981753%
2024-02-02 18:35:45,295 - INFO - Epoch [410/500], Loss: 3.448866530531837, Accuracy: 30.501353984764506%
2024-02-02 18:35:46,032 - INFO - Epoch [411/500], Loss: 3.4472828524247294, Accuracy: 30.498823172120566%
2024-02-02 18:35:46,043 - INFO - Test Accuracy: 17.224287484510533%, Balanced Test Accuracy: 17.64851804797457%
2024-02-02 18:35:46,830 - INFO - Epoch [412/500], Loss: 3.4461820337080185, Accuracy: 30.557031862931186%
2024-02-02 18:35:47,635 - INFO - Epoch [413/500], Loss: 3.4476745868882825, Accuracy: 30.51653886062815%
2024-02-02 18:35:48,470 - INFO - Epoch [414/500], Loss: 3.452352388972236, Accuracy: 30.478576670969048%
2024-02-02 18:35:49,328 - INFO - Epoch [415/500], Loss: 3.443528573118871, Accuracy: 30.660795181332727%
2024-02-02 18:35:50,159 - INFO - Epoch [416/500], Loss: 3.4469418987151115, Accuracy: 30.536785361779668%
2024-02-02 18:35:50,887 - INFO - Epoch [417/500], Loss: 3.443909059368795, Accuracy: 30.615240553741806%
2024-02-02 18:35:51,641 - INFO - Epoch [418/500], Loss: 3.4435580428088866, Accuracy: 30.58233998937059%
2024-02-02 18:35:52,365 - INFO - Epoch [419/500], Loss: 3.442152725352395, Accuracy: 30.605117303166047%
2024-02-02 18:35:53,074 - INFO - Epoch [420/500], Loss: 3.4438280756435087, Accuracy: 30.620302179029686%
2024-02-02 18:35:53,864 - INFO - Epoch [421/500], Loss: 3.4423475981720033, Accuracy: 30.572216738794825%
2024-02-02 18:35:53,876 - INFO - Test Accuracy: 17.472118959107807%, Balanced Test Accuracy: 17.895770795227318%
2024-02-02 18:35:54,715 - INFO - Epoch [422/500], Loss: 3.4420569416496063, Accuracy: 30.703818996279704%
2024-02-02 18:35:55,423 - INFO - Epoch [423/500], Loss: 3.4429348964364297, Accuracy: 30.602586490522107%
2024-02-02 18:35:56,196 - INFO - Epoch [424/500], Loss: 3.4401865815443378, Accuracy: 30.645610305469088%
2024-02-02 18:35:57,037 - INFO - Epoch [425/500], Loss: 3.4405390798084197, Accuracy: 30.650671930756967%
2024-02-02 18:35:57,798 - INFO - Epoch [426/500], Loss: 3.4426068781364347, Accuracy: 30.607648115809987%
2024-02-02 18:35:58,578 - INFO - Epoch [427/500], Loss: 3.4400416622238774, Accuracy: 30.645610305469088%
2024-02-02 18:35:59,326 - INFO - Epoch [428/500], Loss: 3.440135892841124, Accuracy: 30.673449244552426%
2024-02-02 18:36:00,102 - INFO - Epoch [429/500], Loss: 3.4374722566816116, Accuracy: 30.681041682484246%
2024-02-02 18:36:00,878 - INFO - Epoch [430/500], Loss: 3.436257671444647, Accuracy: 30.713942246855467%
2024-02-02 18:36:01,661 - INFO - Epoch [431/500], Loss: 3.4351556856305367, Accuracy: 30.767089312378204%
2024-02-02 18:36:01,671 - INFO - Test Accuracy: 17.472118959107807%, Balanced Test Accuracy: 17.895770795227318%
2024-02-02 18:36:02,422 - INFO - Epoch [432/500], Loss: 3.4343993740697063, Accuracy: 30.812643939969124%
2024-02-02 18:36:03,231 - INFO - Epoch [433/500], Loss: 3.438294336680443, Accuracy: 30.660795181332727%
2024-02-02 18:36:04,038 - INFO - Epoch [434/500], Loss: 3.4343084181028027, Accuracy: 30.779743375597903%
2024-02-02 18:36:04,827 - INFO - Epoch [435/500], Loss: 3.4323997235586567, Accuracy: 30.853136942272165%
2024-02-02 18:36:05,595 - INFO - Epoch [436/500], Loss: 3.434545810664854, Accuracy: 30.784805000885786%
2024-02-02 18:36:06,379 - INFO - Epoch [437/500], Loss: 3.4350769954823677, Accuracy: 30.782274188241843%
2024-02-02 18:36:07,172 - INFO - Epoch [438/500], Loss: 3.434072469751681, Accuracy: 30.835421253764583%
2024-02-02 18:36:07,943 - INFO - Epoch [439/500], Loss: 3.4336107459760483, Accuracy: 30.751904436514565%
2024-02-02 18:36:08,690 - INFO - Epoch [440/500], Loss: 3.4311781400634396, Accuracy: 30.810113127325184%
2024-02-02 18:36:09,542 - INFO - Epoch [441/500], Loss: 3.4305509874416935, Accuracy: 30.807582314681245%
2024-02-02 18:36:09,554 - INFO - Test Accuracy: 17.596034696406445%, Balanced Test Accuracy: 18.034659684116207%
2024-02-02 18:36:10,366 - INFO - Epoch [442/500], Loss: 3.4300348109775975, Accuracy: 30.827828815832763%
2024-02-02 18:36:11,073 - INFO - Epoch [443/500], Loss: 3.429976716156929, Accuracy: 30.858198567560045%
2024-02-02 18:36:11,822 - INFO - Epoch [444/500], Loss: 3.4318033552938894, Accuracy: 30.787335813529726%
2024-02-02 18:36:12,561 - INFO - Epoch [445/500], Loss: 3.4276844193377802, Accuracy: 30.931592134234304%
2024-02-02 18:36:13,250 - INFO - Epoch [446/500], Loss: 3.429204918203815, Accuracy: 30.903753195150962%
2024-02-02 18:36:13,986 - INFO - Epoch [447/500], Loss: 3.4291388611159017, Accuracy: 30.893629944575203%
2024-02-02 18:36:14,778 - INFO - Epoch [448/500], Loss: 3.425625088474443, Accuracy: 31.03029382734796%
2024-02-02 18:36:15,550 - INFO - Epoch [449/500], Loss: 3.4263644458786136, Accuracy: 30.97714676182522%
2024-02-02 18:36:16,299 - INFO - Epoch [450/500], Loss: 3.426234735356223, Accuracy: 30.97461594918128%
2024-02-02 18:36:17,048 - INFO - Epoch [451/500], Loss: 3.426526060988826, Accuracy: 30.923999696302484%
2024-02-02 18:36:17,058 - INFO - Test Accuracy: 17.843866171003718%, Balanced Test Accuracy: 18.218781118237636%
2024-02-02 18:36:17,791 - INFO - Epoch [452/500], Loss: 3.4243292443213926, Accuracy: 30.994862450332803%
2024-02-02 18:36:18,506 - INFO - Epoch [453/500], Loss: 3.4241945962271383, Accuracy: 31.017639764128262%
2024-02-02 18:36:19,339 - INFO - Epoch [454/500], Loss: 3.4253543487960294, Accuracy: 30.97714676182522%
2024-02-02 18:36:20,053 - INFO - Epoch [455/500], Loss: 3.4249042832563, Accuracy: 30.994862450332803%
2024-02-02 18:36:20,797 - INFO - Epoch [456/500], Loss: 3.4222494940603934, Accuracy: 31.09103333080252%
2024-02-02 18:36:21,564 - INFO - Epoch [457/500], Loss: 3.422763969148359, Accuracy: 31.063194391719183%
2024-02-02 18:36:22,261 - INFO - Epoch [458/500], Loss: 3.4252090627147305, Accuracy: 30.923999696302484%
2024-02-02 18:36:22,955 - INFO - Epoch [459/500], Loss: 3.421812901333455, Accuracy: 31.08850251815858%
2024-02-02 18:36:23,643 - INFO - Epoch [460/500], Loss: 3.421628700869699, Accuracy: 31.065725204363122%
2024-02-02 18:36:24,368 - INFO - Epoch [461/500], Loss: 3.424318076862443, Accuracy: 30.98727001240098%
2024-02-02 18:36:24,378 - INFO - Test Accuracy: 18.09169764560099%, Balanced Test Accuracy: 18.5286656781222%
2024-02-02 18:36:25,197 - INFO - Epoch [462/500], Loss: 3.4204037208710947, Accuracy: 31.065725204363122%
2024-02-02 18:36:26,103 - INFO - Epoch [463/500], Loss: 3.41902761834283, Accuracy: 31.08091008022676%
2024-02-02 18:36:26,837 - INFO - Epoch [464/500], Loss: 3.422098595288492, Accuracy: 31.04294789056766%
2024-02-02 18:36:27,558 - INFO - Epoch [465/500], Loss: 3.4168719389746265, Accuracy: 31.12646470781768%
2024-02-02 18:36:28,273 - INFO - Epoch [466/500], Loss: 3.4195938665539987, Accuracy: 31.13658795839344%
2024-02-02 18:36:29,040 - INFO - Epoch [467/500], Loss: 3.419102841086926, Accuracy: 31.10621820666616%
2024-02-02 18:36:29,765 - INFO - Epoch [468/500], Loss: 3.4178914615223484, Accuracy: 31.11634145724192%
2024-02-02 18:36:30,609 - INFO - Epoch [469/500], Loss: 3.416484453985768, Accuracy: 31.16948852276466%
2024-02-02 18:36:31,410 - INFO - Epoch [470/500], Loss: 3.4170643704072123, Accuracy: 31.14418039632526%
2024-02-02 18:36:32,184 - INFO - Epoch [471/500], Loss: 3.4147214567469013, Accuracy: 31.20745071242376%
2024-02-02 18:36:32,195 - INFO - Test Accuracy: 17.71995043370508%, Balanced Test Accuracy: 18.09973349919002%
2024-02-02 18:36:33,015 - INFO - Epoch [472/500], Loss: 3.4135254938756265, Accuracy: 31.2352896515071%
2024-02-02 18:36:33,844 - INFO - Epoch [473/500], Loss: 3.4192251620754117, Accuracy: 31.10115658137828%
2024-02-02 18:36:34,703 - INFO - Epoch [474/500], Loss: 3.414114402186486, Accuracy: 31.2099815250677%
2024-02-02 18:36:35,460 - INFO - Epoch [475/500], Loss: 3.415149494524925, Accuracy: 31.16442689747678%
2024-02-02 18:36:36,202 - INFO - Epoch [476/500], Loss: 3.412153443742183, Accuracy: 31.2732518411662%
2024-02-02 18:36:36,899 - INFO - Epoch [477/500], Loss: 3.411556529181619, Accuracy: 31.28843671702984%
2024-02-02 18:36:37,638 - INFO - Epoch [478/500], Loss: 3.41432841963345, Accuracy: 31.21251233771164%
2024-02-02 18:36:38,476 - INFO - Epoch [479/500], Loss: 3.410241516847764, Accuracy: 31.28337509174196%
2024-02-02 18:36:39,292 - INFO - Epoch [480/500], Loss: 3.4116932761765297, Accuracy: 31.29602915496166%
2024-02-02 18:36:40,065 - INFO - Epoch [481/500], Loss: 3.4102256170684293, Accuracy: 31.255536152658618%
2024-02-02 18:36:40,075 - INFO - Test Accuracy: 17.967781908302353%, Balanced Test Accuracy: 18.377511276967798%
2024-02-02 18:36:40,810 - INFO - Epoch [482/500], Loss: 3.413660159995479, Accuracy: 31.23022802621922%
2024-02-02 18:36:41,573 - INFO - Epoch [483/500], Loss: 3.4098175771294104, Accuracy: 31.250474527370738%
2024-02-02 18:36:42,278 - INFO - Epoch [484/500], Loss: 3.409102554042493, Accuracy: 31.29096752967378%
2024-02-02 18:36:42,990 - INFO - Epoch [485/500], Loss: 3.406713200432639, Accuracy: 31.356768658416218%
2024-02-02 18:36:43,725 - INFO - Epoch [486/500], Loss: 3.4094276293631522, Accuracy: 31.313744843469237%
2024-02-02 18:36:44,449 - INFO - Epoch [487/500], Loss: 3.4097983207433455, Accuracy: 31.27578265381014%
2024-02-02 18:36:45,140 - INFO - Epoch [488/500], Loss: 3.406864596711051, Accuracy: 31.318806468757117%
2024-02-02 18:36:45,851 - INFO - Epoch [489/500], Loss: 3.4050999461643157, Accuracy: 31.356768658416218%
2024-02-02 18:36:46,593 - INFO - Epoch [490/500], Loss: 3.405273420195426, Accuracy: 31.384607597499556%
2024-02-02 18:36:47,333 - INFO - Epoch [491/500], Loss: 3.4055036772643366, Accuracy: 31.374484346923797%
2024-02-02 18:36:47,344 - INFO - Test Accuracy: 18.463444857496903%, Balanced Test Accuracy: 18.831575731032256%
2024-02-02 18:36:48,175 - INFO - Epoch [492/500], Loss: 3.4120539051871144, Accuracy: 31.258066965302557%
2024-02-02 18:36:48,931 - INFO - Epoch [493/500], Loss: 3.402961458169645, Accuracy: 31.402323286007135%
2024-02-02 18:36:49,660 - INFO - Epoch [494/500], Loss: 3.4037854123500084, Accuracy: 31.382076784855617%
2024-02-02 18:36:50,364 - INFO - Epoch [495/500], Loss: 3.403679758310318, Accuracy: 31.417508161870778%
2024-02-02 18:36:51,083 - INFO - Epoch [496/500], Loss: 3.407027842296708, Accuracy: 31.326398906688937%
2024-02-02 18:36:51,823 - INFO - Epoch [497/500], Loss: 3.4024988588306213, Accuracy: 31.430162225090477%
2024-02-02 18:36:52,561 - INFO - Epoch [498/500], Loss: 3.40352485929766, Accuracy: 31.414977349226838%
2024-02-02 18:36:53,359 - INFO - Epoch [499/500], Loss: 3.4006649964759426, Accuracy: 31.458001164173815%
2024-02-02 18:36:54,154 - INFO - Epoch [500/500], Loss: 3.405043583243124, Accuracy: 31.402323286007135%
2024-02-02 18:36:54,394 - INFO - Test Accuracy: 20.41062801932367%, Balanced Test Accuracy: 20.41062801932367%
2024-02-02 18:36:54,643 - INFO - Final unblanced test accuracy: 20.41062801932367% and final balanced test accuracy 20.41062801932367
