2024-01-30 22:31:08,630 - INFO - Configuration:
{
    "task": "5",
    "topic": "classifier",
    "train_classifier": true,
    "number_gpus": "1",
    "modalities": [
        "rgb"
    ],
    "encoder_model": "MAE",
    "mask_ratio": 0.8,
    "dataset": "NTU",
    "split": "CV",
    "num_classes": 60,
    "epochs": 500,
    "res_cktp": false,
    "cktp_dir": "/home/bas06400/Thesis/VIP/src/align_checkpoints/mae_checkpoints/",
    "trained_encoder": "checkpoint_rgb_CV_20240126_171249.pth",
    "learning_rate": 0.001,
    "temperature": 0.1,
    "num_workers": 10,
    "batch_size": 64,
    "data_root": "/net/polaris/storage/deeplearning/ntu",
    "random_sample": false,
    "pin_memory": true,
    "scheduler_config": {
        "type": "plateau",
        "params": {
            "mode": "min",
            "factor": 0.1,
            "patience": 5
        }
    }
}
2024-01-30 22:31:08,694 - INFO - Training MAE for rgb...
2024-01-30 22:31:08,741 - INFO - Evaluing on the following GPUs [2]
2024-01-30 22:31:12,859 - INFO - Starting feature extraction...
2024-01-30 23:05:14,858 - INFO - Epoch [1/500], Loss: 1769.5162751674652, Accuracy: 21.748607410995398%
2024-01-30 23:05:14,876 - INFO - Test Accuracy: 26.613965744400527%, Balanced Test Accuracy: 26.710374886264983%
2024-01-30 23:05:14,877 - INFO - Validation accuracy after epoch 1: 26.613965744400527% and balanced validation accuracy: 26.710374886264983
2024-01-30 23:05:15,864 - INFO - Epoch [2/500], Loss: 1433.7655091285706, Accuracy: 32.7789887247383%
2024-01-30 23:05:16,748 - INFO - Epoch [3/500], Loss: 1323.4253503084183, Accuracy: 36.97424719463954%
2024-01-30 23:05:17,573 - INFO - Epoch [4/500], Loss: 1256.7208782434464, Accuracy: 39.42574204138747%
2024-01-30 23:05:18,406 - INFO - Epoch [5/500], Loss: 1209.5237591266632, Accuracy: 41.28521837410188%
2024-01-30 23:05:19,239 - INFO - Epoch [6/500], Loss: 1173.2632462978363, Accuracy: 42.7652646591857%
2024-01-30 23:05:19,996 - INFO - Epoch [7/500], Loss: 1143.9449591636658, Accuracy: 44.005812545410514%
2024-01-30 23:05:20,725 - INFO - Epoch [8/500], Loss: 1119.4019359350204, Accuracy: 44.979952100320226%
2024-01-30 23:05:21,507 - INFO - Epoch [9/500], Loss: 1098.334216594696, Accuracy: 45.84376093216006%
2024-01-30 23:05:22,296 - INFO - Epoch [10/500], Loss: 1079.9043937921524, Accuracy: 46.610694007158045%
2024-01-30 23:05:23,026 - INFO - Epoch [11/500], Loss: 1063.5433757305145, Accuracy: 47.181184575226716%
2024-01-30 23:05:23,037 - INFO - Test Accuracy: 37.944664031620555%, Balanced Test Accuracy: 37.70486897576681%
2024-01-30 23:05:23,037 - INFO - Validation accuracy after epoch 11: 37.944664031620555% and balanced validation accuracy: 37.70486897576681
2024-01-30 23:05:23,796 - INFO - Epoch [12/500], Loss: 1048.8475215435028, Accuracy: 48.00193751513684%
2024-01-30 23:05:24,480 - INFO - Epoch [13/500], Loss: 1035.5204474925995, Accuracy: 48.61548397513522%
2024-01-30 23:05:25,199 - INFO - Epoch [14/500], Loss: 1023.3380490541458, Accuracy: 49.10524474583569%
2024-01-30 23:05:25,935 - INFO - Epoch [15/500], Loss: 1012.1267235279083, Accuracy: 49.6138424692554%
2024-01-30 23:05:26,693 - INFO - Epoch [16/500], Loss: 1001.7492717504501, Accuracy: 50.02018244934205%
2024-01-30 23:05:27,397 - INFO - Epoch [17/500], Loss: 992.0953702926636, Accuracy: 50.49110626732327%
2024-01-30 23:05:28,186 - INFO - Epoch [18/500], Loss: 983.0750296115875, Accuracy: 50.900137240655525%
2024-01-30 23:05:28,929 - INFO - Epoch [19/500], Loss: 974.6138942241669, Accuracy: 51.290331261268534%
2024-01-30 23:05:29,687 - INFO - Epoch [20/500], Loss: 966.649845123291, Accuracy: 51.648233362934256%
2024-01-30 23:05:30,448 - INFO - Epoch [21/500], Loss: 959.130417227745, Accuracy: 51.94155162670542%
2024-01-30 23:05:30,457 - INFO - Test Accuracy: 39.52569169960474%, Balanced Test Accuracy: 39.37924542491106%
2024-01-30 23:05:30,457 - INFO - Validation accuracy after epoch 21: 39.52569169960474% and balanced validation accuracy: 39.37924542491106
2024-01-30 23:05:31,156 - INFO - Epoch [22/500], Loss: 952.0109488964081, Accuracy: 52.28061677565189%
2024-01-30 23:05:31,874 - INFO - Epoch [23/500], Loss: 945.2530651092529, Accuracy: 52.560480073195016%
2024-01-30 23:05:32,666 - INFO - Epoch [24/500], Loss: 938.8235658407211, Accuracy: 52.88878124915907%
2024-01-30 23:05:33,377 - INFO - Epoch [25/500], Loss: 932.6935603618622, Accuracy: 53.12558865477248%
2024-01-30 23:05:34,128 - INFO - Epoch [26/500], Loss: 926.8377585411072, Accuracy: 53.39737897257878%
2024-01-30 23:05:34,894 - INFO - Epoch [27/500], Loss: 921.233868598938, Accuracy: 53.674551276876294%
2024-01-30 23:05:35,726 - INFO - Epoch [28/500], Loss: 915.8621695041656, Accuracy: 53.9463415946826%
2024-01-30 23:05:36,613 - INFO - Epoch [29/500], Loss: 910.7051383256912, Accuracy: 54.23427787196254%
2024-01-30 23:05:37,414 - INFO - Epoch [30/500], Loss: 905.7471199035645, Accuracy: 54.45763031134792%
2024-01-30 23:05:38,176 - INFO - Epoch [31/500], Loss: 900.9740952253342, Accuracy: 54.724038642663004%
2024-01-30 23:05:38,186 - INFO - Test Accuracy: 39.78919631093544%, Balanced Test Accuracy: 39.61378539474515%
2024-01-30 23:05:38,186 - INFO - Validation accuracy after epoch 31: 39.78919631093544% and balanced validation accuracy: 39.61378539474515
2024-01-30 23:05:39,003 - INFO - Epoch [32/500], Loss: 896.3734531402588, Accuracy: 54.92586313608353%
2024-01-30 23:05:39,806 - INFO - Epoch [33/500], Loss: 891.9337964057922, Accuracy: 55.095395710556765%
2024-01-30 23:05:40,509 - INFO - Epoch [34/500], Loss: 887.6448402404785, Accuracy: 55.289147224240466%
2024-01-30 23:05:41,244 - INFO - Epoch [35/500], Loss: 883.4972147941589, Accuracy: 55.47751675143295%
2024-01-30 23:05:42,031 - INFO - Epoch [36/500], Loss: 879.4823857545853, Accuracy: 55.70625117730955%
2024-01-30 23:05:42,739 - INFO - Epoch [37/500], Loss: 875.5925909280777, Accuracy: 55.90000269099325%
2024-01-30 23:05:43,501 - INFO - Epoch [38/500], Loss: 871.820685505867, Accuracy: 56.10451817765937%
2024-01-30 23:05:44,272 - INFO - Epoch [39/500], Loss: 868.1601476669312, Accuracy: 56.27135975888701%
2024-01-30 23:05:44,996 - INFO - Epoch [40/500], Loss: 864.6049398183823, Accuracy: 56.422055380641%
2024-01-30 23:05:45,717 - INFO - Epoch [41/500], Loss: 861.1495314240456, Accuracy: 56.58620596862302%
2024-01-30 23:05:45,725 - INFO - Test Accuracy: 39.657444005270094%, Balanced Test Accuracy: 39.4584037393635%
2024-01-30 23:05:45,735 - INFO - Validation accuracy after epoch 41: 39.657444005270094% and balanced validation accuracy: 39.4584037393635
2024-01-30 23:05:46,463 - INFO - Epoch [42/500], Loss: 857.788798391819, Accuracy: 56.68846371195608%
2024-01-30 23:05:47,142 - INFO - Epoch [43/500], Loss: 854.5179887413979, Accuracy: 56.84185032695568%
2024-01-30 23:05:47,877 - INFO - Epoch [44/500], Loss: 851.3327102661133, Accuracy: 57.01945588116574%
2024-01-30 23:05:48,608 - INFO - Epoch [45/500], Loss: 848.2288678884506, Accuracy: 57.180915475902154%
2024-01-30 23:05:49,283 - INFO - Epoch [46/500], Loss: 845.2026591897011, Accuracy: 57.33161109765614%
2024-01-30 23:05:49,948 - INFO - Epoch [47/500], Loss: 842.2505244612694, Accuracy: 57.45539678695406%
2024-01-30 23:05:50,624 - INFO - Epoch [48/500], Loss: 839.3691744804382, Accuracy: 57.641075320900946%
2024-01-30 23:05:51,302 - INFO - Epoch [49/500], Loss: 836.5554902553558, Accuracy: 57.791770942654935%
2024-01-30 23:05:51,957 - INFO - Epoch [50/500], Loss: 833.8065837621689, Accuracy: 57.912865638707245%
2024-01-30 23:05:52,642 - INFO - Epoch [51/500], Loss: 831.119711637497, Accuracy: 58.01243238879471%
2024-01-30 23:05:52,651 - INFO - Test Accuracy: 40.18445322793149%, Balanced Test Accuracy: 40.27002413651021%
2024-01-30 23:05:52,651 - INFO - Validation accuracy after epoch 51: 40.18445322793149% and balanced validation accuracy: 40.27002413651021
2024-01-30 23:05:53,428 - INFO - Epoch [52/500], Loss: 828.4923211932182, Accuracy: 58.17389198353112%
2024-01-30 23:05:54,230 - INFO - Epoch [53/500], Loss: 825.9220108985901, Accuracy: 58.26000376739054%
2024-01-30 23:05:55,048 - INFO - Epoch [54/500], Loss: 823.4065154790878, Accuracy: 58.37033449046043%
2024-01-30 23:05:55,846 - INFO - Epoch [55/500], Loss: 820.943693459034, Accuracy: 58.48604720002153%
2024-01-30 23:05:56,535 - INFO - Epoch [56/500], Loss: 818.5315294265747, Accuracy: 58.585613950108986%
2024-01-30 23:05:57,266 - INFO - Epoch [57/500], Loss: 816.1681203842163, Accuracy: 58.70401765291569%
2024-01-30 23:05:58,010 - INFO - Epoch [58/500], Loss: 813.851643204689, Accuracy: 58.768601490810255%
2024-01-30 23:05:58,746 - INFO - Epoch [59/500], Loss: 811.5804134011269, Accuracy: 58.87893221388014%
2024-01-30 23:05:59,620 - INFO - Epoch [60/500], Loss: 809.3528138995171, Accuracy: 58.97042598423078%
2024-01-30 23:06:00,464 - INFO - Epoch [61/500], Loss: 807.1672850251198, Accuracy: 59.07806571405506%
2024-01-30 23:06:00,474 - INFO - Test Accuracy: 40.71146245059288%, Balanced Test Accuracy: 40.720778619385435%
2024-01-30 23:06:00,475 - INFO - Validation accuracy after epoch 61: 40.71146245059288% and balanced validation accuracy: 40.720778619385435
2024-01-30 23:06:01,280 - INFO - Epoch [62/500], Loss: 805.0224112272263, Accuracy: 59.14803153844084%
2024-01-30 23:06:02,061 - INFO - Epoch [63/500], Loss: 802.9167889356613, Accuracy: 59.261053254756334%
2024-01-30 23:06:02,846 - INFO - Epoch [64/500], Loss: 800.8491116166115, Accuracy: 59.382147950808644%
2024-01-30 23:06:03,642 - INFO - Epoch [65/500], Loss: 798.8181192874908, Accuracy: 59.4817147008961%
2024-01-30 23:06:04,405 - INFO - Epoch [66/500], Loss: 796.8226407766342, Accuracy: 59.57320847124674%
2024-01-30 23:06:05,109 - INFO - Epoch [67/500], Loss: 794.8615330457687, Accuracy: 59.66201124835177%
2024-01-30 23:06:05,781 - INFO - Epoch [68/500], Loss: 792.9337085485458, Accuracy: 59.76157799843922%
2024-01-30 23:06:06,566 - INFO - Epoch [69/500], Loss: 791.0381560325623, Accuracy: 59.85576276203547%
2024-01-30 23:06:07,410 - INFO - Epoch [70/500], Loss: 789.1738733649254, Accuracy: 59.95532951212292%
2024-01-30 23:06:08,105 - INFO - Epoch [71/500], Loss: 787.3399252295494, Accuracy: 60.04682328247356%
2024-01-30 23:06:08,114 - INFO - Test Accuracy: 40.71146245059288%, Balanced Test Accuracy: 40.718605719186215%
2024-01-30 23:06:08,114 - INFO - Validation accuracy after epoch 71: 40.71146245059288% and balanced validation accuracy: 40.718605719186215
2024-01-30 23:06:08,830 - INFO - Epoch [72/500], Loss: 785.5354167222977, Accuracy: 60.12755307984177%
2024-01-30 23:06:09,568 - INFO - Epoch [73/500], Loss: 783.7594867348671, Accuracy: 60.221737843438014%
2024-01-30 23:06:10,264 - INFO - Epoch [74/500], Loss: 782.0113139748573, Accuracy: 60.29977664756061%
2024-01-30 23:06:11,048 - INFO - Epoch [75/500], Loss: 780.2901006937027, Accuracy: 60.39396141115686%
2024-01-30 23:06:11,814 - INFO - Epoch [76/500], Loss: 778.5950949192047, Accuracy: 60.474691208525066%
2024-01-30 23:06:12,574 - INFO - Epoch [77/500], Loss: 776.9255709052086, Accuracy: 60.57156696536692%
2024-01-30 23:06:13,293 - INFO - Epoch [78/500], Loss: 775.280842423439, Accuracy: 60.65767874922634%
2024-01-30 23:06:13,997 - INFO - Epoch [79/500], Loss: 773.6602216362953, Accuracy: 60.73840854659455%
2024-01-30 23:06:14,746 - INFO - Epoch [80/500], Loss: 772.0630887746811, Accuracy: 60.805683377734724%
2024-01-30 23:06:15,487 - INFO - Epoch [81/500], Loss: 770.4888020157814, Accuracy: 60.8756492021205%
2024-01-30 23:06:15,496 - INFO - Test Accuracy: 41.10671936758893%, Balanced Test Accuracy: 41.08900084693428%
2024-01-30 23:06:15,496 - INFO - Validation accuracy after epoch 81: 41.10671936758893% and balanced validation accuracy: 41.08900084693428
2024-01-30 23:06:16,252 - INFO - Epoch [82/500], Loss: 768.9367908239365, Accuracy: 60.969833965716745%
2024-01-30 23:06:17,050 - INFO - Epoch [83/500], Loss: 767.4064671993256, Accuracy: 61.03441780361131%
2024-01-30 23:06:17,750 - INFO - Epoch [84/500], Loss: 765.8972933888435, Accuracy: 61.12322058071634%
2024-01-30 23:06:18,494 - INFO - Epoch [85/500], Loss: 764.4087317585945, Accuracy: 61.19587739834773%
2024-01-30 23:06:19,282 - INFO - Epoch [86/500], Loss: 762.9402609467506, Accuracy: 61.255079249751084%
2024-01-30 23:06:20,033 - INFO - Epoch [87/500], Loss: 761.4914172887802, Accuracy: 61.30889911466322%
2024-01-30 23:06:20,746 - INFO - Epoch [88/500], Loss: 760.0617030262947, Accuracy: 61.38424692554022%
2024-01-30 23:06:21,424 - INFO - Epoch [89/500], Loss: 758.6506722569466, Accuracy: 61.454212749926%
2024-01-30 23:06:22,122 - INFO - Epoch [90/500], Loss: 757.2578663825989, Accuracy: 61.53494254729421%
2024-01-30 23:06:22,873 - INFO - Epoch [91/500], Loss: 755.8828862309456, Accuracy: 61.63450929738166%
2024-01-30 23:06:22,882 - INFO - Test Accuracy: 41.76548089591568%, Balanced Test Accuracy: 41.733207710761896%
2024-01-30 23:06:22,882 - INFO - Validation accuracy after epoch 91: 41.76548089591568% and balanced validation accuracy: 41.733207710761896
2024-01-30 23:06:23,563 - INFO - Epoch [92/500], Loss: 754.5252905488014, Accuracy: 61.67218320282016%
2024-01-30 23:06:24,229 - INFO - Epoch [93/500], Loss: 753.184706568718, Accuracy: 61.74214902720594%
2024-01-30 23:06:24,988 - INFO - Epoch [94/500], Loss: 751.8607226610184, Accuracy: 61.78789591238126%
2024-01-30 23:06:25,741 - INFO - Epoch [95/500], Loss: 750.5529978275299, Accuracy: 61.852479750275826%
2024-01-30 23:06:26,430 - INFO - Epoch [96/500], Loss: 749.2611562609673, Accuracy: 61.91168160167918%
2024-01-30 23:06:27,118 - INFO - Epoch [97/500], Loss: 747.9848484396935, Accuracy: 61.9977933855386%
2024-01-30 23:06:27,823 - INFO - Epoch [98/500], Loss: 746.7237368822098, Accuracy: 62.06237722343317%
2024-01-30 23:06:28,574 - INFO - Epoch [99/500], Loss: 745.4774873256683, Accuracy: 62.13503404106456%
2024-01-30 23:06:29,343 - INFO - Epoch [100/500], Loss: 744.2458049058914, Accuracy: 62.21845483167837%
2024-01-30 23:06:30,091 - INFO - Epoch [101/500], Loss: 743.0283721089363, Accuracy: 62.29380264255537%
2024-01-30 23:06:30,099 - INFO - Test Accuracy: 42.028985507246375%, Balanced Test Accuracy: 42.099940514994685%
2024-01-30 23:06:30,099 - INFO - Validation accuracy after epoch 101: 42.028985507246375% and balanced validation accuracy: 42.099940514994685
2024-01-30 23:06:30,890 - INFO - Epoch [102/500], Loss: 741.8248897790909, Accuracy: 62.38260541966039%
2024-01-30 23:06:31,660 - INFO - Epoch [103/500], Loss: 740.6350753307343, Accuracy: 62.468717203519816%
2024-01-30 23:06:32,430 - INFO - Epoch [104/500], Loss: 739.4586452245712, Accuracy: 62.53061004816878%
2024-01-30 23:06:33,162 - INFO - Epoch [105/500], Loss: 738.2953360080719, Accuracy: 62.576356933344094%
2024-01-30 23:06:33,911 - INFO - Epoch [106/500], Loss: 737.1448614001274, Accuracy: 62.62479481176502%
2024-01-30 23:06:34,662 - INFO - Epoch [107/500], Loss: 736.0069851875305, Accuracy: 62.68668765641398%
2024-01-30 23:06:35,533 - INFO - Epoch [108/500], Loss: 734.8814722895622, Accuracy: 62.737816528080515%
2024-01-30 23:06:36,389 - INFO - Epoch [109/500], Loss: 733.7680494785309, Accuracy: 62.82123731869433%
2024-01-30 23:06:37,216 - INFO - Epoch [110/500], Loss: 732.6664935946465, Accuracy: 62.88043917009768%
2024-01-30 23:06:38,116 - INFO - Epoch [111/500], Loss: 731.576596558094, Accuracy: 62.93695002825543%
2024-01-30 23:06:38,125 - INFO - Test Accuracy: 42.29249011857708%, Balanced Test Accuracy: 42.42614063066849%
2024-01-30 23:06:38,125 - INFO - Validation accuracy after epoch 111: 42.29249011857708% and balanced validation accuracy: 42.42614063066849
2024-01-30 23:06:38,903 - INFO - Epoch [112/500], Loss: 730.4981010556221, Accuracy: 63.004224859395606%
2024-01-30 23:06:39,654 - INFO - Epoch [113/500], Loss: 729.4308180809021, Accuracy: 63.0418987648341%
2024-01-30 23:06:40,346 - INFO - Epoch [114/500], Loss: 728.3745309114456, Accuracy: 63.1199375689567%
2024-01-30 23:06:41,077 - INFO - Epoch [115/500], Loss: 727.3290320038795, Accuracy: 63.171066440623235%
2024-01-30 23:06:41,819 - INFO - Epoch [116/500], Loss: 726.2941281199455, Accuracy: 63.21950431904416%
2024-01-30 23:06:42,544 - INFO - Epoch [117/500], Loss: 725.2696055173874, Accuracy: 63.27063319071069%
2024-01-30 23:06:43,333 - INFO - Epoch [118/500], Loss: 724.2552993297577, Accuracy: 63.32714404886844%
2024-01-30 23:06:44,094 - INFO - Epoch [119/500], Loss: 723.2510067224503, Accuracy: 63.40249185974543%
2024-01-30 23:06:44,773 - INFO - Epoch [120/500], Loss: 722.256576359272, Accuracy: 63.44554775167514%
2024-01-30 23:06:45,505 - INFO - Epoch [121/500], Loss: 721.2718041539192, Accuracy: 63.47514867737682%
2024-01-30 23:06:45,513 - INFO - Test Accuracy: 42.29249011857708%, Balanced Test Accuracy: 42.37879214582001%
2024-01-30 23:06:45,513 - INFO - Validation accuracy after epoch 121: 42.29249011857708% and balanced validation accuracy: 42.37879214582001
2024-01-30 23:06:46,268 - INFO - Epoch [122/500], Loss: 720.2965314388275, Accuracy: 63.51013158956971%
2024-01-30 23:06:47,038 - INFO - Epoch [123/500], Loss: 719.330593764782, Accuracy: 63.55318748149942%
2024-01-30 23:06:47,813 - INFO - Epoch [124/500], Loss: 718.3738253712654, Accuracy: 63.58547940044671%
2024-01-30 23:06:48,657 - INFO - Epoch [125/500], Loss: 717.4260702729225, Accuracy: 63.63122628562202%
2024-01-30 23:06:49,504 - INFO - Epoch [126/500], Loss: 716.4871838092804, Accuracy: 63.68773714377977%
2024-01-30 23:06:50,315 - INFO - Epoch [127/500], Loss: 715.5570132136345, Accuracy: 63.73079303570948%
2024-01-30 23:06:51,118 - INFO - Epoch [128/500], Loss: 714.6354011297226, Accuracy: 63.76846694114798%
2024-01-30 23:06:51,890 - INFO - Epoch [129/500], Loss: 713.7222033143044, Accuracy: 63.82497779930572%
2024-01-30 23:06:52,649 - INFO - Epoch [130/500], Loss: 712.8173008561134, Accuracy: 63.85188773176179%
2024-01-30 23:06:53,416 - INFO - Epoch [131/500], Loss: 711.920549094677, Accuracy: 63.8949436236915%
2024-01-30 23:06:53,425 - INFO - Test Accuracy: 42.028985507246375%, Balanced Test Accuracy: 42.088388105415966%
2024-01-30 23:06:53,425 - INFO - Validation accuracy after epoch 131: 42.028985507246375% and balanced validation accuracy: 42.088388105415966
2024-01-30 23:06:54,097 - INFO - Epoch [132/500], Loss: 711.0318182110786, Accuracy: 63.937999515621215%
2024-01-30 23:06:54,879 - INFO - Epoch [133/500], Loss: 710.1509629487991, Accuracy: 63.964909448077286%
2024-01-30 23:06:55,626 - INFO - Epoch [134/500], Loss: 709.2778916954994, Accuracy: 64.01603831974381%
2024-01-30 23:06:56,311 - INFO - Epoch [135/500], Loss: 708.4124343395233, Accuracy: 64.05640321842792%
2024-01-30 23:06:57,040 - INFO - Epoch [136/500], Loss: 707.5545024871826, Accuracy: 64.12906003605931%
2024-01-30 23:06:57,803 - INFO - Epoch [137/500], Loss: 706.7039834856987, Accuracy: 64.14789698877856%
2024-01-30 23:06:58,634 - INFO - Epoch [138/500], Loss: 705.8607384562492, Accuracy: 64.18287990097144%
2024-01-30 23:06:59,387 - INFO - Epoch [139/500], Loss: 705.0246760249138, Accuracy: 64.20978983342752%
2024-01-30 23:07:00,148 - INFO - Epoch [140/500], Loss: 704.1956784725189, Accuracy: 64.22862678614676%
2024-01-30 23:07:00,868 - INFO - Epoch [141/500], Loss: 703.3736262321472, Accuracy: 64.26091870509406%
2024-01-30 23:07:00,876 - INFO - Test Accuracy: 42.16073781291173%, Balanced Test Accuracy: 42.207435724463586%
2024-01-30 23:07:00,877 - INFO - Validation accuracy after epoch 141: 42.16073781291173% and balanced validation accuracy: 42.207435724463586
2024-01-30 23:07:01,721 - INFO - Epoch [142/500], Loss: 702.558442056179, Accuracy: 64.31473857000618%
2024-01-30 23:07:02,504 - INFO - Epoch [143/500], Loss: 701.7499961256981, Accuracy: 64.36586744167272%
2024-01-30 23:07:03,302 - INFO - Epoch [144/500], Loss: 700.9482116103172, Accuracy: 64.40892333360243%
2024-01-30 23:07:04,098 - INFO - Epoch [145/500], Loss: 700.1529613137245, Accuracy: 64.4385242593041%
2024-01-30 23:07:04,933 - INFO - Epoch [146/500], Loss: 699.3641792535782, Accuracy: 64.50579909044428%
2024-01-30 23:07:05,629 - INFO - Epoch [147/500], Loss: 698.5817649364471, Accuracy: 64.53001802965474%
2024-01-30 23:07:06,347 - INFO - Epoch [148/500], Loss: 697.8056125640869, Accuracy: 64.58114690132128%
2024-01-30 23:07:07,056 - INFO - Epoch [149/500], Loss: 697.0356366038322, Accuracy: 64.61882080675977%
2024-01-30 23:07:07,901 - INFO - Epoch [150/500], Loss: 696.271758377552, Accuracy: 64.65918570544387%
2024-01-30 23:07:08,629 - INFO - Epoch [151/500], Loss: 695.5138712525368, Accuracy: 64.71031457711041%
2024-01-30 23:07:08,638 - INFO - Test Accuracy: 42.42424242424242%, Balanced Test Accuracy: 42.230853483175466%
2024-01-30 23:07:08,638 - INFO - Validation accuracy after epoch 151: 42.42424242424242% and balanced validation accuracy: 42.230853483175466
2024-01-30 23:07:09,354 - INFO - Epoch [152/500], Loss: 694.761926472187, Accuracy: 64.74260649605769%
2024-01-30 23:07:10,045 - INFO - Epoch [153/500], Loss: 694.0157951116562, Accuracy: 64.77220742175938%
2024-01-30 23:07:10,745 - INFO - Epoch [154/500], Loss: 693.2754276394844, Accuracy: 64.82333629342591%
2024-01-30 23:07:11,439 - INFO - Epoch [155/500], Loss: 692.540748000145, Accuracy: 64.8610101988644%
2024-01-30 23:07:12,140 - INFO - Epoch [156/500], Loss: 691.8116643428802, Accuracy: 64.8959931110573%
2024-01-30 23:07:12,882 - INFO - Epoch [157/500], Loss: 691.0881080627441, Accuracy: 64.92559403675897%
2024-01-30 23:07:13,701 - INFO - Epoch [158/500], Loss: 690.3699862360954, Accuracy: 64.96057694895185%
2024-01-30 23:07:14,507 - INFO - Epoch [159/500], Loss: 689.657246530056, Accuracy: 65.014396813864%
2024-01-30 23:07:15,239 - INFO - Epoch [160/500], Loss: 688.9498053789139, Accuracy: 65.04668873281128%
2024-01-30 23:07:16,010 - INFO - Epoch [161/500], Loss: 688.2476045489311, Accuracy: 65.07898065175857%
2024-01-30 23:07:16,019 - INFO - Test Accuracy: 42.29249011857708%, Balanced Test Accuracy: 42.00985226217425%
2024-01-30 23:07:16,019 - INFO - Validation accuracy after epoch 161: 42.29249011857708% and balanced validation accuracy: 42.00985226217425
2024-01-30 23:07:16,783 - INFO - Epoch [162/500], Loss: 687.5505620837212, Accuracy: 65.10858157746024%
2024-01-30 23:07:17,591 - INFO - Epoch [163/500], Loss: 686.858612716198, Accuracy: 65.14087349640752%
2024-01-30 23:07:18,389 - INFO - Epoch [164/500], Loss: 686.171709060669, Accuracy: 65.16240144237238%
2024-01-30 23:07:19,149 - INFO - Epoch [165/500], Loss: 685.4897524118423, Accuracy: 65.18392938833723%
2024-01-30 23:07:19,854 - INFO - Epoch [166/500], Loss: 684.812704205513, Accuracy: 65.23236726675816%
2024-01-30 23:07:20,557 - INFO - Epoch [167/500], Loss: 684.1404963135719, Accuracy: 65.26465918570544%
2024-01-30 23:07:21,305 - INFO - Epoch [168/500], Loss: 683.473057448864, Accuracy: 65.31040607088076%
2024-01-30 23:07:22,106 - INFO - Epoch [169/500], Loss: 682.8103353977203, Accuracy: 65.33731600333684%
2024-01-30 23:07:22,931 - INFO - Epoch [170/500], Loss: 682.1522719860077, Accuracy: 65.3642259357929%
2024-01-30 23:07:23,720 - INFO - Epoch [171/500], Loss: 681.4988122582436, Accuracy: 65.39651785474018%
2024-01-30 23:07:23,729 - INFO - Test Accuracy: 42.55599472990777%, Balanced Test Accuracy: 42.24916850149049%
2024-01-30 23:07:23,729 - INFO - Validation accuracy after epoch 171: 42.55599472990777% and balanced validation accuracy: 42.24916850149049
2024-01-30 23:07:24,489 - INFO - Epoch [172/500], Loss: 680.8498787879944, Accuracy: 65.41804580070504%
2024-01-30 23:07:25,229 - INFO - Epoch [173/500], Loss: 680.2054569721222, Accuracy: 65.44764672640672%
2024-01-30 23:07:25,935 - INFO - Epoch [174/500], Loss: 679.5654455423355, Accuracy: 65.46379268588036%
2024-01-30 23:07:26,736 - INFO - Epoch [175/500], Loss: 678.9298154115677, Accuracy: 65.50146659131886%
2024-01-30 23:07:27,474 - INFO - Epoch [176/500], Loss: 678.2985122203827, Accuracy: 65.5203035440381%
2024-01-30 23:07:28,177 - INFO - Epoch [177/500], Loss: 677.6714720129967, Accuracy: 65.54990446973979%
2024-01-30 23:07:28,941 - INFO - Epoch [178/500], Loss: 677.0486575365067, Accuracy: 65.57950539544146%
2024-01-30 23:07:29,769 - INFO - Epoch [179/500], Loss: 676.4300101995468, Accuracy: 65.61179731438874%
2024-01-30 23:07:30,617 - INFO - Epoch [180/500], Loss: 675.8154849410057, Accuracy: 65.64139824009041%
2024-01-30 23:07:31,463 - INFO - Epoch [181/500], Loss: 675.2050316333771, Accuracy: 65.66292618605527%
2024-01-30 23:07:31,471 - INFO - Test Accuracy: 42.29249011857708%, Balanced Test Accuracy: 42.04470792938285%
2024-01-30 23:07:31,472 - INFO - Validation accuracy after epoch 181: 42.29249011857708% and balanced validation accuracy: 42.04470792938285
2024-01-30 23:07:32,243 - INFO - Epoch [182/500], Loss: 674.5985924601555, Accuracy: 65.69790909824816%
2024-01-30 23:07:33,123 - INFO - Epoch [183/500], Loss: 673.996141076088, Accuracy: 65.73289201044105%
2024-01-30 23:07:33,995 - INFO - Epoch [184/500], Loss: 673.397617816925, Accuracy: 65.77056591587954%
2024-01-30 23:07:34,806 - INFO - Epoch [185/500], Loss: 672.802981376648, Accuracy: 65.79747584833562%
2024-01-30 23:07:35,643 - INFO - Epoch [186/500], Loss: 672.2121901512146, Accuracy: 65.81900379430047%
2024-01-30 23:07:36,495 - INFO - Epoch [187/500], Loss: 671.6251890659332, Accuracy: 65.84053174026533%
2024-01-30 23:07:37,361 - INFO - Epoch [188/500], Loss: 671.0419521331787, Accuracy: 65.88627862544065%
2024-01-30 23:07:38,198 - INFO - Epoch [189/500], Loss: 670.4624156951904, Accuracy: 65.93740749710719%
2024-01-30 23:07:39,183 - INFO - Epoch [190/500], Loss: 669.8865589499474, Accuracy: 65.96969941605447%
2024-01-30 23:07:40,000 - INFO - Epoch [191/500], Loss: 669.314326941967, Accuracy: 65.99930034175614%
2024-01-30 23:07:40,008 - INFO - Test Accuracy: 42.29249011857708%, Balanced Test Accuracy: 42.03208166675659%
2024-01-30 23:07:40,008 - INFO - Validation accuracy after epoch 191: 42.29249011857708% and balanced validation accuracy: 42.03208166675659
2024-01-30 23:07:40,872 - INFO - Epoch [192/500], Loss: 668.7456769347191, Accuracy: 66.02890126745781%
2024-01-30 23:07:41,771 - INFO - Epoch [193/500], Loss: 668.1805966496468, Accuracy: 66.07464815263313%
2024-01-30 23:07:42,568 - INFO - Epoch [194/500], Loss: 667.6190112233162, Accuracy: 66.10155808508921%
2024-01-30 23:07:43,366 - INFO - Epoch [195/500], Loss: 667.0609061717987, Accuracy: 66.15268695675574%
2024-01-30 23:07:44,183 - INFO - Epoch [196/500], Loss: 666.5062234997749, Accuracy: 66.16883291622938%
2024-01-30 23:07:44,858 - INFO - Epoch [197/500], Loss: 665.9549452066422, Accuracy: 66.20919781491348%
2024-01-30 23:07:45,465 - INFO - Epoch [198/500], Loss: 665.4070320725441, Accuracy: 66.24956271359758%
2024-01-30 23:07:46,146 - INFO - Epoch [199/500], Loss: 664.8624441027641, Accuracy: 66.26839966631684%
2024-01-30 23:07:47,008 - INFO - Epoch [200/500], Loss: 664.3211327195168, Accuracy: 66.29800059201851%
2024-01-30 23:07:47,771 - INFO - Epoch [201/500], Loss: 663.7830935120583, Accuracy: 66.31683754473777%
2024-01-30 23:07:47,779 - INFO - Test Accuracy: 42.29249011857708%, Balanced Test Accuracy: 42.03820911773698%
2024-01-30 23:07:47,779 - INFO - Validation accuracy after epoch 201: 42.29249011857708% and balanced validation accuracy: 42.03820911773698
2024-01-30 23:07:48,607 - INFO - Epoch [202/500], Loss: 663.2482610344887, Accuracy: 66.34643847043944%
2024-01-30 23:07:49,416 - INFO - Epoch [203/500], Loss: 662.716625392437, Accuracy: 66.37603939614111%
2024-01-30 23:07:50,348 - INFO - Epoch [204/500], Loss: 662.1881397366524, Accuracy: 66.40025833535158%
2024-01-30 23:07:51,221 - INFO - Epoch [205/500], Loss: 661.6627723574638, Accuracy: 66.42178628131643%
2024-01-30 23:07:52,000 - INFO - Epoch [206/500], Loss: 661.1404945850372, Accuracy: 66.4460052205269%
2024-01-30 23:07:52,845 - INFO - Epoch [207/500], Loss: 660.6212745308876, Accuracy: 66.47022415973736%
2024-01-30 23:07:53,571 - INFO - Epoch [208/500], Loss: 660.1050814390182, Accuracy: 66.51328005166707%
2024-01-30 23:07:54,343 - INFO - Epoch [209/500], Loss: 659.5918805003166, Accuracy: 66.53211700438632%
2024-01-30 23:07:55,108 - INFO - Epoch [210/500], Loss: 659.0816476345062, Accuracy: 66.5644089233336%
2024-01-30 23:07:55,860 - INFO - Epoch [211/500], Loss: 658.5743469595909, Accuracy: 66.59131885578967%
2024-01-30 23:07:55,870 - INFO - Test Accuracy: 42.55599472990777%, Balanced Test Accuracy: 42.34244192196978%
2024-01-30 23:07:55,870 - INFO - Validation accuracy after epoch 211: 42.55599472990777% and balanced validation accuracy: 42.34244192196978
2024-01-30 23:07:56,706 - INFO - Epoch [212/500], Loss: 658.069941341877, Accuracy: 66.6047738220177%
2024-01-30 23:07:57,582 - INFO - Epoch [213/500], Loss: 657.5684186220169, Accuracy: 66.61553779500014%
2024-01-30 23:07:58,313 - INFO - Epoch [214/500], Loss: 657.069749712944, Accuracy: 66.63168375447377%
2024-01-30 23:07:59,059 - INFO - Epoch [215/500], Loss: 656.5738967657089, Accuracy: 66.65321170043863%
2024-01-30 23:07:59,858 - INFO - Epoch [216/500], Loss: 656.0808261632919, Accuracy: 66.6801216328947%
2024-01-30 23:08:00,578 - INFO - Epoch [217/500], Loss: 655.5905309319496, Accuracy: 66.69626759236834%
2024-01-30 23:08:01,322 - INFO - Epoch [218/500], Loss: 655.1029571294785, Accuracy: 66.7527784505261%
2024-01-30 23:08:02,124 - INFO - Epoch [219/500], Loss: 654.6181085705757, Accuracy: 66.76892440999973%
2024-01-30 23:08:02,875 - INFO - Epoch [220/500], Loss: 654.1359397172928, Accuracy: 66.80390732219261%
2024-01-30 23:08:03,746 - INFO - Epoch [221/500], Loss: 653.6564212441444, Accuracy: 66.80659831543822%
2024-01-30 23:08:03,756 - INFO - Test Accuracy: 42.687747035573125%, Balanced Test Accuracy: 42.52052078754865%
2024-01-30 23:08:03,756 - INFO - Validation accuracy after epoch 221: 42.687747035573125% and balanced validation accuracy: 42.52052078754865
2024-01-30 23:08:04,642 - INFO - Epoch [222/500], Loss: 653.1795341968536, Accuracy: 66.80928930868383%
2024-01-30 23:08:05,332 - INFO - Epoch [223/500], Loss: 652.7052733898163, Accuracy: 66.8308172546487%
2024-01-30 23:08:06,111 - INFO - Epoch [224/500], Loss: 652.2335846424103, Accuracy: 66.86849116008719%
2024-01-30 23:08:06,889 - INFO - Epoch [225/500], Loss: 651.7644463181496, Accuracy: 66.88463711956084%
2024-01-30 23:08:07,758 - INFO - Epoch [226/500], Loss: 651.29784989357, Accuracy: 66.91423804526251%
2024-01-30 23:08:08,635 - INFO - Epoch [227/500], Loss: 650.8337491154671, Accuracy: 66.93576599122736%
2024-01-30 23:08:09,466 - INFO - Epoch [228/500], Loss: 650.3721527457237, Accuracy: 66.951911950701%
2024-01-30 23:08:10,394 - INFO - Epoch [229/500], Loss: 649.9130139350891, Accuracy: 66.98151287640268%
2024-01-30 23:08:11,347 - INFO - Epoch [230/500], Loss: 649.4563093781471, Accuracy: 67.01649578859558%
2024-01-30 23:08:12,213 - INFO - Epoch [231/500], Loss: 649.0020392537117, Accuracy: 67.05147870078846%
2024-01-30 23:08:12,223 - INFO - Test Accuracy: 42.687747035573125%, Balanced Test Accuracy: 42.499512384187305%
2024-01-30 23:08:12,223 - INFO - Validation accuracy after epoch 231: 42.687747035573125% and balanced validation accuracy: 42.499512384187305
2024-01-30 23:08:13,142 - INFO - Epoch [232/500], Loss: 648.5501537322998, Accuracy: 67.07838863324453%
2024-01-30 23:08:13,921 - INFO - Epoch [233/500], Loss: 648.1006388664246, Accuracy: 67.11337154543742%
2024-01-30 23:08:14,724 - INFO - Epoch [234/500], Loss: 647.6534761786461, Accuracy: 67.12413551841985%
2024-01-30 23:08:15,503 - INFO - Epoch [235/500], Loss: 647.208645761013, Accuracy: 67.15373644412152%
2024-01-30 23:08:16,428 - INFO - Epoch [236/500], Loss: 646.7661352753639, Accuracy: 67.18602836306881%
2024-01-30 23:08:17,388 - INFO - Epoch [237/500], Loss: 646.3259030580521, Accuracy: 67.20486531578806%
2024-01-30 23:08:18,255 - INFO - Epoch [238/500], Loss: 645.8879330158234, Accuracy: 67.22639326175292%
2024-01-30 23:08:19,142 - INFO - Epoch [239/500], Loss: 645.4522292017937, Accuracy: 67.2586851807002%
2024-01-30 23:08:19,935 - INFO - Epoch [240/500], Loss: 645.0187412500381, Accuracy: 67.27483114017384%
2024-01-30 23:08:20,849 - INFO - Epoch [241/500], Loss: 644.5874728560448, Accuracy: 67.31250504561234%
2024-01-30 23:08:20,858 - INFO - Test Accuracy: 42.95125164690382%, Balanced Test Accuracy: 42.75744889212382%
2024-01-30 23:08:20,858 - INFO - Validation accuracy after epoch 241: 42.95125164690382% and balanced validation accuracy: 42.75744889212382
2024-01-30 23:08:21,608 - INFO - Epoch [242/500], Loss: 644.1583788990974, Accuracy: 67.33134199833158%
2024-01-30 23:08:22,425 - INFO - Epoch [243/500], Loss: 643.7314618229866, Accuracy: 67.35286994429644%
2024-01-30 23:08:23,297 - INFO - Epoch [244/500], Loss: 643.3066967725754, Accuracy: 67.3770888835069%
2024-01-30 23:08:24,039 - INFO - Epoch [245/500], Loss: 642.8840691447258, Accuracy: 67.38785285648933%
2024-01-30 23:08:24,765 - INFO - Epoch [246/500], Loss: 642.4635263085365, Accuracy: 67.41207179569979%
2024-01-30 23:08:25,508 - INFO - Epoch [247/500], Loss: 642.0451046228409, Accuracy: 67.43359974166465%
2024-01-30 23:08:26,426 - INFO - Epoch [248/500], Loss: 641.628764808178, Accuracy: 67.4551276876295%
2024-01-30 23:08:27,284 - INFO - Epoch [249/500], Loss: 641.2144712805748, Accuracy: 67.48203762008558%
2024-01-30 23:08:28,093 - INFO - Epoch [250/500], Loss: 640.8022279143333, Accuracy: 67.50087457280482%
2024-01-30 23:08:28,934 - INFO - Epoch [251/500], Loss: 640.3919998407364, Accuracy: 67.51971152552407%
2024-01-30 23:08:28,942 - INFO - Test Accuracy: 42.81949934123847%, Balanced Test Accuracy: 42.653282225457154%
2024-01-30 23:08:28,942 - INFO - Validation accuracy after epoch 251: 42.81949934123847% and balanced validation accuracy: 42.653282225457154
2024-01-30 23:08:29,637 - INFO - Epoch [252/500], Loss: 639.983780503273, Accuracy: 67.53316649175211%
2024-01-30 23:08:30,434 - INFO - Epoch [253/500], Loss: 639.5775555372238, Accuracy: 67.568149403945%
2024-01-30 23:08:31,182 - INFO - Epoch [254/500], Loss: 639.1733026504517, Accuracy: 67.59505933640106%
2024-01-30 23:08:32,019 - INFO - Epoch [255/500], Loss: 638.7710112333298, Accuracy: 67.62196926885713%
2024-01-30 23:08:32,788 - INFO - Epoch [256/500], Loss: 638.3706364631653, Accuracy: 67.63004224859395%
2024-01-30 23:08:33,419 - INFO - Epoch [257/500], Loss: 637.9722049236298, Accuracy: 67.64349721482199%
2024-01-30 23:08:34,069 - INFO - Epoch [258/500], Loss: 637.5756688714027, Accuracy: 67.65964317429564%
2024-01-30 23:08:34,817 - INFO - Epoch [259/500], Loss: 637.1810458898544, Accuracy: 67.68117112026049%
2024-01-30 23:08:35,609 - INFO - Epoch [260/500], Loss: 636.788290977478, Accuracy: 67.71077204596216%
2024-01-30 23:08:36,487 - INFO - Epoch [261/500], Loss: 636.3973890542984, Accuracy: 67.72960899868141%
2024-01-30 23:08:36,496 - INFO - Test Accuracy: 42.81949934123847%, Balanced Test Accuracy: 42.653282225457154%
2024-01-30 23:08:36,496 - INFO - Validation accuracy after epoch 261: 42.81949934123847% and balanced validation accuracy: 42.653282225457154
2024-01-30 23:08:37,315 - INFO - Epoch [262/500], Loss: 636.0083411335945, Accuracy: 67.74306396490945%
2024-01-30 23:08:38,075 - INFO - Epoch [263/500], Loss: 635.6211264133453, Accuracy: 67.77266489061113%
2024-01-30 23:08:38,868 - INFO - Epoch [264/500], Loss: 635.2357148528099, Accuracy: 67.8022658163128%
2024-01-30 23:08:39,734 - INFO - Epoch [265/500], Loss: 634.8521167635918, Accuracy: 67.80764780280401%
2024-01-30 23:08:40,557 - INFO - Epoch [266/500], Loss: 634.4702956676483, Accuracy: 67.82917574876888%
2024-01-30 23:08:41,503 - INFO - Epoch [267/500], Loss: 634.0902531147003, Accuracy: 67.83993972175129%
2024-01-30 23:08:42,315 - INFO - Epoch [268/500], Loss: 633.7119789719582, Accuracy: 67.86146766771616%
2024-01-30 23:08:43,027 - INFO - Epoch [269/500], Loss: 633.3354248404503, Accuracy: 67.89106859341783%
2024-01-30 23:08:43,746 - INFO - Epoch [270/500], Loss: 632.9606189727783, Accuracy: 67.90721455289147%
2024-01-30 23:08:44,523 - INFO - Epoch [271/500], Loss: 632.5875194072723, Accuracy: 67.90721455289147%
2024-01-30 23:08:44,532 - INFO - Test Accuracy: 42.81949934123847%, Balanced Test Accuracy: 42.710262282437206%
2024-01-30 23:08:44,532 - INFO - Validation accuracy after epoch 271: 42.81949934123847% and balanced validation accuracy: 42.710262282437206
2024-01-30 23:08:45,303 - INFO - Epoch [272/500], Loss: 632.2161322236061, Accuracy: 67.92874249885632%
2024-01-30 23:08:46,078 - INFO - Epoch [273/500], Loss: 631.8464286327362, Accuracy: 67.94219746508436%
2024-01-30 23:08:46,961 - INFO - Epoch [274/500], Loss: 631.478400349617, Accuracy: 67.97179839078603%
2024-01-30 23:08:47,808 - INFO - Epoch [275/500], Loss: 631.1120401024818, Accuracy: 67.9933263367509%
2024-01-30 23:08:48,627 - INFO - Epoch [276/500], Loss: 630.7473325133324, Accuracy: 68.01754527596135%
2024-01-30 23:08:49,379 - INFO - Epoch [277/500], Loss: 630.3842566609383, Accuracy: 68.05252818815424%
2024-01-30 23:08:50,161 - INFO - Epoch [278/500], Loss: 630.0228058695793, Accuracy: 68.06867414762789%
2024-01-30 23:08:51,011 - INFO - Epoch [279/500], Loss: 629.6629638075829, Accuracy: 68.09558408008395%
2024-01-30 23:08:51,796 - INFO - Epoch [280/500], Loss: 629.3047273755074, Accuracy: 68.11711202604882%
2024-01-30 23:08:52,645 - INFO - Epoch [281/500], Loss: 628.9480662941933, Accuracy: 68.13863997201366%
2024-01-30 23:08:52,653 - INFO - Test Accuracy: 43.08300395256917%, Balanced Test Accuracy: 42.96667253884747%
2024-01-30 23:08:52,653 - INFO - Validation accuracy after epoch 281: 43.08300395256917% and balanced validation accuracy: 42.96667253884747
2024-01-30 23:08:53,466 - INFO - Epoch [282/500], Loss: 628.5929908752441, Accuracy: 68.13863997201366%
2024-01-30 23:08:54,149 - INFO - Epoch [283/500], Loss: 628.2394773960114, Accuracy: 68.16285891122413%
2024-01-30 23:08:54,883 - INFO - Epoch [284/500], Loss: 627.8875250816345, Accuracy: 68.16285891122413%
2024-01-30 23:08:55,623 - INFO - Epoch [285/500], Loss: 627.5370972752571, Accuracy: 68.17900487069778%
2024-01-30 23:08:56,311 - INFO - Epoch [286/500], Loss: 627.188205242157, Accuracy: 68.1924598369258%
2024-01-30 23:08:57,048 - INFO - Epoch [287/500], Loss: 626.8408231139183, Accuracy: 68.20591480315385%
2024-01-30 23:08:57,840 - INFO - Epoch [288/500], Loss: 626.49495190382, Accuracy: 68.23551572885552%
2024-01-30 23:08:58,626 - INFO - Epoch [289/500], Loss: 626.1505838036537, Accuracy: 68.24627970183795%
2024-01-30 23:08:59,406 - INFO - Epoch [290/500], Loss: 625.8076694011688, Accuracy: 68.2651166545572%
2024-01-30 23:09:00,184 - INFO - Epoch [291/500], Loss: 625.4662586450577, Accuracy: 68.28126261403084%
2024-01-30 23:09:00,194 - INFO - Test Accuracy: 43.08300395256917%, Balanced Test Accuracy: 42.96667253884747%
2024-01-30 23:09:00,195 - INFO - Validation accuracy after epoch 291: 43.08300395256917% and balanced validation accuracy: 42.96667253884747
2024-01-30 23:09:01,058 - INFO - Epoch [292/500], Loss: 625.1262892484665, Accuracy: 68.29202658701327%
2024-01-30 23:09:01,877 - INFO - Epoch [293/500], Loss: 624.7877770662308, Accuracy: 68.31086353973251%
2024-01-30 23:09:02,787 - INFO - Epoch [294/500], Loss: 624.4507082104683, Accuracy: 68.31893651946933%
2024-01-30 23:09:03,631 - INFO - Epoch [295/500], Loss: 624.1150636672974, Accuracy: 68.35391943166222%
2024-01-30 23:09:04,453 - INFO - Epoch [296/500], Loss: 623.7808380723, Accuracy: 68.3835203573639%
2024-01-30 23:09:05,313 - INFO - Epoch [297/500], Loss: 623.4480198025703, Accuracy: 68.39966631683754%
2024-01-30 23:09:06,135 - INFO - Epoch [298/500], Loss: 623.116602897644, Accuracy: 68.42926724253923%
2024-01-30 23:09:06,935 - INFO - Epoch [299/500], Loss: 622.7865646481514, Accuracy: 68.4588681682409%
2024-01-30 23:09:07,774 - INFO - Epoch [300/500], Loss: 622.4579060077667, Accuracy: 68.47501412771454%
2024-01-30 23:09:08,476 - INFO - Epoch [301/500], Loss: 622.1306315660477, Accuracy: 68.50730604666182%
2024-01-30 23:09:08,484 - INFO - Test Accuracy: 43.08300395256917%, Balanced Test Accuracy: 42.96667253884747%
2024-01-30 23:09:08,484 - INFO - Validation accuracy after epoch 301: 43.08300395256917% and balanced validation accuracy: 42.96667253884747
2024-01-30 23:09:09,264 - INFO - Epoch [302/500], Loss: 621.8047134280205, Accuracy: 68.52345200613547%
2024-01-30 23:09:10,072 - INFO - Epoch [303/500], Loss: 621.4801207184792, Accuracy: 68.54767094534593%
2024-01-30 23:09:10,856 - INFO - Epoch [304/500], Loss: 621.1568837165833, Accuracy: 68.56381690481957%
2024-01-30 23:09:11,789 - INFO - Epoch [305/500], Loss: 620.834973692894, Accuracy: 68.58803584403003%
2024-01-30 23:09:12,667 - INFO - Epoch [306/500], Loss: 620.5143840312958, Accuracy: 68.59072683727564%
2024-01-30 23:09:13,552 - INFO - Epoch [307/500], Loss: 620.1951074004173, Accuracy: 68.60687279674929%
2024-01-30 23:09:14,318 - INFO - Epoch [308/500], Loss: 619.8771316409111, Accuracy: 68.62570974946853%
2024-01-30 23:09:15,158 - INFO - Epoch [309/500], Loss: 619.5604330897331, Accuracy: 68.64454670218778%
2024-01-30 23:09:16,032 - INFO - Epoch [310/500], Loss: 619.245036303997, Accuracy: 68.66069266166141%
2024-01-30 23:09:16,795 - INFO - Epoch [311/500], Loss: 618.9309092760086, Accuracy: 68.67683862113506%
2024-01-30 23:09:16,804 - INFO - Test Accuracy: 43.08300395256917%, Balanced Test Accuracy: 42.96667253884747%
2024-01-30 23:09:16,805 - INFO - Validation accuracy after epoch 311: 43.08300395256917% and balanced validation accuracy: 42.96667253884747
2024-01-30 23:09:17,746 - INFO - Epoch [312/500], Loss: 618.6180460453033, Accuracy: 68.6902935873631%
2024-01-30 23:09:18,637 - INFO - Epoch [313/500], Loss: 618.3064311742783, Accuracy: 68.69298458060871%
2024-01-30 23:09:19,584 - INFO - Epoch [314/500], Loss: 617.9960669875145, Accuracy: 68.70913054008234%
2024-01-30 23:09:20,458 - INFO - Epoch [315/500], Loss: 617.6869507431984, Accuracy: 68.73873146578403%
2024-01-30 23:09:21,222 - INFO - Epoch [316/500], Loss: 617.3790578246117, Accuracy: 68.74949543876644%
2024-01-30 23:09:21,994 - INFO - Epoch [317/500], Loss: 617.0723932385445, Accuracy: 68.7683323914857%
2024-01-30 23:09:22,763 - INFO - Epoch [318/500], Loss: 616.7669561505318, Accuracy: 68.78447835095933%
2024-01-30 23:09:23,446 - INFO - Epoch [319/500], Loss: 616.4627046585083, Accuracy: 68.80062431043298%
2024-01-30 23:09:24,115 - INFO - Epoch [320/500], Loss: 616.1596582531929, Accuracy: 68.82484324964345%
2024-01-30 23:09:24,868 - INFO - Epoch [321/500], Loss: 615.8578042984009, Accuracy: 68.83022523613465%
2024-01-30 23:09:24,876 - INFO - Test Accuracy: 43.08300395256917%, Balanced Test Accuracy: 42.96667253884747%
2024-01-30 23:09:24,877 - INFO - Validation accuracy after epoch 321: 43.08300395256917% and balanced validation accuracy: 42.96667253884747
2024-01-30 23:09:25,703 - INFO - Epoch [322/500], Loss: 615.5571182966232, Accuracy: 68.84368020236269%
2024-01-30 23:09:26,393 - INFO - Epoch [323/500], Loss: 615.2576258778572, Accuracy: 68.86520814832755%
2024-01-30 23:09:27,183 - INFO - Epoch [324/500], Loss: 614.9592835903168, Accuracy: 68.87059013481876%
2024-01-30 23:09:27,895 - INFO - Epoch [325/500], Loss: 614.6621078848839, Accuracy: 68.8867360942924%
2024-01-30 23:09:28,724 - INFO - Epoch [326/500], Loss: 614.3660761117935, Accuracy: 68.88135410780119%
2024-01-30 23:09:29,632 - INFO - Epoch [327/500], Loss: 614.0711977481842, Accuracy: 68.88942708753801%
2024-01-30 23:09:30,554 - INFO - Epoch [328/500], Loss: 613.7774475216866, Accuracy: 68.89480907402923%
2024-01-30 23:09:31,415 - INFO - Epoch [329/500], Loss: 613.4848261475563, Accuracy: 68.91633701999407%
2024-01-30 23:09:32,112 - INFO - Epoch [330/500], Loss: 613.1933247447014, Accuracy: 68.95131993218698%
2024-01-30 23:09:32,942 - INFO - Epoch [331/500], Loss: 612.9029341340065, Accuracy: 68.97015688490622%
2024-01-30 23:09:32,950 - INFO - Test Accuracy: 43.34650856389987%, Balanced Test Accuracy: 43.19904433371926%
2024-01-30 23:09:32,951 - INFO - Validation accuracy after epoch 331: 43.34650856389987% and balanced validation accuracy: 43.19904433371926
2024-01-30 23:09:33,765 - INFO - Epoch [332/500], Loss: 612.6136580705643, Accuracy: 68.97822986464304%
2024-01-30 23:09:34,698 - INFO - Epoch [333/500], Loss: 612.325466632843, Accuracy: 68.99168483087108%
2024-01-30 23:09:35,512 - INFO - Epoch [334/500], Loss: 612.0383735895157, Accuracy: 68.99975781060789%
2024-01-30 23:09:36,426 - INFO - Epoch [335/500], Loss: 611.7523592710495, Accuracy: 69.02128575657275%
2024-01-30 23:09:37,212 - INFO - Epoch [336/500], Loss: 611.4674407243729, Accuracy: 69.04550469578321%
2024-01-30 23:09:37,970 - INFO - Epoch [337/500], Loss: 611.1835634708405, Accuracy: 69.06434164850246%
2024-01-30 23:09:38,780 - INFO - Epoch [338/500], Loss: 610.9007641077042, Accuracy: 69.0777966147305%
2024-01-30 23:09:39,654 - INFO - Epoch [339/500], Loss: 610.6190317869186, Accuracy: 69.08586959446731%
2024-01-30 23:09:40,542 - INFO - Epoch [340/500], Loss: 610.3383284807205, Accuracy: 69.10739754043217%
2024-01-30 23:09:41,437 - INFO - Epoch [341/500], Loss: 610.0586695671082, Accuracy: 69.12085250666021%
2024-01-30 23:09:41,446 - INFO - Test Accuracy: 43.47826086956522%, Balanced Test Accuracy: 43.297083549405535%
2024-01-30 23:09:41,447 - INFO - Validation accuracy after epoch 341: 43.47826086956522% and balanced validation accuracy: 43.297083549405535
2024-01-30 23:09:42,334 - INFO - Epoch [342/500], Loss: 609.780072927475, Accuracy: 69.13699846613385%
2024-01-30 23:09:43,019 - INFO - Epoch [343/500], Loss: 609.5024948120117, Accuracy: 69.1531444256075%
2024-01-30 23:09:43,839 - INFO - Epoch [344/500], Loss: 609.2259232997894, Accuracy: 69.16390839858992%
2024-01-30 23:09:44,700 - INFO - Epoch [345/500], Loss: 608.9503857493401, Accuracy: 69.16929038508114%
2024-01-30 23:09:45,567 - INFO - Epoch [346/500], Loss: 608.6758514642715, Accuracy: 69.1962003175372%
2024-01-30 23:09:46,379 - INFO - Epoch [347/500], Loss: 608.4023172259331, Accuracy: 69.20965528376524%
2024-01-30 23:09:47,287 - INFO - Epoch [348/500], Loss: 608.1298038959503, Accuracy: 69.20965528376524%
2024-01-30 23:09:48,271 - INFO - Epoch [349/500], Loss: 607.8582482337952, Accuracy: 69.22041925674766%
2024-01-30 23:09:49,208 - INFO - Epoch [350/500], Loss: 607.5876941084862, Accuracy: 69.2338742229757%
2024-01-30 23:09:50,022 - INFO - Epoch [351/500], Loss: 607.3181250691414, Accuracy: 69.23656521622131%
2024-01-30 23:09:50,030 - INFO - Test Accuracy: 43.47826086956522%, Balanced Test Accuracy: 43.26691763688668%
2024-01-30 23:09:50,031 - INFO - Validation accuracy after epoch 351: 43.47826086956522% and balanced validation accuracy: 43.26691763688668
2024-01-30 23:09:50,788 - INFO - Epoch [352/500], Loss: 607.049521446228, Accuracy: 69.25271117569496%
2024-01-30 23:09:51,454 - INFO - Epoch [353/500], Loss: 606.7818878889084, Accuracy: 69.26885713516859%
2024-01-30 23:09:52,108 - INFO - Epoch [354/500], Loss: 606.515222132206, Accuracy: 69.29307607437906%
2024-01-30 23:09:52,789 - INFO - Epoch [355/500], Loss: 606.2495005130768, Accuracy: 69.30653104060708%
2024-01-30 23:09:53,575 - INFO - Epoch [356/500], Loss: 605.9847324490547, Accuracy: 69.3119130270983%
2024-01-30 23:09:54,468 - INFO - Epoch [357/500], Loss: 605.7209227085114, Accuracy: 69.33074997981755%
2024-01-30 23:09:55,322 - INFO - Epoch [358/500], Loss: 605.4580119848251, Accuracy: 69.3495869325368%
2024-01-30 23:09:56,119 - INFO - Epoch [359/500], Loss: 605.19606757164, Accuracy: 69.36304189876483%
2024-01-30 23:09:56,923 - INFO - Epoch [360/500], Loss: 604.9350382685661, Accuracy: 69.37918785823848%
2024-01-30 23:09:57,731 - INFO - Epoch [361/500], Loss: 604.6749384999275, Accuracy: 69.38187885148409%
2024-01-30 23:09:57,739 - INFO - Test Accuracy: 43.741765480895914%, Balanced Test Accuracy: 43.47368455417991%
2024-01-30 23:09:57,739 - INFO - Validation accuracy after epoch 361: 43.741765480895914% and balanced validation accuracy: 43.47368455417991
2024-01-30 23:09:58,622 - INFO - Epoch [362/500], Loss: 604.415751516819, Accuracy: 69.39533381771211%
2024-01-30 23:09:59,432 - INFO - Epoch [363/500], Loss: 604.1574711799622, Accuracy: 69.41955275692258%
2024-01-30 23:10:00,389 - INFO - Epoch [364/500], Loss: 603.9000949263573, Accuracy: 69.42762573665941%
2024-01-30 23:10:01,228 - INFO - Epoch [365/500], Loss: 603.6436204910278, Accuracy: 69.44377169613304%
2024-01-30 23:10:02,084 - INFO - Epoch [366/500], Loss: 603.3880326151848, Accuracy: 69.44915368262426%
2024-01-30 23:10:03,116 - INFO - Epoch [367/500], Loss: 603.133344233036, Accuracy: 69.4652996420979%
2024-01-30 23:10:04,082 - INFO - Epoch [368/500], Loss: 602.8795287013054, Accuracy: 69.47068162858912%
2024-01-30 23:10:04,963 - INFO - Epoch [369/500], Loss: 602.6266016960144, Accuracy: 69.48144560157154%
2024-01-30 23:10:05,744 - INFO - Epoch [370/500], Loss: 602.3745419979095, Accuracy: 69.49490056779958%
2024-01-30 23:10:06,430 - INFO - Epoch [371/500], Loss: 602.1233420372009, Accuracy: 69.5029735475364%
2024-01-30 23:10:06,438 - INFO - Test Accuracy: 43.741765480895914%, Balanced Test Accuracy: 43.47368455417991%
2024-01-30 23:10:06,439 - INFO - Validation accuracy after epoch 371: 43.741765480895914% and balanced validation accuracy: 43.47368455417991
2024-01-30 23:10:07,164 - INFO - Epoch [372/500], Loss: 601.8730143904686, Accuracy: 69.49759156104518%
2024-01-30 23:10:07,881 - INFO - Epoch [373/500], Loss: 601.6235349774361, Accuracy: 69.51104652727322%
2024-01-30 23:10:08,674 - INFO - Epoch [374/500], Loss: 601.3749105930328, Accuracy: 69.52181050025564%
2024-01-30 23:10:09,499 - INFO - Epoch [375/500], Loss: 601.1271405220032, Accuracy: 69.53526546648368%
2024-01-30 23:10:10,353 - INFO - Epoch [376/500], Loss: 600.8802171945572, Accuracy: 69.55679341244854%
2024-01-30 23:10:11,164 - INFO - Epoch [377/500], Loss: 600.6341259479523, Accuracy: 69.57293937192217%
2024-01-30 23:10:12,004 - INFO - Epoch [378/500], Loss: 600.3888670802116, Accuracy: 69.57563036516778%
2024-01-30 23:10:12,848 - INFO - Epoch [379/500], Loss: 600.144422352314, Accuracy: 69.581012351659%
2024-01-30 23:10:13,754 - INFO - Epoch [380/500], Loss: 599.9008189439774, Accuracy: 69.581012351659%
2024-01-30 23:10:14,633 - INFO - Epoch [381/500], Loss: 599.6580392122269, Accuracy: 69.5837033449046%
2024-01-30 23:10:14,642 - INFO - Test Accuracy: 43.61001317523057%, Balanced Test Accuracy: 43.34547942597479%
2024-01-30 23:10:14,642 - INFO - Validation accuracy after epoch 381: 43.61001317523057% and balanced validation accuracy: 43.34547942597479
2024-01-30 23:10:15,531 - INFO - Epoch [382/500], Loss: 599.4160547852516, Accuracy: 69.59984930437824%
2024-01-30 23:10:16,468 - INFO - Epoch [383/500], Loss: 599.1748890280724, Accuracy: 69.62675923683432%
2024-01-30 23:10:17,374 - INFO - Epoch [384/500], Loss: 598.9345282912254, Accuracy: 69.64021420306236%
2024-01-30 23:10:18,140 - INFO - Epoch [385/500], Loss: 598.6949587464333, Accuracy: 69.6590511557816%
2024-01-30 23:10:18,936 - INFO - Epoch [386/500], Loss: 598.4561901092529, Accuracy: 69.68057910174646%
2024-01-30 23:10:19,682 - INFO - Epoch [387/500], Loss: 598.2182173728943, Accuracy: 69.6994160544657%
2024-01-30 23:10:20,408 - INFO - Epoch [388/500], Loss: 597.981031537056, Accuracy: 69.70748903420252%
2024-01-30 23:10:21,149 - INFO - Epoch [389/500], Loss: 597.7446134090424, Accuracy: 69.72363499367617%
2024-01-30 23:10:21,904 - INFO - Epoch [390/500], Loss: 597.5089952349663, Accuracy: 69.72901698016737%
2024-01-30 23:10:22,700 - INFO - Epoch [391/500], Loss: 597.2741424441338, Accuracy: 69.74516293964102%
2024-01-30 23:10:22,710 - INFO - Test Accuracy: 43.61001317523057%, Balanced Test Accuracy: 43.34547942597479%
2024-01-30 23:10:22,710 - INFO - Validation accuracy after epoch 391: 43.61001317523057% and balanced validation accuracy: 43.34547942597479
2024-01-30 23:10:23,485 - INFO - Epoch [392/500], Loss: 597.0400468707085, Accuracy: 69.76130889911467%
2024-01-30 23:10:24,225 - INFO - Epoch [393/500], Loss: 596.8067308664322, Accuracy: 69.75592691262345%
2024-01-30 23:10:25,050 - INFO - Epoch [394/500], Loss: 596.5741649270058, Accuracy: 69.77476386534269%
2024-01-30 23:10:25,940 - INFO - Epoch [395/500], Loss: 596.3423604369164, Accuracy: 69.78283684507952%
2024-01-30 23:10:26,855 - INFO - Epoch [396/500], Loss: 596.1113022565842, Accuracy: 69.78821883157073%
2024-01-30 23:10:27,674 - INFO - Epoch [397/500], Loss: 595.8809956908226, Accuracy: 69.80167379779877%
2024-01-30 23:10:28,473 - INFO - Epoch [398/500], Loss: 595.6514410376549, Accuracy: 69.8124377707812%
2024-01-30 23:10:29,315 - INFO - Epoch [399/500], Loss: 595.4226180911064, Accuracy: 69.83127472350044%
2024-01-30 23:10:30,099 - INFO - Epoch [400/500], Loss: 595.1945357322693, Accuracy: 69.84472968972848%
2024-01-30 23:10:30,919 - INFO - Epoch [401/500], Loss: 594.9671867489815, Accuracy: 69.8501116762197%
2024-01-30 23:10:30,928 - INFO - Test Accuracy: 43.741765480895914%, Balanced Test Accuracy: 43.53066461115997%
2024-01-30 23:10:30,929 - INFO - Validation accuracy after epoch 401: 43.741765480895914% and balanced validation accuracy: 43.53066461115997
2024-01-30 23:10:31,723 - INFO - Epoch [402/500], Loss: 594.7405624985695, Accuracy: 69.86356664244772%
2024-01-30 23:10:32,521 - INFO - Epoch [403/500], Loss: 594.5146477222443, Accuracy: 69.87702160867576%
2024-01-30 23:10:33,334 - INFO - Epoch [404/500], Loss: 594.2894599437714, Accuracy: 69.90124054788622%
2024-01-30 23:10:34,231 - INFO - Epoch [405/500], Loss: 594.0650053620338, Accuracy: 69.91200452086865%
2024-01-30 23:10:35,174 - INFO - Epoch [406/500], Loss: 593.8412447571754, Accuracy: 69.93891445332473%
2024-01-30 23:10:36,097 - INFO - Epoch [407/500], Loss: 593.6181998252869, Accuracy: 69.94698743306154%
2024-01-30 23:10:36,965 - INFO - Epoch [408/500], Loss: 593.3958597779274, Accuracy: 69.95236941955275%
2024-01-30 23:10:37,801 - INFO - Epoch [409/500], Loss: 593.1742117404938, Accuracy: 69.97927935200883%
2024-01-30 23:10:38,644 - INFO - Epoch [410/500], Loss: 592.9532813429832, Accuracy: 69.99004332499125%
2024-01-30 23:10:39,431 - INFO - Epoch [411/500], Loss: 592.733015537262, Accuracy: 70.0061892844649%
2024-01-30 23:10:39,441 - INFO - Test Accuracy: 43.873517786561266%, Balanced Test Accuracy: 43.658869739365095%
2024-01-30 23:10:39,441 - INFO - Validation accuracy after epoch 411: 43.873517786561266% and balanced validation accuracy: 43.658869739365095
2024-01-30 23:10:40,289 - INFO - Epoch [412/500], Loss: 592.5134516358376, Accuracy: 70.01426226420172%
2024-01-30 23:10:41,138 - INFO - Epoch [413/500], Loss: 592.2945755720139, Accuracy: 70.02771723042976%
2024-01-30 23:10:41,820 - INFO - Epoch [414/500], Loss: 592.076388001442, Accuracy: 70.046554183149%
2024-01-30 23:10:42,577 - INFO - Epoch [415/500], Loss: 591.8588761091232, Accuracy: 70.06000914937704%
2024-01-30 23:10:43,310 - INFO - Epoch [416/500], Loss: 591.6420319676399, Accuracy: 70.06539113586825%
2024-01-30 23:10:43,985 - INFO - Epoch [417/500], Loss: 591.4258553385735, Accuracy: 70.07884610209628%
2024-01-30 23:10:44,683 - INFO - Epoch [418/500], Loss: 591.2103580236435, Accuracy: 70.0842280885875%
2024-01-30 23:10:45,380 - INFO - Epoch [419/500], Loss: 590.9955218434334, Accuracy: 70.09230106832432%
2024-01-30 23:10:46,080 - INFO - Epoch [420/500], Loss: 590.7813391089439, Accuracy: 70.10306504130675%
2024-01-30 23:10:46,867 - INFO - Epoch [421/500], Loss: 590.5678275823593, Accuracy: 70.11382901428918%
2024-01-30 23:10:46,876 - INFO - Test Accuracy: 44.26877470355731%, Balanced Test Accuracy: 44.14010755612922%
2024-01-30 23:10:46,877 - INFO - Validation accuracy after epoch 421: 44.26877470355731% and balanced validation accuracy: 44.14010755612922
2024-01-30 23:10:47,597 - INFO - Epoch [422/500], Loss: 590.3549775481224, Accuracy: 70.12997497376281%
2024-01-30 23:10:48,336 - INFO - Epoch [423/500], Loss: 590.1427501440048, Accuracy: 70.13535696025403%
2024-01-30 23:10:49,109 - INFO - Epoch [424/500], Loss: 589.9311875700951, Accuracy: 70.14881192648207%
2024-01-30 23:10:49,889 - INFO - Epoch [425/500], Loss: 589.7202757000923, Accuracy: 70.15150291972768%
2024-01-30 23:10:50,698 - INFO - Epoch [426/500], Loss: 589.5099869966507, Accuracy: 70.17303086569252%
2024-01-30 23:10:51,578 - INFO - Epoch [427/500], Loss: 589.3003424406052, Accuracy: 70.17572185893813%
2024-01-30 23:10:52,408 - INFO - Epoch [428/500], Loss: 589.0913362503052, Accuracy: 70.17841285218374%
2024-01-30 23:10:53,233 - INFO - Epoch [429/500], Loss: 588.8829450011253, Accuracy: 70.18648583192056%
2024-01-30 23:10:54,021 - INFO - Epoch [430/500], Loss: 588.6752002835274, Accuracy: 70.19186781841178%
2024-01-30 23:10:54,820 - INFO - Epoch [431/500], Loss: 588.4680718779564, Accuracy: 70.2026317913942%
2024-01-30 23:10:54,829 - INFO - Test Accuracy: 44.26877470355731%, Balanced Test Accuracy: 44.14010755612922%
2024-01-30 23:10:54,830 - INFO - Validation accuracy after epoch 431: 44.26877470355731% and balanced validation accuracy: 44.14010755612922
2024-01-30 23:10:55,623 - INFO - Epoch [432/500], Loss: 588.2615667581558, Accuracy: 70.20801377788541%
2024-01-30 23:10:56,341 - INFO - Epoch [433/500], Loss: 588.0556753873825, Accuracy: 70.22685073060467%
2024-01-30 23:10:57,130 - INFO - Epoch [434/500], Loss: 587.8504122495651, Accuracy: 70.24299669007831%
2024-01-30 23:10:57,917 - INFO - Epoch [435/500], Loss: 587.6457387804985, Accuracy: 70.25106966981512%
2024-01-30 23:10:58,671 - INFO - Epoch [436/500], Loss: 587.4416838288307, Accuracy: 70.25106966981512%
2024-01-30 23:10:59,393 - INFO - Epoch [437/500], Loss: 587.2382356524467, Accuracy: 70.25376066306073%
2024-01-30 23:11:00,241 - INFO - Epoch [438/500], Loss: 587.0353879928589, Accuracy: 70.27259761577999%
2024-01-30 23:11:01,028 - INFO - Epoch [439/500], Loss: 586.8331588506699, Accuracy: 70.2779796022712%
2024-01-30 23:11:01,886 - INFO - Epoch [440/500], Loss: 586.6315011978149, Accuracy: 70.28067059551681%
2024-01-30 23:11:02,633 - INFO - Epoch [441/500], Loss: 586.4304509758949, Accuracy: 70.28605258200803%
2024-01-30 23:11:02,641 - INFO - Test Accuracy: 44.13702239789196%, Balanced Test Accuracy: 44.02105993708162%
2024-01-30 23:11:02,642 - INFO - Validation accuracy after epoch 441: 44.13702239789196% and balanced validation accuracy: 44.02105993708162
2024-01-30 23:11:03,424 - INFO - Epoch [442/500], Loss: 586.2299790978432, Accuracy: 70.29681655499044%
2024-01-30 23:11:04,167 - INFO - Epoch [443/500], Loss: 586.030107498169, Accuracy: 70.29950754823605%
2024-01-30 23:11:05,044 - INFO - Epoch [444/500], Loss: 585.8308152556419, Accuracy: 70.31027152121848%
2024-01-30 23:11:05,735 - INFO - Epoch [445/500], Loss: 585.6321050524712, Accuracy: 70.3183445009553%
2024-01-30 23:11:06,482 - INFO - Epoch [446/500], Loss: 585.433972299099, Accuracy: 70.33718145367455%
2024-01-30 23:11:07,175 - INFO - Epoch [447/500], Loss: 585.2364231944084, Accuracy: 70.34256344016576%
2024-01-30 23:11:07,861 - INFO - Epoch [448/500], Loss: 585.0394324064255, Accuracy: 70.3560184063938%
2024-01-30 23:11:08,603 - INFO - Epoch [449/500], Loss: 584.8430252075195, Accuracy: 70.36140039288502%
2024-01-30 23:11:09,432 - INFO - Epoch [450/500], Loss: 584.6471863985062, Accuracy: 70.36947337262184%
2024-01-30 23:11:10,208 - INFO - Epoch [451/500], Loss: 584.4519098997116, Accuracy: 70.38292833884987%
2024-01-30 23:11:10,215 - INFO - Test Accuracy: 44.00527009222662%, Balanced Test Accuracy: 43.854393270414946%
2024-01-30 23:11:10,216 - INFO - Validation accuracy after epoch 451: 44.00527009222662% and balanced validation accuracy: 43.854393270414946
2024-01-30 23:11:10,987 - INFO - Epoch [452/500], Loss: 584.257198214531, Accuracy: 70.38561933209547%
2024-01-30 23:11:11,759 - INFO - Epoch [453/500], Loss: 584.0630432367325, Accuracy: 70.40176529156912%
2024-01-30 23:11:12,567 - INFO - Epoch [454/500], Loss: 583.8694420456886, Accuracy: 70.41252926455155%
2024-01-30 23:11:13,447 - INFO - Epoch [455/500], Loss: 583.6763956546783, Accuracy: 70.41252926455155%
2024-01-30 23:11:14,239 - INFO - Epoch [456/500], Loss: 583.4838936328888, Accuracy: 70.42329323753397%
2024-01-30 23:11:15,005 - INFO - Epoch [457/500], Loss: 583.2919616103172, Accuracy: 70.43674820376201%
2024-01-30 23:11:15,886 - INFO - Epoch [458/500], Loss: 583.1005638837814, Accuracy: 70.44482118349883%
2024-01-30 23:11:16,718 - INFO - Epoch [459/500], Loss: 582.9097109436989, Accuracy: 70.45558515648126%
2024-01-30 23:11:17,481 - INFO - Epoch [460/500], Loss: 582.7193986177444, Accuracy: 70.4717311159549%
2024-01-30 23:11:18,290 - INFO - Epoch [461/500], Loss: 582.5296202301979, Accuracy: 70.48787707542854%
2024-01-30 23:11:18,298 - INFO - Test Accuracy: 44.00527009222662%, Balanced Test Accuracy: 43.854393270414946%
2024-01-30 23:11:18,299 - INFO - Validation accuracy after epoch 461: 44.00527009222662% and balanced validation accuracy: 43.854393270414946
2024-01-30 23:11:18,964 - INFO - Epoch [462/500], Loss: 582.3403705358505, Accuracy: 70.49325906191976%
2024-01-30 23:11:19,815 - INFO - Epoch [463/500], Loss: 582.1516790986061, Accuracy: 70.50402303490218%
2024-01-30 23:11:20,572 - INFO - Epoch [464/500], Loss: 581.9634931087494, Accuracy: 70.512096014639%
2024-01-30 23:11:21,344 - INFO - Epoch [465/500], Loss: 581.7758478522301, Accuracy: 70.52016899437582%
2024-01-30 23:11:22,130 - INFO - Epoch [466/500], Loss: 581.5887258052826, Accuracy: 70.52555098086704%
2024-01-30 23:11:22,935 - INFO - Epoch [467/500], Loss: 581.4021298885345, Accuracy: 70.53093296735825%
2024-01-30 23:11:23,735 - INFO - Epoch [468/500], Loss: 581.2160402536392, Accuracy: 70.53362396060386%
2024-01-30 23:11:24,494 - INFO - Epoch [469/500], Loss: 581.030482172966, Accuracy: 70.5443879335863%
2024-01-30 23:11:25,271 - INFO - Epoch [470/500], Loss: 580.8454340100288, Accuracy: 70.5443879335863%
2024-01-30 23:11:26,092 - INFO - Epoch [471/500], Loss: 580.6609026789665, Accuracy: 70.5443879335863%
2024-01-30 23:11:26,101 - INFO - Test Accuracy: 44.00527009222662%, Balanced Test Accuracy: 43.59050438152606%
2024-01-30 23:11:26,101 - INFO - Validation accuracy after epoch 471: 44.00527009222662% and balanced validation accuracy: 43.59050438152606
2024-01-30 23:11:26,857 - INFO - Epoch [472/500], Loss: 580.4768900871277, Accuracy: 70.56053389305993%
2024-01-30 23:11:27,595 - INFO - Epoch [473/500], Loss: 580.2933729887009, Accuracy: 70.56591587955114%
2024-01-30 23:11:28,449 - INFO - Epoch [474/500], Loss: 580.110368669033, Accuracy: 70.58206183902479%
2024-01-30 23:11:29,284 - INFO - Epoch [475/500], Loss: 579.9278586506844, Accuracy: 70.59551680525281%
2024-01-30 23:11:30,231 - INFO - Epoch [476/500], Loss: 579.7458587884903, Accuracy: 70.60628077823525%
2024-01-30 23:11:31,151 - INFO - Epoch [477/500], Loss: 579.5643603801727, Accuracy: 70.61973574446328%
2024-01-30 23:11:31,977 - INFO - Epoch [478/500], Loss: 579.3833513855934, Accuracy: 70.62242673770889%
2024-01-30 23:11:32,810 - INFO - Epoch [479/500], Loss: 579.2028464078903, Accuracy: 70.62242673770889%
2024-01-30 23:11:33,678 - INFO - Epoch [480/500], Loss: 579.0228224992752, Accuracy: 70.64664567691935%
2024-01-30 23:11:34,395 - INFO - Epoch [481/500], Loss: 578.8432872891426, Accuracy: 70.65740964990178%
2024-01-30 23:11:34,403 - INFO - Test Accuracy: 44.00527009222662%, Balanced Test Accuracy: 43.60759839862007%
2024-01-30 23:11:34,403 - INFO - Validation accuracy after epoch 481: 44.00527009222662% and balanced validation accuracy: 43.60759839862007
2024-01-30 23:11:35,102 - INFO - Epoch [482/500], Loss: 578.6642462611198, Accuracy: 70.662791636393%
2024-01-30 23:11:35,860 - INFO - Epoch [483/500], Loss: 578.485689997673, Accuracy: 70.6654826296386%
2024-01-30 23:11:36,612 - INFO - Epoch [484/500], Loss: 578.3076101541519, Accuracy: 70.67893759586663%
2024-01-30 23:11:37,374 - INFO - Epoch [485/500], Loss: 578.1300219893456, Accuracy: 70.68431958235784%
2024-01-30 23:11:38,160 - INFO - Epoch [486/500], Loss: 577.952908039093, Accuracy: 70.69508355534028%
2024-01-30 23:11:38,922 - INFO - Epoch [487/500], Loss: 577.7762762904167, Accuracy: 70.70046554183149%
2024-01-30 23:11:39,724 - INFO - Epoch [488/500], Loss: 577.600118637085, Accuracy: 70.71392050805953%
2024-01-30 23:11:40,529 - INFO - Epoch [489/500], Loss: 577.424424469471, Accuracy: 70.72199348779634%
2024-01-30 23:11:41,257 - INFO - Epoch [490/500], Loss: 577.2492004036903, Accuracy: 70.72737547428756%
2024-01-30 23:11:41,969 - INFO - Epoch [491/500], Loss: 577.0744507312775, Accuracy: 70.73006646753316%
2024-01-30 23:11:41,977 - INFO - Test Accuracy: 44.00527009222662%, Balanced Test Accuracy: 43.60759839862007%
2024-01-30 23:11:41,977 - INFO - Validation accuracy after epoch 491: 44.00527009222662% and balanced validation accuracy: 43.60759839862007
2024-01-30 23:11:42,715 - INFO - Epoch [492/500], Loss: 576.9001674056053, Accuracy: 70.73813944726999%
2024-01-30 23:11:43,462 - INFO - Epoch [493/500], Loss: 576.7263562679291, Accuracy: 70.73544845402438%
2024-01-30 23:11:44,316 - INFO - Epoch [494/500], Loss: 576.5529817342758, Accuracy: 70.74890342025242%
2024-01-30 23:11:45,175 - INFO - Epoch [495/500], Loss: 576.3800930380821, Accuracy: 70.75428540674363%
2024-01-30 23:11:46,035 - INFO - Epoch [496/500], Loss: 576.2076479196548, Accuracy: 70.76504937972605%
2024-01-30 23:11:46,834 - INFO - Epoch [497/500], Loss: 576.035661637783, Accuracy: 70.77043136621727%
2024-01-30 23:11:47,702 - INFO - Epoch [498/500], Loss: 575.8641133904457, Accuracy: 70.7811953391997%
2024-01-30 23:11:48,557 - INFO - Epoch [499/500], Loss: 575.6930278539658, Accuracy: 70.80272328516456%
2024-01-30 23:11:49,393 - INFO - Epoch [500/500], Loss: 575.5224164128304, Accuracy: 70.81617825139259%
2024-01-30 23:11:49,726 - INFO - Test Accuracy: 19.957805907172997%, Balanced Test Accuracy: 19.957805907173%
2024-01-30 23:11:50,055 - INFO - Final unblanced test accuracy: 19.957805907172997% and final balanced test accuracy 19.957805907173
