2024-02-02 14:25:35,826 - INFO - Configuration:
{
    "task": "5",
    "topic": "CS2",
    "train_classifier": true,
    "number_gpus": "1",
    "modalities": [
        "rgb"
    ],
    "encoder_model": "MAE",
    "mask_ratio": 0.8,
    "dataset": "NTU",
    "split": "CS",
    "num_classes": 60,
    "epochs": 500,
    "res_cktp": false,
    "cktp_dir": "/home/bas06400/Thesis/VIP/src/align_checkpoints/mae_checkpoints/",
    "trained_encoder": "checkpoint_rgb_CS_20240130_193828.pth",
    "learning_rate": 0.001,
    "temperature": 0.1,
    "num_workers": 10,
    "batch_size": 64,
    "data_root": "/net/polaris/storage/deeplearning/ntu",
    "random_sample": false,
    "pin_memory": true,
    "scheduler_config": {
        "type": "plateau",
        "params": {
            "mode": "min",
            "factor": 0.1,
            "patience": 5
        }
    }
}
2024-02-02 14:25:35,880 - INFO - Training MAE for rgb...
2024-02-02 14:25:35,925 - INFO - Evaluing on the following GPUs [0]
2024-02-02 14:25:41,111 - INFO - Starting feature extraction...
2024-02-02 15:00:06,486 - INFO - Epoch [1/500], Loss: 4.950410064670347, Accuracy: 4.05689266823577%
2024-02-02 15:00:06,502 - INFO - Test Accuracy: 4.83271375464684%, Balanced Test Accuracy: 5.447675713980062%
2024-02-02 15:00:07,272 - INFO - Epoch [2/500], Loss: 4.707000119551536, Accuracy: 6.056234656948346%
2024-02-02 15:00:08,070 - INFO - Epoch [3/500], Loss: 4.592468441013367, Accuracy: 7.086275403031913%
2024-02-02 15:00:08,819 - INFO - Epoch [4/500], Loss: 4.513657984714354, Accuracy: 7.830334320350264%
2024-02-02 15:00:09,552 - INFO - Epoch [5/500], Loss: 4.453087149127837, Accuracy: 8.404828790524638%
2024-02-02 15:00:10,285 - INFO - Epoch [6/500], Loss: 4.403709987478871, Accuracy: 8.98438488598689%
2024-02-02 15:00:10,988 - INFO - Epoch [7/500], Loss: 4.36193393603448, Accuracy: 9.523447979146104%
2024-02-02 15:00:11,691 - INFO - Epoch [8/500], Loss: 4.325671808854226, Accuracy: 9.989117505631057%
2024-02-02 15:00:12,391 - INFO - Epoch [9/500], Loss: 4.293601163933354, Accuracy: 10.394047528661453%
2024-02-02 15:00:13,086 - INFO - Epoch [10/500], Loss: 4.264829882690983, Accuracy: 10.773669425252448%
2024-02-02 15:00:13,888 - INFO - Epoch [11/500], Loss: 4.238726557262482, Accuracy: 11.107736694252525%
2024-02-02 15:00:13,899 - INFO - Test Accuracy: 8.798017348203222%, Balanced Test Accuracy: 9.785850622807144%
2024-02-02 15:00:14,678 - INFO - Epoch [12/500], Loss: 4.214827288543025, Accuracy: 11.378533647154102%
2024-02-02 15:00:15,421 - INFO - Epoch [13/500], Loss: 4.192780713400533, Accuracy: 11.641738162123858%
2024-02-02 15:00:16,148 - INFO - Epoch [14/500], Loss: 4.172314218455745, Accuracy: 11.904942677093615%
2024-02-02 15:00:16,860 - INFO - Epoch [15/500], Loss: 4.153211638331413, Accuracy: 12.147900690911852%
2024-02-02 15:00:17,562 - INFO - Epoch [16/500], Loss: 4.135298751054272, Accuracy: 12.431351707033128%
2024-02-02 15:00:18,237 - INFO - Epoch [17/500], Loss: 4.118433029420914, Accuracy: 12.666717282919546%
2024-02-02 15:00:18,972 - INFO - Epoch [18/500], Loss: 4.1024962019535804, Accuracy: 12.879305545010503%
2024-02-02 15:00:19,696 - INFO - Epoch [19/500], Loss: 4.0873892076553835, Accuracy: 13.0564624300863%
2024-02-02 15:00:20,428 - INFO - Epoch [20/500], Loss: 4.073028068869345, Accuracy: 13.233619315162098%
2024-02-02 15:00:21,180 - INFO - Epoch [21/500], Loss: 4.059341103319199, Accuracy: 13.405714574950016%
2024-02-02 15:00:21,191 - INFO - Test Accuracy: 10.532837670384138%, Balanced Test Accuracy: 11.845086877695573%
2024-02-02 15:00:21,879 - INFO - Epoch [22/500], Loss: 4.046266600489616, Accuracy: 13.605648773821274%
2024-02-02 15:00:22,651 - INFO - Epoch [23/500], Loss: 4.033751030602763, Accuracy: 13.800521347404652%
2024-02-02 15:00:23,346 - INFO - Epoch [24/500], Loss: 4.021747593918154, Accuracy: 14.000455546275909%
2024-02-02 15:00:24,023 - INFO - Epoch [25/500], Loss: 4.010215218028715, Accuracy: 14.164958368132007%
2024-02-02 15:00:24,827 - INFO - Epoch [26/500], Loss: 3.999117631585367, Accuracy: 14.306683876192645%
2024-02-02 15:00:25,551 - INFO - Epoch [27/500], Loss: 3.9884226153935156, Accuracy: 14.501556449776023%
2024-02-02 15:00:26,302 - INFO - Epoch [28/500], Loss: 3.978101527979297, Accuracy: 14.698959836003342%
2024-02-02 15:00:27,012 - INFO - Epoch [29/500], Loss: 3.968128594179307, Accuracy: 14.822969655556399%
2024-02-02 15:00:27,726 - INFO - Epoch [30/500], Loss: 3.958480764781275, Accuracy: 14.944448662465518%
2024-02-02 15:00:28,534 - INFO - Epoch [31/500], Loss: 3.949137120477615, Accuracy: 15.068458482018576%
2024-02-02 15:00:28,544 - INFO - Test Accuracy: 10.656753407682777%, Balanced Test Accuracy: 11.774306611263134%
2024-02-02 15:00:29,254 - INFO - Epoch [32/500], Loss: 3.940078780055046, Accuracy: 15.245615367094373%
2024-02-02 15:00:29,962 - INFO - Epoch [33/500], Loss: 3.931288571607682, Accuracy: 15.387340875155012%
2024-02-02 15:00:30,694 - INFO - Epoch [34/500], Loss: 3.922750816229851, Accuracy: 15.496165818844432%
2024-02-02 15:00:31,483 - INFO - Epoch [35/500], Loss: 3.9144512328409378, Accuracy: 15.60245994988991%
2024-02-02 15:00:32,204 - INFO - Epoch [36/500], Loss: 3.9063767242816185, Accuracy: 15.696100017715688%
2024-02-02 15:00:32,939 - INFO - Epoch [37/500], Loss: 3.8985151600453163, Accuracy: 15.820109837268747%
2024-02-02 15:00:33,642 - INFO - Epoch [38/500], Loss: 3.890855507023873, Accuracy: 15.984612659124846%
2024-02-02 15:00:34,419 - INFO - Epoch [39/500], Loss: 3.883387514179753, Accuracy: 16.133930605117303%
2024-02-02 15:00:35,169 - INFO - Epoch [40/500], Loss: 3.876101670726653, Accuracy: 16.209854984435502%
2024-02-02 15:00:35,863 - INFO - Epoch [41/500], Loss: 3.868989207571553, Accuracy: 16.33133399134462%
2024-02-02 15:00:35,875 - INFO - Test Accuracy: 11.028500619578686%, Balanced Test Accuracy: 12.171751758708282%
2024-02-02 15:00:36,645 - INFO - Epoch [42/500], Loss: 3.8620419752213264, Accuracy: 16.47052868676132%
2024-02-02 15:00:37,298 - INFO - Epoch [43/500], Loss: 3.8552523231314075, Accuracy: 16.607192569534078%
2024-02-02 15:00:37,996 - INFO - Epoch [44/500], Loss: 3.8486131819025164, Accuracy: 16.716017513223495%
2024-02-02 15:00:38,666 - INFO - Epoch [45/500], Loss: 3.8421179801225662, Accuracy: 16.842558145420494%
2024-02-02 15:00:39,457 - INFO - Epoch [46/500], Loss: 3.8357605030459743, Accuracy: 16.941259838534155%
2024-02-02 15:00:40,179 - INFO - Epoch [47/500], Loss: 3.8295349329710007, Accuracy: 17.05008478222357%
2024-02-02 15:00:40,915 - INFO - Epoch [48/500], Loss: 3.8234358896170892, Accuracy: 17.18168703970845%
2024-02-02 15:00:41,636 - INFO - Epoch [49/500], Loss: 3.817458221027928, Accuracy: 17.29810442132969%
2024-02-02 15:00:42,341 - INFO - Epoch [50/500], Loss: 3.8115971924797183, Accuracy: 17.41705261559487%
2024-02-02 15:00:43,060 - INFO - Epoch [51/500], Loss: 3.80584820672389, Accuracy: 17.498038620200948%
2024-02-02 15:00:43,070 - INFO - Test Accuracy: 11.152416356877323%, Balanced Test Accuracy: 12.365059256363605%
2024-02-02 15:00:43,766 - INFO - Epoch [52/500], Loss: 3.8002070448090954, Accuracy: 17.609394376534304%
2024-02-02 15:00:44,489 - INFO - Epoch [53/500], Loss: 3.7946696468899326, Accuracy: 17.677726317920683%
2024-02-02 15:00:45,223 - INFO - Epoch [54/500], Loss: 3.789232284792008, Accuracy: 17.796674512185863%
2024-02-02 15:00:45,938 - INFO - Epoch [55/500], Loss: 3.7838913389751987, Accuracy: 17.88019132943588%
2024-02-02 15:00:46,642 - INFO - Epoch [56/500], Loss: 3.778643348043965, Accuracy: 17.96876977197378%
2024-02-02 15:00:47,357 - INFO - Epoch [57/500], Loss: 3.7734851063259187, Accuracy: 18.03204008807228%
2024-02-02 15:00:48,219 - INFO - Epoch [58/500], Loss: 3.7684135884046555, Accuracy: 18.13327259382988%
2024-02-02 15:00:48,947 - INFO - Epoch [59/500], Loss: 3.763425877498042, Accuracy: 18.239566724875356%
2024-02-02 15:00:49,667 - INFO - Epoch [60/500], Loss: 3.758519195741223, Accuracy: 18.302837040973856%
2024-02-02 15:00:50,365 - INFO - Epoch [61/500], Loss: 3.753690921971875, Accuracy: 18.391415483511757%
2024-02-02 15:00:50,375 - INFO - Test Accuracy: 11.771995043370508%, Balanced Test Accuracy: 12.985502822459344%
2024-02-02 15:00:51,105 - INFO - Epoch [62/500], Loss: 3.748938558082427, Accuracy: 18.469870675473896%
2024-02-02 15:00:51,828 - INFO - Epoch [63/500], Loss: 3.74425969104613, Accuracy: 18.540733429504215%
2024-02-02 15:00:52,559 - INFO - Epoch [64/500], Loss: 3.739652058289897, Accuracy: 18.619188621466353%
2024-02-02 15:00:53,298 - INFO - Epoch [65/500], Loss: 3.735113534235185, Accuracy: 18.690051375496672%
2024-02-02 15:00:54,028 - INFO - Epoch [66/500], Loss: 3.7306420139728056, Accuracy: 18.76850656745881%
2024-02-02 15:00:54,719 - INFO - Epoch [67/500], Loss: 3.7262355377597194, Accuracy: 18.83936932148913%
2024-02-02 15:00:55,408 - INFO - Epoch [68/500], Loss: 3.7218921857495464, Accuracy: 18.92288613873915%
2024-02-02 15:00:56,133 - INFO - Epoch [69/500], Loss: 3.717610141442668, Accuracy: 18.991218080125527%
2024-02-02 15:00:56,914 - INFO - Epoch [70/500], Loss: 3.7133876522702556, Accuracy: 19.08232733530737%
2024-02-02 15:00:57,718 - INFO - Epoch [71/500], Loss: 3.7092231343830786, Accuracy: 19.143066838761925%
2024-02-02 15:00:57,730 - INFO - Test Accuracy: 12.391573729863692%, Balanced Test Accuracy: 13.606594693551216%
2024-02-02 15:00:58,634 - INFO - Epoch [72/500], Loss: 3.7051149678807103, Accuracy: 19.206337154860424%
2024-02-02 15:00:59,443 - INFO - Epoch [73/500], Loss: 3.7010615520900294, Accuracy: 19.272138283602864%
2024-02-02 15:01:00,215 - INFO - Epoch [74/500], Loss: 3.6970614915893925, Accuracy: 19.350593475565002%
2024-02-02 15:01:00,915 - INFO - Epoch [75/500], Loss: 3.693113363558246, Accuracy: 19.426517854883205%
2024-02-02 15:01:01,677 - INFO - Epoch [76/500], Loss: 3.689215833140958, Accuracy: 19.504973046845343%
2024-02-02 15:01:02,423 - INFO - Epoch [77/500], Loss: 3.6853675539455106, Accuracy: 19.583428238807482%
2024-02-02 15:01:03,101 - INFO - Epoch [78/500], Loss: 3.6815673213812614, Accuracy: 19.62645205375446%
2024-02-02 15:01:03,771 - INFO - Epoch [79/500], Loss: 3.6778138544290297, Accuracy: 19.67453749398932%
2024-02-02 15:01:04,572 - INFO - Epoch [80/500], Loss: 3.6741060907802274, Accuracy: 19.72768455951206%
2024-02-02 15:01:05,292 - INFO - Epoch [81/500], Loss: 3.6704428796806643, Accuracy: 19.7934856882545%
2024-02-02 15:01:05,302 - INFO - Test Accuracy: 12.88723667905824%, Balanced Test Accuracy: 14.142308979265502%
2024-02-02 15:01:06,015 - INFO - Epoch [82/500], Loss: 3.666823164109261, Accuracy: 19.85169437906512%
2024-02-02 15:01:06,784 - INFO - Epoch [83/500], Loss: 3.6632458226334665, Accuracy: 19.942803634246957%
2024-02-02 15:01:07,443 - INFO - Epoch [84/500], Loss: 3.659709938110844, Accuracy: 20.031382076784855%
2024-02-02 15:01:08,164 - INFO - Epoch [85/500], Loss: 3.65621450062721, Accuracy: 20.092121580239414%
2024-02-02 15:01:08,947 - INFO - Epoch [86/500], Loss: 3.6527586415890725, Accuracy: 20.155391896337914%
2024-02-02 15:01:09,701 - INFO - Epoch [87/500], Loss: 3.6493413856913968, Accuracy: 20.223723837724293%
2024-02-02 15:01:10,473 - INFO - Epoch [88/500], Loss: 3.6459619239453347, Accuracy: 20.286994153822793%
2024-02-02 15:01:11,223 - INFO - Epoch [89/500], Loss: 3.6426193690107715, Accuracy: 20.36038772049705%
2024-02-02 15:01:11,948 - INFO - Epoch [90/500], Loss: 3.6393129344909423, Accuracy: 20.43884291245919%
2024-02-02 15:01:12,680 - INFO - Epoch [91/500], Loss: 3.636041821010651, Accuracy: 20.49705160326981%
2024-02-02 15:01:12,691 - INFO - Test Accuracy: 13.258983890954152%, Balanced Test Accuracy: 14.678023264979787%
2024-02-02 15:01:13,433 - INFO - Epoch [92/500], Loss: 3.6328053104300655, Accuracy: 20.56285273201225%
2024-02-02 15:01:14,157 - INFO - Epoch [93/500], Loss: 3.629602619717198, Accuracy: 20.63371548604257%
2024-02-02 15:01:14,901 - INFO - Epoch [94/500], Loss: 3.6264330417879167, Accuracy: 20.694454989497128%
2024-02-02 15:01:15,635 - INFO - Epoch [95/500], Loss: 3.6232958931115364, Accuracy: 20.752663680307748%
2024-02-02 15:01:16,431 - INFO - Epoch [96/500], Loss: 3.620190540148366, Accuracy: 20.805810745830485%
2024-02-02 15:01:17,229 - INFO - Epoch [97/500], Loss: 3.617116304655229, Accuracy: 20.848834560777465%
2024-02-02 15:01:17,990 - INFO - Epoch [98/500], Loss: 3.614072516079872, Accuracy: 20.927289752739604%
2024-02-02 15:01:18,741 - INFO - Epoch [99/500], Loss: 3.6110586461520966, Accuracy: 20.980436818262344%
2024-02-02 15:01:19,521 - INFO - Epoch [100/500], Loss: 3.608074049315145, Accuracy: 21.015868195277502%
2024-02-02 15:01:20,232 - INFO - Epoch [101/500], Loss: 3.6051181795135623, Accuracy: 21.046237947004784%
2024-02-02 15:01:20,243 - INFO - Test Accuracy: 13.382899628252789%, Balanced Test Accuracy: 14.749410211366735%
2024-02-02 15:01:21,081 - INFO - Epoch [102/500], Loss: 3.6021904743486837, Accuracy: 21.094323387239644%
2024-02-02 15:01:21,780 - INFO - Epoch [103/500], Loss: 3.599290428142394, Accuracy: 21.162655328626023%
2024-02-02 15:01:22,459 - INFO - Epoch [104/500], Loss: 3.596417455423263, Accuracy: 21.228456457368463%
2024-02-02 15:01:23,201 - INFO - Epoch [105/500], Loss: 3.5935710577234143, Accuracy: 21.28919596082302%
2024-02-02 15:01:23,955 - INFO - Epoch [106/500], Loss: 3.590750795698935, Accuracy: 21.3701819654291%
2024-02-02 15:01:24,769 - INFO - Epoch [107/500], Loss: 3.5879561103159383, Accuracy: 21.413205780376078%
2024-02-02 15:01:25,457 - INFO - Epoch [108/500], Loss: 3.5851865809771324, Accuracy: 21.484068534406397%
2024-02-02 15:01:26,183 - INFO - Epoch [109/500], Loss: 3.582441700562354, Accuracy: 21.51443828613368%
2024-02-02 15:01:26,948 - INFO - Epoch [110/500], Loss: 3.579721087409604, Accuracy: 21.557462101080656%
2024-02-02 15:01:27,722 - INFO - Epoch [111/500], Loss: 3.5770243444750385, Accuracy: 21.620732417179156%
2024-02-02 15:01:27,732 - INFO - Test Accuracy: 13.506815365551425%, Balanced Test Accuracy: 14.93459539655192%
2024-02-02 15:01:28,531 - INFO - Epoch [112/500], Loss: 3.5743509454111897, Accuracy: 21.676410295345836%
2024-02-02 15:01:29,381 - INFO - Epoch [113/500], Loss: 3.571700565276607, Accuracy: 21.739680611444335%
2024-02-02 15:01:30,239 - INFO - Epoch [114/500], Loss: 3.569072758478503, Accuracy: 21.764988737883733%
2024-02-02 15:01:30,969 - INFO - Epoch [115/500], Loss: 3.566467198152696, Accuracy: 21.785235239035256%
2024-02-02 15:01:31,760 - INFO - Epoch [116/500], Loss: 3.5638834089040756, Accuracy: 21.830789866626173%
2024-02-02 15:01:32,509 - INFO - Epoch [117/500], Loss: 3.5613210879025923, Accuracy: 21.888998557436793%
2024-02-02 15:01:33,289 - INFO - Epoch [118/500], Loss: 3.5587798823272028, Accuracy: 21.944676435603473%
2024-02-02 15:01:34,041 - INFO - Epoch [119/500], Loss: 3.556259455219392, Accuracy: 21.987700250550454%
2024-02-02 15:01:34,786 - INFO - Epoch [120/500], Loss: 3.5537594076125854, Accuracy: 22.03325487814137%
2024-02-02 15:01:35,538 - INFO - Epoch [121/500], Loss: 3.551279479938169, Accuracy: 22.11171007010351%
2024-02-02 15:01:35,548 - INFO - Test Accuracy: 13.754646840148698%, Balanced Test Accuracy: 15.152127864084388%
2024-02-02 15:01:36,288 - INFO - Epoch [122/500], Loss: 3.5488192592897723, Accuracy: 22.15726469769443%
2024-02-02 15:01:37,009 - INFO - Epoch [123/500], Loss: 3.5463785183045173, Accuracy: 22.187634449421708%
2024-02-02 15:01:37,738 - INFO - Epoch [124/500], Loss: 3.5439568378271593, Accuracy: 22.23318907701263%
2024-02-02 15:01:38,576 - INFO - Epoch [125/500], Loss: 3.5415540765370093, Accuracy: 22.26608964138385%
2024-02-02 15:01:39,376 - INFO - Epoch [126/500], Loss: 3.5391698013390265, Accuracy: 22.326829144838406%
2024-02-02 15:01:40,213 - INFO - Epoch [127/500], Loss: 3.536803800252176, Accuracy: 22.374914585073267%
2024-02-02 15:01:40,949 - INFO - Epoch [128/500], Loss: 3.534455788231665, Accuracy: 22.420469212664187%
2024-02-02 15:01:41,705 - INFO - Epoch [129/500], Loss: 3.532125427357612, Accuracy: 22.476147090830867%
2024-02-02 15:01:42,410 - INFO - Epoch [130/500], Loss: 3.5298125469876873, Accuracy: 22.511578467846025%
2024-02-02 15:01:43,129 - INFO - Epoch [131/500], Loss: 3.5275167702667174, Accuracy: 22.549540657505126%
2024-02-02 15:01:43,139 - INFO - Test Accuracy: 14.002478314745973%, Balanced Test Accuracy: 15.363666325622846%
2024-02-02 15:01:43,856 - INFO - Epoch [132/500], Loss: 3.525237961161521, Accuracy: 22.597626097739983%
2024-02-02 15:01:44,591 - INFO - Epoch [133/500], Loss: 3.522975788481774, Accuracy: 22.645711537974844%
2024-02-02 15:01:45,330 - INFO - Epoch [134/500], Loss: 3.5207300114054836, Accuracy: 22.676081289702122%
2024-02-02 15:01:46,150 - INFO - Epoch [135/500], Loss: 3.5185004785176246, Accuracy: 22.721635917293042%
2024-02-02 15:01:46,838 - INFO - Epoch [136/500], Loss: 3.5162868586278733, Accuracy: 22.767190544883963%
2024-02-02 15:01:47,601 - INFO - Epoch [137/500], Loss: 3.5140889186051583, Accuracy: 22.81527598511882%
2024-02-02 15:01:48,300 - INFO - Epoch [138/500], Loss: 3.511906511360599, Accuracy: 22.87348467592944%
2024-02-02 15:01:49,022 - INFO - Epoch [139/500], Loss: 3.509739358098276, Accuracy: 22.92410092880824%
2024-02-02 15:01:49,732 - INFO - Epoch [140/500], Loss: 3.5075872915406383, Accuracy: 22.94940905524764%
2024-02-02 15:01:50,434 - INFO - Epoch [141/500], Loss: 3.505450091535045, Accuracy: 22.99243287019462%
2024-02-02 15:01:50,443 - INFO - Test Accuracy: 14.12639405204461%, Balanced Test Accuracy: 15.515181477137999%
2024-02-02 15:01:51,162 - INFO - Epoch [142/500], Loss: 3.503327476401483, Accuracy: 23.03292587249766%
2024-02-02 15:01:51,898 - INFO - Epoch [143/500], Loss: 3.5012193692307316, Accuracy: 23.081011312732517%
2024-02-02 15:01:52,641 - INFO - Epoch [144/500], Loss: 3.499125469596155, Accuracy: 23.12150431503556%
2024-02-02 15:01:53,352 - INFO - Epoch [145/500], Loss: 3.49704565396232, Accuracy: 23.146812441474957%
2024-02-02 15:01:54,072 - INFO - Epoch [146/500], Loss: 3.4949797093868256, Accuracy: 23.179713005846178%
2024-02-02 15:01:54,750 - INFO - Epoch [147/500], Loss: 3.492927440712529, Accuracy: 23.222736820793155%
2024-02-02 15:01:55,453 - INFO - Epoch [148/500], Loss: 3.490888650859556, Accuracy: 23.248044947232557%
2024-02-02 15:01:56,193 - INFO - Epoch [149/500], Loss: 3.488863230712952, Accuracy: 23.278414698959836%
2024-02-02 15:01:56,933 - INFO - Epoch [150/500], Loss: 3.486850929837073, Accuracy: 23.323969326550756%
2024-02-02 15:01:57,630 - INFO - Epoch [151/500], Loss: 3.4848516073919114, Accuracy: 23.364462328853794%
2024-02-02 15:01:57,640 - INFO - Test Accuracy: 14.49814126394052%, Balanced Test Accuracy: 15.881481843438364%
2024-02-02 15:01:58,401 - INFO - Epoch [152/500], Loss: 3.4828651316704287, Accuracy: 23.410016956444714%
2024-02-02 15:01:59,251 - INFO - Epoch [153/500], Loss: 3.480891264254047, Accuracy: 23.437855895528052%
2024-02-02 15:02:00,010 - INFO - Epoch [154/500], Loss: 3.4789299128517026, Accuracy: 23.478348897831093%
2024-02-02 15:02:00,743 - INFO - Epoch [155/500], Loss: 3.4769808861517135, Accuracy: 23.534026775997773%
2024-02-02 15:02:01,439 - INFO - Epoch [156/500], Loss: 3.4750439942844453, Accuracy: 23.57958140358869%
2024-02-02 15:02:02,191 - INFO - Epoch [157/500], Loss: 3.4731191564952173, Accuracy: 23.599827904740213%
2024-02-02 15:02:02,939 - INFO - Epoch [158/500], Loss: 3.4712062107939876, Accuracy: 23.63525928175537%
2024-02-02 15:02:03,662 - INFO - Epoch [159/500], Loss: 3.469304996152078, Accuracy: 23.670690658770532%
2024-02-02 15:02:04,433 - INFO - Epoch [160/500], Loss: 3.4674153505794463, Accuracy: 23.70865284842963%
2024-02-02 15:02:05,250 - INFO - Epoch [161/500], Loss: 3.465537128429259, Accuracy: 23.73902260015691%
2024-02-02 15:02:05,261 - INFO - Test Accuracy: 14.622057001239158%, Balanced Test Accuracy: 15.972751684708205%
2024-02-02 15:02:06,027 - INFO - Epoch [162/500], Loss: 3.4636702494275187, Accuracy: 23.77698478981601%
2024-02-02 15:02:06,745 - INFO - Epoch [163/500], Loss: 3.461814526588686, Accuracy: 23.81241616683117%
2024-02-02 15:02:07,466 - INFO - Epoch [164/500], Loss: 3.459969873870573, Accuracy: 23.842785918558448%
2024-02-02 15:02:08,187 - INFO - Epoch [165/500], Loss: 3.458136085060335, Accuracy: 23.88834054614937%
2024-02-02 15:02:08,926 - INFO - Epoch [166/500], Loss: 3.456313085652167, Accuracy: 23.916179485232707%
2024-02-02 15:02:09,648 - INFO - Epoch [167/500], Loss: 3.454500778548179, Accuracy: 23.94401842431605%
2024-02-02 15:02:10,350 - INFO - Epoch [168/500], Loss: 3.4526989753207853, Accuracy: 23.989573051906966%
2024-02-02 15:02:11,054 - INFO - Epoch [169/500], Loss: 3.4509075418595345, Accuracy: 24.025004428922127%
2024-02-02 15:02:11,815 - INFO - Epoch [170/500], Loss: 3.4491264171177343, Accuracy: 24.057904993293345%
2024-02-02 15:02:12,567 - INFO - Epoch [171/500], Loss: 3.447355467465616, Accuracy: 24.090805557664567%
2024-02-02 15:02:12,578 - INFO - Test Accuracy: 14.745972738537795%, Balanced Test Accuracy: 16.14725310920963%
2024-02-02 15:02:13,481 - INFO - Epoch [172/500], Loss: 3.445594541488155, Accuracy: 24.108521246172145%
2024-02-02 15:02:14,221 - INFO - Epoch [173/500], Loss: 3.443843606018251, Accuracy: 24.136360185255487%
2024-02-02 15:02:14,997 - INFO - Epoch [174/500], Loss: 3.4421024774351427, Accuracy: 24.151545061119126%
2024-02-02 15:02:15,715 - INFO - Epoch [175/500], Loss: 3.4403710884432637, Accuracy: 24.171791562270645%
2024-02-02 15:02:16,490 - INFO - Epoch [176/500], Loss: 3.4386492953185113, Accuracy: 24.207222939285806%
2024-02-02 15:02:17,191 - INFO - Epoch [177/500], Loss: 3.4369370000016306, Accuracy: 24.250246754232784%
2024-02-02 15:02:17,921 - INFO - Epoch [178/500], Loss: 3.435234141445929, Accuracy: 24.278085693316125%
2024-02-02 15:02:18,691 - INFO - Epoch [179/500], Loss: 3.433540552854538, Accuracy: 24.305924632399464%
2024-02-02 15:02:19,492 - INFO - Epoch [180/500], Loss: 3.4318561433784422, Accuracy: 24.366664135854023%
2024-02-02 15:02:20,217 - INFO - Epoch [181/500], Loss: 3.430180851009584, Accuracy: 24.39450307493736%
2024-02-02 15:02:20,228 - INFO - Test Accuracy: 15.117719950433704%, Balanced Test Accuracy: 16.477940939897458%
2024-02-02 15:02:20,969 - INFO - Epoch [182/500], Loss: 3.4285145901864573, Accuracy: 24.429934451952523%
2024-02-02 15:02:21,761 - INFO - Epoch [183/500], Loss: 3.4268571835371757, Accuracy: 24.45018095310404%
2024-02-02 15:02:22,482 - INFO - Epoch [184/500], Loss: 3.425208646924265, Accuracy: 24.488143142763143%
2024-02-02 15:02:23,188 - INFO - Epoch [185/500], Loss: 3.4235687799030736, Accuracy: 24.52610533242224%
2024-02-02 15:02:23,919 - INFO - Epoch [186/500], Loss: 3.421937562284931, Accuracy: 24.556475084149522%
2024-02-02 15:02:24,703 - INFO - Epoch [187/500], Loss: 3.4203148541911954, Accuracy: 24.57925239794498%
2024-02-02 15:02:25,453 - INFO - Epoch [188/500], Loss: 3.4187006248581793, Accuracy: 24.6248070255359%
2024-02-02 15:02:26,222 - INFO - Epoch [189/500], Loss: 3.41709474354021, Accuracy: 24.65770758990712%
2024-02-02 15:02:26,949 - INFO - Epoch [190/500], Loss: 3.4154971539974213, Accuracy: 24.688077341634397%
2024-02-02 15:02:27,659 - INFO - Epoch [191/500], Loss: 3.4139077600932892, Accuracy: 24.70832384278592%
2024-02-02 15:02:27,670 - INFO - Test Accuracy: 15.241635687732343%, Balanced Test Accuracy: 16.5675272794838%
2024-02-02 15:02:28,386 - INFO - Epoch [192/500], Loss: 3.412326431082141, Accuracy: 24.753878470376836%
2024-02-02 15:02:29,094 - INFO - Epoch [193/500], Loss: 3.410753138603703, Accuracy: 24.77159415888442%
2024-02-02 15:02:29,833 - INFO - Epoch [194/500], Loss: 3.409187849971556, Accuracy: 24.789309847391998%
2024-02-02 15:02:30,542 - INFO - Epoch [195/500], Loss: 3.4076303998308797, Accuracy: 24.814617973831396%
2024-02-02 15:02:31,228 - INFO - Epoch [196/500], Loss: 3.4060807055042637, Accuracy: 24.82980284969504%
2024-02-02 15:02:31,974 - INFO - Epoch [197/500], Loss: 3.404538720846176, Accuracy: 24.867765039354136%
2024-02-02 15:02:32,703 - INFO - Epoch [198/500], Loss: 3.4030043636598895, Accuracy: 24.905727229013237%
2024-02-02 15:02:33,471 - INFO - Epoch [199/500], Loss: 3.401477642117008, Accuracy: 24.946220231316275%
2024-02-02 15:02:34,273 - INFO - Epoch [200/500], Loss: 3.3999583129921267, Accuracy: 24.981651608331436%
2024-02-02 15:02:35,010 - INFO - Epoch [201/500], Loss: 3.398446443580812, Accuracy: 25.001898109482955%
2024-02-02 15:02:35,019 - INFO - Test Accuracy: 15.613382899628252%, Balanced Test Accuracy: 16.953668915625435%
2024-02-02 15:02:35,794 - INFO - Epoch [202/500], Loss: 3.396941923326062, Accuracy: 25.032267861210233%
2024-02-02 15:02:36,662 - INFO - Epoch [203/500], Loss: 3.3954446743572912, Accuracy: 25.065168425581454%
2024-02-02 15:02:37,414 - INFO - Epoch [204/500], Loss: 3.3939546188039165, Accuracy: 25.087945739376913%
2024-02-02 15:02:38,222 - INFO - Epoch [205/500], Loss: 3.392471680237401, Accuracy: 25.100599802596612%
2024-02-02 15:02:39,001 - INFO - Epoch [206/500], Loss: 3.3909958120315307, Accuracy: 25.136031179611773%
2024-02-02 15:02:39,710 - INFO - Epoch [207/500], Loss: 3.389526992074905, Accuracy: 25.161339306051172%
2024-02-02 15:02:40,403 - INFO - Epoch [208/500], Loss: 3.3880650453990504, Accuracy: 25.186647432490574%
2024-02-02 15:02:41,123 - INFO - Epoch [209/500], Loss: 3.386609990269907, Accuracy: 25.206893933642093%
2024-02-02 15:02:41,878 - INFO - Epoch [210/500], Loss: 3.385161744010064, Accuracy: 25.22967124743755%
2024-02-02 15:02:42,579 - INFO - Epoch [211/500], Loss: 3.383720215770506, Accuracy: 25.23726368536937%
2024-02-02 15:02:42,590 - INFO - Test Accuracy: 15.737298636926889%, Balanced Test Accuracy: 17.081874043830563%
2024-02-02 15:02:43,318 - INFO - Epoch [212/500], Loss: 3.3822854170876164, Accuracy: 25.244856123301194%
2024-02-02 15:02:44,014 - INFO - Epoch [213/500], Loss: 3.380857219138453, Accuracy: 25.28281831296029%
2024-02-02 15:02:44,764 - INFO - Epoch [214/500], Loss: 3.3794355613570057, Accuracy: 25.313188064687573%
2024-02-02 15:02:45,499 - INFO - Epoch [215/500], Loss: 3.3780203932716, Accuracy: 25.33343456583909%
2024-02-02 15:02:46,248 - INFO - Epoch [216/500], Loss: 3.376611696135613, Accuracy: 25.36380431756637%
2024-02-02 15:02:46,979 - INFO - Epoch [217/500], Loss: 3.375209395923922, Accuracy: 25.39670488193759%
2024-02-02 15:02:47,661 - INFO - Epoch [218/500], Loss: 3.3738134248602774, Accuracy: 25.42454382102093%
2024-02-02 15:02:48,347 - INFO - Epoch [219/500], Loss: 3.372423670464946, Accuracy: 25.444790322172448%
2024-02-02 15:02:49,039 - INFO - Epoch [220/500], Loss: 3.371040163982299, Accuracy: 25.47516007389973%
2024-02-02 15:02:49,821 - INFO - Epoch [221/500], Loss: 3.369662850614517, Accuracy: 25.49540657505125%
2024-02-02 15:02:49,831 - INFO - Test Accuracy: 15.737298636926889%, Balanced Test Accuracy: 17.074659036615554%
2024-02-02 15:02:50,601 - INFO - Epoch [222/500], Loss: 3.3682916000966103, Accuracy: 25.53083795206641%
2024-02-02 15:02:51,314 - INFO - Epoch [223/500], Loss: 3.366926432617249, Accuracy: 25.573861767013387%
2024-02-02 15:02:52,136 - INFO - Epoch [224/500], Loss: 3.3655672308898743, Accuracy: 25.59410826816491%
2024-02-02 15:02:52,966 - INFO - Epoch [225/500], Loss: 3.3642140083735987, Accuracy: 25.60929314402855%
2024-02-02 15:02:53,703 - INFO - Epoch [226/500], Loss: 3.3628666564341514, Accuracy: 25.627008832536127%
2024-02-02 15:02:54,499 - INFO - Epoch [227/500], Loss: 3.361525154402179, Accuracy: 25.670032647483108%
2024-02-02 15:02:55,327 - INFO - Epoch [228/500], Loss: 3.3601894897799336, Accuracy: 25.680155898058867%
2024-02-02 15:02:56,047 - INFO - Epoch [229/500], Loss: 3.3588595755638613, Accuracy: 25.710525649786145%
2024-02-02 15:02:56,743 - INFO - Epoch [230/500], Loss: 3.357535337248156, Accuracy: 25.740895401513427%
2024-02-02 15:02:57,474 - INFO - Epoch [231/500], Loss: 3.3562167209963643, Accuracy: 25.766203527952825%
2024-02-02 15:02:57,484 - INFO - Test Accuracy: 15.737298636926889%, Balanced Test Accuracy: 17.074659036615554%
2024-02-02 15:02:58,205 - INFO - Epoch [232/500], Loss: 3.3549037369028216, Accuracy: 25.794042467036164%
2024-02-02 15:02:58,915 - INFO - Epoch [233/500], Loss: 3.3535962965219253, Accuracy: 25.824412218763445%
2024-02-02 15:02:59,669 - INFO - Epoch [234/500], Loss: 3.3522943849525144, Accuracy: 25.847189532558904%
2024-02-02 15:03:00,393 - INFO - Epoch [235/500], Loss: 3.3509979493195012, Accuracy: 25.875028471642246%
2024-02-02 15:03:01,141 - INFO - Epoch [236/500], Loss: 3.3497068930056786, Accuracy: 25.905398223369524%
2024-02-02 15:03:01,848 - INFO - Epoch [237/500], Loss: 3.3484212602338483, Accuracy: 25.928175537164982%
2024-02-02 15:03:02,582 - INFO - Epoch [238/500], Loss: 3.3471409192969723, Accuracy: 25.938298787740745%
2024-02-02 15:03:03,351 - INFO - Epoch [239/500], Loss: 3.3458658610620806, Accuracy: 25.963606914180144%
2024-02-02 15:03:04,118 - INFO - Epoch [240/500], Loss: 3.3445960706280125, Accuracy: 25.966137726824083%
2024-02-02 15:03:04,913 - INFO - Epoch [241/500], Loss: 3.343331523479954, Accuracy: 25.991445853263482%
2024-02-02 15:03:04,924 - INFO - Test Accuracy: 15.985130111524164%, Balanced Test Accuracy: 17.411359373315893%
2024-02-02 15:03:05,630 - INFO - Epoch [242/500], Loss: 3.342072078777898, Accuracy: 26.011692354415004%
2024-02-02 15:03:06,322 - INFO - Epoch [243/500], Loss: 3.340817775457136, Accuracy: 26.044592918786222%
2024-02-02 15:03:07,010 - INFO - Epoch [244/500], Loss: 3.339568559200533, Accuracy: 26.074962670513504%
2024-02-02 15:03:07,756 - INFO - Epoch [245/500], Loss: 3.338324358386378, Accuracy: 26.095209171665022%
2024-02-02 15:03:08,480 - INFO - Epoch [246/500], Loss: 3.3370851696498933, Accuracy: 26.13317136132412%
2024-02-02 15:03:09,183 - INFO - Epoch [247/500], Loss: 3.3358509381932597, Accuracy: 26.16607192569534%
2024-02-02 15:03:09,885 - INFO - Epoch [248/500], Loss: 3.334621605373198, Accuracy: 26.19391086477868%
2024-02-02 15:03:10,565 - INFO - Epoch [249/500], Loss: 3.333397200030665, Accuracy: 26.21668817857414%
2024-02-02 15:03:11,334 - INFO - Epoch [250/500], Loss: 3.3321776308359636, Accuracy: 26.2521195555893%
2024-02-02 15:03:12,094 - INFO - Epoch [251/500], Loss: 3.330962845875371, Accuracy: 26.274896869384758%
2024-02-02 15:03:12,102 - INFO - Test Accuracy: 15.861214374225527%, Balanced Test Accuracy: 17.300248262204786%
2024-02-02 15:03:12,818 - INFO - Epoch [252/500], Loss: 3.329752858608, Accuracy: 26.29514337053628%
2024-02-02 15:03:13,493 - INFO - Epoch [253/500], Loss: 3.328547577704153, Accuracy: 26.31792068433174%
2024-02-02 15:03:14,203 - INFO - Epoch [254/500], Loss: 3.3273469873013033, Accuracy: 26.338167185483258%
2024-02-02 15:03:14,961 - INFO - Epoch [255/500], Loss: 3.3261511172017744, Accuracy: 26.36853693721054%
2024-02-02 15:03:15,765 - INFO - Epoch [256/500], Loss: 3.324959797724601, Accuracy: 26.393845063649938%
2024-02-02 15:03:16,562 - INFO - Epoch [257/500], Loss: 3.3237730932812535, Accuracy: 26.4292764406651%
2024-02-02 15:03:17,348 - INFO - Epoch [258/500], Loss: 3.3225909572455192, Accuracy: 26.464707817680257%
2024-02-02 15:03:18,204 - INFO - Epoch [259/500], Loss: 3.3214133497207396, Accuracy: 26.482423506187835%
2024-02-02 15:03:18,969 - INFO - Epoch [260/500], Loss: 3.320240223119336, Accuracy: 26.505200819983298%
2024-02-02 15:03:19,709 - INFO - Epoch [261/500], Loss: 3.3190715346605546, Accuracy: 26.533039759066636%
2024-02-02 15:03:19,717 - INFO - Test Accuracy: 15.861214374225527%, Balanced Test Accuracy: 17.300248262204786%
2024-02-02 15:03:20,502 - INFO - Epoch [262/500], Loss: 3.317907305013749, Accuracy: 26.548224634930275%
2024-02-02 15:03:21,348 - INFO - Epoch [263/500], Loss: 3.3167474385230773, Accuracy: 26.568471136081797%
2024-02-02 15:03:22,123 - INFO - Epoch [264/500], Loss: 3.315591932304444, Accuracy: 26.606433325740895%
2024-02-02 15:03:22,892 - INFO - Epoch [265/500], Loss: 3.3144407459805088, Accuracy: 26.619087388960594%
2024-02-02 15:03:23,766 - INFO - Epoch [266/500], Loss: 3.3132938348477885, Accuracy: 26.641864702756056%
2024-02-02 15:03:24,642 - INFO - Epoch [267/500], Loss: 3.3121511998676483, Accuracy: 26.657049578619695%
2024-02-02 15:03:25,391 - INFO - Epoch [268/500], Loss: 3.311012829984388, Accuracy: 26.667172829195454%
2024-02-02 15:03:26,133 - INFO - Epoch [269/500], Loss: 3.3098786059887177, Accuracy: 26.689950142990913%
2024-02-02 15:03:26,931 - INFO - Epoch [270/500], Loss: 3.308748602386444, Accuracy: 26.715258269430315%
2024-02-02 15:03:27,702 - INFO - Epoch [271/500], Loss: 3.3076226711273193, Accuracy: 26.732973957937894%
2024-02-02 15:03:27,712 - INFO - Test Accuracy: 15.861214374225527%, Balanced Test Accuracy: 17.300248262204786%
2024-02-02 15:03:28,498 - INFO - Epoch [272/500], Loss: 3.306500932381999, Accuracy: 26.758282084377292%
2024-02-02 15:03:29,289 - INFO - Epoch [273/500], Loss: 3.3053832049331358, Accuracy: 26.773466960240935%
2024-02-02 15:03:30,096 - INFO - Epoch [274/500], Loss: 3.3042696002990968, Accuracy: 26.791182648748514%
2024-02-02 15:03:30,910 - INFO - Epoch [275/500], Loss: 3.3031599468761876, Accuracy: 26.816490775187912%
2024-02-02 15:03:31,697 - INFO - Epoch [276/500], Loss: 3.302054332629327, Accuracy: 26.854452964847013%
2024-02-02 15:03:32,489 - INFO - Epoch [277/500], Loss: 3.3009526662288176, Accuracy: 26.89494596715005%
2024-02-02 15:03:33,259 - INFO - Epoch [278/500], Loss: 3.299854976996299, Accuracy: 26.907600030369753%
2024-02-02 15:03:34,026 - INFO - Epoch [279/500], Loss: 3.2987611558168166, Accuracy: 26.920254093589453%
2024-02-02 15:03:34,823 - INFO - Epoch [280/500], Loss: 3.2976712584495544, Accuracy: 26.94556222002885%
2024-02-02 15:03:35,619 - INFO - Epoch [281/500], Loss: 3.296585198371641, Accuracy: 26.980993597044012%
2024-02-02 15:03:35,630 - INFO - Test Accuracy: 15.737298636926889%, Balanced Test Accuracy: 17.161359373315893%
2024-02-02 15:03:36,395 - INFO - Epoch [282/500], Loss: 3.295502973660346, Accuracy: 27.00124009819553%
2024-02-02 15:03:38,606 - INFO - Epoch [283/500], Loss: 3.294424560762221, Accuracy: 27.02401741199099%
2024-02-02 15:03:39,492 - INFO - Epoch [284/500], Loss: 3.293349892381699, Accuracy: 27.04679472578645%
2024-02-02 15:03:40,185 - INFO - Epoch [285/500], Loss: 3.2922789920722284, Accuracy: 27.06704122693797%
2024-02-02 15:03:40,921 - INFO - Epoch [286/500], Loss: 3.291211840606505, Accuracy: 27.08475691544555%
2024-02-02 15:03:41,708 - INFO - Epoch [287/500], Loss: 3.2901483639594047, Accuracy: 27.11259585452889%
2024-02-02 15:03:42,500 - INFO - Epoch [288/500], Loss: 3.289088607795777, Accuracy: 27.13284235568041%
2024-02-02 15:03:43,298 - INFO - Epoch [289/500], Loss: 3.2880324480995053, Accuracy: 27.15561966947587%
2024-02-02 15:03:44,059 - INFO - Epoch [290/500], Loss: 3.286979941110457, Accuracy: 27.168273732695567%
2024-02-02 15:03:44,803 - INFO - Epoch [291/500], Loss: 3.285931052219483, Accuracy: 27.19105104649103%
2024-02-02 15:03:44,815 - INFO - Test Accuracy: 15.985130111524164%, Balanced Test Accuracy: 17.40861212056864%
2024-02-02 15:03:45,548 - INFO - Epoch [292/500], Loss: 3.284885753066309, Accuracy: 27.223951610862247%
2024-02-02 15:03:46,302 - INFO - Epoch [293/500], Loss: 3.2838439845269725, Accuracy: 27.239136486725886%
2024-02-02 15:03:47,048 - INFO - Epoch [294/500], Loss: 3.282805757657174, Accuracy: 27.26697542580923%
2024-02-02 15:03:47,774 - INFO - Epoch [295/500], Loss: 3.2817710368863997, Accuracy: 27.287221926960747%
2024-02-02 15:03:48,460 - INFO - Epoch [296/500], Loss: 3.2807398260601106, Accuracy: 27.309999240756206%
2024-02-02 15:03:49,150 - INFO - Epoch [297/500], Loss: 3.279712020870178, Accuracy: 27.325184116619848%
2024-02-02 15:03:49,933 - INFO - Epoch [298/500], Loss: 3.278687739083844, Accuracy: 27.347961430415307%
2024-02-02 15:03:50,655 - INFO - Epoch [299/500], Loss: 3.277666810539461, Accuracy: 27.368207931566825%
2024-02-02 15:03:51,448 - INFO - Epoch [300/500], Loss: 3.276649317433757, Accuracy: 27.380861994786525%
2024-02-02 15:03:52,219 - INFO - Epoch [301/500], Loss: 3.2756351583426997, Accuracy: 27.406170121225927%
2024-02-02 15:03:52,230 - INFO - Test Accuracy: 16.232961586121437%, Balanced Test Accuracy: 17.573668481277178%
2024-02-02 15:03:53,050 - INFO - Epoch [302/500], Loss: 3.2746243553776897, Accuracy: 27.434009060309265%
2024-02-02 15:03:53,837 - INFO - Epoch [303/500], Loss: 3.273616943628557, Accuracy: 27.446663123528964%
2024-02-02 15:03:54,701 - INFO - Epoch [304/500], Loss: 3.272612793310996, Accuracy: 27.454255561460783%
2024-02-02 15:03:55,575 - INFO - Epoch [305/500], Loss: 3.271611911635245, Accuracy: 27.461847999392607%
2024-02-02 15:03:56,404 - INFO - Epoch [306/500], Loss: 3.2706143365752314, Accuracy: 27.494748563763824%
2024-02-02 15:03:57,243 - INFO - Epoch [307/500], Loss: 3.2696200104490405, Accuracy: 27.517525877559283%
2024-02-02 15:03:58,072 - INFO - Epoch [308/500], Loss: 3.268628882784997, Accuracy: 27.547895629286565%
2024-02-02 15:03:58,851 - INFO - Epoch [309/500], Loss: 3.267640988192251, Accuracy: 27.565611317794144%
2024-02-02 15:03:59,728 - INFO - Epoch [310/500], Loss: 3.2666562670661556, Accuracy: 27.585857818945662%
2024-02-02 15:04:00,638 - INFO - Epoch [311/500], Loss: 3.265674719887395, Accuracy: 27.606104320097185%
2024-02-02 15:04:00,648 - INFO - Test Accuracy: 16.1090458488228%, Balanced Test Accuracy: 17.422153329762022%
2024-02-02 15:04:01,459 - INFO - Epoch [312/500], Loss: 3.2646963192570593, Accuracy: 27.626350821248703%
2024-02-02 15:04:02,186 - INFO - Epoch [313/500], Loss: 3.2637210377762393, Accuracy: 27.641535697112342%
2024-02-02 15:04:02,927 - INFO - Epoch [314/500], Loss: 3.2627488754449354, Accuracy: 27.6516589476881%
2024-02-02 15:04:03,631 - INFO - Epoch [315/500], Loss: 3.2617797894823934, Accuracy: 27.676967074127504%
2024-02-02 15:04:04,314 - INFO - Epoch [316/500], Loss: 3.2608137664295014, Accuracy: 27.697213575279022%
2024-02-02 15:04:05,076 - INFO - Epoch [317/500], Loss: 3.2598508067669405, Accuracy: 27.71239845114266%
2024-02-02 15:04:05,826 - INFO - Epoch [318/500], Loss: 3.258890888863994, Accuracy: 27.73264495229418%
2024-02-02 15:04:06,549 - INFO - Epoch [319/500], Loss: 3.2579339766694653, Accuracy: 27.73517576493812%
2024-02-02 15:04:07,273 - INFO - Epoch [320/500], Loss: 3.2569800519174144, Accuracy: 27.755422266089642%
2024-02-02 15:04:07,963 - INFO - Epoch [321/500], Loss: 3.2560291136464765, Accuracy: 27.78073039252904%
2024-02-02 15:04:07,973 - INFO - Test Accuracy: 16.1090458488228%, Balanced Test Accuracy: 17.422153329762022%
2024-02-02 15:04:08,644 - INFO - Epoch [322/500], Loss: 3.2550811339770593, Accuracy: 27.79844608103662%
2024-02-02 15:04:09,422 - INFO - Epoch [323/500], Loss: 3.2541360907977626, Accuracy: 27.806038518968442%
2024-02-02 15:04:10,147 - INFO - Epoch [324/500], Loss: 3.2531939567096773, Accuracy: 27.83640827069572%
2024-02-02 15:04:10,894 - INFO - Epoch [325/500], Loss: 3.2522547720901427, Accuracy: 27.84653152127148%
2024-02-02 15:04:11,632 - INFO - Epoch [326/500], Loss: 3.251318439360588, Accuracy: 27.86171639713512%
2024-02-02 15:04:12,349 - INFO - Epoch [327/500], Loss: 3.250385015722244, Accuracy: 27.89714777415028%
2024-02-02 15:04:13,141 - INFO - Epoch [328/500], Loss: 3.249454410806779, Accuracy: 27.91233265001392%
2024-02-02 15:04:13,874 - INFO - Epoch [329/500], Loss: 3.248526663068802, Accuracy: 27.937640776453318%
2024-02-02 15:04:14,592 - INFO - Epoch [330/500], Loss: 3.2476017220366384, Accuracy: 27.95029483967302%
2024-02-02 15:04:15,389 - INFO - Epoch [331/500], Loss: 3.2466795925171144, Accuracy: 27.96547971553666%
2024-02-02 15:04:15,399 - INFO - Test Accuracy: 16.48079306071871%, Balanced Test Accuracy: 17.800460208068902%
2024-02-02 15:04:16,133 - INFO - Epoch [332/500], Loss: 3.245760249995416, Accuracy: 27.988257029332118%
2024-02-02 15:04:16,912 - INFO - Epoch [333/500], Loss: 3.244843667553317, Accuracy: 28.01356515577152%
2024-02-02 15:04:17,603 - INFO - Epoch [334/500], Loss: 3.2439298687442655, Accuracy: 28.02621921899122%
2024-02-02 15:04:18,406 - INFO - Epoch [335/500], Loss: 3.2430188122295562, Accuracy: 28.03381165692304%
2024-02-02 15:04:19,159 - INFO - Epoch [336/500], Loss: 3.242110448018197, Accuracy: 28.056588970718497%
2024-02-02 15:04:19,957 - INFO - Epoch [337/500], Loss: 3.2412048126420667, Accuracy: 28.079366284513956%
2024-02-02 15:04:20,649 - INFO - Epoch [338/500], Loss: 3.2403018782215733, Accuracy: 28.097081973021538%
2024-02-02 15:04:21,340 - INFO - Epoch [339/500], Loss: 3.2394015692895457, Accuracy: 28.117328474173057%
2024-02-02 15:04:22,064 - INFO - Epoch [340/500], Loss: 3.2385039848666035, Accuracy: 28.129982537392756%
2024-02-02 15:04:22,779 - INFO - Epoch [341/500], Loss: 3.23760900622414, Accuracy: 28.147698225900335%
2024-02-02 15:04:22,789 - INFO - Test Accuracy: 16.60470879801735%, Balanced Test Accuracy: 17.87621778382648%
2024-02-02 15:04:23,547 - INFO - Epoch [342/500], Loss: 3.2367166655678905, Accuracy: 28.167944727051857%
2024-02-02 15:04:24,383 - INFO - Epoch [343/500], Loss: 3.2358269585717108, Accuracy: 28.175537164983677%
2024-02-02 15:04:25,105 - INFO - Epoch [344/500], Loss: 3.234939834283244, Accuracy: 28.190722040847316%
2024-02-02 15:04:25,798 - INFO - Epoch [345/500], Loss: 3.2340553229854954, Accuracy: 28.195783666135195%
2024-02-02 15:04:26,462 - INFO - Epoch [346/500], Loss: 3.2331733458465144, Accuracy: 28.208437729354895%
2024-02-02 15:04:27,148 - INFO - Epoch [347/500], Loss: 3.2322939687198207, Accuracy: 28.216030167286714%
2024-02-02 15:04:27,914 - INFO - Epoch [348/500], Loss: 3.231417110850734, Accuracy: 28.221091792574597%
2024-02-02 15:04:28,761 - INFO - Epoch [349/500], Loss: 3.2305428039643074, Accuracy: 28.238807481082176%
2024-02-02 15:04:29,537 - INFO - Epoch [350/500], Loss: 3.2296709798036085, Accuracy: 28.266646420165515%
2024-02-02 15:04:30,278 - INFO - Epoch [351/500], Loss: 3.2288017099903477, Accuracy: 28.284362108673093%
2024-02-02 15:04:30,290 - INFO - Test Accuracy: 16.728624535315983%, Balanced Test Accuracy: 17.951975359584054%
2024-02-02 15:04:31,102 - INFO - Epoch [352/500], Loss: 3.2279348729118222, Accuracy: 28.304608609824616%
2024-02-02 15:04:31,813 - INFO - Epoch [353/500], Loss: 3.227070527691995, Accuracy: 28.314731860400375%
2024-02-02 15:04:32,551 - INFO - Epoch [354/500], Loss: 3.226208660391069, Accuracy: 28.340039986839773%
2024-02-02 15:04:33,334 - INFO - Epoch [355/500], Loss: 3.225349194099826, Accuracy: 28.352694050059473%
2024-02-02 15:04:34,117 - INFO - Epoch [356/500], Loss: 3.2244922124570414, Accuracy: 28.370409738567055%
2024-02-02 15:04:34,856 - INFO - Epoch [357/500], Loss: 3.223637634227353, Accuracy: 28.403310302938273%
2024-02-02 15:04:35,569 - INFO - Epoch [358/500], Loss: 3.2227854435482333, Accuracy: 28.428618429377675%
2024-02-02 15:04:36,256 - INFO - Epoch [359/500], Loss: 3.221935664453814, Accuracy: 28.451395743173133%
2024-02-02 15:04:36,989 - INFO - Epoch [360/500], Loss: 3.2210882748326948, Accuracy: 28.49188874547617%
2024-02-02 15:04:37,742 - INFO - Epoch [361/500], Loss: 3.2202432477666485, Accuracy: 28.507073621339813%
2024-02-02 15:04:37,752 - INFO - Test Accuracy: 16.97645600991326%, Balanced Test Accuracy: 18.113506638762395%
2024-02-02 15:04:38,458 - INFO - Epoch [362/500], Loss: 3.219400583736358, Accuracy: 28.532381747779212%
2024-02-02 15:04:39,215 - INFO - Epoch [363/500], Loss: 3.2185602265019573, Accuracy: 28.55515906157467%
2024-02-02 15:04:39,933 - INFO - Epoch [364/500], Loss: 3.217722229419216, Accuracy: 28.577936375370133%
2024-02-02 15:04:40,725 - INFO - Epoch [365/500], Loss: 3.2168865703767344, Accuracy: 28.60071368916559%
2024-02-02 15:04:41,504 - INFO - Epoch [366/500], Loss: 3.2160532041903465, Accuracy: 28.62096019031711%
2024-02-02 15:04:42,397 - INFO - Epoch [367/500], Loss: 3.2152221106713816, Accuracy: 28.63108344089287%
2024-02-02 15:04:43,174 - INFO - Epoch [368/500], Loss: 3.2143932792448227, Accuracy: 28.65132994204439%
2024-02-02 15:04:44,018 - INFO - Epoch [369/500], Loss: 3.2135667625454163, Accuracy: 28.67916888112773%
2024-02-02 15:04:44,857 - INFO - Epoch [370/500], Loss: 3.212742522839577, Accuracy: 28.69435375699137%
2024-02-02 15:04:45,630 - INFO - Epoch [371/500], Loss: 3.211920469758972, Accuracy: 28.71966188343077%
2024-02-02 15:04:45,640 - INFO - Test Accuracy: 16.97645600991326%, Balanced Test Accuracy: 18.10282287807863%
2024-02-02 15:04:46,585 - INFO - Epoch [372/500], Loss: 3.2111006830969164, Accuracy: 28.73231594665047%
2024-02-02 15:04:47,477 - INFO - Epoch [373/500], Loss: 3.2102831299266508, Accuracy: 28.74750082251411%
2024-02-02 15:04:48,331 - INFO - Epoch [374/500], Loss: 3.2094677323775906, Accuracy: 28.772808948953507%
2024-02-02 15:04:49,106 - INFO - Epoch [375/500], Loss: 3.2086545993243494, Accuracy: 28.79558626274897%
2024-02-02 15:04:49,853 - INFO - Epoch [376/500], Loss: 3.2078436062701288, Accuracy: 28.81077113861261%
2024-02-02 15:04:50,588 - INFO - Epoch [377/500], Loss: 3.207034802484897, Accuracy: 28.833548452408067%
2024-02-02 15:04:51,318 - INFO - Epoch [378/500], Loss: 3.2062281603294034, Accuracy: 28.85885657884747%
2024-02-02 15:04:52,085 - INFO - Epoch [379/500], Loss: 3.205423699751977, Accuracy: 28.879103079998988%
2024-02-02 15:04:52,850 - INFO - Epoch [380/500], Loss: 3.2046213299036026, Accuracy: 28.899349581150506%
2024-02-02 15:04:53,582 - INFO - Epoch [381/500], Loss: 3.2038211690322047, Accuracy: 28.91706526965809%
2024-02-02 15:04:53,592 - INFO - Test Accuracy: 16.97645600991326%, Balanced Test Accuracy: 18.10282287807863%
2024-02-02 15:04:54,336 - INFO - Epoch [382/500], Loss: 3.20302305875286, Accuracy: 28.934780958165668%
2024-02-02 15:04:55,064 - INFO - Epoch [383/500], Loss: 3.2022270932793617, Accuracy: 28.952496646673247%
2024-02-02 15:04:55,814 - INFO - Epoch [384/500], Loss: 3.2014332704486383, Accuracy: 28.970212335180825%
2024-02-02 15:04:56,598 - INFO - Epoch [385/500], Loss: 3.2006414484593178, Accuracy: 28.995520461620227%
2024-02-02 15:04:57,343 - INFO - Epoch [386/500], Loss: 3.199851745318982, Accuracy: 29.000582086908107%
2024-02-02 15:04:58,095 - INFO - Epoch [387/500], Loss: 3.1990641331480396, Accuracy: 29.008174524839927%
2024-02-02 15:04:58,819 - INFO - Epoch [388/500], Loss: 3.198278509801434, Accuracy: 29.030951838635385%
2024-02-02 15:04:59,582 - INFO - Epoch [389/500], Loss: 3.1974950096299573, Accuracy: 29.046136714499024%
2024-02-02 15:05:00,343 - INFO - Epoch [390/500], Loss: 3.1967135047720325, Accuracy: 29.043605901855084%
2024-02-02 15:05:01,068 - INFO - Epoch [391/500], Loss: 3.1959340601198134, Accuracy: 29.066383215650546%
2024-02-02 15:05:01,079 - INFO - Test Accuracy: 17.348203221809168%, Balanced Test Accuracy: 18.407658441066367%
2024-02-02 15:05:01,789 - INFO - Epoch [392/500], Loss: 3.1951565944379374, Accuracy: 29.089160529446005%
2024-02-02 15:05:02,533 - INFO - Epoch [393/500], Loss: 3.19438114906511, Accuracy: 29.104345405309644%
2024-02-02 15:05:03,385 - INFO - Epoch [394/500], Loss: 3.1936077215979175, Accuracy: 29.116999468529343%
2024-02-02 15:05:04,169 - INFO - Epoch [395/500], Loss: 3.192836226234513, Accuracy: 29.132184344392986%
2024-02-02 15:05:04,902 - INFO - Epoch [396/500], Loss: 3.1920668066989992, Accuracy: 29.149900032900565%
2024-02-02 15:05:05,629 - INFO - Epoch [397/500], Loss: 3.1912992654308194, Accuracy: 29.160023283476324%
2024-02-02 15:05:06,376 - INFO - Epoch [398/500], Loss: 3.190533703613666, Accuracy: 29.162554096120264%
2024-02-02 15:05:07,141 - INFO - Epoch [399/500], Loss: 3.1897700955310175, Accuracy: 29.175208159339963%
2024-02-02 15:05:07,860 - INFO - Epoch [400/500], Loss: 3.189008437337414, Accuracy: 29.187862222559662%
2024-02-02 15:05:08,598 - INFO - Epoch [401/500], Loss: 3.188248701874287, Accuracy: 29.197985473135425%
2024-02-02 15:05:08,609 - INFO - Test Accuracy: 17.348203221809168%, Balanced Test Accuracy: 18.407658441066367%
2024-02-02 15:05:09,393 - INFO - Epoch [402/500], Loss: 3.1874909054848457, Accuracy: 29.208108723711184%
2024-02-02 15:05:10,133 - INFO - Epoch [403/500], Loss: 3.186734975105332, Accuracy: 29.215701161643004%
2024-02-02 15:05:10,890 - INFO - Epoch [404/500], Loss: 3.1859809648125403, Accuracy: 29.230886037506643%
2024-02-02 15:05:11,638 - INFO - Epoch [405/500], Loss: 3.1852288323064006, Accuracy: 29.243540100726342%
2024-02-02 15:05:12,420 - INFO - Epoch [406/500], Loss: 3.184478626135857, Accuracy: 29.25619416394604%
2024-02-02 15:05:13,154 - INFO - Epoch [407/500], Loss: 3.183730253529164, Accuracy: 29.271379039809684%
2024-02-02 15:05:13,874 - INFO - Epoch [408/500], Loss: 3.1829837937989542, Accuracy: 29.273909852453624%
2024-02-02 15:05:14,659 - INFO - Epoch [409/500], Loss: 3.182239161383721, Accuracy: 29.304279604180902%
2024-02-02 15:05:15,463 - INFO - Epoch [410/500], Loss: 3.1814963615709737, Accuracy: 29.3169336674006%
2024-02-02 15:05:16,236 - INFO - Epoch [411/500], Loss: 3.1807554251243992, Accuracy: 29.332118543264244%
2024-02-02 15:05:16,247 - INFO - Test Accuracy: 17.100371747211895%, Balanced Test Accuracy: 18.27188841399199%
2024-02-02 15:05:17,018 - INFO - Epoch [412/500], Loss: 3.1800163244047472, Accuracy: 29.354895857059702%
2024-02-02 15:05:17,789 - INFO - Epoch [413/500], Loss: 3.179279030571061, Accuracy: 29.38273479614304%
2024-02-02 15:05:18,653 - INFO - Epoch [414/500], Loss: 3.1785435147823824, Accuracy: 29.39032723407486%
2024-02-02 15:05:19,381 - INFO - Epoch [415/500], Loss: 3.1778098613985124, Accuracy: 29.415635360514262%
2024-02-02 15:05:20,233 - INFO - Epoch [416/500], Loss: 3.1770779605834716, Accuracy: 29.42575861109002%
2024-02-02 15:05:20,964 - INFO - Epoch [417/500], Loss: 3.1763478873237485, Accuracy: 29.4434742995976%
2024-02-02 15:05:21,742 - INFO - Epoch [418/500], Loss: 3.1756195829760645, Accuracy: 29.45106673752942%
2024-02-02 15:05:22,431 - INFO - Epoch [419/500], Loss: 3.174893072055232, Accuracy: 29.471313238680942%
2024-02-02 15:05:23,180 - INFO - Epoch [420/500], Loss: 3.1741682697207696, Accuracy: 29.50168299040822%
2024-02-02 15:05:23,909 - INFO - Epoch [421/500], Loss: 3.1734452730705662, Accuracy: 29.51180624098398%
2024-02-02 15:05:23,919 - INFO - Test Accuracy: 17.100371747211895%, Balanced Test Accuracy: 18.27188841399199%
2024-02-02 15:05:24,626 - INFO - Epoch [422/500], Loss: 3.1727239852470737, Accuracy: 29.532052742135498%
2024-02-02 15:05:25,328 - INFO - Epoch [423/500], Loss: 3.1720044670566434, Accuracy: 29.55229924328702%
2024-02-02 15:05:26,034 - INFO - Epoch [424/500], Loss: 3.171286641830398, Accuracy: 29.56242249386278%
2024-02-02 15:05:26,856 - INFO - Epoch [425/500], Loss: 3.1705705886406284, Accuracy: 29.57760736972642%
2024-02-02 15:05:27,643 - INFO - Epoch [426/500], Loss: 3.1698562024581816, Accuracy: 29.587730620302178%
2024-02-02 15:05:28,407 - INFO - Epoch [427/500], Loss: 3.16914357172866, Accuracy: 29.61556955938552%
2024-02-02 15:05:29,286 - INFO - Epoch [428/500], Loss: 3.168432587817792, Accuracy: 29.63075443524916%
2024-02-02 15:05:30,049 - INFO - Epoch [429/500], Loss: 3.167723305283054, Accuracy: 29.63075443524916%
2024-02-02 15:05:30,810 - INFO - Epoch [430/500], Loss: 3.1670157635404217, Accuracy: 29.651000936400678%
2024-02-02 15:05:31,566 - INFO - Epoch [431/500], Loss: 3.166309857320401, Accuracy: 29.671247437552196%
2024-02-02 15:05:31,576 - INFO - Test Accuracy: 17.100371747211895%, Balanced Test Accuracy: 18.27188841399199%
2024-02-02 15:05:32,412 - INFO - Epoch [432/500], Loss: 3.165605589747429, Accuracy: 29.69402475134766%
2024-02-02 15:05:33,291 - INFO - Epoch [433/500], Loss: 3.164903039653455, Accuracy: 29.704148001923418%
2024-02-02 15:05:34,075 - INFO - Epoch [434/500], Loss: 3.1642021342150626, Accuracy: 29.716802065143117%
2024-02-02 15:05:34,828 - INFO - Epoch [435/500], Loss: 3.1635028575697253, Accuracy: 29.742110191582515%
2024-02-02 15:05:35,540 - INFO - Epoch [436/500], Loss: 3.162805212361197, Accuracy: 29.74970262951434%
2024-02-02 15:05:36,281 - INFO - Epoch [437/500], Loss: 3.1621092077224486, Accuracy: 29.75223344215828%
2024-02-02 15:05:37,077 - INFO - Epoch [438/500], Loss: 3.1614147775596186, Accuracy: 29.75223344215828%
2024-02-02 15:05:37,756 - INFO - Epoch [439/500], Loss: 3.160722048292237, Accuracy: 29.764887505377978%
2024-02-02 15:05:38,452 - INFO - Epoch [440/500], Loss: 3.160030898067259, Accuracy: 29.777541568597677%
2024-02-02 15:05:39,172 - INFO - Epoch [441/500], Loss: 3.159341350918816, Accuracy: 29.790195631817376%
2024-02-02 15:05:39,182 - INFO - Test Accuracy: 16.97645600991326%, Balanced Test Accuracy: 18.086703228806805%
2024-02-02 15:05:39,855 - INFO - Epoch [442/500], Loss: 3.1586533748815135, Accuracy: 29.807911320324955%
2024-02-02 15:05:40,548 - INFO - Epoch [443/500], Loss: 3.1579670331651166, Accuracy: 29.828157821476477%
2024-02-02 15:05:41,250 - INFO - Epoch [444/500], Loss: 3.157282276499656, Accuracy: 29.838281072052236%
2024-02-02 15:05:41,955 - INFO - Epoch [445/500], Loss: 3.156599038550931, Accuracy: 29.861058385847695%
2024-02-02 15:05:42,648 - INFO - Epoch [446/500], Loss: 3.1559173986315727, Accuracy: 29.876243261711334%
2024-02-02 15:05:43,329 - INFO - Epoch [447/500], Loss: 3.1552373117977575, Accuracy: 29.893958950218916%
2024-02-02 15:05:44,168 - INFO - Epoch [448/500], Loss: 3.1545588208302373, Accuracy: 29.891428137574977%
2024-02-02 15:05:44,922 - INFO - Epoch [449/500], Loss: 3.153881817815765, Accuracy: 29.906613013438616%
2024-02-02 15:05:45,639 - INFO - Epoch [450/500], Loss: 3.1532064080238342, Accuracy: 29.919267076658315%
2024-02-02 15:05:46,384 - INFO - Epoch [451/500], Loss: 3.1525324712837897, Accuracy: 29.934451952521954%
2024-02-02 15:05:46,395 - INFO - Test Accuracy: 16.97645600991326%, Balanced Test Accuracy: 18.086703228806805%
2024-02-02 15:05:47,101 - INFO - Epoch [452/500], Loss: 3.151860105895227, Accuracy: 29.952167641029536%
2024-02-02 15:05:47,910 - INFO - Epoch [453/500], Loss: 3.1511892491290645, Accuracy: 29.954698453673476%
2024-02-02 15:05:48,661 - INFO - Epoch [454/500], Loss: 3.150519927182505, Accuracy: 29.969883329537115%
2024-02-02 15:05:49,393 - INFO - Epoch [455/500], Loss: 3.1498520862190955, Accuracy: 29.980006580112875%
2024-02-02 15:05:50,217 - INFO - Epoch [456/500], Loss: 3.1491857574832056, Accuracy: 29.977475767468935%
2024-02-02 15:05:51,031 - INFO - Epoch [457/500], Loss: 3.148520937610057, Accuracy: 29.987599018044694%
2024-02-02 15:05:51,799 - INFO - Epoch [458/500], Loss: 3.1478575665143227, Accuracy: 30.000253081264393%
2024-02-02 15:05:52,574 - INFO - Epoch [459/500], Loss: 3.147195734323994, Accuracy: 30.005314706552273%
2024-02-02 15:05:53,347 - INFO - Epoch [460/500], Loss: 3.146535366533264, Accuracy: 30.017968769771972%
2024-02-02 15:05:54,037 - INFO - Epoch [461/500], Loss: 3.1458764419920984, Accuracy: 30.025561207703795%
2024-02-02 15:05:54,047 - INFO - Test Accuracy: 16.97645600991326%, Balanced Test Accuracy: 18.113158255261833%
2024-02-02 15:05:54,846 - INFO - Epoch [462/500], Loss: 3.1452189917045255, Accuracy: 30.030622832991675%
2024-02-02 15:05:55,712 - INFO - Epoch [463/500], Loss: 3.1445630226404435, Accuracy: 30.045807708855314%
2024-02-02 15:05:56,473 - INFO - Epoch [464/500], Loss: 3.143908444191179, Accuracy: 30.058461772075013%
2024-02-02 15:05:57,203 - INFO - Epoch [465/500], Loss: 3.1432553527335965, Accuracy: 30.063523397362893%
2024-02-02 15:05:57,916 - INFO - Epoch [466/500], Loss: 3.1426036759249625, Accuracy: 30.078708273226532%
2024-02-02 15:05:58,642 - INFO - Epoch [467/500], Loss: 3.141953457507395, Accuracy: 30.096423961734114%
2024-02-02 15:05:59,329 - INFO - Epoch [468/500], Loss: 3.141304669601302, Accuracy: 30.114139650241693%
2024-02-02 15:06:00,021 - INFO - Epoch [469/500], Loss: 3.1406573004299596, Accuracy: 30.126793713461392%
2024-02-02 15:06:00,704 - INFO - Epoch [470/500], Loss: 3.140011350714391, Accuracy: 30.15463265254473%
2024-02-02 15:06:01,428 - INFO - Epoch [471/500], Loss: 3.139366810840945, Accuracy: 30.167286715764433%
2024-02-02 15:06:01,438 - INFO - Test Accuracy: 17.100371747211895%, Balanced Test Accuracy: 18.241363383466965%
2024-02-02 15:06:02,268 - INFO - Epoch [472/500], Loss: 3.1387236416339874, Accuracy: 30.187533216915952%
2024-02-02 15:06:03,085 - INFO - Epoch [473/500], Loss: 3.1380819202430787, Accuracy: 30.19259484220383%
2024-02-02 15:06:03,914 - INFO - Epoch [474/500], Loss: 3.1374415538964735, Accuracy: 30.19765646749171%
2024-02-02 15:06:04,699 - INFO - Epoch [475/500], Loss: 3.1368025565339672, Accuracy: 30.20777971806747%
2024-02-02 15:06:05,491 - INFO - Epoch [476/500], Loss: 3.1361650057858035, Accuracy: 30.22549540657505%
2024-02-02 15:06:06,235 - INFO - Epoch [477/500], Loss: 3.135528805034776, Accuracy: 30.233087844506873%
2024-02-02 15:06:07,022 - INFO - Epoch [478/500], Loss: 3.134893930006412, Accuracy: 30.233087844506873%
2024-02-02 15:06:07,757 - INFO - Epoch [479/500], Loss: 3.134260468905972, Accuracy: 30.245741907726572%
2024-02-02 15:06:08,487 - INFO - Epoch [480/500], Loss: 3.13362831598328, Accuracy: 30.24827272037051%
2024-02-02 15:06:09,232 - INFO - Epoch [481/500], Loss: 3.1329975690572494, Accuracy: 30.26598840887809%
2024-02-02 15:06:09,242 - INFO - Test Accuracy: 17.100371747211895%, Balanced Test Accuracy: 18.241363383466965%
2024-02-02 15:06:09,966 - INFO - Epoch [482/500], Loss: 3.1323681545834385, Accuracy: 30.27105003416597%
2024-02-02 15:06:10,688 - INFO - Epoch [483/500], Loss: 3.1317401006817818, Accuracy: 30.29129653531749%
2024-02-02 15:06:11,450 - INFO - Epoch [484/500], Loss: 3.131113345824903, Accuracy: 30.29382734796143%
2024-02-02 15:06:12,194 - INFO - Epoch [485/500], Loss: 3.1304879450509624, Accuracy: 30.30901222382507%
2024-02-02 15:06:12,918 - INFO - Epoch [486/500], Loss: 3.1298638627894464, Accuracy: 30.33178953762053%
2024-02-02 15:06:13,631 - INFO - Epoch [487/500], Loss: 3.129241128121653, Accuracy: 30.33938197555235%
2024-02-02 15:06:14,420 - INFO - Epoch [488/500], Loss: 3.128619666301435, Accuracy: 30.34950522612811%
2024-02-02 15:06:15,142 - INFO - Epoch [489/500], Loss: 3.1279995302038808, Accuracy: 30.37987497785539%
2024-02-02 15:06:15,868 - INFO - Epoch [490/500], Loss: 3.1273806556578605, Accuracy: 30.39252904107509%
2024-02-02 15:06:16,634 - INFO - Epoch [491/500], Loss: 3.12676315201867, Accuracy: 30.40012147900691%
2024-02-02 15:06:16,642 - INFO - Test Accuracy: 17.224287484510533%, Balanced Test Accuracy: 18.313827151582903%
2024-02-02 15:06:17,417 - INFO - Epoch [492/500], Loss: 3.1261468947895112, Accuracy: 30.40518310429479%
2024-02-02 15:06:18,134 - INFO - Epoch [493/500], Loss: 3.1255319825103207, Accuracy: 30.420367980158428%
2024-02-02 15:06:18,959 - INFO - Epoch [494/500], Loss: 3.1249182998172698, Accuracy: 30.43808366866601%
2024-02-02 15:06:19,802 - INFO - Epoch [495/500], Loss: 3.124305909679782, Accuracy: 30.46086098246147%
2024-02-02 15:06:20,525 - INFO - Epoch [496/500], Loss: 3.123694789505774, Accuracy: 30.481107483612988%
2024-02-02 15:06:21,200 - INFO - Epoch [497/500], Loss: 3.1230849638100593, Accuracy: 30.491230734188747%
2024-02-02 15:06:21,898 - INFO - Epoch [498/500], Loss: 3.122476405674411, Accuracy: 30.50641561005239%
2024-02-02 15:06:22,635 - INFO - Epoch [499/500], Loss: 3.121869072318077, Accuracy: 30.51400804798421%
2024-02-02 15:06:23,372 - INFO - Epoch [500/500], Loss: 3.12126300844454, Accuracy: 30.52666211120391%
2024-02-02 15:06:23,613 - INFO - Test Accuracy: 21.666666666666668%, Balanced Test Accuracy: 21.66666666666667%
2024-02-02 15:06:23,894 - INFO - Final unblanced test accuracy: 21.666666666666668% and final balanced test accuracy 21.66666666666667
