2024-01-30 23:19:07,147 - INFO - Configuration:
{
    "task": "5",
    "topic": "classifier",
    "train_classifier": true,
    "number_gpus": "1",
    "modalities": [
        "rgb"
    ],
    "encoder_model": "MAE",
    "mask_ratio": 0.8,
    "dataset": "NTU",
    "split": "CV",
    "num_classes": 60,
    "epochs": 500,
    "res_cktp": false,
    "cktp_dir": "/home/bas06400/Thesis/VIP/src/align_checkpoints/mae_checkpoints/",
    "trained_encoder": "checkpoint_ir_CV_20240126_170954.pth",
    "learning_rate": 0.001,
    "temperature": 0.1,
    "num_workers": 10,
    "batch_size": 64,
    "data_root": "/net/polaris/storage/deeplearning/ntu",
    "random_sample": false,
    "pin_memory": true,
    "scheduler_config": {
        "type": "plateau",
        "params": {
            "mode": "min",
            "factor": 0.1,
            "patience": 5
        }
    }
}
2024-01-30 23:19:07,205 - INFO - Training MAE for rgb...
2024-01-30 23:19:07,253 - INFO - Evaluing on the following GPUs [2]
2024-01-30 23:19:12,504 - INFO - Starting feature extraction...
2024-01-30 23:53:19,245 - INFO - Epoch [1/500], Loss: 2618.3107862472534, Accuracy: 3.2507198406932%
2024-01-30 23:53:19,265 - INFO - Test Accuracy: 3.952569169960474%, Balanced Test Accuracy: 4.101904087198205%
2024-01-30 23:53:20,151 - INFO - Epoch [2/500], Loss: 2493.392076730728, Accuracy: 4.816877909636447%
2024-01-30 23:53:20,934 - INFO - Epoch [3/500], Loss: 2443.669187784195, Accuracy: 5.863674282177552%
2024-01-30 23:53:21,730 - INFO - Epoch [4/500], Loss: 2406.8866205215454, Accuracy: 6.732865100508597%
2024-01-30 23:53:22,479 - INFO - Epoch [5/500], Loss: 2377.3213350772858, Accuracy: 7.459433276822475%
2024-01-30 23:53:23,318 - INFO - Epoch [6/500], Loss: 2352.418667793274, Accuracy: 8.06490675708404%
2024-01-30 23:53:24,162 - INFO - Epoch [7/500], Loss: 2330.8519701957703, Accuracy: 8.551976534538898%
2024-01-30 23:53:24,998 - INFO - Epoch [8/500], Loss: 2311.7865386009216, Accuracy: 9.00944538629208%
2024-01-30 23:53:25,780 - INFO - Epoch [9/500], Loss: 2294.66002702713, Accuracy: 9.332364575764915%
2024-01-30 23:53:26,547 - INFO - Epoch [10/500], Loss: 2279.1006104946136, Accuracy: 9.690266677430639%
2024-01-30 23:53:27,338 - INFO - Epoch [11/500], Loss: 2264.8549625873566, Accuracy: 10.067005731815613%
2024-01-30 23:53:27,347 - INFO - Test Accuracy: 6.19235836627141%, Balanced Test Accuracy: 6.61222368962307%
2024-01-30 23:53:28,088 - INFO - Epoch [12/500], Loss: 2251.731970310211, Accuracy: 10.360323995586771%
2024-01-30 23:53:28,810 - INFO - Epoch [13/500], Loss: 2239.570950269699, Accuracy: 10.63480530663868%
2024-01-30 23:53:29,474 - INFO - Epoch [14/500], Loss: 2228.238695859909, Accuracy: 10.895831651462554%
2024-01-30 23:53:30,150 - INFO - Epoch [15/500], Loss: 2217.63321685791, Accuracy: 11.16493097602325%
2024-01-30 23:53:30,850 - INFO - Epoch [16/500], Loss: 2207.6800146102905, Accuracy: 11.415193347864697%
2024-01-30 23:53:31,490 - INFO - Epoch [17/500], Loss: 2198.320663690567, Accuracy: 11.684292672425393%
2024-01-30 23:53:32,192 - INFO - Epoch [18/500], Loss: 2189.5026388168335, Accuracy: 11.913027098301983%
2024-01-30 23:53:32,959 - INFO - Epoch [19/500], Loss: 2181.1774048805237, Accuracy: 12.130997551196147%
2024-01-30 23:53:33,728 - INFO - Epoch [20/500], Loss: 2173.2981667518616, Accuracy: 12.292457145932564%
2024-01-30 23:53:34,517 - INFO - Epoch [21/500], Loss: 2165.8175508975983, Accuracy: 12.521191571809155%
2024-01-30 23:53:34,526 - INFO - Test Accuracy: 8.036890645586297%, Balanced Test Accuracy: 8.52260789605991%
2024-01-30 23:53:35,301 - INFO - Epoch [22/500], Loss: 2158.6896035671234, Accuracy: 12.690724146282394%
2024-01-30 23:53:36,189 - INFO - Epoch [23/500], Loss: 2151.874298095703, Accuracy: 12.8871666532117%
2024-01-30 23:53:37,020 - INFO - Epoch [24/500], Loss: 2145.3401029109955, Accuracy: 13.075536180404187%
2024-01-30 23:53:37,772 - INFO - Epoch [25/500], Loss: 2139.062511920929, Accuracy: 13.220849815666963%
2024-01-30 23:53:38,528 - INFO - Epoch [26/500], Loss: 2133.019262075424, Accuracy: 13.3903823901402%
2024-01-30 23:53:39,148 - INFO - Epoch [27/500], Loss: 2127.1889503002167, Accuracy: 13.549150991631011%
2024-01-30 23:53:39,840 - INFO - Epoch [28/500], Loss: 2121.553806781769, Accuracy: 13.689082640402573%
2024-01-30 23:53:40,697 - INFO - Epoch [29/500], Loss: 2116.101407289505, Accuracy: 13.87745216759506%
2024-01-30 23:53:41,540 - INFO - Epoch [30/500], Loss: 2110.8222739696503, Accuracy: 14.063130701541938%
2024-01-30 23:53:42,397 - INFO - Epoch [31/500], Loss: 2105.707686662674, Accuracy: 14.17615241785743%
2024-01-30 23:53:42,406 - INFO - Test Accuracy: 9.22266139657444%, Balanced Test Accuracy: 9.531135208960286%
2024-01-30 23:53:43,224 - INFO - Epoch [32/500], Loss: 2100.749167919159, Accuracy: 14.310702080137778%
2024-01-30 23:53:44,026 - INFO - Epoch [33/500], Loss: 2095.9385211467743, Accuracy: 14.461397701891768%
2024-01-30 23:53:44,696 - INFO - Epoch [34/500], Loss: 2091.2678275108337, Accuracy: 14.628239283119399%
2024-01-30 23:53:45,375 - INFO - Epoch [35/500], Loss: 2086.7294936180115, Accuracy: 14.78700788461021%
2024-01-30 23:53:46,153 - INFO - Epoch [36/500], Loss: 2082.31645655632, Accuracy: 14.916175560399344%
2024-01-30 23:53:46,857 - INFO - Epoch [37/500], Loss: 2078.0220489501953, Accuracy: 15.023815290223622%
2024-01-30 23:53:47,536 - INFO - Epoch [38/500], Loss: 2073.8402280807495, Accuracy: 15.123382040311078%
2024-01-30 23:53:48,223 - INFO - Epoch [39/500], Loss: 2069.765563249588, Accuracy: 15.22833077688975%
2024-01-30 23:53:48,924 - INFO - Epoch [40/500], Loss: 2065.793045759201, Accuracy: 15.381717391889346%
2024-01-30 23:53:49,625 - INFO - Epoch [41/500], Loss: 2061.918181657791, Accuracy: 15.459756196011949%
2024-01-30 23:53:49,634 - INFO - Test Accuracy: 9.881422924901186%, Balanced Test Accuracy: 10.189424460128794%
2024-01-30 23:53:50,359 - INFO - Epoch [42/500], Loss: 2058.1367263793945, Accuracy: 15.591614865046688%
2024-01-30 23:53:51,128 - INFO - Epoch [43/500], Loss: 2054.4446833133698, Accuracy: 15.683108635397325%
2024-01-30 23:53:51,907 - INFO - Epoch [44/500], Loss: 2050.838235616684, Accuracy: 15.798821344958425%
2024-01-30 23:53:52,757 - INFO - Epoch [45/500], Loss: 2047.3137867450714, Accuracy: 15.903770081537095%
2024-01-30 23:53:53,528 - INFO - Epoch [46/500], Loss: 2043.8679280281067, Accuracy: 16.008718818115767%
2024-01-30 23:53:54,280 - INFO - Epoch [47/500], Loss: 2040.49738073349, Accuracy: 16.105594574957617%
2024-01-30 23:53:55,037 - INFO - Epoch [48/500], Loss: 2037.199123620987, Accuracy: 16.223998277764323%
2024-01-30 23:53:55,993 - INFO - Epoch [49/500], Loss: 2033.9701573848724, Accuracy: 16.32356502785178%
2024-01-30 23:53:56,786 - INFO - Epoch [50/500], Loss: 2030.807711839676, Accuracy: 16.433895750921664%
2024-01-30 23:53:57,518 - INFO - Epoch [51/500], Loss: 2027.7092144489288, Accuracy: 16.54422647399155%
2024-01-30 23:53:57,528 - INFO - Test Accuracy: 10.803689064558629%, Balanced Test Accuracy: 11.26752065587205%
2024-01-30 23:53:58,256 - INFO - Epoch [52/500], Loss: 2024.6719663143158, Accuracy: 16.654557197061436%
2024-01-30 23:53:59,088 - INFO - Epoch [53/500], Loss: 2021.693638086319, Accuracy: 16.754123947148894%
2024-01-30 23:53:59,801 - INFO - Epoch [54/500], Loss: 2018.771906375885, Accuracy: 16.856381690481957%
2024-01-30 23:54:00,501 - INFO - Epoch [55/500], Loss: 2015.9046437740326, Accuracy: 16.93980248109577%
2024-01-30 23:54:01,234 - INFO - Epoch [56/500], Loss: 2013.0899047851562, Accuracy: 17.001695325744734%
2024-01-30 23:54:02,011 - INFO - Epoch [57/500], Loss: 2010.3257265090942, Accuracy: 17.125481015042652%
2024-01-30 23:54:02,776 - INFO - Epoch [58/500], Loss: 2007.6104264259338, Accuracy: 17.192755846182827%
2024-01-30 23:54:03,677 - INFO - Epoch [59/500], Loss: 2004.9422612190247, Accuracy: 17.262721670568606%
2024-01-30 23:54:04,444 - INFO - Epoch [60/500], Loss: 2002.3198900222778, Accuracy: 17.359597427410456%
2024-01-30 23:54:05,284 - INFO - Epoch [61/500], Loss: 1999.7417113780975, Accuracy: 17.42956325179624%
2024-01-30 23:54:05,296 - INFO - Test Accuracy: 11.198945981554678%, Balanced Test Accuracy: 11.732871753576086%
2024-01-30 23:54:06,239 - INFO - Epoch [62/500], Loss: 1997.2065241336823, Accuracy: 17.49683808293641%
2024-01-30 23:54:07,018 - INFO - Epoch [63/500], Loss: 1994.712947845459, Accuracy: 17.591022846532656%
2024-01-30 23:54:07,820 - INFO - Epoch [64/500], Loss: 1992.2597301006317, Accuracy: 17.687898603374506%
2024-01-30 23:54:08,679 - INFO - Epoch [65/500], Loss: 1989.8457889556885, Accuracy: 17.749791448023466%
2024-01-30 23:54:09,565 - INFO - Epoch [66/500], Loss: 1987.4700360298157, Accuracy: 17.814375285918032%
2024-01-30 23:54:10,421 - INFO - Epoch [67/500], Loss: 1985.1312885284424, Accuracy: 17.86012217109335%
2024-01-30 23:54:11,267 - INFO - Epoch [68/500], Loss: 1982.8285975456238, Accuracy: 17.943542961707166%
2024-01-30 23:54:12,149 - INFO - Epoch [69/500], Loss: 1980.5609364509583, Accuracy: 18.040418718549017%
2024-01-30 23:54:13,081 - INFO - Epoch [70/500], Loss: 1978.327285528183, Accuracy: 18.096929576706763%
2024-01-30 23:54:14,027 - INFO - Epoch [71/500], Loss: 1976.1268169879913, Accuracy: 18.153440434864507%
2024-01-30 23:54:14,037 - INFO - Test Accuracy: 11.330698287220025%, Balanced Test Accuracy: 11.899538420242754%
2024-01-30 23:54:14,968 - INFO - Epoch [72/500], Loss: 1973.9585616588593, Accuracy: 18.22071526600468%
2024-01-30 23:54:15,675 - INFO - Epoch [73/500], Loss: 1971.8216140270233, Accuracy: 18.322973009337748%
2024-01-30 23:54:16,444 - INFO - Epoch [74/500], Loss: 1969.7150826454163, Accuracy: 18.41715777293399%
2024-01-30 23:54:17,301 - INFO - Epoch [75/500], Loss: 1967.6382076740265, Accuracy: 18.48712359731977%
2024-01-30 23:54:18,374 - INFO - Epoch [76/500], Loss: 1965.5901141166687, Accuracy: 18.570544387933587%
2024-01-30 23:54:19,297 - INFO - Epoch [77/500], Loss: 1963.569995880127, Accuracy: 18.62705524609133%
2024-01-30 23:54:20,252 - INFO - Epoch [78/500], Loss: 1961.577053308487, Accuracy: 18.702403056968326%
2024-01-30 23:54:21,159 - INFO - Epoch [79/500], Loss: 1959.6106450557709, Accuracy: 18.7696778881085%
2024-01-30 23:54:21,990 - INFO - Epoch [80/500], Loss: 1957.6698729991913, Accuracy: 18.853098678722315%
2024-01-30 23:54:22,802 - INFO - Epoch [81/500], Loss: 1955.7541315555573, Accuracy: 18.906918543634454%
2024-01-30 23:54:22,812 - INFO - Test Accuracy: 11.462450592885375%, Balanced Test Accuracy: 11.970163701394352%
2024-01-30 23:54:23,665 - INFO - Epoch [82/500], Loss: 1953.862690448761, Accuracy: 19.0011033072307%
2024-01-30 23:54:24,352 - INFO - Epoch [83/500], Loss: 1951.9948570728302, Accuracy: 19.05492317214284%
2024-01-30 23:54:25,059 - INFO - Epoch [84/500], Loss: 1950.1500339508057, Accuracy: 19.127579989774226%
2024-01-30 23:54:25,862 - INFO - Epoch [85/500], Loss: 1948.3275475502014, Accuracy: 19.189472834423185%
2024-01-30 23:54:26,615 - INFO - Epoch [86/500], Loss: 1946.5269758701324, Accuracy: 19.243292699335324%
2024-01-30 23:54:27,508 - INFO - Epoch [87/500], Loss: 1944.7475576400757, Accuracy: 19.297112564247463%
2024-01-30 23:54:28,319 - INFO - Epoch [88/500], Loss: 1942.988843679428, Accuracy: 19.36169640214203%
2024-01-30 23:54:29,127 - INFO - Epoch [89/500], Loss: 1941.2503490447998, Accuracy: 19.418207260299777%
2024-01-30 23:54:29,884 - INFO - Epoch [90/500], Loss: 1939.5315840244293, Accuracy: 19.46933613196631%
2024-01-30 23:54:30,568 - INFO - Epoch [91/500], Loss: 1937.8320653438568, Accuracy: 19.528537983369663%
2024-01-30 23:54:30,576 - INFO - Test Accuracy: 11.594202898550725%, Balanced Test Accuracy: 12.068202917080626%
2024-01-30 23:54:31,270 - INFO - Epoch [92/500], Loss: 1936.1513457298279, Accuracy: 19.606576787492262%
2024-01-30 23:54:32,073 - INFO - Epoch [93/500], Loss: 1934.489016532898, Accuracy: 19.676542611878045%
2024-01-30 23:54:32,861 - INFO - Epoch [94/500], Loss: 1932.844701051712, Accuracy: 19.74381744301822%
2024-01-30 23:54:33,650 - INFO - Epoch [95/500], Loss: 1931.217983007431, Accuracy: 19.816474260649606%
2024-01-30 23:54:34,430 - INFO - Epoch [96/500], Loss: 1929.6084463596344, Accuracy: 19.851457172842498%
2024-01-30 23:54:35,219 - INFO - Epoch [97/500], Loss: 1928.0158059597015, Accuracy: 19.91873200398267%
2024-01-30 23:54:36,004 - INFO - Epoch [98/500], Loss: 1926.4397466182709, Accuracy: 19.967169882403596%
2024-01-30 23:54:36,686 - INFO - Epoch [99/500], Loss: 1924.8798377513885, Accuracy: 19.994079814859663%
2024-01-30 23:54:37,420 - INFO - Epoch [100/500], Loss: 1923.3358721733093, Accuracy: 20.039826700034983%
2024-01-30 23:54:38,161 - INFO - Epoch [101/500], Loss: 1921.8075144290924, Accuracy: 20.09364656494712%
2024-01-30 23:54:38,169 - INFO - Test Accuracy: 11.594202898550725%, Balanced Test Accuracy: 11.989255548659573%
2024-01-30 23:54:38,953 - INFO - Epoch [102/500], Loss: 1920.2944536209106, Accuracy: 20.136702456876833%
2024-01-30 23:54:39,790 - INFO - Epoch [103/500], Loss: 1918.7964668273926, Accuracy: 20.177067355560936%
2024-01-30 23:54:40,533 - INFO - Epoch [104/500], Loss: 1917.3133664131165, Accuracy: 20.212050267753828%
2024-01-30 23:54:41,377 - INFO - Epoch [105/500], Loss: 1915.8448452949524, Accuracy: 20.257797152929147%
2024-01-30 23:54:42,108 - INFO - Epoch [106/500], Loss: 1914.3906648159027, Accuracy: 20.322380990823714%
2024-01-30 23:54:42,822 - INFO - Epoch [107/500], Loss: 1912.9507591724396, Accuracy: 20.34929092327978%
2024-01-30 23:54:43,501 - INFO - Epoch [108/500], Loss: 1911.5248765945435, Accuracy: 20.40311078819192%
2024-01-30 23:54:44,151 - INFO - Epoch [109/500], Loss: 1910.1128437519073, Accuracy: 20.4327117138936%
2024-01-30 23:54:44,801 - INFO - Epoch [110/500], Loss: 1908.7145130634308, Accuracy: 20.497295551788167%
2024-01-30 23:54:45,507 - INFO - Epoch [111/500], Loss: 1907.3297448158264, Accuracy: 20.575334355910766%
2024-01-30 23:54:45,514 - INFO - Test Accuracy: 12.121212121212121%, Balanced Test Accuracy: 12.511552524129923%
2024-01-30 23:54:46,160 - INFO - Epoch [112/500], Loss: 1905.958420753479, Accuracy: 20.621081241086085%
2024-01-30 23:54:46,803 - INFO - Epoch [113/500], Loss: 1904.6003034114838, Accuracy: 20.658755146524584%
2024-01-30 23:54:47,475 - INFO - Epoch [114/500], Loss: 1903.2553479671478, Accuracy: 20.7045020316999%
2024-01-30 23:54:48,084 - INFO - Epoch [115/500], Loss: 1901.9234261512756, Accuracy: 20.761012889857646%
2024-01-30 23:54:48,753 - INFO - Epoch [116/500], Loss: 1900.6043767929077, Accuracy: 20.790613815559322%
2024-01-30 23:54:49,469 - INFO - Epoch [117/500], Loss: 1899.2980070114136, Accuracy: 20.822905734506605%
2024-01-30 23:54:50,104 - INFO - Epoch [118/500], Loss: 1898.004287481308, Accuracy: 20.895562552137996%
2024-01-30 23:54:50,762 - INFO - Epoch [119/500], Loss: 1896.7229738235474, Accuracy: 20.94400043055892%
2024-01-30 23:54:51,416 - INFO - Epoch [120/500], Loss: 1895.453983783722, Accuracy: 20.98974731573424%
2024-01-30 23:54:52,156 - INFO - Epoch [121/500], Loss: 1894.1970746517181, Accuracy: 21.03011221441834%
2024-01-30 23:54:52,164 - INFO - Test Accuracy: 12.516469038208168%, Balanced Test Accuracy: 12.89999578022024%
2024-01-30 23:54:52,874 - INFO - Epoch [122/500], Loss: 1892.9521203041077, Accuracy: 21.054331153628805%
2024-01-30 23:54:53,600 - INFO - Epoch [123/500], Loss: 1891.7189478874207, Accuracy: 21.100078038804124%
2024-01-30 23:54:54,312 - INFO - Epoch [124/500], Loss: 1890.497332572937, Accuracy: 21.148515917225048%
2024-01-30 23:54:55,085 - INFO - Epoch [125/500], Loss: 1889.287112236023, Accuracy: 21.194262802400367%
2024-01-30 23:54:55,712 - INFO - Epoch [126/500], Loss: 1888.0881116390228, Accuracy: 21.223863728102042%
2024-01-30 23:54:56,385 - INFO - Epoch [127/500], Loss: 1886.9000072479248, Accuracy: 21.245391674066898%
2024-01-30 23:54:57,078 - INFO - Epoch [128/500], Loss: 1885.7228043079376, Accuracy: 21.291138559242217%
2024-01-30 23:54:57,872 - INFO - Epoch [129/500], Loss: 1884.5562191009521, Accuracy: 21.309975511961465%
2024-01-30 23:54:58,741 - INFO - Epoch [130/500], Loss: 1883.4001095294952, Accuracy: 21.336885444417536%
2024-01-30 23:54:59,504 - INFO - Epoch [131/500], Loss: 1882.2544527053833, Accuracy: 21.363795376873604%
2024-01-30 23:54:59,512 - INFO - Test Accuracy: 12.516469038208168%, Balanced Test Accuracy: 12.928590551462069%
2024-01-30 23:55:00,242 - INFO - Epoch [132/500], Loss: 1881.1190717220306, Accuracy: 21.398778289066495%
2024-01-30 23:55:00,925 - INFO - Epoch [133/500], Loss: 1879.994066476822, Accuracy: 21.42299722827696%
2024-01-30 23:55:01,687 - INFO - Epoch [134/500], Loss: 1878.879319190979, Accuracy: 21.449907160733027%
2024-01-30 23:55:02,397 - INFO - Epoch [135/500], Loss: 1877.7750930786133, Accuracy: 21.479508086434702%
2024-01-30 23:55:03,163 - INFO - Epoch [136/500], Loss: 1876.6815497875214, Accuracy: 21.514490998627593%
2024-01-30 23:55:03,900 - INFO - Epoch [137/500], Loss: 1875.5988495349884, Accuracy: 21.54409192432927%
2024-01-30 23:55:04,604 - INFO - Epoch [138/500], Loss: 1874.527470588684, Accuracy: 21.57100185678534%
2024-01-30 23:55:05,288 - INFO - Epoch [139/500], Loss: 1873.468009710312, Accuracy: 21.611366755469444%
2024-01-30 23:55:05,990 - INFO - Epoch [140/500], Loss: 1872.421172618866, Accuracy: 21.654422647399155%
2024-01-30 23:55:06,756 - INFO - Epoch [141/500], Loss: 1871.3880162239075, Accuracy: 21.68402357310083%
2024-01-30 23:55:06,766 - INFO - Test Accuracy: 12.648221343873518%, Balanced Test Accuracy: 13.039701662573181%
2024-01-30 23:55:07,468 - INFO - Epoch [142/500], Loss: 1870.3698217868805, Accuracy: 21.719006485293722%
2024-01-30 23:55:08,129 - INFO - Epoch [143/500], Loss: 1869.3677558898926, Accuracy: 21.743225424504185%
2024-01-30 23:55:08,783 - INFO - Epoch [144/500], Loss: 1868.3826019763947, Accuracy: 21.770135356960253%
2024-01-30 23:55:09,437 - INFO - Epoch [145/500], Loss: 1867.4142425060272, Accuracy: 21.81857323538118%
2024-01-30 23:55:10,113 - INFO - Epoch [146/500], Loss: 1866.4595715999603, Accuracy: 21.829337208363608%
2024-01-30 23:55:10,786 - INFO - Epoch [147/500], Loss: 1865.5126056671143, Accuracy: 21.845483167837248%
2024-01-30 23:55:11,453 - INFO - Epoch [148/500], Loss: 1864.5683145523071, Accuracy: 21.883157073275747%
2024-01-30 23:55:12,138 - INFO - Epoch [149/500], Loss: 1863.6252422332764, Accuracy: 21.904685019240603%
2024-01-30 23:55:12,788 - INFO - Epoch [150/500], Loss: 1862.6842637062073, Accuracy: 21.928903958451063%
2024-01-30 23:55:13,430 - INFO - Epoch [151/500], Loss: 1861.7473192214966, Accuracy: 21.945049917924706%
2024-01-30 23:55:13,438 - INFO - Test Accuracy: 12.648221343873518%, Balanced Test Accuracy: 13.039701662573181%
2024-01-30 23:55:14,070 - INFO - Epoch [152/500], Loss: 1860.816374540329, Accuracy: 21.950431904415918%
2024-01-30 23:55:14,788 - INFO - Epoch [153/500], Loss: 1859.8939309120178, Accuracy: 21.96657786388956%
2024-01-30 23:55:15,536 - INFO - Epoch [154/500], Loss: 1858.9836866855621, Accuracy: 22.02308872204731%
2024-01-30 23:55:16,251 - INFO - Epoch [155/500], Loss: 1858.0907926559448, Accuracy: 22.044616668012164%
2024-01-30 23:55:16,955 - INFO - Epoch [156/500], Loss: 1857.221491575241, Accuracy: 22.084981566696268%
2024-01-30 23:55:17,654 - INFO - Epoch [157/500], Loss: 1856.382169008255, Accuracy: 22.11727348564355%
2024-01-30 23:55:18,400 - INFO - Epoch [158/500], Loss: 1855.5752925872803, Accuracy: 22.14418341809962%
2024-01-30 23:55:19,133 - INFO - Epoch [159/500], Loss: 1854.7771492004395, Accuracy: 22.152256397836442%
2024-01-30 23:55:19,852 - INFO - Epoch [160/500], Loss: 1853.899653673172, Accuracy: 22.200694276257366%
2024-01-30 23:55:20,574 - INFO - Epoch [161/500], Loss: 1852.9168772697449, Accuracy: 22.22491321546783%
2024-01-30 23:55:20,582 - INFO - Test Accuracy: 12.911725955204217%, Balanced Test Accuracy: 13.254979440350958%
2024-01-30 23:55:21,277 - INFO - Epoch [162/500], Loss: 1851.9855575561523, Accuracy: 22.281424073625576%
2024-01-30 23:55:21,951 - INFO - Epoch [163/500], Loss: 1851.0877046585083, Accuracy: 22.319097979064072%
2024-01-30 23:55:22,629 - INFO - Epoch [164/500], Loss: 1850.1965675354004, Accuracy: 22.348698904765747%
2024-01-30 23:55:23,273 - INFO - Epoch [165/500], Loss: 1849.3116631507874, Accuracy: 22.399827776432282%
2024-01-30 23:55:24,020 - INFO - Epoch [166/500], Loss: 1848.43292593956, Accuracy: 22.43481068862517%
2024-01-30 23:55:24,699 - INFO - Epoch [167/500], Loss: 1847.5608565807343, Accuracy: 22.46172062108124%
2024-01-30 23:55:25,336 - INFO - Epoch [168/500], Loss: 1846.6957788467407, Accuracy: 22.483248567046097%
2024-01-30 23:55:25,998 - INFO - Epoch [169/500], Loss: 1845.8379304409027, Accuracy: 22.499394526519737%
2024-01-30 23:55:26,680 - INFO - Epoch [170/500], Loss: 1844.9874241352081, Accuracy: 22.534377438712628%
2024-01-30 23:55:27,381 - INFO - Epoch [171/500], Loss: 1844.1440088748932, Accuracy: 22.57474233739673%
2024-01-30 23:55:27,389 - INFO - Test Accuracy: 12.648221343873518%, Balanced Test Accuracy: 13.039055013900217%
2024-01-30 23:55:28,100 - INFO - Epoch [172/500], Loss: 1843.3073880672455, Accuracy: 22.62856220230887%
2024-01-30 23:55:28,819 - INFO - Epoch [173/500], Loss: 1842.4769484996796, Accuracy: 22.660854121256154%
2024-01-30 23:55:29,516 - INFO - Epoch [174/500], Loss: 1841.6520867347717, Accuracy: 22.67430908748419%
2024-01-30 23:55:30,238 - INFO - Epoch [175/500], Loss: 1840.8320469856262, Accuracy: 22.71198299292269%
2024-01-30 23:55:30,899 - INFO - Epoch [176/500], Loss: 1840.0160825252533, Accuracy: 22.76311186458922%
2024-01-30 23:55:31,576 - INFO - Epoch [177/500], Loss: 1839.2030236721039, Accuracy: 22.784639810554076%
2024-01-30 23:55:32,249 - INFO - Epoch [178/500], Loss: 1838.39169216156, Accuracy: 22.784639810554076%
2024-01-30 23:55:32,898 - INFO - Epoch [179/500], Loss: 1837.5812077522278, Accuracy: 22.80885874976454%
2024-01-30 23:55:33,631 - INFO - Epoch [180/500], Loss: 1836.7711412906647, Accuracy: 22.849223648448643%
2024-01-30 23:55:34,305 - INFO - Epoch [181/500], Loss: 1835.9619393348694, Accuracy: 22.865369607922283%
2024-01-30 23:55:34,314 - INFO - Test Accuracy: 12.779973649538867%, Balanced Test Accuracy: 13.198588462907349%
2024-01-30 23:55:35,009 - INFO - Epoch [182/500], Loss: 1835.1543939113617, Accuracy: 22.892279540378354%
2024-01-30 23:55:35,707 - INFO - Epoch [183/500], Loss: 1834.3494291305542, Accuracy: 22.938026425553673%
2024-01-30 23:55:36,401 - INFO - Epoch [184/500], Loss: 1833.5479781627655, Accuracy: 22.97300933774656%
2024-01-30 23:55:37,200 - INFO - Epoch [185/500], Loss: 1832.7506742477417, Accuracy: 22.997228276957024%
2024-01-30 23:55:37,854 - INFO - Epoch [186/500], Loss: 1831.9576842784882, Accuracy: 23.0268292026587%
2024-01-30 23:55:38,609 - INFO - Epoch [187/500], Loss: 1831.1696276664734, Accuracy: 23.032211189149915%
2024-01-30 23:55:39,483 - INFO - Epoch [188/500], Loss: 1830.386432647705, Accuracy: 23.051048141869163%
2024-01-30 23:55:40,190 - INFO - Epoch [189/500], Loss: 1829.608099937439, Accuracy: 23.067194101342807%
2024-01-30 23:55:40,961 - INFO - Epoch [190/500], Loss: 1828.8350212574005, Accuracy: 23.088722047307662%
2024-01-30 23:55:41,758 - INFO - Epoch [191/500], Loss: 1828.0672442913055, Accuracy: 23.112940986518122%
2024-01-30 23:55:41,767 - INFO - Test Accuracy: 12.911725955204217%, Balanced Test Accuracy: 13.286307761152964%
2024-01-30 23:55:42,580 - INFO - Epoch [192/500], Loss: 1827.3047139644623, Accuracy: 23.137159925728586%
2024-01-30 23:55:43,319 - INFO - Epoch [193/500], Loss: 1826.5478229522705, Accuracy: 23.155996878447834%
2024-01-30 23:55:44,192 - INFO - Epoch [194/500], Loss: 1825.79656124115, Accuracy: 23.16945184467587%
2024-01-30 23:55:44,963 - INFO - Epoch [195/500], Loss: 1825.0511946678162, Accuracy: 23.201743763623153%
2024-01-30 23:55:45,785 - INFO - Epoch [196/500], Loss: 1824.3119442462921, Accuracy: 23.25018164204408%
2024-01-30 23:55:46,424 - INFO - Epoch [197/500], Loss: 1823.5786774158478, Accuracy: 23.287855547482575%
2024-01-30 23:55:47,164 - INFO - Epoch [198/500], Loss: 1822.8512222766876, Accuracy: 23.322838459675467%
2024-01-30 23:55:47,938 - INFO - Epoch [199/500], Loss: 1822.1293795108795, Accuracy: 23.360512365113962%
2024-01-30 23:55:48,641 - INFO - Epoch [200/500], Loss: 1821.4125797748566, Accuracy: 23.360512365113962%
2024-01-30 23:55:49,274 - INFO - Epoch [201/500], Loss: 1820.699818611145, Accuracy: 23.376658324587606%
2024-01-30 23:55:49,283 - INFO - Test Accuracy: 13.175230566534914%, Balanced Test Accuracy: 13.512915948287466%
2024-01-30 23:55:49,909 - INFO - Epoch [202/500], Loss: 1819.990526676178, Accuracy: 23.40625925028928%
2024-01-30 23:55:50,570 - INFO - Epoch [203/500], Loss: 1819.2840640544891, Accuracy: 23.441242162482173%
2024-01-30 23:55:51,387 - INFO - Epoch [204/500], Loss: 1818.579823255539, Accuracy: 23.46007911520142%
2024-01-30 23:55:52,089 - INFO - Epoch [205/500], Loss: 1817.8778035640717, Accuracy: 23.481607061166276%
2024-01-30 23:55:52,798 - INFO - Epoch [206/500], Loss: 1817.1781103610992, Accuracy: 23.500444013885524%
2024-01-30 23:55:53,512 - INFO - Epoch [207/500], Loss: 1816.4813921451569, Accuracy: 23.532735932832807%
2024-01-30 23:55:54,192 - INFO - Epoch [208/500], Loss: 1815.787843465805, Accuracy: 23.554263878797663%
2024-01-30 23:55:54,865 - INFO - Epoch [209/500], Loss: 1815.0978837013245, Accuracy: 23.570409838271306%
2024-01-30 23:55:55,681 - INFO - Epoch [210/500], Loss: 1814.4118320941925, Accuracy: 23.60270175721859%
2024-01-30 23:55:56,392 - INFO - Epoch [211/500], Loss: 1813.72993850708, Accuracy: 23.624229703183445%
2024-01-30 23:55:56,401 - INFO - Test Accuracy: 12.779973649538867%, Balanced Test Accuracy: 13.145476370321571%
2024-01-30 23:55:57,134 - INFO - Epoch [212/500], Loss: 1813.0521161556244, Accuracy: 23.640375662657085%
2024-01-30 23:55:57,820 - INFO - Epoch [213/500], Loss: 1812.3785994052887, Accuracy: 23.659212615376337%
2024-01-30 23:55:58,499 - INFO - Epoch [214/500], Loss: 1811.7092835903168, Accuracy: 23.67266758160437%
2024-01-30 23:55:59,215 - INFO - Epoch [215/500], Loss: 1811.0440599918365, Accuracy: 23.69150453432362%
2024-01-30 23:55:59,933 - INFO - Epoch [216/500], Loss: 1810.382660627365, Accuracy: 23.713032480288476%
2024-01-30 23:56:00,755 - INFO - Epoch [217/500], Loss: 1809.7251336574554, Accuracy: 23.739942412744544%
2024-01-30 23:56:01,549 - INFO - Epoch [218/500], Loss: 1809.0712904930115, Accuracy: 23.74532439923576%
2024-01-30 23:56:02,329 - INFO - Epoch [219/500], Loss: 1808.420916557312, Accuracy: 23.774925324937435%
2024-01-30 23:56:03,138 - INFO - Epoch [220/500], Loss: 1807.7738463878632, Accuracy: 23.80452625063911%
2024-01-30 23:56:04,040 - INFO - Epoch [221/500], Loss: 1807.130045890808, Accuracy: 23.83143618309518%
2024-01-30 23:56:04,050 - INFO - Test Accuracy: 12.779973649538867%, Balanced Test Accuracy: 13.132850107695306%
2024-01-30 23:56:04,899 - INFO - Epoch [222/500], Loss: 1806.4889986515045, Accuracy: 23.85027313581443%
2024-01-30 23:56:05,636 - INFO - Epoch [223/500], Loss: 1805.8508524894714, Accuracy: 23.871801081779285%
2024-01-30 23:56:06,421 - INFO - Epoch [224/500], Loss: 1805.2152361869812, Accuracy: 23.887947041252925%
2024-01-30 23:56:07,302 - INFO - Epoch [225/500], Loss: 1804.5821826457977, Accuracy: 23.906783993972176%
2024-01-30 23:56:08,079 - INFO - Epoch [226/500], Loss: 1803.9514818191528, Accuracy: 23.944457899410672%
2024-01-30 23:56:08,854 - INFO - Epoch [227/500], Loss: 1803.3229348659515, Accuracy: 23.968676838621136%
2024-01-30 23:56:09,677 - INFO - Epoch [228/500], Loss: 1802.6964614391327, Accuracy: 23.995586771077203%
2024-01-30 23:56:10,471 - INFO - Epoch [229/500], Loss: 1802.0720369815826, Accuracy: 24.003659750814027%
2024-01-30 23:56:11,244 - INFO - Epoch [230/500], Loss: 1801.449496269226, Accuracy: 24.00635074405963%
2024-01-30 23:56:12,000 - INFO - Epoch [231/500], Loss: 1800.8289501667023, Accuracy: 24.019805710287667%
2024-01-30 23:56:12,010 - INFO - Test Accuracy: 13.043478260869565%, Balanced Test Accuracy: 13.301426049297568%
2024-01-30 23:56:12,857 - INFO - Epoch [232/500], Loss: 1800.210212945938, Accuracy: 24.03595166976131%
2024-01-30 23:56:13,618 - INFO - Epoch [233/500], Loss: 1799.593418121338, Accuracy: 24.065552595462986%
2024-01-30 23:56:14,437 - INFO - Epoch [234/500], Loss: 1798.978458404541, Accuracy: 24.08977153467345%
2024-01-30 23:56:15,288 - INFO - Epoch [235/500], Loss: 1798.3656532764435, Accuracy: 24.111299480638305%
2024-01-30 23:56:16,031 - INFO - Epoch [236/500], Loss: 1797.754754781723, Accuracy: 24.138209413094373%
2024-01-30 23:56:16,784 - INFO - Epoch [237/500], Loss: 1797.1461465358734, Accuracy: 24.15973735905923%
2024-01-30 23:56:17,568 - INFO - Epoch [238/500], Loss: 1796.5395884513855, Accuracy: 24.20279325098894%
2024-01-30 23:56:18,298 - INFO - Epoch [239/500], Loss: 1795.9354736804962, Accuracy: 24.227012190199403%
2024-01-30 23:56:18,971 - INFO - Epoch [240/500], Loss: 1795.3336868286133, Accuracy: 24.24854013616426%
2024-01-30 23:56:19,656 - INFO - Epoch [241/500], Loss: 1794.734391450882, Accuracy: 24.24584914291865%
2024-01-30 23:56:19,664 - INFO - Test Accuracy: 12.911725955204217%, Balanced Test Accuracy: 12.8847593826309%
2024-01-30 23:56:20,396 - INFO - Epoch [242/500], Loss: 1794.137764930725, Accuracy: 24.2646860956379%
2024-01-30 23:56:21,087 - INFO - Epoch [243/500], Loss: 1793.5435917377472, Accuracy: 24.278141061865934%
2024-01-30 23:56:21,830 - INFO - Epoch [244/500], Loss: 1792.9522619247437, Accuracy: 24.310432980813218%
2024-01-30 23:56:22,510 - INFO - Epoch [245/500], Loss: 1792.3635902404785, Accuracy: 24.323887947041253%
2024-01-30 23:56:23,184 - INFO - Epoch [246/500], Loss: 1791.7776472568512, Accuracy: 24.348106886251717%
2024-01-30 23:56:23,922 - INFO - Epoch [247/500], Loss: 1791.1944801807404, Accuracy: 24.369634832216573%
2024-01-30 23:56:24,665 - INFO - Epoch [248/500], Loss: 1790.6139960289001, Accuracy: 24.399235757918248%
2024-01-30 23:56:25,460 - INFO - Epoch [249/500], Loss: 1790.0362930297852, Accuracy: 24.412690724146284%
2024-01-30 23:56:26,152 - INFO - Epoch [250/500], Loss: 1789.4613454341888, Accuracy: 24.436909663356744%
2024-01-30 23:56:26,892 - INFO - Epoch [251/500], Loss: 1788.8889727592468, Accuracy: 24.4584376093216%
2024-01-30 23:56:26,900 - INFO - Test Accuracy: 13.043478260869565%, Balanced Test Accuracy: 12.995870493742013%
2024-01-30 23:56:27,527 - INFO - Epoch [252/500], Loss: 1788.319298505783, Accuracy: 24.469201582304027%
2024-01-30 23:56:28,199 - INFO - Epoch [253/500], Loss: 1787.7520775794983, Accuracy: 24.48803853502328%
2024-01-30 23:56:28,860 - INFO - Epoch [254/500], Loss: 1787.187494277954, Accuracy: 24.514948467479346%
2024-01-30 23:56:29,568 - INFO - Epoch [255/500], Loss: 1786.6252393722534, Accuracy: 24.536476413444202%
2024-01-30 23:56:30,205 - INFO - Epoch [256/500], Loss: 1786.0654029846191, Accuracy: 24.552622372917845%
2024-01-30 23:56:30,915 - INFO - Epoch [257/500], Loss: 1785.507788658142, Accuracy: 24.571459325637093%
2024-01-30 23:56:31,587 - INFO - Epoch [258/500], Loss: 1784.9524328708649, Accuracy: 24.603751244584377%
2024-01-30 23:56:32,220 - INFO - Epoch [259/500], Loss: 1784.3991811275482, Accuracy: 24.619897204058017%
2024-01-30 23:56:32,842 - INFO - Epoch [260/500], Loss: 1783.8480021953583, Accuracy: 24.64411614326848%
2024-01-30 23:56:33,464 - INFO - Epoch [261/500], Loss: 1783.2988348007202, Accuracy: 24.665644089233336%
2024-01-30 23:56:33,472 - INFO - Test Accuracy: 13.306982872200264%, Balanced Test Accuracy: 13.23518673305825%
2024-01-30 23:56:34,140 - INFO - Epoch [262/500], Loss: 1782.7516961097717, Accuracy: 24.67102607572455%
2024-01-30 23:56:34,740 - INFO - Epoch [263/500], Loss: 1782.2062199115753, Accuracy: 24.68717203519819%
2024-01-30 23:56:35,367 - INFO - Epoch [264/500], Loss: 1781.6626873016357, Accuracy: 24.69793600818062%
2024-01-30 23:56:36,086 - INFO - Epoch [265/500], Loss: 1781.1209869384766, Accuracy: 24.716772960899867%
2024-01-30 23:56:36,740 - INFO - Epoch [266/500], Loss: 1780.580885887146, Accuracy: 24.738300906864723%
2024-01-30 23:56:37,471 - INFO - Epoch [267/500], Loss: 1780.0427043437958, Accuracy: 24.757137859583974%
2024-01-30 23:56:38,182 - INFO - Epoch [268/500], Loss: 1779.5060777664185, Accuracy: 24.773283819057614%
2024-01-30 23:56:38,935 - INFO - Epoch [269/500], Loss: 1778.97105717659, Accuracy: 24.789429778531257%
2024-01-30 23:56:39,690 - INFO - Epoch [270/500], Loss: 1778.4378516674042, Accuracy: 24.80288474475929%
2024-01-30 23:56:40,468 - INFO - Epoch [271/500], Loss: 1777.9062540531158, Accuracy: 24.816339710987325%
2024-01-30 23:56:40,476 - INFO - Test Accuracy: 13.306982872200264%, Balanced Test Accuracy: 13.23518673305825%
2024-01-30 23:56:41,248 - INFO - Epoch [272/500], Loss: 1777.376310825348, Accuracy: 24.82172169747854%
2024-01-30 23:56:41,990 - INFO - Epoch [273/500], Loss: 1776.847941160202, Accuracy: 24.851322623180216%
2024-01-30 23:56:42,708 - INFO - Epoch [274/500], Loss: 1776.3212640285492, Accuracy: 24.872850569145072%
2024-01-30 23:56:43,462 - INFO - Epoch [275/500], Loss: 1775.7963483333588, Accuracy: 24.888996528618712%
2024-01-30 23:56:44,231 - INFO - Epoch [276/500], Loss: 1775.2729444503784, Accuracy: 24.894378515109928%
2024-01-30 23:56:45,014 - INFO - Epoch [277/500], Loss: 1774.751410484314, Accuracy: 24.905142488092356%
2024-01-30 23:56:45,865 - INFO - Epoch [278/500], Loss: 1774.2314970493317, Accuracy: 24.915906461074783%
2024-01-30 23:56:46,739 - INFO - Epoch [279/500], Loss: 1773.7133965492249, Accuracy: 24.910524474583568%
2024-01-30 23:56:47,502 - INFO - Epoch [280/500], Loss: 1773.1970670223236, Accuracy: 24.92936142730282%
2024-01-30 23:56:48,324 - INFO - Epoch [281/500], Loss: 1772.682475566864, Accuracy: 24.93743440703964%
2024-01-30 23:56:48,332 - INFO - Test Accuracy: 13.70223978919631%, Balanced Test Accuracy: 13.572906031303864%
2024-01-30 23:56:49,075 - INFO - Epoch [282/500], Loss: 1772.169720172882, Accuracy: 24.948198380022067%
2024-01-30 23:56:49,861 - INFO - Epoch [283/500], Loss: 1771.6588160991669, Accuracy: 24.977799305723742%
2024-01-30 23:56:50,683 - INFO - Epoch [284/500], Loss: 1771.1497864723206, Accuracy: 24.993945265197386%
2024-01-30 23:56:51,515 - INFO - Epoch [285/500], Loss: 1770.6426062583923, Accuracy: 25.010091224671026%
2024-01-30 23:56:52,339 - INFO - Epoch [286/500], Loss: 1770.137226819992, Accuracy: 25.03161917063588%
2024-01-30 23:56:53,187 - INFO - Epoch [287/500], Loss: 1769.6338934898376, Accuracy: 25.045074136863917%
2024-01-30 23:56:54,017 - INFO - Epoch [288/500], Loss: 1769.1324527263641, Accuracy: 25.071984069319985%
2024-01-30 23:56:54,823 - INFO - Epoch [289/500], Loss: 1768.6328709125519, Accuracy: 25.0773660558112%
2024-01-30 23:56:55,655 - INFO - Epoch [290/500], Loss: 1768.1354508399963, Accuracy: 25.10427598826727%
2024-01-30 23:56:56,375 - INFO - Epoch [291/500], Loss: 1767.6399002075195, Accuracy: 25.120421947740912%
2024-01-30 23:56:56,386 - INFO - Test Accuracy: 13.70223978919631%, Balanced Test Accuracy: 13.572906031303864%
2024-01-30 23:56:57,284 - INFO - Epoch [292/500], Loss: 1767.1462218761444, Accuracy: 25.150022873442587%
2024-01-30 23:56:58,341 - INFO - Epoch [293/500], Loss: 1766.654614686966, Accuracy: 25.155404859933803%
2024-01-30 23:56:59,285 - INFO - Epoch [294/500], Loss: 1766.164962053299, Accuracy: 25.168859826161835%
2024-01-30 23:57:00,165 - INFO - Epoch [295/500], Loss: 1765.6773474216461, Accuracy: 25.187696778881087%
2024-01-30 23:57:00,966 - INFO - Epoch [296/500], Loss: 1765.191543340683, Accuracy: 25.203842738354727%
2024-01-30 23:57:01,665 - INFO - Epoch [297/500], Loss: 1764.7078919410706, Accuracy: 25.238825650547618%
2024-01-30 23:57:02,379 - INFO - Epoch [298/500], Loss: 1764.226140499115, Accuracy: 25.254971610021258%
2024-01-30 23:57:03,046 - INFO - Epoch [299/500], Loss: 1763.7463805675507, Accuracy: 25.27380856274051%
2024-01-30 23:57:03,751 - INFO - Epoch [300/500], Loss: 1763.2684462070465, Accuracy: 25.308791474933397%
2024-01-30 23:57:04,722 - INFO - Epoch [301/500], Loss: 1762.792674779892, Accuracy: 25.330319420898253%
2024-01-30 23:57:04,732 - INFO - Test Accuracy: 13.83399209486166%, Balanced Test Accuracy: 13.77071747911531%
2024-01-30 23:57:05,711 - INFO - Epoch [302/500], Loss: 1762.3186657428741, Accuracy: 25.357229353354324%
2024-01-30 23:57:06,626 - INFO - Epoch [303/500], Loss: 1761.846643447876, Accuracy: 25.37875729931918%
2024-01-30 23:57:07,500 - INFO - Epoch [304/500], Loss: 1761.3764176368713, Accuracy: 25.392212265547215%
2024-01-30 23:57:08,329 - INFO - Epoch [305/500], Loss: 1760.9083456993103, Accuracy: 25.411049218266463%
2024-01-30 23:57:09,227 - INFO - Epoch [306/500], Loss: 1760.4419729709625, Accuracy: 25.43257716423132%
2024-01-30 23:57:10,100 - INFO - Epoch [307/500], Loss: 1759.9776005744934, Accuracy: 25.44872312370496%
2024-01-30 23:57:10,931 - INFO - Epoch [308/500], Loss: 1759.5148050785065, Accuracy: 25.481015042652242%
2024-01-30 23:57:11,715 - INFO - Epoch [309/500], Loss: 1759.0541725158691, Accuracy: 25.505233981862705%
2024-01-30 23:57:12,387 - INFO - Epoch [310/500], Loss: 1758.5952892303467, Accuracy: 25.513306961599525%
2024-01-30 23:57:13,187 - INFO - Epoch [311/500], Loss: 1758.138382434845, Accuracy: 25.52945292107317%
2024-01-30 23:57:13,197 - INFO - Test Accuracy: 13.96574440052701%, Balanced Test Accuracy: 13.881828590226423%
2024-01-30 23:57:13,983 - INFO - Epoch [312/500], Loss: 1757.6831769943237, Accuracy: 25.548289873792417%
2024-01-30 23:57:14,802 - INFO - Epoch [313/500], Loss: 1757.2298908233643, Accuracy: 25.556362853529237%
2024-01-30 23:57:15,639 - INFO - Epoch [314/500], Loss: 1756.7785003185272, Accuracy: 25.585963779230916%
2024-01-30 23:57:16,422 - INFO - Epoch [315/500], Loss: 1756.329036951065, Accuracy: 25.585963779230916%
2024-01-30 23:57:17,210 - INFO - Epoch [316/500], Loss: 1755.881471157074, Accuracy: 25.610182718441376%
2024-01-30 23:57:17,986 - INFO - Epoch [317/500], Loss: 1755.4358358383179, Accuracy: 25.62363768466941%
2024-01-30 23:57:18,710 - INFO - Epoch [318/500], Loss: 1754.9921884536743, Accuracy: 25.62632867791502%
2024-01-30 23:57:19,784 - INFO - Epoch [319/500], Loss: 1754.5505816936493, Accuracy: 25.650547617125483%
2024-01-30 23:57:22,677 - INFO - Epoch [320/500], Loss: 1754.1110084056854, Accuracy: 25.674766556335943%
2024-01-30 23:57:26,376 - INFO - Epoch [321/500], Loss: 1753.6736116409302, Accuracy: 25.693603509055194%
2024-01-30 23:57:26,396 - INFO - Test Accuracy: 14.097496706192358%, Balanced Test Accuracy: 14.11992382832166%
2024-01-30 23:57:28,026 - INFO - Epoch [322/500], Loss: 1753.238394498825, Accuracy: 25.707058475283226%
2024-01-30 23:57:28,883 - INFO - Epoch [323/500], Loss: 1752.8055238723755, Accuracy: 25.725895428002477%
2024-01-30 23:57:29,686 - INFO - Epoch [324/500], Loss: 1752.375004529953, Accuracy: 25.736659400984905%
2024-01-30 23:57:30,426 - INFO - Epoch [325/500], Loss: 1751.9472994804382, Accuracy: 25.744732380721725%
2024-01-30 23:57:31,153 - INFO - Epoch [326/500], Loss: 1751.5223672389984, Accuracy: 25.75818734694976%
2024-01-30 23:57:31,846 - INFO - Epoch [327/500], Loss: 1751.1004328727722, Accuracy: 25.771642313177793%
2024-01-30 23:57:32,588 - INFO - Epoch [328/500], Loss: 1750.6821467876434, Accuracy: 25.790479265897044%
2024-01-30 23:57:33,341 - INFO - Epoch [329/500], Loss: 1750.2681772708893, Accuracy: 25.809316218616292%
2024-01-30 23:57:34,108 - INFO - Epoch [330/500], Loss: 1749.8589179515839, Accuracy: 25.8120072118619%
2024-01-30 23:57:34,899 - INFO - Epoch [331/500], Loss: 1749.4553780555725, Accuracy: 25.822771184844328%
2024-01-30 23:57:34,908 - INFO - Test Accuracy: 14.097496706192358%, Balanced Test Accuracy: 14.11992382832166%
2024-01-30 23:57:35,654 - INFO - Epoch [332/500], Loss: 1749.0592761039734, Accuracy: 25.846990124054788%
2024-01-30 23:57:36,405 - INFO - Epoch [333/500], Loss: 1748.6720457077026, Accuracy: 25.86582707677404%
2024-01-30 23:57:37,114 - INFO - Epoch [334/500], Loss: 1748.2961761951447, Accuracy: 25.87390005651086%
2024-01-30 23:57:37,926 - INFO - Epoch [335/500], Loss: 1747.9339907169342, Accuracy: 25.868518070019643%
2024-01-30 23:57:38,708 - INFO - Epoch [336/500], Loss: 1747.5850231647491, Accuracy: 25.87928204300207%
2024-01-30 23:57:39,567 - INFO - Epoch [337/500], Loss: 1747.2424142360687, Accuracy: 25.895428002475715%
2024-01-30 23:57:40,360 - INFO - Epoch [338/500], Loss: 1746.8909721374512, Accuracy: 25.91695594844057%
2024-01-30 23:57:41,101 - INFO - Epoch [339/500], Loss: 1746.5185647010803, Accuracy: 25.927719921422998%
2024-01-30 23:57:41,852 - INFO - Epoch [340/500], Loss: 1746.1279447078705, Accuracy: 25.935792901159818%
2024-01-30 23:57:42,683 - INFO - Epoch [341/500], Loss: 1745.7294335365295, Accuracy: 25.949247867387854%
2024-01-30 23:57:42,695 - INFO - Test Accuracy: 14.492753623188406%, Balanced Test Accuracy: 14.446877576328044%
2024-01-30 23:57:43,520 - INFO - Epoch [342/500], Loss: 1745.328860282898, Accuracy: 25.957320847124674%
2024-01-30 23:57:44,352 - INFO - Epoch [343/500], Loss: 1744.9277801513672, Accuracy: 25.9680848201071%
2024-01-30 23:57:45,018 - INFO - Epoch [344/500], Loss: 1744.5253880023956, Accuracy: 25.984230779580745%
2024-01-30 23:57:45,701 - INFO - Epoch [345/500], Loss: 1744.1198868751526, Accuracy: 26.000376739054385%
2024-01-30 23:57:46,464 - INFO - Epoch [346/500], Loss: 1743.7106280326843, Accuracy: 26.01652269852803%
2024-01-30 23:57:47,209 - INFO - Epoch [347/500], Loss: 1743.297349691391, Accuracy: 26.027286671510456%
2024-01-30 23:57:48,002 - INFO - Epoch [348/500], Loss: 1742.8806915283203, Accuracy: 26.04074163773849%
2024-01-30 23:57:48,814 - INFO - Epoch [349/500], Loss: 1742.462082862854, Accuracy: 26.062269583703344%
2024-01-30 23:57:49,521 - INFO - Epoch [350/500], Loss: 1742.042816400528, Accuracy: 26.0837975296682%
2024-01-30 23:57:50,197 - INFO - Epoch [351/500], Loss: 1741.6235647201538, Accuracy: 26.108016468878663%
2024-01-30 23:57:50,207 - INFO - Test Accuracy: 14.492753623188406%, Balanced Test Accuracy: 14.383081723058503%
2024-01-30 23:57:51,123 - INFO - Epoch [352/500], Loss: 1741.2056677341461, Accuracy: 26.116089448615483%
2024-01-30 23:57:51,972 - INFO - Epoch [353/500], Loss: 1740.7896196842194, Accuracy: 26.12954441484352%
2024-01-30 23:57:52,876 - INFO - Epoch [354/500], Loss: 1740.375869512558, Accuracy: 26.132235408089127%
2024-01-30 23:57:53,666 - INFO - Epoch [355/500], Loss: 1739.9649050235748, Accuracy: 26.148381367562767%
2024-01-30 23:57:54,419 - INFO - Epoch [356/500], Loss: 1739.5570051670074, Accuracy: 26.153763354053982%
2024-01-30 23:57:55,197 - INFO - Epoch [357/500], Loss: 1739.1523492336273, Accuracy: 26.186055273001266%
2024-01-30 23:57:55,994 - INFO - Epoch [358/500], Loss: 1738.7506511211395, Accuracy: 26.202201232474906%
2024-01-30 23:57:56,897 - INFO - Epoch [359/500], Loss: 1738.352130651474, Accuracy: 26.239875137913405%
2024-01-30 23:57:57,665 - INFO - Epoch [360/500], Loss: 1737.9565606117249, Accuracy: 26.247948117650225%
2024-01-30 23:57:58,456 - INFO - Epoch [361/500], Loss: 1737.5637075901031, Accuracy: 26.253330104141437%
2024-01-30 23:57:58,464 - INFO - Test Accuracy: 14.756258234519104%, Balanced Test Accuracy: 14.574967687970783%
2024-01-30 23:57:59,196 - INFO - Epoch [362/500], Loss: 1737.1734461784363, Accuracy: 26.266785070369473%
2024-01-30 23:57:59,926 - INFO - Epoch [363/500], Loss: 1736.7851827144623, Accuracy: 26.26947606361508%
2024-01-30 23:58:00,703 - INFO - Epoch [364/500], Loss: 1736.3990256786346, Accuracy: 26.293695002825544%
2024-01-30 23:58:01,458 - INFO - Epoch [365/500], Loss: 1736.014345407486, Accuracy: 26.307149969053576%
2024-01-30 23:58:02,180 - INFO - Epoch [366/500], Loss: 1735.6306192874908, Accuracy: 26.32867791501843%
2024-01-30 23:58:02,903 - INFO - Epoch [367/500], Loss: 1735.2478783130646, Accuracy: 26.35827884072011%
2024-01-30 23:58:03,704 - INFO - Epoch [368/500], Loss: 1734.8655638694763, Accuracy: 26.398643739404214%
2024-01-30 23:58:04,555 - INFO - Epoch [369/500], Loss: 1734.4835767745972, Accuracy: 26.404025725895426%
2024-01-30 23:58:05,325 - INFO - Epoch [370/500], Loss: 1734.1016216278076, Accuracy: 26.42017168536907%
2024-01-30 23:58:06,101 - INFO - Epoch [371/500], Loss: 1733.7199449539185, Accuracy: 26.430935658351498%
2024-01-30 23:58:06,110 - INFO - Test Accuracy: 14.756258234519104%, Balanced Test Accuracy: 14.574967687970783%
2024-01-30 23:58:06,947 - INFO - Epoch [372/500], Loss: 1733.3384277820587, Accuracy: 26.439008638088318%
2024-01-30 23:58:07,718 - INFO - Epoch [373/500], Loss: 1732.9572849273682, Accuracy: 26.447081617825138%
2024-01-30 23:58:08,465 - INFO - Epoch [374/500], Loss: 1732.576721906662, Accuracy: 26.476682543526817%
2024-01-30 23:58:09,295 - INFO - Epoch [375/500], Loss: 1732.196982383728, Accuracy: 26.484755523263637%
2024-01-30 23:58:10,078 - INFO - Epoch [376/500], Loss: 1731.8183953762054, Accuracy: 26.495519496246065%
2024-01-30 23:58:10,888 - INFO - Epoch [377/500], Loss: 1731.4408407211304, Accuracy: 26.511665455719704%
2024-01-30 23:58:11,650 - INFO - Epoch [378/500], Loss: 1731.0645382404327, Accuracy: 26.506283469228492%
2024-01-30 23:58:12,415 - INFO - Epoch [379/500], Loss: 1730.6895685195923, Accuracy: 26.522429428702132%
2024-01-30 23:58:13,180 - INFO - Epoch [380/500], Loss: 1730.3161828517914, Accuracy: 26.538575388175776%
2024-01-30 23:58:13,918 - INFO - Epoch [381/500], Loss: 1729.9441373348236, Accuracy: 26.546648367912596%
2024-01-30 23:58:13,927 - INFO - Test Accuracy: 14.624505928853756%, Balanced Test Accuracy: 14.436078799081898%
2024-01-30 23:58:14,728 - INFO - Epoch [382/500], Loss: 1729.5733053684235, Accuracy: 26.565485320631844%
2024-01-30 23:58:15,612 - INFO - Epoch [383/500], Loss: 1729.2042319774628, Accuracy: 26.592395253087915%
2024-01-30 23:58:16,437 - INFO - Epoch [384/500], Loss: 1728.8364202976227, Accuracy: 26.597777239579127%
2024-01-30 23:58:17,159 - INFO - Epoch [385/500], Loss: 1728.4697766304016, Accuracy: 26.603159226070343%
2024-01-30 23:58:17,924 - INFO - Epoch [386/500], Loss: 1728.1046526432037, Accuracy: 26.611232205807163%
2024-01-30 23:58:18,747 - INFO - Epoch [387/500], Loss: 1727.7406311035156, Accuracy: 26.627378165280806%
2024-01-30 23:58:19,507 - INFO - Epoch [388/500], Loss: 1727.3781549930573, Accuracy: 26.638142138263234%
2024-01-30 23:58:20,321 - INFO - Epoch [389/500], Loss: 1727.016738653183, Accuracy: 26.646215118000054%
2024-01-30 23:58:21,243 - INFO - Epoch [390/500], Loss: 1726.6564886569977, Accuracy: 26.651597104491266%
2024-01-30 23:58:22,045 - INFO - Epoch [391/500], Loss: 1726.297401189804, Accuracy: 26.662361077473694%
2024-01-30 23:58:22,052 - INFO - Test Accuracy: 14.888010540184453%, Balanced Test Accuracy: 14.675313248842661%
2024-01-30 23:58:22,832 - INFO - Epoch [392/500], Loss: 1725.9393303394318, Accuracy: 26.670434057210517%
2024-01-30 23:58:23,613 - INFO - Epoch [393/500], Loss: 1725.5822479724884, Accuracy: 26.691962003175373%
2024-01-30 23:58:24,271 - INFO - Epoch [394/500], Loss: 1725.2259850502014, Accuracy: 26.705416969403405%
2024-01-30 23:58:24,977 - INFO - Epoch [395/500], Loss: 1724.87051653862, Accuracy: 26.71887193563144%
2024-01-30 23:58:25,684 - INFO - Epoch [396/500], Loss: 1724.5158343315125, Accuracy: 26.724253922122656%
2024-01-30 23:58:26,335 - INFO - Epoch [397/500], Loss: 1724.1618194580078, Accuracy: 26.73770888835069%
2024-01-30 23:58:27,028 - INFO - Epoch [398/500], Loss: 1723.8084924221039, Accuracy: 26.753854847824332%
2024-01-30 23:58:27,735 - INFO - Epoch [399/500], Loss: 1723.45627784729, Accuracy: 26.759236834315544%
2024-01-30 23:58:28,420 - INFO - Epoch [400/500], Loss: 1723.1056809425354, Accuracy: 26.786146766771616%
2024-01-30 23:58:29,225 - INFO - Epoch [401/500], Loss: 1722.7571535110474, Accuracy: 26.794219746508436%
2024-01-30 23:58:29,234 - INFO - Test Accuracy: 14.888010540184453%, Balanced Test Accuracy: 14.675313248842661%
2024-01-30 23:58:29,980 - INFO - Epoch [402/500], Loss: 1722.4119169712067, Accuracy: 26.802292726245255%
2024-01-30 23:58:30,687 - INFO - Epoch [403/500], Loss: 1722.0712978839874, Accuracy: 26.813056699227683%
2024-01-30 23:58:31,447 - INFO - Epoch [404/500], Loss: 1721.7370264530182, Accuracy: 26.82651166545572%
2024-01-30 23:58:32,239 - INFO - Epoch [405/500], Loss: 1721.4117896556854, Accuracy: 26.831893651946935%
2024-01-30 23:58:33,030 - INFO - Epoch [406/500], Loss: 1721.0984754562378, Accuracy: 26.842657624929362%
2024-01-30 23:58:33,889 - INFO - Epoch [407/500], Loss: 1720.8024644851685, Accuracy: 26.858803584403002%
2024-01-30 23:58:34,841 - INFO - Epoch [408/500], Loss: 1720.5293300151825, Accuracy: 26.872258550631038%
2024-01-30 23:58:35,655 - INFO - Epoch [409/500], Loss: 1720.286622285843, Accuracy: 26.899168483087106%
2024-01-30 23:58:36,427 - INFO - Epoch [410/500], Loss: 1720.077810049057, Accuracy: 26.888404510104678%
2024-01-30 23:58:37,227 - INFO - Epoch [411/500], Loss: 1719.8915843963623, Accuracy: 26.909932456069534%
2024-01-30 23:58:37,236 - INFO - Test Accuracy: 14.756258234519104%, Balanced Test Accuracy: 14.602745465748562%
2024-01-30 23:58:38,034 - INFO - Epoch [412/500], Loss: 1719.6801841259003, Accuracy: 26.928769408788785%
2024-01-30 23:58:38,910 - INFO - Epoch [413/500], Loss: 1719.4007196426392, Accuracy: 26.928769408788785%
2024-01-30 23:58:39,672 - INFO - Epoch [414/500], Loss: 1719.104094028473, Accuracy: 26.96106132773607%
2024-01-30 23:58:40,386 - INFO - Epoch [415/500], Loss: 1718.8224701881409, Accuracy: 26.96644331422728%
2024-01-30 23:58:41,084 - INFO - Epoch [416/500], Loss: 1718.526457309723, Accuracy: 26.928769408788785%
2024-01-30 23:58:41,848 - INFO - Epoch [417/500], Loss: 1718.1921527385712, Accuracy: 26.939533381771213%
2024-01-30 23:58:42,591 - INFO - Epoch [418/500], Loss: 1717.8230328559875, Accuracy: 26.96106132773607%
2024-01-30 23:58:43,463 - INFO - Epoch [419/500], Loss: 1717.4402816295624, Accuracy: 26.96644331422728%
2024-01-30 23:58:44,333 - INFO - Epoch [420/500], Loss: 1717.0603058338165, Accuracy: 26.979898280455316%
2024-01-30 23:58:45,188 - INFO - Epoch [421/500], Loss: 1716.6873416900635, Accuracy: 26.993353246683352%
2024-01-30 23:58:45,198 - INFO - Test Accuracy: 14.888010540184453%, Balanced Test Accuracy: 14.833207985684767%
2024-01-30 23:58:46,161 - INFO - Epoch [422/500], Loss: 1716.3206524848938, Accuracy: 27.0121901994026%
2024-01-30 23:58:47,106 - INFO - Epoch [423/500], Loss: 1715.9582998752594, Accuracy: 27.022954172385028%
2024-01-30 23:58:47,824 - INFO - Epoch [424/500], Loss: 1715.5991189479828, Accuracy: 27.039100131858667%
2024-01-30 23:58:48,691 - INFO - Epoch [425/500], Loss: 1715.241958141327, Accuracy: 27.04717311159549%
2024-01-30 23:58:49,539 - INFO - Epoch [426/500], Loss: 1714.8863801956177, Accuracy: 27.06601006431474%
2024-01-30 23:58:50,396 - INFO - Epoch [427/500], Loss: 1714.5322210788727, Accuracy: 27.076774037297167%
2024-01-30 23:58:51,304 - INFO - Epoch [428/500], Loss: 1714.1789622306824, Accuracy: 27.087538010279594%
2024-01-30 23:58:52,150 - INFO - Epoch [429/500], Loss: 1713.8268229961395, Accuracy: 27.10099297650763%
2024-01-30 23:58:52,929 - INFO - Epoch [430/500], Loss: 1713.4755866527557, Accuracy: 27.103683969753234%
2024-01-30 23:58:53,781 - INFO - Epoch [431/500], Loss: 1713.1252624988556, Accuracy: 27.133284895454914%
2024-01-30 23:58:53,790 - INFO - Test Accuracy: 14.888010540184453%, Balanced Test Accuracy: 14.833207985684767%
2024-01-30 23:58:54,660 - INFO - Epoch [432/500], Loss: 1712.7757046222687, Accuracy: 27.133284895454914%
2024-01-30 23:58:55,507 - INFO - Epoch [433/500], Loss: 1712.4269435405731, Accuracy: 27.15481284141977%
2024-01-30 23:58:56,383 - INFO - Epoch [434/500], Loss: 1712.0791516304016, Accuracy: 27.15481284141977%
2024-01-30 23:58:57,293 - INFO - Epoch [435/500], Loss: 1711.7319412231445, Accuracy: 27.15481284141977%
2024-01-30 23:58:58,036 - INFO - Epoch [436/500], Loss: 1711.3858959674835, Accuracy: 27.173649794139017%
2024-01-30 23:58:58,777 - INFO - Epoch [437/500], Loss: 1711.040420293808, Accuracy: 27.187104760367053%
2024-01-30 23:58:59,599 - INFO - Epoch [438/500], Loss: 1710.6962819099426, Accuracy: 27.192486746858265%
2024-01-30 23:59:00,454 - INFO - Epoch [439/500], Loss: 1710.3528311252594, Accuracy: 27.21401469282312%
2024-01-30 23:59:01,262 - INFO - Epoch [440/500], Loss: 1710.0104167461395, Accuracy: 27.224778665805548%
2024-01-30 23:59:02,070 - INFO - Epoch [441/500], Loss: 1709.6689291000366, Accuracy: 27.235542638787976%
2024-01-30 23:59:02,078 - INFO - Test Accuracy: 15.151515151515152%, Balanced Test Accuracy: 15.04913241213551%
2024-01-30 23:59:02,788 - INFO - Epoch [442/500], Loss: 1709.3286652565002, Accuracy: 27.246306611770404%
2024-01-30 23:59:03,550 - INFO - Epoch [443/500], Loss: 1708.9893791675568, Accuracy: 27.254379591507224%
2024-01-30 23:59:04,269 - INFO - Epoch [444/500], Loss: 1708.6510260105133, Accuracy: 27.26514356448965%
2024-01-30 23:59:05,033 - INFO - Epoch [445/500], Loss: 1708.313684463501, Accuracy: 27.27590753747208%
2024-01-30 23:59:05,845 - INFO - Epoch [446/500], Loss: 1707.9777481555939, Accuracy: 27.273216544226475%
2024-01-30 23:59:06,650 - INFO - Epoch [447/500], Loss: 1707.6426911354065, Accuracy: 27.281289523963295%
2024-01-30 23:59:07,658 - INFO - Epoch [448/500], Loss: 1707.3090844154358, Accuracy: 27.289362503700115%
2024-01-30 23:59:08,516 - INFO - Epoch [449/500], Loss: 1706.9762344360352, Accuracy: 27.300126476682543%
2024-01-30 23:59:09,375 - INFO - Epoch [450/500], Loss: 1706.6448912620544, Accuracy: 27.31089044966497%
2024-01-30 23:59:10,275 - INFO - Epoch [451/500], Loss: 1706.3146324157715, Accuracy: 27.3216544226474%
2024-01-30 23:59:10,284 - INFO - Test Accuracy: 15.2832674571805%, Balanced Test Accuracy: 15.1880213010244%
2024-01-30 23:59:11,143 - INFO - Epoch [452/500], Loss: 1705.9852261543274, Accuracy: 27.332418395629826%
2024-01-30 23:59:12,023 - INFO - Epoch [453/500], Loss: 1705.6575543880463, Accuracy: 27.32972740238422%
2024-01-30 23:59:12,847 - INFO - Epoch [454/500], Loss: 1705.3311641216278, Accuracy: 27.343182368612254%
2024-01-30 23:59:13,575 - INFO - Epoch [455/500], Loss: 1705.0056283473969, Accuracy: 27.34856435510347%
2024-01-30 23:59:14,420 - INFO - Epoch [456/500], Loss: 1704.6815071105957, Accuracy: 27.35663733484029%
2024-01-30 23:59:15,249 - INFO - Epoch [457/500], Loss: 1704.3587019443512, Accuracy: 27.37278329431393%
2024-01-30 23:59:16,187 - INFO - Epoch [458/500], Loss: 1704.0373787879944, Accuracy: 27.388929253787573%
2024-01-30 23:59:17,079 - INFO - Epoch [459/500], Loss: 1703.7173743247986, Accuracy: 27.405075213261213%
2024-01-30 23:59:17,859 - INFO - Epoch [460/500], Loss: 1703.3987691402435, Accuracy: 27.413148192998037%
2024-01-30 23:59:18,593 - INFO - Epoch [461/500], Loss: 1703.0812993049622, Accuracy: 27.421221172734857%
2024-01-30 23:59:18,601 - INFO - Test Accuracy: 15.5467720685112%, Balanced Test Accuracy: 15.427255750785166%
2024-01-30 23:59:19,285 - INFO - Epoch [462/500], Loss: 1702.7656173706055, Accuracy: 27.434676138962892%
2024-01-30 23:59:19,899 - INFO - Epoch [463/500], Loss: 1702.4513289928436, Accuracy: 27.442749118699712%
2024-01-30 23:59:20,536 - INFO - Epoch [464/500], Loss: 1702.1387486457825, Accuracy: 27.456204084927748%
2024-01-30 23:59:21,200 - INFO - Epoch [465/500], Loss: 1701.827793598175, Accuracy: 27.46965905115578%
2024-01-30 23:59:21,903 - INFO - Epoch [466/500], Loss: 1701.5187196731567, Accuracy: 27.46965905115578%
2024-01-30 23:59:22,640 - INFO - Epoch [467/500], Loss: 1701.2116055488586, Accuracy: 27.480423024138208%
2024-01-30 23:59:23,345 - INFO - Epoch [468/500], Loss: 1700.9063420295715, Accuracy: 27.483114017383816%
2024-01-30 23:59:24,041 - INFO - Epoch [469/500], Loss: 1700.6031959056854, Accuracy: 27.48849600387503%
2024-01-30 23:59:24,752 - INFO - Epoch [470/500], Loss: 1700.3023173809052, Accuracy: 27.50464196334867%
2024-01-30 23:59:25,415 - INFO - Epoch [471/500], Loss: 1700.0032484531403, Accuracy: 27.50464196334867%
2024-01-30 23:59:25,423 - INFO - Test Accuracy: 15.678524374176549%, Balanced Test Accuracy: 15.566144639674054%
2024-01-30 23:59:26,116 - INFO - Epoch [472/500], Loss: 1699.70667719841, Accuracy: 27.51271494308549%
2024-01-30 23:59:26,826 - INFO - Epoch [473/500], Loss: 1699.4121267795563, Accuracy: 27.534242889050347%
2024-01-30 23:59:27,509 - INFO - Epoch [474/500], Loss: 1699.119689464569, Accuracy: 27.545006862032775%
2024-01-30 23:59:28,159 - INFO - Epoch [475/500], Loss: 1698.8294479846954, Accuracy: 27.55846182826081%
2024-01-30 23:59:28,807 - INFO - Epoch [476/500], Loss: 1698.5410814285278, Accuracy: 27.56115282150642%
2024-01-30 23:59:29,491 - INFO - Epoch [477/500], Loss: 1698.2549188137054, Accuracy: 27.56922580124324%
2024-01-30 23:59:30,167 - INFO - Epoch [478/500], Loss: 1697.970493555069, Accuracy: 27.56653480799763%
2024-01-30 23:59:30,860 - INFO - Epoch [479/500], Loss: 1697.6876893043518, Accuracy: 27.57729878098006%
2024-01-30 23:59:31,593 - INFO - Epoch [480/500], Loss: 1697.4063954353333, Accuracy: 27.582680767471274%
2024-01-30 23:59:32,399 - INFO - Epoch [481/500], Loss: 1697.1263971328735, Accuracy: 27.579989774225666%
2024-01-30 23:59:32,407 - INFO - Test Accuracy: 15.678524374176549%, Balanced Test Accuracy: 15.606630469633567%
2024-01-30 23:59:33,205 - INFO - Epoch [482/500], Loss: 1696.8477232456207, Accuracy: 27.59613573369931%
2024-01-30 23:59:33,988 - INFO - Epoch [483/500], Loss: 1696.5702962875366, Accuracy: 27.60420871343613%
2024-01-30 23:59:34,822 - INFO - Epoch [484/500], Loss: 1696.2944569587708, Accuracy: 27.623045666155377%
2024-01-30 23:59:35,703 - INFO - Epoch [485/500], Loss: 1696.0199313163757, Accuracy: 27.633809639137805%
2024-01-30 23:59:36,501 - INFO - Epoch [486/500], Loss: 1695.746854543686, Accuracy: 27.636500632383413%
2024-01-30 23:59:37,309 - INFO - Epoch [487/500], Loss: 1695.4753420352936, Accuracy: 27.63919162562902%
2024-01-30 23:59:38,056 - INFO - Epoch [488/500], Loss: 1695.204381942749, Accuracy: 27.644573612120233%
2024-01-30 23:59:38,857 - INFO - Epoch [489/500], Loss: 1694.9310870170593, Accuracy: 27.660719571593877%
2024-01-30 23:59:39,634 - INFO - Epoch [490/500], Loss: 1694.6500878334045, Accuracy: 27.671483544576304%
2024-01-30 23:59:40,508 - INFO - Epoch [491/500], Loss: 1694.3489758968353, Accuracy: 27.69301149054116%
2024-01-30 23:59:40,518 - INFO - Test Accuracy: 15.41501976284585%, Balanced Test Accuracy: 15.508728371731467%
2024-01-30 23:59:41,400 - INFO - Epoch [492/500], Loss: 1694.006698846817, Accuracy: 27.725303409488443%
2024-01-30 23:59:42,150 - INFO - Epoch [493/500], Loss: 1693.6930923461914, Accuracy: 27.738758375716476%
2024-01-30 23:59:43,044 - INFO - Epoch [494/500], Loss: 1693.3424634933472, Accuracy: 27.7468313554533%
2024-01-30 23:59:43,796 - INFO - Epoch [495/500], Loss: 1693.0170919895172, Accuracy: 27.757595328435727%
2024-01-30 23:59:44,537 - INFO - Epoch [496/500], Loss: 1692.718549489975, Accuracy: 27.76028632168133%
2024-01-30 23:59:45,284 - INFO - Epoch [497/500], Loss: 1692.4345436096191, Accuracy: 27.76028632168133%
2024-01-30 23:59:46,060 - INFO - Epoch [498/500], Loss: 1692.1595258712769, Accuracy: 27.765668308172547%
2024-01-30 23:59:46,816 - INFO - Epoch [499/500], Loss: 1691.8896315097809, Accuracy: 27.784505260891795%
2024-01-30 23:59:47,531 - INFO - Epoch [500/500], Loss: 1691.623702287674, Accuracy: 27.792578240628615%
2024-01-30 23:59:47,846 - INFO - Test Accuracy: 14.56223628691983%, Balanced Test Accuracy: 14.56223628691983%
2024-01-30 23:59:48,144 - INFO - Final unblanced test accuracy: 14.56223628691983% and final balanced test accuracy 14.56223628691983
