2024-02-01 13:04:23,982 - INFO - Configuration:
{
    "task": "5",
    "topic": "daa1_classifier",
    "train_classifier": true,
    "number_gpus": "1",
    "modalities": [
        "rgb"
    ],
    "encoder_model": "MAE",
    "mask_ratio": 0.8,
    "dataset": "NTU",
    "split": "CV",
    "num_classes": 60,
    "epochs": 500,
    "res_cktp": false,
    "cktp_dir": "/home/bas06400/Thesis/VIP/src/align_checkpoints/mae_checkpoints/",
    "trained_encoder": "checkpoint_rgb_1_20240130_232005.pth",
    "learning_rate": 0.001,
    "temperature": 0.1,
    "num_workers": 10,
    "batch_size": 64,
    "data_root": "/net/polaris/storage/deeplearning/ntu",
    "random_sample": false,
    "pin_memory": true,
    "scheduler_config": {
        "type": "plateau",
        "params": {
            "mode": "min",
            "factor": 0.1,
            "patience": 5
        }
    }
}
2024-02-01 13:04:24,034 - INFO - Training MAE for rgb...
2024-02-01 13:04:24,551 - INFO - Evaluing on the following GPUs [0]
2024-02-01 13:04:33,433 - INFO - Starting feature extraction...
2024-02-01 13:39:49,521 - INFO - Epoch [1/500], Loss: 2308.0264427661896, Accuracy: 4.795349963671591%
2024-02-01 13:39:49,537 - INFO - Test Accuracy: 6.587615283267457%, Balanced Test Accuracy: 6.088126785495207%
2024-02-01 13:39:50,339 - INFO - Epoch [2/500], Loss: 2164.00772023201, Accuracy: 7.844245310944269%
2024-02-01 13:39:50,986 - INFO - Epoch [3/500], Loss: 2088.732047557831, Accuracy: 10.013185866903473%
2024-02-01 13:39:51,642 - INFO - Epoch [4/500], Loss: 2035.0010986328125, Accuracy: 11.684292672425393%
2024-02-01 13:39:52,290 - INFO - Epoch [5/500], Loss: 1992.7281467914581, Accuracy: 13.07284518715858%
2024-02-01 13:39:53,011 - INFO - Epoch [6/500], Loss: 1957.6960620880127, Accuracy: 14.19498937057668%
2024-02-01 13:39:53,663 - INFO - Epoch [7/500], Loss: 1927.70338845253, Accuracy: 15.118000053819864%
2024-02-01 13:39:54,312 - INFO - Epoch [8/500], Loss: 1901.4449260234833, Accuracy: 15.949516966712414%
2024-02-01 13:39:54,979 - INFO - Epoch [9/500], Loss: 1878.0781886577606, Accuracy: 16.85369069723635%
2024-02-01 13:39:55,657 - INFO - Epoch [10/500], Loss: 1857.0249128341675, Accuracy: 17.617932778988724%
2024-02-01 13:39:56,352 - INFO - Epoch [11/500], Loss: 1837.8692169189453, Accuracy: 18.234170232232717%
2024-02-01 13:39:56,361 - INFO - Test Accuracy: 16.86429512516469%, Balanced Test Accuracy: 16.794648591862213%
2024-02-01 13:39:57,041 - INFO - Epoch [12/500], Loss: 1820.3008348941803, Accuracy: 18.826188746266247%
2024-02-01 13:39:57,622 - INFO - Epoch [13/500], Loss: 1804.0814669132233, Accuracy: 19.4666451387207%
2024-02-01 13:39:58,183 - INFO - Epoch [14/500], Loss: 1789.0236999988556, Accuracy: 19.969860875649204%
2024-02-01 13:39:58,774 - INFO - Epoch [15/500], Loss: 1774.9770979881287, Accuracy: 20.49191356529695%
2024-02-01 13:39:59,452 - INFO - Epoch [16/500], Loss: 1761.8190004825592, Accuracy: 20.98974731573424%
2024-02-01 13:40:00,070 - INFO - Epoch [17/500], Loss: 1749.4479205608368, Accuracy: 21.492963052662738%
2024-02-01 13:40:00,705 - INFO - Epoch [18/500], Loss: 1737.7788496017456, Accuracy: 21.88046608003014%
2024-02-01 13:40:01,288 - INFO - Epoch [19/500], Loss: 1726.7399158477783, Accuracy: 22.316406985818464%
2024-02-01 13:40:01,983 - INFO - Epoch [20/500], Loss: 1716.2696185112, Accuracy: 22.744274911869972%
2024-02-01 13:40:02,604 - INFO - Epoch [21/500], Loss: 1706.3151614665985, Accuracy: 23.11563197976373%
2024-02-01 13:40:02,611 - INFO - Test Accuracy: 20.948616600790515%, Balanced Test Accuracy: 20.84238608542014%
2024-02-01 13:40:03,195 - INFO - Epoch [22/500], Loss: 1696.8306021690369, Accuracy: 23.51120798686795%
2024-02-01 13:40:03,864 - INFO - Epoch [23/500], Loss: 1687.7759160995483, Accuracy: 23.839509162832%
2024-02-01 13:40:04,536 - INFO - Epoch [24/500], Loss: 1679.115936756134, Accuracy: 24.146282392831193%
2024-02-01 13:40:05,177 - INFO - Epoch [25/500], Loss: 1670.8195354938507, Accuracy: 24.385780791690213%
2024-02-01 13:40:05,786 - INFO - Epoch [26/500], Loss: 1662.8591938018799, Accuracy: 24.700627001426227%
2024-02-01 13:40:06,345 - INFO - Epoch [27/500], Loss: 1655.2102649211884, Accuracy: 24.999327251688598%
2024-02-01 13:40:06,909 - INFO - Epoch [28/500], Loss: 1647.8507506847382, Accuracy: 25.265735583003686%
2024-02-01 13:40:07,503 - INFO - Epoch [29/500], Loss: 1640.7608568668365, Accuracy: 25.502542988617098%
2024-02-01 13:40:08,246 - INFO - Epoch [30/500], Loss: 1633.92271566391, Accuracy: 25.72051344151126%
2024-02-01 13:40:09,051 - INFO - Epoch [31/500], Loss: 1627.320149898529, Accuracy: 25.97884879308953%
2024-02-01 13:40:09,060 - INFO - Test Accuracy: 23.0566534914361%, Balanced Test Accuracy: 22.96168233068388%
2024-02-01 13:40:09,828 - INFO - Epoch [32/500], Loss: 1620.938473701477, Accuracy: 26.191437259492478%
2024-02-01 13:40:10,607 - INFO - Epoch [33/500], Loss: 1614.7643158435822, Accuracy: 26.425553671860282%
2024-02-01 13:40:11,412 - INFO - Epoch [34/500], Loss: 1608.7854540348053, Accuracy: 26.651597104491266%
2024-02-01 13:40:12,034 - INFO - Epoch [35/500], Loss: 1602.9906961917877, Accuracy: 26.901859476332714%
2024-02-01 13:40:12,651 - INFO - Epoch [36/500], Loss: 1597.369765996933, Accuracy: 27.10099297650763%
2024-02-01 13:40:13,349 - INFO - Epoch [37/500], Loss: 1591.9132053852081, Accuracy: 27.3216544226474%
2024-02-01 13:40:14,021 - INFO - Epoch [38/500], Loss: 1586.612315416336, Accuracy: 27.539624875541563%
2024-02-01 13:40:14,692 - INFO - Epoch [39/500], Loss: 1581.4590125083923, Accuracy: 27.71723042975162%
2024-02-01 13:40:15,360 - INFO - Epoch [40/500], Loss: 1576.4458572864532, Accuracy: 27.89483598396168%
2024-02-01 13:40:16,030 - INFO - Epoch [41/500], Loss: 1571.5659141540527, Accuracy: 28.069750544926134%
2024-02-01 13:40:16,038 - INFO - Test Accuracy: 24.50592885375494%, Balanced Test Accuracy: 24.381755141430066%
2024-02-01 13:40:16,768 - INFO - Epoch [42/500], Loss: 1566.8127617835999, Accuracy: 28.206991200452087%
2024-02-01 13:40:17,462 - INFO - Epoch [43/500], Loss: 1562.1803839206696, Accuracy: 28.368450795188505%
2024-02-01 13:40:18,171 - INFO - Epoch [44/500], Loss: 1557.6632325649261, Accuracy: 28.51376443045128%
2024-02-01 13:40:18,835 - INFO - Epoch [45/500], Loss: 1553.256100654602, Accuracy: 28.664460052205268%
2024-02-01 13:40:19,487 - INFO - Epoch [46/500], Loss: 1548.954068660736, Accuracy: 28.828610640187293%
2024-02-01 13:40:20,133 - INFO - Epoch [47/500], Loss: 1544.7525749206543, Accuracy: 29.04119910659024%
2024-02-01 13:40:20,826 - INFO - Epoch [48/500], Loss: 1540.6473739147186, Accuracy: 29.19189472834423%
2024-02-01 13:40:21,540 - INFO - Epoch [49/500], Loss: 1536.634394645691, Accuracy: 29.36950028255429%
2024-02-01 13:40:22,225 - INFO - Epoch [50/500], Loss: 1532.7098915576935, Accuracy: 29.514813917817065%
2024-02-01 13:40:22,909 - INFO - Epoch [51/500], Loss: 1528.8702833652496, Accuracy: 29.654745566588627%
2024-02-01 13:40:22,915 - INFO - Test Accuracy: 24.90118577075099%, Balanced Test Accuracy: 24.704059299260543%
2024-02-01 13:40:23,619 - INFO - Epoch [52/500], Loss: 1525.1122195720673, Accuracy: 29.826969134307472%
2024-02-01 13:40:24,259 - INFO - Epoch [53/500], Loss: 1521.4325275421143, Accuracy: 29.966900783079033%
2024-02-01 13:40:24,915 - INFO - Epoch [54/500], Loss: 1517.8282239437103, Accuracy: 30.096068458868167%
2024-02-01 13:40:25,614 - INFO - Epoch [55/500], Loss: 1514.2965025901794, Accuracy: 30.2629100400958%
2024-02-01 13:40:26,250 - INFO - Epoch [56/500], Loss: 1510.8346560001373, Accuracy: 30.36247679018326%
2024-02-01 13:40:26,890 - INFO - Epoch [57/500], Loss: 1507.4401457309723, Accuracy: 30.46742552676193%
2024-02-01 13:40:27,532 - INFO - Epoch [58/500], Loss: 1504.110608100891, Accuracy: 30.5723742633406%
2024-02-01 13:40:28,145 - INFO - Epoch [59/500], Loss: 1500.8437411785126, Accuracy: 30.72306988509459%
2024-02-01 13:40:28,800 - INFO - Epoch [60/500], Loss: 1497.6373674869537, Accuracy: 30.838782594655687%
2024-02-01 13:40:29,473 - INFO - Epoch [61/500], Loss: 1494.4894421100616, Accuracy: 30.959877290708%
2024-02-01 13:40:29,480 - INFO - Test Accuracy: 26.08695652173913%, Balanced Test Accuracy: 25.803224023425265%
2024-02-01 13:40:30,226 - INFO - Epoch [62/500], Loss: 1491.3980133533478, Accuracy: 31.070208013777886%
2024-02-01 13:40:30,973 - INFO - Epoch [63/500], Loss: 1488.3612141609192, Accuracy: 31.167083770619737%
2024-02-01 13:40:31,632 - INFO - Epoch [64/500], Loss: 1485.377257823944, Accuracy: 31.27741449368962%
2024-02-01 13:40:32,287 - INFO - Epoch [65/500], Loss: 1482.4444651603699, Accuracy: 31.382363230268293%
2024-02-01 13:40:32,948 - INFO - Epoch [66/500], Loss: 1479.5612185001373, Accuracy: 31.50614891956621%
2024-02-01 13:40:33,605 - INFO - Epoch [67/500], Loss: 1476.725977897644, Accuracy: 31.592260703425634%
2024-02-01 13:40:34,252 - INFO - Epoch [68/500], Loss: 1473.9372594356537, Accuracy: 31.707973412986732%
2024-02-01 13:40:34,907 - INFO - Epoch [69/500], Loss: 1471.1936678886414, Accuracy: 31.820995129302226%
2024-02-01 13:40:35,576 - INFO - Epoch [70/500], Loss: 1468.4938480854034, Accuracy: 31.93132585237211%
2024-02-01 13:40:36,222 - INFO - Epoch [71/500], Loss: 1465.8365187644958, Accuracy: 32.06856650789806%
2024-02-01 13:40:36,229 - INFO - Test Accuracy: 27.140974967061922%, Balanced Test Accuracy: 26.83929443449567%
2024-02-01 13:40:36,849 - INFO - Epoch [72/500], Loss: 1463.2204294204712, Accuracy: 32.181588224213556%
2024-02-01 13:40:37,647 - INFO - Epoch [73/500], Loss: 1460.644403219223, Accuracy: 32.30268292026587%
2024-02-01 13:40:38,294 - INFO - Epoch [74/500], Loss: 1458.1073303222656, Accuracy: 32.42377761631818%
2024-02-01 13:40:38,927 - INFO - Epoch [75/500], Loss: 1455.6080946922302, Accuracy: 32.52065337316003%
2024-02-01 13:40:39,559 - INFO - Epoch [76/500], Loss: 1453.1456501483917, Accuracy: 32.630984096229916%
2024-02-01 13:40:40,208 - INFO - Epoch [77/500], Loss: 1450.7190289497375, Accuracy: 32.72785985307177%
2024-02-01 13:40:40,861 - INFO - Epoch [78/500], Loss: 1448.3272304534912, Accuracy: 32.795134684211945%
2024-02-01 13:40:41,619 - INFO - Epoch [79/500], Loss: 1445.9693222045898, Accuracy: 32.886628454562576%
2024-02-01 13:40:42,333 - INFO - Epoch [80/500], Loss: 1443.6444535255432, Accuracy: 32.95121229245714%
2024-02-01 13:40:43,010 - INFO - Epoch [81/500], Loss: 1441.351752281189, Accuracy: 33.066925002018245%
2024-02-01 13:40:43,016 - INFO - Test Accuracy: 27.536231884057973%, Balanced Test Accuracy: 27.2060873637886%
2024-02-01 13:40:43,685 - INFO - Epoch [82/500], Loss: 1439.09037399292, Accuracy: 33.155727779123275%
2024-02-01 13:40:44,318 - INFO - Epoch [83/500], Loss: 1436.859533071518, Accuracy: 33.2418395629827%
2024-02-01 13:40:44,947 - INFO - Epoch [84/500], Loss: 1434.6584706306458, Accuracy: 33.3198783671053%
2024-02-01 13:40:45,626 - INFO - Epoch [85/500], Loss: 1432.486449956894, Accuracy: 33.44904604289443%
2024-02-01 13:40:46,335 - INFO - Epoch [86/500], Loss: 1430.3427500724792, Accuracy: 33.516320874034605%
2024-02-01 13:40:46,969 - INFO - Epoch [87/500], Loss: 1428.2266838550568, Accuracy: 33.5916686849116%
2024-02-01 13:40:47,621 - INFO - Epoch [88/500], Loss: 1426.137591958046, Accuracy: 33.64548854982374%
2024-02-01 13:40:48,276 - INFO - Epoch [89/500], Loss: 1424.0748544931412, Accuracy: 33.712763380963914%
2024-02-01 13:40:48,905 - INFO - Epoch [90/500], Loss: 1422.037819981575, Accuracy: 33.785420198595304%
2024-02-01 13:40:49,558 - INFO - Epoch [91/500], Loss: 1420.0259091854095, Accuracy: 33.828476090525015%
2024-02-01 13:40:49,565 - INFO - Test Accuracy: 28.326745718050066%, Balanced Test Accuracy: 28.029715805064104%
2024-02-01 13:40:50,216 - INFO - Epoch [92/500], Loss: 1418.0385456085205, Accuracy: 33.906514894647614%
2024-02-01 13:40:50,880 - INFO - Epoch [93/500], Loss: 1416.075163245201, Accuracy: 33.99262667850704%
2024-02-01 13:40:51,530 - INFO - Epoch [94/500], Loss: 1414.1352174282074, Accuracy: 34.08142945561207%
2024-02-01 13:40:52,223 - INFO - Epoch [95/500], Loss: 1412.21821808815, Accuracy: 34.14870428675224%
2024-02-01 13:40:52,908 - INFO - Epoch [96/500], Loss: 1410.323622226715, Accuracy: 34.20790613815559%
2024-02-01 13:40:53,531 - INFO - Epoch [97/500], Loss: 1408.4509799480438, Accuracy: 34.29939990850623%
2024-02-01 13:40:54,054 - INFO - Epoch [98/500], Loss: 1406.5997723340988, Accuracy: 34.372056726137615%
2024-02-01 13:40:54,594 - INFO - Epoch [99/500], Loss: 1404.7695707082748, Accuracy: 34.46624148973386%
2024-02-01 13:40:55,122 - INFO - Epoch [100/500], Loss: 1402.959906578064, Accuracy: 34.52813433438282%
2024-02-01 13:40:55,662 - INFO - Epoch [101/500], Loss: 1401.1703835725784, Accuracy: 34.60079115201421%
2024-02-01 13:40:55,669 - INFO - Test Accuracy: 28.458498023715414%, Balanced Test Accuracy: 28.140826916175214%
2024-02-01 13:40:56,192 - INFO - Epoch [102/500], Loss: 1399.4005615711212, Accuracy: 34.67075697639999%
2024-02-01 13:40:56,722 - INFO - Epoch [103/500], Loss: 1397.6500242948532, Accuracy: 34.72188584806652%
2024-02-01 13:40:57,243 - INFO - Epoch [104/500], Loss: 1395.9183939695358, Accuracy: 34.773014719733055%
2024-02-01 13:40:57,820 - INFO - Epoch [105/500], Loss: 1394.2052923440933, Accuracy: 34.84298054411883%
2024-02-01 13:40:58,364 - INFO - Epoch [106/500], Loss: 1392.5103248357773, Accuracy: 34.91832835499583%
2024-02-01 13:40:58,891 - INFO - Epoch [107/500], Loss: 1390.833160161972, Accuracy: 34.966766233416756%
2024-02-01 13:40:59,425 - INFO - Epoch [108/500], Loss: 1389.1734368801117, Accuracy: 35.028659078065715%
2024-02-01 13:41:00,125 - INFO - Epoch [109/500], Loss: 1387.5308077335358, Accuracy: 35.09324291596028%
2024-02-01 13:41:00,743 - INFO - Epoch [110/500], Loss: 1385.9049614667892, Accuracy: 35.14437178762681%
2024-02-01 13:41:01,415 - INFO - Epoch [111/500], Loss: 1384.2955721616745, Accuracy: 35.19819165253895%
2024-02-01 13:41:01,422 - INFO - Test Accuracy: 28.458498023715414%, Balanced Test Accuracy: 28.113090763439065%
2024-02-01 13:41:02,093 - INFO - Epoch [112/500], Loss: 1382.7023037672043, Accuracy: 35.26277549043352%
2024-02-01 13:41:02,758 - INFO - Epoch [113/500], Loss: 1381.1248753070831, Accuracy: 35.33812330131051%
2024-02-01 13:41:03,437 - INFO - Epoch [114/500], Loss: 1379.5629909038544, Accuracy: 35.389252172977045%
2024-02-01 13:41:04,003 - INFO - Epoch [115/500], Loss: 1378.0163542032242, Accuracy: 35.434999058152364%
2024-02-01 13:41:04,703 - INFO - Epoch [116/500], Loss: 1376.4846847057343, Accuracy: 35.467290977099644%
2024-02-01 13:41:05,364 - INFO - Epoch [117/500], Loss: 1374.9677290916443, Accuracy: 35.53725680148543%
2024-02-01 13:41:06,009 - INFO - Epoch [118/500], Loss: 1373.465193271637, Accuracy: 35.56147574069589%
2024-02-01 13:41:06,677 - INFO - Epoch [119/500], Loss: 1371.9768389463425, Accuracy: 35.60991361911682%
2024-02-01 13:41:07,318 - INFO - Epoch [120/500], Loss: 1370.502409696579, Accuracy: 35.69871639622185%
2024-02-01 13:41:07,981 - INFO - Epoch [121/500], Loss: 1369.0416696071625, Accuracy: 35.749845267888375%
2024-02-01 13:41:07,988 - INFO - Test Accuracy: 28.722002635046113%, Balanced Test Accuracy: 28.440430090778385%
2024-02-01 13:41:08,654 - INFO - Epoch [122/500], Loss: 1367.5943754911423, Accuracy: 35.795592153063694%
2024-02-01 13:41:09,349 - INFO - Epoch [123/500], Loss: 1366.1602821350098, Accuracy: 35.8736309571863%
2024-02-01 13:41:09,991 - INFO - Epoch [124/500], Loss: 1364.7391659021378, Accuracy: 35.92475982885283%
2024-02-01 13:41:10,653 - INFO - Epoch [125/500], Loss: 1363.3308185338974, Accuracy: 35.95974274104572%
2024-02-01 13:41:11,385 - INFO - Epoch [126/500], Loss: 1361.935008764267, Accuracy: 36.02701757218589%
2024-02-01 13:41:12,082 - INFO - Epoch [127/500], Loss: 1360.5515393018723, Accuracy: 36.1050563763085%
2024-02-01 13:41:12,742 - INFO - Epoch [128/500], Loss: 1359.180205464363, Accuracy: 36.17502220069428%
2024-02-01 13:41:13,400 - INFO - Epoch [129/500], Loss: 1357.8207983970642, Accuracy: 36.21538709937838%
2024-02-01 13:41:14,038 - INFO - Epoch [130/500], Loss: 1356.4731246232986, Accuracy: 36.27997093727295%
2024-02-01 13:41:14,661 - INFO - Epoch [131/500], Loss: 1355.1369997262955, Accuracy: 36.33648179543069%
2024-02-01 13:41:14,668 - INFO - Test Accuracy: 29.776021080368906%, Balanced Test Accuracy: 29.481642655017264%
2024-02-01 13:41:15,325 - INFO - Epoch [132/500], Loss: 1353.8122264146805, Accuracy: 36.39837464007965%
2024-02-01 13:41:15,987 - INFO - Epoch [133/500], Loss: 1352.498626589775, Accuracy: 36.43066655902694%
2024-02-01 13:41:16,600 - INFO - Epoch [134/500], Loss: 1351.1960552930832, Accuracy: 36.468340464465435%
2024-02-01 13:41:17,255 - INFO - Epoch [135/500], Loss: 1349.9042757749557, Accuracy: 36.50601436990393%
2024-02-01 13:41:17,906 - INFO - Epoch [136/500], Loss: 1348.623171210289, Accuracy: 36.55445224832486%
2024-02-01 13:41:18,557 - INFO - Epoch [137/500], Loss: 1347.3525437116623, Accuracy: 36.57598019428971%
2024-02-01 13:41:19,243 - INFO - Epoch [138/500], Loss: 1346.0922595262527, Accuracy: 36.62710906595625%
2024-02-01 13:41:19,883 - INFO - Epoch [139/500], Loss: 1344.8421232700348, Accuracy: 36.65670999165792%
2024-02-01 13:41:20,521 - INFO - Epoch [140/500], Loss: 1343.6020076274872, Accuracy: 36.694383897096415%
2024-02-01 13:41:21,181 - INFO - Epoch [141/500], Loss: 1342.3717571496964, Accuracy: 36.7266758160437%
2024-02-01 13:41:21,188 - INFO - Test Accuracy: 29.512516469038207%, Balanced Test Accuracy: 29.231642655017264%
2024-02-01 13:41:21,835 - INFO - Epoch [142/500], Loss: 1341.1512203216553, Accuracy: 36.74820376200856%
2024-02-01 13:41:22,488 - INFO - Epoch [143/500], Loss: 1339.9402533769608, Accuracy: 36.796641640429485%
2024-02-01 13:41:23,142 - INFO - Epoch [144/500], Loss: 1338.7387235164642, Accuracy: 36.845079518850405%
2024-02-01 13:41:23,810 - INFO - Epoch [145/500], Loss: 1337.546467423439, Accuracy: 36.901590377008155%
2024-02-01 13:41:24,471 - INFO - Epoch [146/500], Loss: 1336.3633805513382, Accuracy: 36.947337262183474%
2024-02-01 13:41:25,124 - INFO - Epoch [147/500], Loss: 1335.1893025636673, Accuracy: 37.01730308656925%
2024-02-01 13:41:25,723 - INFO - Epoch [148/500], Loss: 1334.0241215229034, Accuracy: 37.04421301902532%
2024-02-01 13:41:26,376 - INFO - Epoch [149/500], Loss: 1332.8677134513855, Accuracy: 37.07650493797261%
2024-02-01 13:41:27,041 - INFO - Epoch [150/500], Loss: 1331.7199256420135, Accuracy: 37.12494281639353%
2024-02-01 13:41:27,714 - INFO - Epoch [151/500], Loss: 1330.5806856155396, Accuracy: 37.18145367455128%
2024-02-01 13:41:27,722 - INFO - Test Accuracy: 29.64426877470356%, Balanced Test Accuracy: 29.29513471850933%
2024-02-01 13:41:28,426 - INFO - Epoch [152/500], Loss: 1329.449818611145, Accuracy: 37.23796453270902%
2024-02-01 13:41:29,126 - INFO - Epoch [153/500], Loss: 1328.327238559723, Accuracy: 37.27025645165631%
2024-02-01 13:41:29,870 - INFO - Epoch [154/500], Loss: 1327.2128245830536, Accuracy: 37.289093404375556%
2024-02-01 13:41:30,507 - INFO - Epoch [155/500], Loss: 1326.1064747571945, Accuracy: 37.32945830305966%
2024-02-01 13:41:31,229 - INFO - Epoch [156/500], Loss: 1325.0080721378326, Accuracy: 37.36175022200694%
2024-02-01 13:41:31,926 - INFO - Epoch [157/500], Loss: 1323.9174958467484, Accuracy: 37.41826108016469%
2024-02-01 13:41:32,594 - INFO - Epoch [158/500], Loss: 1322.834664940834, Accuracy: 37.472080945076826%
2024-02-01 13:41:33,208 - INFO - Epoch [159/500], Loss: 1321.759446978569, Accuracy: 37.51244584376093%
2024-02-01 13:41:33,937 - INFO - Epoch [160/500], Loss: 1320.6917610168457, Accuracy: 37.55011974919943%
2024-02-01 13:41:34,608 - INFO - Epoch [161/500], Loss: 1319.6315046548843, Accuracy: 37.58779365463793%
2024-02-01 13:41:34,615 - INFO - Test Accuracy: 29.907773386034254%, Balanced Test Accuracy: 29.487020683421612%
2024-02-01 13:41:35,212 - INFO - Epoch [162/500], Loss: 1318.5785691738129, Accuracy: 37.62546756007642%
2024-02-01 13:41:35,859 - INFO - Epoch [163/500], Loss: 1317.5328778028488, Accuracy: 37.668523452006134%
2024-02-01 13:41:36,500 - INFO - Epoch [164/500], Loss: 1316.494317650795, Accuracy: 37.70350636419903%
2024-02-01 13:41:37,201 - INFO - Epoch [165/500], Loss: 1315.4628027677536, Accuracy: 37.727725303409485%
2024-02-01 13:41:37,836 - INFO - Epoch [166/500], Loss: 1314.4382586479187, Accuracy: 37.803073114286484%
2024-02-01 13:41:38,477 - INFO - Epoch [167/500], Loss: 1313.420567035675, Accuracy: 37.83805602647937%
2024-02-01 13:41:39,121 - INFO - Epoch [168/500], Loss: 1312.4096660614014, Accuracy: 37.875729931917874%
2024-02-01 13:41:39,817 - INFO - Epoch [169/500], Loss: 1311.4054509401321, Accuracy: 37.921476817093186%
2024-02-01 13:41:40,454 - INFO - Epoch [170/500], Loss: 1310.4078514575958, Accuracy: 37.95645972928608%
2024-02-01 13:41:41,060 - INFO - Epoch [171/500], Loss: 1309.4167759418488, Accuracy: 37.99951562121579%
2024-02-01 13:41:41,066 - INFO - Test Accuracy: 30.039525691699605%, Balanced Test Accuracy: 29.628580512481438%
2024-02-01 13:41:41,732 - INFO - Epoch [172/500], Loss: 1308.4321624040604, Accuracy: 38.039880519899896%
2024-02-01 13:41:42,406 - INFO - Epoch [173/500], Loss: 1307.4539066553116, Accuracy: 38.09100939156643%
2024-02-01 13:41:43,079 - INFO - Epoch [174/500], Loss: 1306.4819487333298, Accuracy: 38.112537337531286%
2024-02-01 13:41:43,758 - INFO - Epoch [175/500], Loss: 1305.5162081718445, Accuracy: 38.15021124296978%
2024-02-01 13:41:44,343 - INFO - Epoch [176/500], Loss: 1304.556601881981, Accuracy: 38.190576141653885%
2024-02-01 13:41:45,011 - INFO - Epoch [177/500], Loss: 1303.603052854538, Accuracy: 38.252468986302844%
2024-02-01 13:41:45,549 - INFO - Epoch [178/500], Loss: 1302.65549325943, Accuracy: 38.279378918758916%
2024-02-01 13:41:46,117 - INFO - Epoch [179/500], Loss: 1301.7138704061508, Accuracy: 38.32243481068863%
2024-02-01 13:41:46,670 - INFO - Epoch [180/500], Loss: 1300.778095126152, Accuracy: 38.36279970937273%
2024-02-01 13:41:47,202 - INFO - Epoch [181/500], Loss: 1299.848102092743, Accuracy: 38.413928581039265%
2024-02-01 13:41:47,208 - INFO - Test Accuracy: 30.039525691699605%, Balanced Test Accuracy: 29.547561993962923%
2024-02-01 13:41:47,744 - INFO - Epoch [182/500], Loss: 1298.9238379001617, Accuracy: 38.446220499986545%
2024-02-01 13:41:48,345 - INFO - Epoch [183/500], Loss: 1298.0051900148392, Accuracy: 38.47851241893383%
2024-02-01 13:41:49,122 - INFO - Epoch [184/500], Loss: 1297.0921462774277, Accuracy: 38.53233228384597%
2024-02-01 13:41:49,876 - INFO - Epoch [185/500], Loss: 1296.184632062912, Accuracy: 38.55924221630204%
2024-02-01 13:41:50,588 - INFO - Epoch [186/500], Loss: 1295.282553434372, Accuracy: 38.61575307445978%
2024-02-01 13:41:51,428 - INFO - Epoch [187/500], Loss: 1294.3858896493912, Accuracy: 38.64535400016146%
2024-02-01 13:41:52,333 - INFO - Epoch [188/500], Loss: 1293.4945384263992, Accuracy: 38.70993783805603%
2024-02-01 13:41:53,113 - INFO - Epoch [189/500], Loss: 1292.6084554195404, Accuracy: 38.744920750248916%
2024-02-01 13:41:53,843 - INFO - Epoch [190/500], Loss: 1291.7276104688644, Accuracy: 38.790667635424235%
2024-02-01 13:41:54,587 - INFO - Epoch [191/500], Loss: 1290.8519084453583, Accuracy: 38.8148865746347%
2024-02-01 13:41:54,594 - INFO - Test Accuracy: 30.171277997364953%, Balanced Test Accuracy: 29.989481185882116%
2024-02-01 13:41:55,343 - INFO - Epoch [192/500], Loss: 1289.9812968969345, Accuracy: 38.84717849358198%
2024-02-01 13:41:56,202 - INFO - Epoch [193/500], Loss: 1289.1157538890839, Accuracy: 38.87139743279244%
2024-02-01 13:41:57,058 - INFO - Epoch [194/500], Loss: 1288.255173921585, Accuracy: 38.89830736524851%
2024-02-01 13:41:57,810 - INFO - Epoch [195/500], Loss: 1287.3995364904404, Accuracy: 38.93598127068701%
2024-02-01 13:41:58,440 - INFO - Epoch [196/500], Loss: 1286.5487736463547, Accuracy: 38.96558219638869%
2024-02-01 13:41:59,105 - INFO - Epoch [197/500], Loss: 1285.70283639431, Accuracy: 38.99787411533597%
2024-02-01 13:41:59,725 - INFO - Epoch [198/500], Loss: 1284.861677646637, Accuracy: 39.057075966739326%
2024-02-01 13:42:00,318 - INFO - Epoch [199/500], Loss: 1284.0252441167831, Accuracy: 39.07053093296736%
2024-02-01 13:42:00,983 - INFO - Epoch [200/500], Loss: 1283.1934801340103, Accuracy: 39.08398589919539%
2024-02-01 13:42:01,633 - INFO - Epoch [201/500], Loss: 1282.3663511276245, Accuracy: 39.12165980463389%
2024-02-01 13:42:01,640 - INFO - Test Accuracy: 30.303030303030305%, Balanced Test Accuracy: 30.14099633739727%
2024-02-01 13:42:02,245 - INFO - Epoch [202/500], Loss: 1281.5437861680984, Accuracy: 39.162024703318%
2024-02-01 13:42:02,831 - INFO - Epoch [203/500], Loss: 1280.7257570028305, Accuracy: 39.17009768305481%
2024-02-01 13:42:03,429 - INFO - Epoch [204/500], Loss: 1279.9121928215027, Accuracy: 39.20508059524771%
2024-02-01 13:42:03,986 - INFO - Epoch [205/500], Loss: 1279.103078365326, Accuracy: 39.210462581738916%
2024-02-01 13:42:04,655 - INFO - Epoch [206/500], Loss: 1278.2983543872833, Accuracy: 39.23737251419499%
2024-02-01 13:42:05,274 - INFO - Epoch [207/500], Loss: 1277.4979568719864, Accuracy: 39.27235542638788%
2024-02-01 13:42:05,916 - INFO - Epoch [208/500], Loss: 1276.7018792629242, Accuracy: 39.30733833858077%
2024-02-01 13:42:06,615 - INFO - Epoch [209/500], Loss: 1275.9100387096405, Accuracy: 39.35039423051048%
2024-02-01 13:42:07,401 - INFO - Epoch [210/500], Loss: 1275.1224216222763, Accuracy: 39.38537714270337%
2024-02-01 13:42:08,186 - INFO - Epoch [211/500], Loss: 1274.3389829397202, Accuracy: 39.41228707515944%
2024-02-01 13:42:08,195 - INFO - Test Accuracy: 30.171277997364953%, Balanced Test Accuracy: 30.021948718349645%
2024-02-01 13:42:09,000 - INFO - Epoch [212/500], Loss: 1273.5596420764923, Accuracy: 39.44726998735233%
2024-02-01 13:42:09,712 - INFO - Epoch [213/500], Loss: 1272.7844109535217, Accuracy: 39.47148892656279%
2024-02-01 13:42:10,451 - INFO - Epoch [214/500], Loss: 1272.0132175683975, Accuracy: 39.50378084551008%
2024-02-01 13:42:11,189 - INFO - Epoch [215/500], Loss: 1271.2460333108902, Accuracy: 39.541454750948574%
2024-02-01 13:42:11,885 - INFO - Epoch [216/500], Loss: 1270.48281788826, Accuracy: 39.57374666989586%
2024-02-01 13:42:12,550 - INFO - Epoch [217/500], Loss: 1269.723527431488, Accuracy: 39.60334759559753%
2024-02-01 13:42:13,219 - INFO - Epoch [218/500], Loss: 1268.968139052391, Accuracy: 39.61142057533436%
2024-02-01 13:42:13,950 - INFO - Epoch [219/500], Loss: 1268.216588973999, Accuracy: 39.64102150103603%
2024-02-01 13:42:14,673 - INFO - Epoch [220/500], Loss: 1267.468855023384, Accuracy: 39.673313419983316%
2024-02-01 13:42:15,391 - INFO - Epoch [221/500], Loss: 1266.7249009609222, Accuracy: 39.719060305158635%
2024-02-01 13:42:15,398 - INFO - Test Accuracy: 30.69828722002635%, Balanced Test Accuracy: 30.503874880422867%
2024-02-01 13:42:16,106 - INFO - Epoch [222/500], Loss: 1265.9846971035004, Accuracy: 39.74058825112349%
2024-02-01 13:42:16,838 - INFO - Epoch [223/500], Loss: 1265.2481772899628, Accuracy: 39.77288017007077%
2024-02-01 13:42:17,545 - INFO - Epoch [224/500], Loss: 1264.5153547525406, Accuracy: 39.81593606200048%
2024-02-01 13:42:18,253 - INFO - Epoch [225/500], Loss: 1263.7861762046814, Accuracy: 39.82670003498291%
2024-02-01 13:42:18,889 - INFO - Epoch [226/500], Loss: 1263.0605759620667, Accuracy: 39.85899195393019%
2024-02-01 13:42:19,552 - INFO - Epoch [227/500], Loss: 1262.338554263115, Accuracy: 39.896665859368696%
2024-02-01 13:42:20,238 - INFO - Epoch [228/500], Loss: 1261.6200679540634, Accuracy: 39.92357579182476%
2024-02-01 13:42:20,980 - INFO - Epoch [229/500], Loss: 1260.9050904512405, Accuracy: 39.96394069050886%
2024-02-01 13:42:21,671 - INFO - Epoch [230/500], Loss: 1260.1935713291168, Accuracy: 39.958558704017655%
2024-02-01 13:42:22,392 - INFO - Epoch [231/500], Loss: 1259.4855045080185, Accuracy: 39.98008664998251%
2024-02-01 13:42:22,399 - INFO - Test Accuracy: 30.8300395256917%, Balanced Test Accuracy: 30.69518751658844%
2024-02-01 13:42:23,130 - INFO - Epoch [232/500], Loss: 1258.780831336975, Accuracy: 40.03121552164904%
2024-02-01 13:42:23,791 - INFO - Epoch [233/500], Loss: 1258.0795372724533, Accuracy: 40.052743467613894%
2024-02-01 13:42:24,518 - INFO - Epoch [234/500], Loss: 1257.3816034793854, Accuracy: 40.08234439331557%
2024-02-01 13:42:25,250 - INFO - Epoch [235/500], Loss: 1256.6869834661484, Accuracy: 40.11194531901725%
2024-02-01 13:42:25,909 - INFO - Epoch [236/500], Loss: 1255.9956533908844, Accuracy: 40.13347326498211%
2024-02-01 13:42:26,510 - INFO - Epoch [237/500], Loss: 1255.3075567483902, Accuracy: 40.168456177174996%
2024-02-01 13:42:27,132 - INFO - Epoch [238/500], Loss: 1254.6227170228958, Accuracy: 40.18998412313985%
2024-02-01 13:42:27,731 - INFO - Epoch [239/500], Loss: 1253.9410471916199, Accuracy: 40.21689405559592%
2024-02-01 13:42:28,403 - INFO - Epoch [240/500], Loss: 1253.2625554800034, Accuracy: 40.241112994806386%
2024-02-01 13:42:29,088 - INFO - Epoch [241/500], Loss: 1252.5872200727463, Accuracy: 40.26802292726245%
2024-02-01 13:42:29,095 - INFO - Test Accuracy: 30.961791831357047%, Balanced Test Accuracy: 30.8467026681036%
2024-02-01 13:42:29,751 - INFO - Epoch [242/500], Loss: 1251.9149993658066, Accuracy: 40.2841688867361%
2024-02-01 13:42:30,390 - INFO - Epoch [243/500], Loss: 1251.2458612918854, Accuracy: 40.319151798928985%
2024-02-01 13:42:31,085 - INFO - Epoch [244/500], Loss: 1250.5797913074493, Accuracy: 40.34067974489384%
2024-02-01 13:42:31,675 - INFO - Epoch [245/500], Loss: 1249.9167538881302, Accuracy: 40.35682570436748%
2024-02-01 13:42:32,303 - INFO - Epoch [246/500], Loss: 1249.2567059993744, Accuracy: 40.378353650332336%
2024-02-01 13:42:32,923 - INFO - Epoch [247/500], Loss: 1248.5996648073196, Accuracy: 40.40526358278841%
2024-02-01 13:42:33,480 - INFO - Epoch [248/500], Loss: 1247.9455760717392, Accuracy: 40.44831947471812%
2024-02-01 13:42:34,024 - INFO - Epoch [249/500], Loss: 1247.2944189310074, Accuracy: 40.4779204004198%
2024-02-01 13:42:34,702 - INFO - Epoch [250/500], Loss: 1246.6461621522903, Accuracy: 40.502139339630254%
2024-02-01 13:42:35,355 - INFO - Epoch [251/500], Loss: 1246.0007998943329, Accuracy: 40.52635827884072%
2024-02-01 13:42:35,361 - INFO - Test Accuracy: 31.0935441370224%, Balanced Test Accuracy: 30.957813779214703%
2024-02-01 13:42:36,117 - INFO - Epoch [252/500], Loss: 1245.358292222023, Accuracy: 40.5559592045424%
2024-02-01 13:42:36,827 - INFO - Epoch [253/500], Loss: 1244.7186185121536, Accuracy: 40.57210516401604%
2024-02-01 13:42:37,492 - INFO - Epoch [254/500], Loss: 1244.0817487239838, Accuracy: 40.58286913699847%
2024-02-01 13:42:38,155 - INFO - Epoch [255/500], Loss: 1243.4476685523987, Accuracy: 40.617852049191356%
2024-02-01 13:42:38,902 - INFO - Epoch [256/500], Loss: 1242.8163672685623, Accuracy: 40.633998008664996%
2024-02-01 13:42:39,685 - INFO - Epoch [257/500], Loss: 1242.1877955198288, Accuracy: 40.663598934366675%
2024-02-01 13:42:40,561 - INFO - Epoch [258/500], Loss: 1241.561943769455, Accuracy: 40.695890853313955%
2024-02-01 13:42:41,476 - INFO - Epoch [259/500], Loss: 1240.9387838840485, Accuracy: 40.7120368127876%
2024-02-01 13:42:42,140 - INFO - Epoch [260/500], Loss: 1240.3183153867722, Accuracy: 40.741637738489274%
2024-02-01 13:42:42,847 - INFO - Epoch [261/500], Loss: 1239.7004936933517, Accuracy: 40.76047469120852%
2024-02-01 13:42:42,856 - INFO - Test Accuracy: 30.961791831357047%, Balanced Test Accuracy: 30.838766160167086%
2024-02-01 13:42:43,648 - INFO - Epoch [262/500], Loss: 1239.085305929184, Accuracy: 40.79545760340142%
2024-02-01 13:42:44,266 - INFO - Epoch [263/500], Loss: 1238.4727178812027, Accuracy: 40.83313150883991%
2024-02-01 13:42:44,912 - INFO - Epoch [264/500], Loss: 1237.862736582756, Accuracy: 40.8681144210328%
2024-02-01 13:42:45,625 - INFO - Epoch [265/500], Loss: 1237.2553206682205, Accuracy: 40.88156938726084%
2024-02-01 13:42:46,334 - INFO - Epoch [266/500], Loss: 1236.650452375412, Accuracy: 40.903097333225695%
2024-02-01 13:42:46,960 - INFO - Epoch [267/500], Loss: 1236.048110485077, Accuracy: 40.919243292699335%
2024-02-01 13:42:47,610 - INFO - Epoch [268/500], Loss: 1235.4482877254486, Accuracy: 40.935389252172975%
2024-02-01 13:42:48,265 - INFO - Epoch [269/500], Loss: 1234.8509401082993, Accuracy: 40.95153521164662%
2024-02-01 13:42:48,883 - INFO - Epoch [270/500], Loss: 1234.2560809850693, Accuracy: 40.97037216436587%
2024-02-01 13:42:49,521 - INFO - Epoch [271/500], Loss: 1233.6636363267899, Accuracy: 40.997282096821934%
2024-02-01 13:42:49,528 - INFO - Test Accuracy: 31.0935441370224%, Balanced Test Accuracy: 30.99028131168223%
2024-02-01 13:42:50,173 - INFO - Epoch [272/500], Loss: 1233.0736739635468, Accuracy: 41.02957401576922%
2024-02-01 13:42:50,853 - INFO - Epoch [273/500], Loss: 1232.4860882759094, Accuracy: 41.067247921207716%
2024-02-01 13:42:51,554 - INFO - Epoch [274/500], Loss: 1231.9009011983871, Accuracy: 41.083393880681356%
2024-02-01 13:42:52,222 - INFO - Epoch [275/500], Loss: 1231.3180960416794, Accuracy: 41.10223083340061%
2024-02-01 13:42:52,884 - INFO - Epoch [276/500], Loss: 1230.7376372814178, Accuracy: 41.129140765856675%
2024-02-01 13:42:53,519 - INFO - Epoch [277/500], Loss: 1230.1595349311829, Accuracy: 41.14797771857592%
2024-02-01 13:42:54,202 - INFO - Epoch [278/500], Loss: 1229.5837491750717, Accuracy: 41.16950566454078%
2024-02-01 13:42:54,896 - INFO - Epoch [279/500], Loss: 1229.0102580785751, Accuracy: 41.19372460375124%
2024-02-01 13:42:55,508 - INFO - Epoch [280/500], Loss: 1228.4390728473663, Accuracy: 41.21256155647049%
2024-02-01 13:42:56,153 - INFO - Epoch [281/500], Loss: 1227.8701432943344, Accuracy: 41.231398509189745%
2024-02-01 13:42:56,163 - INFO - Test Accuracy: 30.961791831357047%, Balanced Test Accuracy: 30.87123369263462%
2024-02-01 13:42:56,878 - INFO - Epoch [282/500], Loss: 1227.3034629821777, Accuracy: 41.263690428137025%
2024-02-01 13:42:57,537 - INFO - Epoch [283/500], Loss: 1226.739019036293, Accuracy: 41.28790936734749%
2024-02-01 13:42:58,311 - INFO - Epoch [284/500], Loss: 1226.1767882108688, Accuracy: 41.32020128629477%
2024-02-01 13:42:58,989 - INFO - Epoch [285/500], Loss: 1225.616779923439, Accuracy: 41.35787519173327%
2024-02-01 13:42:59,727 - INFO - Epoch [286/500], Loss: 1225.0589298009872, Accuracy: 41.37671214445252%
2024-02-01 13:43:00,346 - INFO - Epoch [287/500], Loss: 1224.503268480301, Accuracy: 41.41169505664541%
2024-02-01 13:43:00,969 - INFO - Epoch [288/500], Loss: 1223.9497644901276, Accuracy: 41.43322300261026%
2024-02-01 13:43:01,630 - INFO - Epoch [289/500], Loss: 1223.398394703865, Accuracy: 41.441295982347086%
2024-02-01 13:43:02,339 - INFO - Epoch [290/500], Loss: 1222.8491532802582, Accuracy: 41.45205995532951%
2024-02-01 13:43:02,978 - INFO - Epoch [291/500], Loss: 1222.3020116090775, Accuracy: 41.473587901294366%
2024-02-01 13:43:02,985 - INFO - Test Accuracy: 30.961791831357047%, Balanced Test Accuracy: 30.888327709728635%
2024-02-01 13:43:03,791 - INFO - Epoch [292/500], Loss: 1221.756949186325, Accuracy: 41.50587982024165%
2024-02-01 13:43:04,570 - INFO - Epoch [293/500], Loss: 1221.2139904499054, Accuracy: 41.535480745943325%
2024-02-01 13:43:05,234 - INFO - Epoch [294/500], Loss: 1220.6730694770813, Accuracy: 41.55431769866258%
2024-02-01 13:43:05,847 - INFO - Epoch [295/500], Loss: 1220.1342185735703, Accuracy: 41.581227631118644%
2024-02-01 13:43:06,512 - INFO - Epoch [296/500], Loss: 1219.5973887443542, Accuracy: 41.59468259734668%
2024-02-01 13:43:07,068 - INFO - Epoch [297/500], Loss: 1219.0625783205032, Accuracy: 41.61351955006593%
2024-02-01 13:43:07,704 - INFO - Epoch [298/500], Loss: 1218.5297720432281, Accuracy: 41.63235650278518%
2024-02-01 13:43:08,363 - INFO - Epoch [299/500], Loss: 1217.9989550113678, Accuracy: 41.64581146901321%
2024-02-01 13:43:09,031 - INFO - Epoch [300/500], Loss: 1217.4701209068298, Accuracy: 41.667339414978066%
2024-02-01 13:43:09,765 - INFO - Epoch [301/500], Loss: 1216.9432396888733, Accuracy: 41.686176367697314%
2024-02-01 13:43:09,772 - INFO - Test Accuracy: 30.961791831357047%, Balanced Test Accuracy: 30.888327709728635%
2024-02-01 13:43:10,463 - INFO - Epoch [302/500], Loss: 1216.4183193445206, Accuracy: 41.71577729339899%
2024-02-01 13:43:11,193 - INFO - Epoch [303/500], Loss: 1215.8953113555908, Accuracy: 41.73461424611824%
2024-02-01 13:43:11,874 - INFO - Epoch [304/500], Loss: 1215.3742407560349, Accuracy: 41.75345119883749%
2024-02-01 13:43:12,490 - INFO - Epoch [305/500], Loss: 1214.855075955391, Accuracy: 41.769597158311136%
2024-02-01 13:43:13,128 - INFO - Epoch [306/500], Loss: 1214.3378093242645, Accuracy: 41.785743117784776%
2024-02-01 13:43:13,829 - INFO - Epoch [307/500], Loss: 1213.8224152326584, Accuracy: 41.79919808401281%
2024-02-01 13:43:14,516 - INFO - Epoch [308/500], Loss: 1213.3089036941528, Accuracy: 41.82879900971449%
2024-02-01 13:43:15,213 - INFO - Epoch [309/500], Loss: 1212.7972267866135, Accuracy: 41.847635962433735%
2024-02-01 13:43:15,888 - INFO - Epoch [310/500], Loss: 1212.2874001264572, Accuracy: 41.863781921907375%
2024-02-01 13:43:16,549 - INFO - Epoch [311/500], Loss: 1211.7794102430344, Accuracy: 41.88800086111784%
2024-02-01 13:43:16,556 - INFO - Test Accuracy: 30.961791831357047%, Balanced Test Accuracy: 30.888327709728635%
2024-02-01 13:43:17,217 - INFO - Epoch [312/500], Loss: 1211.2732466459274, Accuracy: 41.9122198003283%
2024-02-01 13:43:17,898 - INFO - Epoch [313/500], Loss: 1210.768873333931, Accuracy: 41.9122198003283%
2024-02-01 13:43:18,602 - INFO - Epoch [314/500], Loss: 1210.2663004398346, Accuracy: 41.925674766556334%
2024-02-01 13:43:19,269 - INFO - Epoch [315/500], Loss: 1209.7655079364777, Accuracy: 41.95527569225801%
2024-02-01 13:43:19,990 - INFO - Epoch [316/500], Loss: 1209.26648747921, Accuracy: 42.00102257743333%
2024-02-01 13:43:20,589 - INFO - Epoch [317/500], Loss: 1208.7692281007767, Accuracy: 42.014477543661364%
2024-02-01 13:43:21,208 - INFO - Epoch [318/500], Loss: 1208.273711681366, Accuracy: 42.041387476117436%
2024-02-01 13:43:21,916 - INFO - Epoch [319/500], Loss: 1207.7799170017242, Accuracy: 42.07906138155593%
2024-02-01 13:43:22,555 - INFO - Epoch [320/500], Loss: 1207.2878684997559, Accuracy: 42.105971314012%
2024-02-01 13:43:23,175 - INFO - Epoch [321/500], Loss: 1206.7975195646286, Accuracy: 42.11135330050322%
2024-02-01 13:43:23,182 - INFO - Test Accuracy: 30.8300395256917%, Balanced Test Accuracy: 30.777216598617525%
2024-02-01 13:43:23,746 - INFO - Epoch [322/500], Loss: 1206.3088763952255, Accuracy: 42.11673528699443%
2024-02-01 13:43:24,382 - INFO - Epoch [323/500], Loss: 1205.8219246864319, Accuracy: 42.132881246468074%
2024-02-01 13:43:25,056 - INFO - Epoch [324/500], Loss: 1205.3366440534592, Accuracy: 42.15171819918732%
2024-02-01 13:43:25,705 - INFO - Epoch [325/500], Loss: 1204.8530391454697, Accuracy: 42.16786415866096%
2024-02-01 13:43:26,375 - INFO - Epoch [326/500], Loss: 1204.3710887432098, Accuracy: 42.19477409111703%
2024-02-01 13:43:27,088 - INFO - Epoch [327/500], Loss: 1203.8907840251923, Accuracy: 42.20553806409946%
2024-02-01 13:43:27,750 - INFO - Epoch [328/500], Loss: 1203.4121174812317, Accuracy: 42.22975700330992%
2024-02-01 13:43:28,403 - INFO - Epoch [329/500], Loss: 1202.9350731372833, Accuracy: 42.253975942520384%
2024-02-01 13:43:29,053 - INFO - Epoch [330/500], Loss: 1202.4596483707428, Accuracy: 42.2593579290116%
2024-02-01 13:43:29,746 - INFO - Epoch [331/500], Loss: 1201.9858204126358, Accuracy: 42.280885874976455%
2024-02-01 13:43:29,755 - INFO - Test Accuracy: 30.8300395256917%, Balanced Test Accuracy: 30.777216598617525%
2024-02-01 13:43:30,530 - INFO - Epoch [332/500], Loss: 1201.5135811567307, Accuracy: 42.2997228276957%
2024-02-01 13:43:31,316 - INFO - Epoch [333/500], Loss: 1201.0429459810257, Accuracy: 42.31855978041495%
2024-02-01 13:43:32,077 - INFO - Epoch [334/500], Loss: 1200.5738780498505, Accuracy: 42.3373967331342%
2024-02-01 13:43:32,726 - INFO - Epoch [335/500], Loss: 1200.1063661575317, Accuracy: 42.35623368585345%
2024-02-01 13:43:33,375 - INFO - Epoch [336/500], Loss: 1199.6404165029526, Accuracy: 42.38045262506391%
2024-02-01 13:43:34,021 - INFO - Epoch [337/500], Loss: 1199.176006436348, Accuracy: 42.42081752374801%
2024-02-01 13:43:34,670 - INFO - Epoch [338/500], Loss: 1198.713142156601, Accuracy: 42.43965447646726%
2024-02-01 13:43:35,322 - INFO - Epoch [339/500], Loss: 1198.251789689064, Accuracy: 42.4531094426953%
2024-02-01 13:43:35,962 - INFO - Epoch [340/500], Loss: 1197.7919543981552, Accuracy: 42.474637388660156%
2024-02-01 13:43:36,631 - INFO - Epoch [341/500], Loss: 1197.3336446285248, Accuracy: 42.48271036839697%
2024-02-01 13:43:36,639 - INFO - Test Accuracy: 31.0935441370224%, Balanced Test Accuracy: 30.979422480970463%
2024-02-01 13:43:37,335 - INFO - Epoch [342/500], Loss: 1196.8768163919449, Accuracy: 42.51500228734426%
2024-02-01 13:43:38,048 - INFO - Epoch [343/500], Loss: 1196.4214800596237, Accuracy: 42.52307526708108%
2024-02-01 13:43:38,988 - INFO - Epoch [344/500], Loss: 1195.9676069021225, Accuracy: 42.53922122655472%
2024-02-01 13:43:39,697 - INFO - Epoch [345/500], Loss: 1195.515226840973, Accuracy: 42.566131159010794%
2024-02-01 13:43:40,347 - INFO - Epoch [346/500], Loss: 1195.0642887353897, Accuracy: 42.58765910497565%
2024-02-01 13:43:41,012 - INFO - Epoch [347/500], Loss: 1194.6148232221603, Accuracy: 42.609187050940506%
2024-02-01 13:43:41,656 - INFO - Epoch [348/500], Loss: 1194.1667902469635, Accuracy: 42.62802400365975%
2024-02-01 13:43:42,306 - INFO - Epoch [349/500], Loss: 1193.7201932668686, Accuracy: 42.66300691585264%
2024-02-01 13:43:43,005 - INFO - Epoch [350/500], Loss: 1193.2750302553177, Accuracy: 42.69798982804553%
2024-02-01 13:43:43,647 - INFO - Epoch [351/500], Loss: 1192.831270813942, Accuracy: 42.716826780764784%
2024-02-01 13:43:43,656 - INFO - Test Accuracy: 30.8300395256917%, Balanced Test Accuracy: 30.741327242875222%
2024-02-01 13:43:44,447 - INFO - Epoch [352/500], Loss: 1192.3889299631119, Accuracy: 42.72759075374721%
2024-02-01 13:43:45,129 - INFO - Epoch [353/500], Loss: 1191.947986125946, Accuracy: 42.74104571997524%
2024-02-01 13:43:45,773 - INFO - Epoch [354/500], Loss: 1191.5084280967712, Accuracy: 42.75450068620328%
2024-02-01 13:43:46,407 - INFO - Epoch [355/500], Loss: 1191.070258975029, Accuracy: 42.77064664567692%
2024-02-01 13:43:47,083 - INFO - Epoch [356/500], Loss: 1190.6334664821625, Accuracy: 42.77333763892253%
2024-02-01 13:43:47,714 - INFO - Epoch [357/500], Loss: 1190.1980341672897, Accuracy: 42.81101154436102%
2024-02-01 13:43:48,361 - INFO - Epoch [358/500], Loss: 1189.7639787197113, Accuracy: 42.82984849708027%
2024-02-01 13:43:49,007 - INFO - Epoch [359/500], Loss: 1189.3312616348267, Accuracy: 42.84868544979952%
2024-02-01 13:43:49,668 - INFO - Epoch [360/500], Loss: 1188.8998823165894, Accuracy: 42.88366836199241%
2024-02-01 13:43:50,322 - INFO - Epoch [361/500], Loss: 1188.4698544740677, Accuracy: 42.89443233497484%
2024-02-01 13:43:50,329 - INFO - Test Accuracy: 30.8300395256917%, Balanced Test Accuracy: 30.55950906105705%
2024-02-01 13:43:50,938 - INFO - Epoch [362/500], Loss: 1188.0411539077759, Accuracy: 42.91596028093969%
2024-02-01 13:43:51,591 - INFO - Epoch [363/500], Loss: 1187.6137595176697, Accuracy: 42.926724253922124%
2024-02-01 13:43:52,238 - INFO - Epoch [364/500], Loss: 1187.1876853704453, Accuracy: 42.953634186378196%
2024-02-01 13:43:52,870 - INFO - Epoch [365/500], Loss: 1186.7629108428955, Accuracy: 42.96708915260623%
2024-02-01 13:43:53,474 - INFO - Epoch [366/500], Loss: 1186.3394372463226, Accuracy: 42.985926105325476%
2024-02-01 13:43:54,110 - INFO - Epoch [367/500], Loss: 1185.91725730896, Accuracy: 43.002072064799115%
2024-02-01 13:43:54,750 - INFO - Epoch [368/500], Loss: 1185.4963569641113, Accuracy: 43.02629100400958%
2024-02-01 13:43:55,387 - INFO - Epoch [369/500], Loss: 1185.0767464637756, Accuracy: 43.05050994322004%
2024-02-01 13:43:56,185 - INFO - Epoch [370/500], Loss: 1184.6583788394928, Accuracy: 43.06934689593929%
2024-02-01 13:43:56,815 - INFO - Epoch [371/500], Loss: 1184.241293311119, Accuracy: 43.074728882430506%
2024-02-01 13:43:56,822 - INFO - Test Accuracy: 31.0935441370224%, Balanced Test Accuracy: 30.842733461928507%
2024-02-01 13:43:57,397 - INFO - Epoch [372/500], Loss: 1183.8254494667053, Accuracy: 43.10163881488658%
2024-02-01 13:43:58,111 - INFO - Epoch [373/500], Loss: 1183.4108525514603, Accuracy: 43.11778477436022%
2024-02-01 13:43:58,761 - INFO - Epoch [374/500], Loss: 1182.99749481678, Accuracy: 43.13931272032507%
2024-02-01 13:43:59,554 - INFO - Epoch [375/500], Loss: 1182.5853680372238, Accuracy: 43.16084066628993%
2024-02-01 13:44:00,206 - INFO - Epoch [376/500], Loss: 1182.1744711399078, Accuracy: 43.166222652781144%
2024-02-01 13:44:00,962 - INFO - Epoch [377/500], Loss: 1181.7647950649261, Accuracy: 43.18505960550039%
2024-02-01 13:44:01,694 - INFO - Epoch [378/500], Loss: 1181.3563377857208, Accuracy: 43.209278544710855%
2024-02-01 13:44:02,353 - INFO - Epoch [379/500], Loss: 1180.9490811824799, Accuracy: 43.22273351093889%
2024-02-01 13:44:03,039 - INFO - Epoch [380/500], Loss: 1180.5430145263672, Accuracy: 43.23618847716692%
2024-02-01 13:44:03,841 - INFO - Epoch [381/500], Loss: 1180.1381316184998, Accuracy: 43.257716423131775%
2024-02-01 13:44:03,849 - INFO - Test Accuracy: 31.225296442687746%, Balanced Test Accuracy: 30.94077267761478%
2024-02-01 13:44:04,525 - INFO - Epoch [382/500], Loss: 1179.734470963478, Accuracy: 43.28462635558785%
2024-02-01 13:44:05,192 - INFO - Epoch [383/500], Loss: 1179.3319420814514, Accuracy: 43.29539032857028%
2024-02-01 13:44:05,901 - INFO - Epoch [384/500], Loss: 1178.9306205511093, Accuracy: 43.32230026102634%
2024-02-01 13:44:06,601 - INFO - Epoch [385/500], Loss: 1178.5304543972015, Accuracy: 43.35190118672802%
2024-02-01 13:44:07,213 - INFO - Epoch [386/500], Loss: 1178.1314401626587, Accuracy: 43.36266515971045%
2024-02-01 13:44:07,898 - INFO - Epoch [387/500], Loss: 1177.7335809469223, Accuracy: 43.37342913269288%
2024-02-01 13:44:08,561 - INFO - Epoch [388/500], Loss: 1177.336879491806, Accuracy: 43.37881111918409%
2024-02-01 13:44:09,268 - INFO - Epoch [389/500], Loss: 1176.9413146972656, Accuracy: 43.376120125938485%
2024-02-01 13:44:09,987 - INFO - Epoch [390/500], Loss: 1176.5468806028366, Accuracy: 43.392266085412125%
2024-02-01 13:44:10,673 - INFO - Epoch [391/500], Loss: 1176.1535720825195, Accuracy: 43.41379403137698%
2024-02-01 13:44:10,680 - INFO - Test Accuracy: 31.488801054018445%, Balanced Test Accuracy: 31.203398940241044%
2024-02-01 13:44:11,299 - INFO - Epoch [392/500], Loss: 1175.7613993883133, Accuracy: 43.435321977341836%
2024-02-01 13:44:11,941 - INFO - Epoch [393/500], Loss: 1175.370329618454, Accuracy: 43.451467936815476%
2024-02-01 13:44:12,619 - INFO - Epoch [394/500], Loss: 1174.9803791046143, Accuracy: 43.45684992330669%
2024-02-01 13:44:13,284 - INFO - Epoch [395/500], Loss: 1174.5915335416794, Accuracy: 43.481068862517155%
2024-02-01 13:44:13,925 - INFO - Epoch [396/500], Loss: 1174.203771352768, Accuracy: 43.507978794973226%
2024-02-01 13:44:14,604 - INFO - Epoch [397/500], Loss: 1173.817123413086, Accuracy: 43.52143376120126%
2024-02-01 13:44:15,272 - INFO - Epoch [398/500], Loss: 1173.4315456151962, Accuracy: 43.52950674093808%
2024-02-01 13:44:16,005 - INFO - Epoch [399/500], Loss: 1173.0470479726791, Accuracy: 43.54565270041172%
2024-02-01 13:44:16,656 - INFO - Epoch [400/500], Loss: 1172.6636332273483, Accuracy: 43.540270713920506%
2024-02-01 13:44:17,309 - INFO - Epoch [401/500], Loss: 1172.2813074588776, Accuracy: 43.569871639622185%
2024-02-01 13:44:17,315 - INFO - Test Accuracy: 31.357048748353098%, Balanced Test Accuracy: 31.075193812035913%
2024-02-01 13:44:17,970 - INFO - Epoch [402/500], Loss: 1171.9000000953674, Accuracy: 43.59409057883265%
2024-02-01 13:44:18,643 - INFO - Epoch [403/500], Loss: 1171.519796013832, Accuracy: 43.6129275315519%
2024-02-01 13:44:19,306 - INFO - Epoch [404/500], Loss: 1171.1406246423721, Accuracy: 43.63983746400797%
2024-02-01 13:44:20,014 - INFO - Epoch [405/500], Loss: 1170.7625164985657, Accuracy: 43.661365409972824%
2024-02-01 13:44:20,838 - INFO - Epoch [406/500], Loss: 1170.3854331970215, Accuracy: 43.674820376200856%
2024-02-01 13:44:21,741 - INFO - Epoch [407/500], Loss: 1170.0093970298767, Accuracy: 43.68558434918328%
2024-02-01 13:44:22,491 - INFO - Epoch [408/500], Loss: 1169.6343793869019, Accuracy: 43.68558434918328%
2024-02-01 13:44:23,181 - INFO - Epoch [409/500], Loss: 1169.2603956460953, Accuracy: 43.690966335674496%
2024-02-01 13:44:23,836 - INFO - Epoch [410/500], Loss: 1168.8874329328537, Accuracy: 43.707112295148136%
2024-02-01 13:44:24,495 - INFO - Epoch [411/500], Loss: 1168.5154864788055, Accuracy: 43.72594924786739%
2024-02-01 13:44:24,504 - INFO - Test Accuracy: 31.357048748353098%, Balanced Test Accuracy: 31.075193812035913%
2024-02-01 13:44:25,263 - INFO - Epoch [412/500], Loss: 1168.1445672512054, Accuracy: 43.74209520734103%
2024-02-01 13:44:25,955 - INFO - Epoch [413/500], Loss: 1167.7746304273605, Accuracy: 43.763623153305886%
2024-02-01 13:44:26,658 - INFO - Epoch [414/500], Loss: 1167.4057085514069, Accuracy: 43.763623153305886%
2024-02-01 13:44:27,379 - INFO - Epoch [415/500], Loss: 1167.0377724170685, Accuracy: 43.782460106025134%
2024-02-01 13:44:28,065 - INFO - Epoch [416/500], Loss: 1166.6708203554153, Accuracy: 43.795915072253166%
2024-02-01 13:44:28,688 - INFO - Epoch [417/500], Loss: 1166.3048652410507, Accuracy: 43.80398805198999%
2024-02-01 13:44:29,328 - INFO - Epoch [418/500], Loss: 1165.9398777484894, Accuracy: 43.82013401146363%
2024-02-01 13:44:30,059 - INFO - Epoch [419/500], Loss: 1165.5758786201477, Accuracy: 43.83089798444606%
2024-02-01 13:44:30,806 - INFO - Epoch [420/500], Loss: 1165.2128475904465, Accuracy: 43.84435295067409%
2024-02-01 13:44:31,673 - INFO - Epoch [421/500], Loss: 1164.850783109665, Accuracy: 43.86588089663895%
2024-02-01 13:44:31,682 - INFO - Test Accuracy: 31.357048748353098%, Balanced Test Accuracy: 31.075193812035913%
2024-02-01 13:44:32,689 - INFO - Epoch [422/500], Loss: 1164.4896775484085, Accuracy: 43.87395387637577%
2024-02-01 13:44:33,826 - INFO - Epoch [423/500], Loss: 1164.1295319795609, Accuracy: 43.87933586286698%
2024-02-01 13:44:34,792 - INFO - Epoch [424/500], Loss: 1163.7703350782394, Accuracy: 43.884717849358196%
2024-02-01 13:44:35,578 - INFO - Epoch [425/500], Loss: 1163.4120877981186, Accuracy: 43.9250827480423%
2024-02-01 13:44:36,251 - INFO - Epoch [426/500], Loss: 1163.0547832250595, Accuracy: 43.94930168725276%
2024-02-01 13:44:36,957 - INFO - Epoch [427/500], Loss: 1162.6983948946, Accuracy: 43.97082963321762%
2024-02-01 13:44:37,630 - INFO - Epoch [428/500], Loss: 1162.3429579734802, Accuracy: 43.98697559269126%
2024-02-01 13:44:38,285 - INFO - Epoch [429/500], Loss: 1161.9884513616562, Accuracy: 44.008503538656115%
2024-02-01 13:44:38,957 - INFO - Epoch [430/500], Loss: 1161.6348630189896, Accuracy: 44.01388552514733%
2024-02-01 13:44:39,631 - INFO - Epoch [431/500], Loss: 1161.282188653946, Accuracy: 44.02464949812976%
2024-02-01 13:44:39,637 - INFO - Test Accuracy: 31.357048748353098%, Balanced Test Accuracy: 30.756566361055526%
2024-02-01 13:44:40,326 - INFO - Epoch [432/500], Loss: 1160.930429816246, Accuracy: 44.0407954576034%
2024-02-01 13:44:41,076 - INFO - Epoch [433/500], Loss: 1160.57959151268, Accuracy: 44.04348645084901%
2024-02-01 13:44:41,746 - INFO - Epoch [434/500], Loss: 1160.2296414375305, Accuracy: 44.07577836979629%
2024-02-01 13:44:42,606 - INFO - Epoch [435/500], Loss: 1159.8806077241898, Accuracy: 44.10268830225236%
2024-02-01 13:44:43,336 - INFO - Epoch [436/500], Loss: 1159.5324680805206, Accuracy: 44.110761281989184%
2024-02-01 13:44:43,953 - INFO - Epoch [437/500], Loss: 1159.1852182149887, Accuracy: 44.12959823470843%
2024-02-01 13:44:44,559 - INFO - Epoch [438/500], Loss: 1158.8388592004776, Accuracy: 44.140362207690856%
2024-02-01 13:44:45,163 - INFO - Epoch [439/500], Loss: 1158.493387579918, Accuracy: 44.159199160410104%
2024-02-01 13:44:45,885 - INFO - Epoch [440/500], Loss: 1158.148790717125, Accuracy: 44.17265412663814%
2024-02-01 13:44:46,540 - INFO - Epoch [441/500], Loss: 1157.8050721883774, Accuracy: 44.194182072603%
2024-02-01 13:44:46,547 - INFO - Test Accuracy: 31.225296442687746%, Balanced Test Accuracy: 30.52484121485669%
2024-02-01 13:44:47,223 - INFO - Epoch [442/500], Loss: 1157.462217926979, Accuracy: 44.199564059094214%
2024-02-01 13:44:47,973 - INFO - Epoch [443/500], Loss: 1157.1202329397202, Accuracy: 44.22109200505907%
2024-02-01 13:44:48,635 - INFO - Epoch [444/500], Loss: 1156.7791090011597, Accuracy: 44.2345469712871%
2024-02-01 13:44:49,284 - INFO - Epoch [445/500], Loss: 1156.4388694763184, Accuracy: 44.25338392400635%
2024-02-01 13:44:49,939 - INFO - Epoch [446/500], Loss: 1156.09945333004, Accuracy: 44.26414789698878%
2024-02-01 13:44:50,605 - INFO - Epoch [447/500], Loss: 1155.7609117031097, Accuracy: 44.27760286321681%
2024-02-01 13:44:51,355 - INFO - Epoch [448/500], Loss: 1155.4232079982758, Accuracy: 44.28567584295364%
2024-02-01 13:44:52,098 - INFO - Epoch [449/500], Loss: 1155.086333155632, Accuracy: 44.30182180242728%
2024-02-01 13:44:52,785 - INFO - Epoch [450/500], Loss: 1154.7503259181976, Accuracy: 44.320658755146525%
2024-02-01 13:44:53,442 - INFO - Epoch [451/500], Loss: 1154.4151329994202, Accuracy: 44.34487769435699%
2024-02-01 13:44:53,449 - INFO - Test Accuracy: 31.225296442687746%, Balanced Test Accuracy: 30.52484121485669%
2024-02-01 13:44:54,112 - INFO - Epoch [452/500], Loss: 1154.0807670354843, Accuracy: 44.352950674093805%
2024-02-01 13:44:54,767 - INFO - Epoch [453/500], Loss: 1153.747243642807, Accuracy: 44.36909663356745%
2024-02-01 13:44:55,459 - INFO - Epoch [454/500], Loss: 1153.4145232439041, Accuracy: 44.37716961330427%
2024-02-01 13:44:56,104 - INFO - Epoch [455/500], Loss: 1153.0826462507248, Accuracy: 44.3879335862867%
2024-02-01 13:44:56,702 - INFO - Epoch [456/500], Loss: 1152.751589179039, Accuracy: 44.40138855251473%
2024-02-01 13:44:57,351 - INFO - Epoch [457/500], Loss: 1152.4213091135025, Accuracy: 44.40407954576034%
2024-02-01 13:44:58,049 - INFO - Epoch [458/500], Loss: 1152.0918595790863, Accuracy: 44.425607491725195%
2024-02-01 13:44:58,743 - INFO - Epoch [459/500], Loss: 1151.7632174491882, Accuracy: 44.441753451198835%
2024-02-01 13:44:59,407 - INFO - Epoch [460/500], Loss: 1151.4353774785995, Accuracy: 44.46328139716369%
2024-02-01 13:45:00,062 - INFO - Epoch [461/500], Loss: 1151.1083385944366, Accuracy: 44.47942735663734%
2024-02-01 13:45:00,068 - INFO - Test Accuracy: 31.225296442687746%, Balanced Test Accuracy: 30.52484121485669%
2024-02-01 13:45:00,605 - INFO - Epoch [462/500], Loss: 1150.7820882797241, Accuracy: 44.49557331611098%
2024-02-01 13:45:01,131 - INFO - Epoch [463/500], Loss: 1150.4566178321838, Accuracy: 44.514410268830225%
2024-02-01 13:45:01,655 - INFO - Epoch [464/500], Loss: 1150.1319408416748, Accuracy: 44.52248324856705%
2024-02-01 13:45:02,199 - INFO - Epoch [465/500], Loss: 1149.808059811592, Accuracy: 44.53862920804069%
2024-02-01 13:45:02,728 - INFO - Epoch [466/500], Loss: 1149.4849371910095, Accuracy: 44.56823013374236%
2024-02-01 13:45:03,258 - INFO - Epoch [467/500], Loss: 1149.162611246109, Accuracy: 44.57899410672479%
2024-02-01 13:45:03,791 - INFO - Epoch [468/500], Loss: 1148.8410398960114, Accuracy: 44.58975807970722%
2024-02-01 13:45:04,329 - INFO - Epoch [469/500], Loss: 1148.520252585411, Accuracy: 44.60052205268965%
2024-02-01 13:45:04,874 - INFO - Epoch [470/500], Loss: 1148.2002243995667, Accuracy: 44.61128602567207%
2024-02-01 13:45:05,414 - INFO - Epoch [471/500], Loss: 1147.88094997406, Accuracy: 44.622049998654504%
2024-02-01 13:45:05,420 - INFO - Test Accuracy: 31.225296442687746%, Balanced Test Accuracy: 30.52484121485669%
2024-02-01 13:45:05,955 - INFO - Epoch [472/500], Loss: 1147.5624451637268, Accuracy: 44.64626893786497%
2024-02-01 13:45:06,492 - INFO - Epoch [473/500], Loss: 1147.2446962594986, Accuracy: 44.66779688382982%
2024-02-01 13:45:07,088 - INFO - Epoch [474/500], Loss: 1146.9276940822601, Accuracy: 44.68394284330346%
2024-02-01 13:45:07,666 - INFO - Epoch [475/500], Loss: 1146.6114300489426, Accuracy: 44.70277979602271%
2024-02-01 13:45:08,245 - INFO - Epoch [476/500], Loss: 1146.295940041542, Accuracy: 44.71623476225075%
2024-02-01 13:45:08,817 - INFO - Epoch [477/500], Loss: 1145.9811782836914, Accuracy: 44.71623476225075%
2024-02-01 13:45:09,410 - INFO - Epoch [478/500], Loss: 1145.6671561002731, Accuracy: 44.73507171497%
2024-02-01 13:45:09,981 - INFO - Epoch [479/500], Loss: 1145.3538681268692, Accuracy: 44.75929065418046%
2024-02-01 13:45:10,550 - INFO - Epoch [480/500], Loss: 1145.0413182973862, Accuracy: 44.76467264067167%
2024-02-01 13:45:11,084 - INFO - Epoch [481/500], Loss: 1144.7294763326645, Accuracy: 44.78889157988213%
2024-02-01 13:45:11,090 - INFO - Test Accuracy: 31.357048748353098%, Balanced Test Accuracy: 30.653046343061817%
2024-02-01 13:45:11,712 - INFO - Epoch [482/500], Loss: 1144.418385386467, Accuracy: 44.81041952584699%
2024-02-01 13:45:12,363 - INFO - Epoch [483/500], Loss: 1144.1079964637756, Accuracy: 44.829256478566236%
2024-02-01 13:45:13,014 - INFO - Epoch [484/500], Loss: 1143.7983441352844, Accuracy: 44.83732945830306%
2024-02-01 13:45:13,711 - INFO - Epoch [485/500], Loss: 1143.4893990755081, Accuracy: 44.85616641102231%
2024-02-01 13:45:14,356 - INFO - Epoch [486/500], Loss: 1143.1811755895615, Accuracy: 44.875003363741556%
2024-02-01 13:45:15,003 - INFO - Epoch [487/500], Loss: 1142.8736507892609, Accuracy: 44.888458329969595%
2024-02-01 13:45:15,649 - INFO - Epoch [488/500], Loss: 1142.5668362379074, Accuracy: 44.91267726918005%
2024-02-01 13:45:16,219 - INFO - Epoch [489/500], Loss: 1142.2607164382935, Accuracy: 44.91805925567127%
2024-02-01 13:45:16,783 - INFO - Epoch [490/500], Loss: 1141.9553334712982, Accuracy: 44.931514221899306%
2024-02-01 13:45:17,412 - INFO - Epoch [491/500], Loss: 1141.6506222486496, Accuracy: 44.936896208390515%
2024-02-01 13:45:17,418 - INFO - Test Accuracy: 31.357048748353098%, Balanced Test Accuracy: 30.653046343061817%
2024-02-01 13:45:18,020 - INFO - Epoch [492/500], Loss: 1141.346613407135, Accuracy: 44.95842415435537%
2024-02-01 13:45:18,611 - INFO - Epoch [493/500], Loss: 1141.0432977676392, Accuracy: 44.9691881273378%
2024-02-01 13:45:19,261 - INFO - Epoch [494/500], Loss: 1140.74067735672, Accuracy: 44.979952100320226%
2024-02-01 13:45:19,917 - INFO - Epoch [495/500], Loss: 1140.438722372055, Accuracy: 44.98533408681144%
2024-02-01 13:45:20,552 - INFO - Epoch [496/500], Loss: 1140.1374660730362, Accuracy: 44.99609805979387%
2024-02-01 13:45:21,208 - INFO - Epoch [497/500], Loss: 1139.8368998765945, Accuracy: 45.00417103953069%
2024-02-01 13:45:21,876 - INFO - Epoch [498/500], Loss: 1139.5369846820831, Accuracy: 45.01762600575873%
2024-02-01 13:45:22,533 - INFO - Epoch [499/500], Loss: 1139.2377654314041, Accuracy: 45.02300799224994%
2024-02-01 13:45:23,154 - INFO - Epoch [500/500], Loss: 1138.939205646515, Accuracy: 45.03108097198676%
2024-02-01 13:45:23,439 - INFO - Test Accuracy: 19.298523206751057%, Balanced Test Accuracy: 19.298523206751057%
2024-02-01 13:45:23,754 - INFO - Final unblanced test accuracy: 19.298523206751057% and final balanced test accuracy 19.298523206751057
