2024-01-31 10:23:33,250 - INFO - Configuration:
{
    "task": "5",
    "topic": "classifierCS",
    "train_classifier": true,
    "number_gpus": "1",
    "modalities": [
        "rgb"
    ],
    "encoder_model": "MAE",
    "mask_ratio": 0.8,
    "dataset": "NTU",
    "split": "CS",
    "num_classes": 60,
    "epochs": 500,
    "res_cktp": false,
    "cktp_dir": "/home/bas06400/Thesis/VIP/src/align_checkpoints/mae_checkpoints/",
    "trained_encoder": "checkpoint_rgb_CS_20240130_193828.pth",
    "learning_rate": 0.001,
    "temperature": 0.1,
    "num_workers": 10,
    "batch_size": 64,
    "data_root": "/net/polaris/storage/deeplearning/ntu",
    "random_sample": false,
    "pin_memory": true,
    "scheduler_config": {
        "type": "plateau",
        "params": {
            "mode": "min",
            "factor": 0.1,
            "patience": 5
        }
    }
}
2024-01-31 10:23:33,313 - INFO - Training MAE for rgb...
2024-01-31 10:23:33,455 - INFO - Evaluing on the following GPUs [6]
2024-01-31 10:23:41,649 - INFO - Starting feature extraction...
2024-01-31 11:19:31,710 - INFO - Epoch [1/500], Loss: 306.9252927303314, Accuracy: 4.05689266823577%
2024-01-31 11:19:31,736 - INFO - Test Accuracy: 4.83271375464684%, Balanced Test Accuracy: 5.447675713980062%
2024-01-31 11:19:32,732 - INFO - Epoch [2/500], Loss: 291.8338767886162, Accuracy: 6.056234656948346%
2024-01-31 11:19:33,720 - INFO - Epoch [3/500], Loss: 284.7329184114933, Accuracy: 7.086275403031913%
2024-01-31 11:19:34,640 - INFO - Epoch [4/500], Loss: 279.84667414426804, Accuracy: 7.830334320350264%
2024-01-31 11:19:35,507 - INFO - Epoch [5/500], Loss: 276.0912816822529, Accuracy: 8.407359603168578%
2024-01-31 11:19:36,360 - INFO - Epoch [6/500], Loss: 273.0299008190632, Accuracy: 8.98438488598689%
2024-01-31 11:19:37,199 - INFO - Epoch [7/500], Loss: 270.43978294730186, Accuracy: 9.523447979146104%
2024-01-31 11:19:38,054 - INFO - Epoch [8/500], Loss: 268.1915307343006, Accuracy: 9.991648318274999%
2024-01-31 11:19:38,997 - INFO - Epoch [9/500], Loss: 266.2031509280205, Accuracy: 10.391516716017513%
2024-01-31 11:19:39,909 - INFO - Epoch [10/500], Loss: 264.4193306565285, Accuracy: 10.776200237896388%
2024-01-31 11:19:40,868 - INFO - Epoch [11/500], Loss: 262.8009236752987, Accuracy: 11.107736694252525%
2024-01-31 11:19:40,881 - INFO - Test Accuracy: 8.798017348203222%, Balanced Test Accuracy: 9.785850622807144%
2024-01-31 11:19:41,864 - INFO - Epoch [12/500], Loss: 261.31916600465775, Accuracy: 11.378533647154102%
2024-01-31 11:19:42,894 - INFO - Epoch [13/500], Loss: 259.9522776901722, Accuracy: 11.641738162123858%
2024-01-31 11:19:43,891 - INFO - Epoch [14/500], Loss: 258.68335232138634, Accuracy: 11.904942677093615%
2024-01-31 11:19:44,899 - INFO - Epoch [15/500], Loss: 257.4989893436432, Accuracy: 12.147900690911852%
2024-01-31 11:19:45,894 - INFO - Epoch [16/500], Loss: 256.3883919417858, Accuracy: 12.431351707033128%
2024-01-31 11:19:46,868 - INFO - Epoch [17/500], Loss: 255.34271210432053, Accuracy: 12.666717282919546%
2024-01-31 11:19:47,895 - INFO - Epoch [18/500], Loss: 254.35462945699692, Accuracy: 12.871713107078683%
2024-01-31 11:19:48,877 - INFO - Epoch [19/500], Loss: 253.4179927110672, Accuracy: 13.0564624300863%
2024-01-31 11:19:49,840 - INFO - Epoch [20/500], Loss: 252.52760115265846, Accuracy: 13.236150127806038%
2024-01-31 11:19:50,812 - INFO - Epoch [21/500], Loss: 251.67900863289833, Accuracy: 13.408245387593956%
2024-01-31 11:19:50,825 - INFO - Test Accuracy: 10.532837670384138%, Balanced Test Accuracy: 11.845086877695573%
2024-01-31 11:19:51,804 - INFO - Epoch [22/500], Loss: 250.86838993430138, Accuracy: 13.608179586465214%
2024-01-31 11:19:52,832 - INFO - Epoch [23/500], Loss: 250.09242156147957, Accuracy: 13.805582972692532%
2024-01-31 11:19:53,840 - INFO - Epoch [24/500], Loss: 249.34820592403412, Accuracy: 14.000455546275909%
2024-01-31 11:19:54,902 - INFO - Epoch [25/500], Loss: 248.63319665193558, Accuracy: 14.167489180775947%
2024-01-31 11:19:55,918 - INFO - Epoch [26/500], Loss: 247.94514426589012, Accuracy: 14.306683876192645%
2024-01-31 11:19:56,938 - INFO - Epoch [27/500], Loss: 247.28205233812332, Accuracy: 14.504087262419963%
2024-01-31 11:19:57,965 - INFO - Epoch [28/500], Loss: 246.64214545488358, Accuracy: 14.698959836003342%
2024-01-31 11:19:59,034 - INFO - Epoch [29/500], Loss: 246.02382397651672, Accuracy: 14.822969655556399%
2024-01-31 11:20:00,059 - INFO - Epoch [30/500], Loss: 245.4256550371647, Accuracy: 14.944448662465518%
2024-01-31 11:20:01,093 - INFO - Epoch [31/500], Loss: 244.84634917974472, Accuracy: 15.068458482018576%
2024-01-31 11:20:01,106 - INFO - Test Accuracy: 10.656753407682777%, Balanced Test Accuracy: 11.774306611263134%
2024-01-31 11:20:02,239 - INFO - Epoch [32/500], Loss: 244.2847304046154, Accuracy: 15.245615367094373%
2024-01-31 11:20:03,302 - INFO - Epoch [33/500], Loss: 243.73973551392555, Accuracy: 15.387340875155012%
2024-01-31 11:20:04,432 - INFO - Epoch [34/500], Loss: 243.21039435267448, Accuracy: 15.496165818844432%
2024-01-31 11:20:05,505 - INFO - Epoch [35/500], Loss: 242.69581824541092, Accuracy: 15.60245994988991%
2024-01-31 11:20:06,566 - INFO - Epoch [36/500], Loss: 242.1951945722103, Accuracy: 15.696100017715688%
2024-01-31 11:20:07,560 - INFO - Epoch [37/500], Loss: 241.70777836441994, Accuracy: 15.822640649912687%
2024-01-31 11:20:08,576 - INFO - Epoch [38/500], Loss: 241.2328799366951, Accuracy: 15.979551033836964%
2024-01-31 11:20:09,667 - INFO - Epoch [39/500], Loss: 240.76986172795296, Accuracy: 16.133930605117303%
2024-01-31 11:20:10,708 - INFO - Epoch [40/500], Loss: 240.31813749670982, Accuracy: 16.207324171791562%
2024-01-31 11:20:11,648 - INFO - Epoch [41/500], Loss: 239.87716341018677, Accuracy: 16.33133399134462%
2024-01-31 11:20:11,664 - INFO - Test Accuracy: 11.028500619578686%, Balanced Test Accuracy: 12.171751758708282%
2024-01-31 11:20:12,598 - INFO - Epoch [42/500], Loss: 239.44643399119377, Accuracy: 16.47052868676132%
2024-01-31 11:20:13,588 - INFO - Epoch [43/500], Loss: 239.02547323703766, Accuracy: 16.607192569534078%
2024-01-31 11:20:14,655 - INFO - Epoch [44/500], Loss: 238.61384823918343, Accuracy: 16.716017513223495%
2024-01-31 11:20:15,756 - INFO - Epoch [45/500], Loss: 238.21114388108253, Accuracy: 16.845088958064434%
2024-01-31 11:20:16,811 - INFO - Epoch [46/500], Loss: 237.81697940826416, Accuracy: 16.943790651178094%
2024-01-31 11:20:17,821 - INFO - Epoch [47/500], Loss: 237.43099319934845, Accuracy: 17.05008478222357%
2024-01-31 11:20:18,801 - INFO - Epoch [48/500], Loss: 237.05285122990608, Accuracy: 17.18421785235239%
2024-01-31 11:20:19,759 - INFO - Epoch [49/500], Loss: 236.68223586678505, Accuracy: 17.30063523397363%
2024-01-31 11:20:20,751 - INFO - Epoch [50/500], Loss: 236.31884902715683, Accuracy: 17.41705261559487%
2024-01-31 11:20:21,757 - INFO - Epoch [51/500], Loss: 235.96241101622581, Accuracy: 17.495507807557008%
2024-01-31 11:20:21,771 - INFO - Test Accuracy: 11.152416356877323%, Balanced Test Accuracy: 12.365059256363605%
2024-01-31 11:20:22,769 - INFO - Epoch [52/500], Loss: 235.61266005039215, Accuracy: 17.609394376534304%
2024-01-31 11:20:23,785 - INFO - Epoch [53/500], Loss: 235.26933947205544, Accuracy: 17.677726317920683%
2024-01-31 11:20:24,831 - INFO - Epoch [54/500], Loss: 234.93222296237946, Accuracy: 17.804266950117682%
2024-01-31 11:20:25,855 - INFO - Epoch [55/500], Loss: 234.60108122229576, Accuracy: 17.87766051679194%
2024-01-31 11:20:26,878 - INFO - Epoch [56/500], Loss: 234.2757054567337, Accuracy: 17.96876977197378%
2024-01-31 11:20:27,917 - INFO - Epoch [57/500], Loss: 233.95589432120323, Accuracy: 18.03457090071622%
2024-01-31 11:20:28,936 - INFO - Epoch [58/500], Loss: 233.64145946502686, Accuracy: 18.13580340647382%
2024-01-31 11:20:29,944 - INFO - Epoch [59/500], Loss: 233.33222001791, Accuracy: 18.239566724875356%
2024-01-31 11:20:30,981 - INFO - Epoch [60/500], Loss: 233.02800503373146, Accuracy: 18.305367853617796%
2024-01-31 11:20:32,058 - INFO - Epoch [61/500], Loss: 232.7286511361599, Accuracy: 18.391415483511757%
2024-01-31 11:20:32,071 - INFO - Test Accuracy: 11.771995043370508%, Balanced Test Accuracy: 12.985502822459344%
2024-01-31 11:20:33,100 - INFO - Epoch [62/500], Loss: 232.43400460481644, Accuracy: 18.467339862829956%
2024-01-31 11:20:34,117 - INFO - Epoch [63/500], Loss: 232.14391550421715, Accuracy: 18.540733429504215%
2024-01-31 11:20:35,141 - INFO - Epoch [64/500], Loss: 231.85824182629585, Accuracy: 18.616657808822414%
2024-01-31 11:20:36,035 - INFO - Epoch [65/500], Loss: 231.5768517255783, Accuracy: 18.687520562852733%
2024-01-31 11:20:36,955 - INFO - Epoch [66/500], Loss: 231.29961693286896, Accuracy: 18.76344494217093%
2024-01-31 11:20:37,852 - INFO - Epoch [67/500], Loss: 231.0264132618904, Accuracy: 18.84190013413307%
2024-01-31 11:20:38,760 - INFO - Epoch [68/500], Loss: 230.75712463259697, Accuracy: 18.92035532609521%
2024-01-31 11:20:39,736 - INFO - Epoch [69/500], Loss: 230.49163788557053, Accuracy: 18.991218080125527%
2024-01-31 11:20:40,736 - INFO - Epoch [70/500], Loss: 230.22984543442726, Accuracy: 19.08232733530737%
2024-01-31 11:20:41,717 - INFO - Epoch [71/500], Loss: 229.97164410352707, Accuracy: 19.143066838761925%
2024-01-31 11:20:41,732 - INFO - Test Accuracy: 12.391573729863692%, Balanced Test Accuracy: 13.606594693551216%
2024-01-31 11:20:42,738 - INFO - Epoch [72/500], Loss: 229.71693444252014, Accuracy: 19.203806342216485%
2024-01-31 11:20:43,798 - INFO - Epoch [73/500], Loss: 229.4656238257885, Accuracy: 19.269607470958924%
2024-01-31 11:20:44,874 - INFO - Epoch [74/500], Loss: 229.21762010455132, Accuracy: 19.348062662921063%
2024-01-31 11:20:45,898 - INFO - Epoch [75/500], Loss: 228.97283571958542, Accuracy: 19.429048667527145%
2024-01-31 11:20:46,921 - INFO - Epoch [76/500], Loss: 228.73118686676025, Accuracy: 19.504973046845343%
2024-01-31 11:20:47,974 - INFO - Epoch [77/500], Loss: 228.4925932586193, Accuracy: 19.580897426163542%
2024-01-31 11:20:49,061 - INFO - Epoch [78/500], Loss: 228.2569773197174, Accuracy: 19.62645205375446%
2024-01-31 11:20:50,302 - INFO - Epoch [79/500], Loss: 228.02426299452782, Accuracy: 19.67453749398932%
2024-01-31 11:20:51,371 - INFO - Epoch [80/500], Loss: 227.79438096284866, Accuracy: 19.72768455951206%
2024-01-31 11:20:52,359 - INFO - Epoch [81/500], Loss: 227.5672608613968, Accuracy: 19.7934856882545%
2024-01-31 11:20:52,373 - INFO - Test Accuracy: 12.88723667905824%, Balanced Test Accuracy: 14.142308979265502%
2024-01-31 11:20:53,376 - INFO - Epoch [82/500], Loss: 227.3428365290165, Accuracy: 19.85169437906512%
2024-01-31 11:20:54,358 - INFO - Epoch [83/500], Loss: 227.12104159593582, Accuracy: 19.942803634246957%
2024-01-31 11:20:55,351 - INFO - Epoch [84/500], Loss: 226.90181663632393, Accuracy: 20.033912889428795%
2024-01-31 11:20:56,339 - INFO - Epoch [85/500], Loss: 226.68510076403618, Accuracy: 20.089590767595475%
2024-01-31 11:20:57,372 - INFO - Epoch [86/500], Loss: 226.47083494067192, Accuracy: 20.155391896337914%
2024-01-31 11:20:58,388 - INFO - Epoch [87/500], Loss: 226.25896614789963, Accuracy: 20.223723837724293%
2024-01-31 11:20:59,456 - INFO - Epoch [88/500], Loss: 226.04943624138832, Accuracy: 20.286994153822793%
2024-01-31 11:21:00,491 - INFO - Epoch [89/500], Loss: 225.8421984910965, Accuracy: 20.36291853314099%
2024-01-31 11:21:01,490 - INFO - Epoch [90/500], Loss: 225.63719967007637, Accuracy: 20.43884291245919%
2024-01-31 11:21:02,505 - INFO - Epoch [91/500], Loss: 225.43439039587975, Accuracy: 20.49705160326981%
2024-01-31 11:21:02,519 - INFO - Test Accuracy: 13.258983890954152%, Balanced Test Accuracy: 14.678023264979787%
2024-01-31 11:21:03,532 - INFO - Epoch [92/500], Loss: 225.23372492194176, Accuracy: 20.56032191936831%
2024-01-31 11:21:04,540 - INFO - Epoch [93/500], Loss: 225.0351582467556, Accuracy: 20.63371548604257%
2024-01-31 11:21:05,601 - INFO - Epoch [94/500], Loss: 224.8386443555355, Accuracy: 20.696985802141068%
2024-01-31 11:21:06,620 - INFO - Epoch [95/500], Loss: 224.64414077997208, Accuracy: 20.750132867663808%
2024-01-31 11:21:07,638 - INFO - Epoch [96/500], Loss: 224.45160767436028, Accuracy: 20.805810745830485%
2024-01-31 11:21:08,622 - INFO - Epoch [97/500], Loss: 224.2610033750534, Accuracy: 20.851365373421405%
2024-01-31 11:21:09,556 - INFO - Epoch [98/500], Loss: 224.0722895860672, Accuracy: 20.927289752739604%
2024-01-31 11:21:10,573 - INFO - Epoch [99/500], Loss: 223.88542994856834, Accuracy: 20.980436818262344%
2024-01-31 11:21:11,586 - INFO - Epoch [100/500], Loss: 223.7003832757473, Accuracy: 21.018399007921445%
2024-01-31 11:21:12,622 - INFO - Epoch [101/500], Loss: 223.5171215236187, Accuracy: 21.048768759648723%
2024-01-31 11:21:12,635 - INFO - Test Accuracy: 13.382899628252789%, Balanced Test Accuracy: 14.749410211366735%
2024-01-31 11:21:13,597 - INFO - Epoch [102/500], Loss: 223.33560290932655, Accuracy: 21.096854199883584%
2024-01-31 11:21:14,615 - INFO - Epoch [103/500], Loss: 223.15579795837402, Accuracy: 21.160124515982083%
2024-01-31 11:21:15,596 - INFO - Epoch [104/500], Loss: 222.97767400741577, Accuracy: 21.230987270012402%
2024-01-31 11:21:16,576 - INFO - Epoch [105/500], Loss: 222.80119824409485, Accuracy: 21.28919596082302%
2024-01-31 11:21:17,566 - INFO - Epoch [106/500], Loss: 222.62633806467056, Accuracy: 21.362589527497278%
2024-01-31 11:21:18,547 - INFO - Epoch [107/500], Loss: 222.45306903123856, Accuracy: 21.413205780376078%
2024-01-31 11:21:19,542 - INFO - Epoch [108/500], Loss: 222.28135725855827, Accuracy: 21.486599347050337%
2024-01-31 11:21:20,543 - INFO - Epoch [109/500], Loss: 222.11117628216743, Accuracy: 21.51190747348974%
2024-01-31 11:21:21,583 - INFO - Epoch [110/500], Loss: 221.9425002336502, Accuracy: 21.554931288436716%
2024-01-31 11:21:22,582 - INFO - Epoch [111/500], Loss: 221.77529871463776, Accuracy: 21.623263229823095%
2024-01-31 11:21:22,596 - INFO - Test Accuracy: 13.506815365551425%, Balanced Test Accuracy: 14.93459539655192%
2024-01-31 11:21:23,604 - INFO - Epoch [112/500], Loss: 221.60954865813255, Accuracy: 21.673879482701896%
2024-01-31 11:21:24,639 - INFO - Epoch [113/500], Loss: 221.44522306323051, Accuracy: 21.732088173512516%
2024-01-31 11:21:25,648 - INFO - Epoch [114/500], Loss: 221.28229987621307, Accuracy: 21.764988737883733%
2024-01-31 11:21:26,668 - INFO - Epoch [115/500], Loss: 221.12075218558311, Accuracy: 21.787766051679196%
2024-01-31 11:21:27,655 - INFO - Epoch [116/500], Loss: 220.96055755019188, Accuracy: 21.833320679270113%
2024-01-31 11:21:28,655 - INFO - Epoch [117/500], Loss: 220.80169481039047, Accuracy: 21.896590995368612%
2024-01-31 11:21:29,704 - INFO - Epoch [118/500], Loss: 220.644139200449, Accuracy: 21.942145622959533%
2024-01-31 11:21:30,687 - INFO - Epoch [119/500], Loss: 220.4878723025322, Accuracy: 21.98516943790651%
2024-01-31 11:21:31,707 - INFO - Epoch [120/500], Loss: 220.3328699171543, Accuracy: 22.03325487814137%
2024-01-31 11:21:32,702 - INFO - Epoch [121/500], Loss: 220.1791120171547, Accuracy: 22.11171007010351%
2024-01-31 11:21:32,717 - INFO - Test Accuracy: 13.754646840148698%, Balanced Test Accuracy: 15.152127864084388%
2024-01-31 11:21:33,756 - INFO - Epoch [122/500], Loss: 220.0265801846981, Accuracy: 22.15220307240655%
2024-01-31 11:21:34,802 - INFO - Epoch [123/500], Loss: 219.8752506673336, Accuracy: 22.192696074709588%
2024-01-31 11:21:35,817 - INFO - Epoch [124/500], Loss: 219.72510907053947, Accuracy: 22.23318907701263%
2024-01-31 11:21:36,839 - INFO - Epoch [125/500], Loss: 219.5761363506317, Accuracy: 22.26608964138385%
2024-01-31 11:21:37,687 - INFO - Epoch [126/500], Loss: 219.42831182479858, Accuracy: 22.326829144838406%
2024-01-31 11:21:38,605 - INFO - Epoch [127/500], Loss: 219.28161889314651, Accuracy: 22.374914585073267%
2024-01-31 11:21:39,563 - INFO - Epoch [128/500], Loss: 219.13604101538658, Accuracy: 22.420469212664187%
2024-01-31 11:21:40,523 - INFO - Epoch [129/500], Loss: 218.99156013131142, Accuracy: 22.476147090830867%
2024-01-31 11:21:41,494 - INFO - Epoch [130/500], Loss: 218.84815782308578, Accuracy: 22.511578467846025%
2024-01-31 11:21:42,519 - INFO - Epoch [131/500], Loss: 218.70582282543182, Accuracy: 22.549540657505126%
2024-01-31 11:21:42,534 - INFO - Test Accuracy: 14.002478314745973%, Balanced Test Accuracy: 15.363666325622846%
2024-01-31 11:21:43,528 - INFO - Epoch [132/500], Loss: 218.56453356146812, Accuracy: 22.597626097739983%
2024-01-31 11:21:44,523 - INFO - Epoch [133/500], Loss: 218.42428001761436, Accuracy: 22.640649912686964%
2024-01-31 11:21:45,511 - INFO - Epoch [134/500], Loss: 218.28504130244255, Accuracy: 22.676081289702122%
2024-01-31 11:21:46,566 - INFO - Epoch [135/500], Loss: 218.1468090415001, Accuracy: 22.716574292005163%
2024-01-31 11:21:47,640 - INFO - Epoch [136/500], Loss: 218.0095658302307, Accuracy: 22.764659732240023%
2024-01-31 11:21:48,622 - INFO - Epoch [137/500], Loss: 217.8732933998108, Accuracy: 22.81780679776276%
2024-01-31 11:21:49,645 - INFO - Epoch [138/500], Loss: 217.73798462748528, Accuracy: 22.87348467592944%
2024-01-31 11:21:50,700 - INFO - Epoch [139/500], Loss: 217.6036213040352, Accuracy: 22.92410092880824%
2024-01-31 11:21:51,696 - INFO - Epoch [140/500], Loss: 217.47019097208977, Accuracy: 22.94940905524764%
2024-01-31 11:21:52,747 - INFO - Epoch [141/500], Loss: 217.33768567442894, Accuracy: 22.9974944954825%
2024-01-31 11:21:52,762 - INFO - Test Accuracy: 14.12639405204461%, Balanced Test Accuracy: 15.515181477137999%
2024-01-31 11:21:53,774 - INFO - Epoch [142/500], Loss: 217.20608508586884, Accuracy: 23.03292587249766%
2024-01-31 11:21:54,813 - INFO - Epoch [143/500], Loss: 217.07538059353828, Accuracy: 23.081011312732517%
2024-01-31 11:21:55,867 - INFO - Epoch [144/500], Loss: 216.9455590248108, Accuracy: 23.11897350239162%
2024-01-31 11:21:56,884 - INFO - Epoch [145/500], Loss: 216.81660944223404, Accuracy: 23.144281628831017%
2024-01-31 11:21:57,933 - INFO - Epoch [146/500], Loss: 216.68852066993713, Accuracy: 23.182243818490118%
2024-01-31 11:21:58,926 - INFO - Epoch [147/500], Loss: 216.5612790286541, Accuracy: 23.225267633437095%
2024-01-31 11:21:59,887 - INFO - Epoch [148/500], Loss: 216.43487602472305, Accuracy: 23.248044947232557%
2024-01-31 11:22:00,889 - INFO - Epoch [149/500], Loss: 216.30929899215698, Accuracy: 23.286007136891655%
2024-01-31 11:22:01,908 - INFO - Epoch [150/500], Loss: 216.18453586101532, Accuracy: 23.323969326550756%
2024-01-31 11:22:02,901 - INFO - Epoch [151/500], Loss: 216.06057822704315, Accuracy: 23.361931516209854%
2024-01-31 11:22:02,915 - INFO - Test Accuracy: 14.49814126394052%, Balanced Test Accuracy: 15.881481843438364%
2024-01-31 11:22:03,911 - INFO - Epoch [152/500], Loss: 215.93741664290428, Accuracy: 23.404955331156835%
2024-01-31 11:22:04,929 - INFO - Epoch [153/500], Loss: 215.8150356709957, Accuracy: 23.437855895528052%
2024-01-31 11:22:05,901 - INFO - Epoch [154/500], Loss: 215.69343081116676, Accuracy: 23.478348897831093%
2024-01-31 11:22:06,922 - INFO - Epoch [155/500], Loss: 215.57259154319763, Accuracy: 23.536557588641713%
2024-01-31 11:22:07,931 - INFO - Epoch [156/500], Loss: 215.45250365138054, Accuracy: 23.582112216232634%
2024-01-31 11:22:08,941 - INFO - Epoch [157/500], Loss: 215.3331659436226, Accuracy: 23.602358717384153%
2024-01-31 11:22:09,947 - INFO - Epoch [158/500], Loss: 215.21456217765808, Accuracy: 23.63525928175537%
2024-01-31 11:22:10,890 - INFO - Epoch [159/500], Loss: 215.09668564796448, Accuracy: 23.67322147141447%
2024-01-31 11:22:11,905 - INFO - Epoch [160/500], Loss: 214.9795277118683, Accuracy: 23.71371447371751%
2024-01-31 11:22:12,889 - INFO - Epoch [161/500], Loss: 214.86307814717293, Accuracy: 23.74408422544479%
2024-01-31 11:22:12,901 - INFO - Test Accuracy: 14.622057001239158%, Balanced Test Accuracy: 15.972751684708205%
2024-01-31 11:22:13,850 - INFO - Epoch [162/500], Loss: 214.74733141064644, Accuracy: 23.78204641510389%
2024-01-31 11:22:14,717 - INFO - Epoch [163/500], Loss: 214.63227677345276, Accuracy: 23.81747779211905%
2024-01-31 11:22:15,657 - INFO - Epoch [164/500], Loss: 214.51790568232536, Accuracy: 23.845316731202388%
2024-01-31 11:22:16,603 - INFO - Epoch [165/500], Loss: 214.404211550951, Accuracy: 23.89087135879331%
2024-01-31 11:22:17,565 - INFO - Epoch [166/500], Loss: 214.29118531942368, Accuracy: 23.921241110520587%
2024-01-31 11:22:18,576 - INFO - Epoch [167/500], Loss: 214.17882066965103, Accuracy: 23.95161086224787%
2024-01-31 11:22:19,552 - INFO - Epoch [168/500], Loss: 214.0671091377735, Accuracy: 23.992103864550906%
2024-01-31 11:22:20,552 - INFO - Epoch [169/500], Loss: 213.95603957772255, Accuracy: 24.032596866853947%
2024-01-31 11:22:21,646 - INFO - Epoch [170/500], Loss: 213.84561026096344, Accuracy: 24.055374180649405%
2024-01-31 11:22:22,700 - INFO - Epoch [171/500], Loss: 213.7358138859272, Accuracy: 24.093336370308506%
2024-01-31 11:22:22,710 - INFO - Test Accuracy: 14.745972738537795%, Balanced Test Accuracy: 16.14725310920963%
2024-01-31 11:22:23,735 - INFO - Epoch [172/500], Loss: 213.62663760781288, Accuracy: 24.105990433528206%
2024-01-31 11:22:24,783 - INFO - Epoch [173/500], Loss: 213.51807570457458, Accuracy: 24.133829372611544%
2024-01-31 11:22:25,776 - INFO - Epoch [174/500], Loss: 213.41012793779373, Accuracy: 24.154075873763066%
2024-01-31 11:22:26,785 - INFO - Epoch [175/500], Loss: 213.30278101563454, Accuracy: 24.174322374914585%
2024-01-31 11:22:27,834 - INFO - Epoch [176/500], Loss: 213.19602864980698, Accuracy: 24.204692126641866%
2024-01-31 11:22:28,848 - INFO - Epoch [177/500], Loss: 213.08986648917198, Accuracy: 24.257839192164603%
2024-01-31 11:22:29,845 - INFO - Epoch [178/500], Loss: 212.98428824543953, Accuracy: 24.278085693316125%
2024-01-31 11:22:30,805 - INFO - Epoch [179/500], Loss: 212.8792857825756, Accuracy: 24.305924632399464%
2024-01-31 11:22:31,830 - INFO - Epoch [180/500], Loss: 212.77485433220863, Accuracy: 24.364133323210083%
2024-01-31 11:22:32,818 - INFO - Epoch [181/500], Loss: 212.67098447680473, Accuracy: 24.3970338875813%
2024-01-31 11:22:32,830 - INFO - Test Accuracy: 15.117719950433704%, Balanced Test Accuracy: 16.477940939897458%
2024-01-31 11:22:33,889 - INFO - Epoch [182/500], Loss: 212.56767413020134, Accuracy: 24.429934451952523%
2024-01-31 11:22:34,928 - INFO - Epoch [183/500], Loss: 212.46491846442223, Accuracy: 24.45018095310404%
2024-01-31 11:22:35,984 - INFO - Epoch [184/500], Loss: 212.3627065718174, Accuracy: 24.490673955407082%
2024-01-31 11:22:37,008 - INFO - Epoch [185/500], Loss: 212.2610365152359, Accuracy: 24.52610533242224%
2024-01-31 11:22:38,052 - INFO - Epoch [186/500], Loss: 212.15989843010902, Accuracy: 24.556475084149522%
2024-01-31 11:22:39,029 - INFO - Epoch [187/500], Loss: 212.05929145216942, Accuracy: 24.57925239794498%
2024-01-31 11:22:40,004 - INFO - Epoch [188/500], Loss: 211.9592090845108, Accuracy: 24.61974540024802%
2024-01-31 11:22:40,998 - INFO - Epoch [189/500], Loss: 211.8596452176571, Accuracy: 24.66023840255106%
2024-01-31 11:22:42,002 - INFO - Epoch [190/500], Loss: 211.76059263944626, Accuracy: 24.69060815427834%
2024-01-31 11:22:43,000 - INFO - Epoch [191/500], Loss: 211.6620489358902, Accuracy: 24.71085465542986%
2024-01-31 11:22:43,015 - INFO - Test Accuracy: 15.241635687732343%, Balanced Test Accuracy: 16.5675272794838%
2024-01-31 11:22:44,079 - INFO - Epoch [192/500], Loss: 211.5640076994896, Accuracy: 24.753878470376836%
2024-01-31 11:22:45,101 - INFO - Epoch [193/500], Loss: 211.46646627783775, Accuracy: 24.77412497152836%
2024-01-31 11:22:46,105 - INFO - Epoch [194/500], Loss: 211.36941400170326, Accuracy: 24.789309847391998%
2024-01-31 11:22:47,092 - INFO - Epoch [195/500], Loss: 211.27284958958626, Accuracy: 24.817148786475336%
2024-01-31 11:22:48,088 - INFO - Epoch [196/500], Loss: 211.17677089571953, Accuracy: 24.83233366233898%
2024-01-31 11:22:49,081 - INFO - Epoch [197/500], Loss: 211.0811675786972, Accuracy: 24.862703414066257%
2024-01-31 11:22:50,062 - INFO - Epoch [198/500], Loss: 210.9860400557518, Accuracy: 24.903196416369298%
2024-01-31 11:22:51,033 - INFO - Epoch [199/500], Loss: 210.8913798034191, Accuracy: 24.948751043960215%
2024-01-31 11:22:52,019 - INFO - Epoch [200/500], Loss: 210.79718306660652, Accuracy: 24.976589983043556%
2024-01-31 11:22:52,985 - INFO - Epoch [201/500], Loss: 210.70344641804695, Accuracy: 25.004428922126895%
2024-01-31 11:22:52,998 - INFO - Test Accuracy: 15.613382899628252%, Balanced Test Accuracy: 16.953668915625435%
2024-01-31 11:22:54,021 - INFO - Epoch [202/500], Loss: 210.6101666688919, Accuracy: 25.032267861210233%
2024-01-31 11:22:55,063 - INFO - Epoch [203/500], Loss: 210.51733642816544, Accuracy: 25.065168425581454%
2024-01-31 11:22:56,061 - INFO - Epoch [204/500], Loss: 210.42495197057724, Accuracy: 25.087945739376913%
2024-01-31 11:22:57,083 - INFO - Epoch [205/500], Loss: 210.33300867676735, Accuracy: 25.100599802596612%
2024-01-31 11:22:58,104 - INFO - Epoch [206/500], Loss: 210.24150717258453, Accuracy: 25.133500366967834%
2024-01-31 11:22:59,138 - INFO - Epoch [207/500], Loss: 210.1504376232624, Accuracy: 25.16387011869511%
2024-01-31 11:23:00,144 - INFO - Epoch [208/500], Loss: 210.05979749560356, Accuracy: 25.184116619846634%
2024-01-31 11:23:01,110 - INFO - Epoch [209/500], Loss: 209.9695843756199, Accuracy: 25.209424746286032%
2024-01-31 11:23:02,136 - INFO - Epoch [210/500], Loss: 209.87979182600975, Accuracy: 25.22967124743755%
2024-01-31 11:23:03,156 - INFO - Epoch [211/500], Loss: 209.79041960835457, Accuracy: 25.23473287272543%
2024-01-31 11:23:03,168 - INFO - Test Accuracy: 15.737298636926889%, Balanced Test Accuracy: 17.081874043830563%
2024-01-31 11:23:04,204 - INFO - Epoch [212/500], Loss: 209.7014590203762, Accuracy: 25.249917748589073%
2024-01-31 11:23:05,210 - INFO - Epoch [213/500], Loss: 209.61291006207466, Accuracy: 25.27522587502847%
2024-01-31 11:23:06,188 - INFO - Epoch [214/500], Loss: 209.5247684121132, Accuracy: 25.31065725204363%
2024-01-31 11:23:07,162 - INFO - Epoch [215/500], Loss: 209.4370293021202, Accuracy: 25.325842127907272%
2024-01-31 11:23:08,156 - INFO - Epoch [216/500], Loss: 209.34968972206116, Accuracy: 25.36380431756637%
2024-01-31 11:23:09,168 - INFO - Epoch [217/500], Loss: 209.26274579763412, Accuracy: 25.39417406929365%
2024-01-31 11:23:10,232 - INFO - Epoch [218/500], Loss: 209.17619448900223, Accuracy: 25.42707463366487%
2024-01-31 11:23:11,305 - INFO - Epoch [219/500], Loss: 209.09003281593323, Accuracy: 25.444790322172448%
2024-01-31 11:23:12,367 - INFO - Epoch [220/500], Loss: 209.00425484776497, Accuracy: 25.47009844861185%
2024-01-31 11:23:13,404 - INFO - Epoch [221/500], Loss: 208.91885939240456, Accuracy: 25.49793738769519%
2024-01-31 11:23:13,417 - INFO - Test Accuracy: 15.737298636926889%, Balanced Test Accuracy: 17.074659036615554%
2024-01-31 11:23:14,453 - INFO - Epoch [222/500], Loss: 208.83384215831757, Accuracy: 25.53083795206641%
2024-01-31 11:23:15,456 - INFO - Epoch [223/500], Loss: 208.74919989705086, Accuracy: 25.573861767013387%
2024-01-31 11:23:16,401 - INFO - Epoch [224/500], Loss: 208.66493034362793, Accuracy: 25.58904664287703%
2024-01-31 11:23:17,240 - INFO - Epoch [225/500], Loss: 208.58103048801422, Accuracy: 25.60676233138461%
2024-01-31 11:23:18,185 - INFO - Epoch [226/500], Loss: 208.49749502539635, Accuracy: 25.629539645180067%
2024-01-31 11:23:19,153 - INFO - Epoch [227/500], Loss: 208.41432306170464, Accuracy: 25.667501834839168%
2024-01-31 11:23:20,174 - INFO - Epoch [228/500], Loss: 208.3315091431141, Accuracy: 25.680155898058867%
2024-01-31 11:23:21,165 - INFO - Epoch [229/500], Loss: 208.24905428290367, Accuracy: 25.713056462430085%
2024-01-31 11:23:22,172 - INFO - Epoch [230/500], Loss: 208.1669514477253, Accuracy: 25.733302963581608%
2024-01-31 11:23:23,109 - INFO - Epoch [231/500], Loss: 208.08519795536995, Accuracy: 25.766203527952825%
2024-01-31 11:23:23,122 - INFO - Test Accuracy: 15.737298636926889%, Balanced Test Accuracy: 17.074659036615554%
2024-01-31 11:23:24,106 - INFO - Epoch [232/500], Loss: 208.0037925541401, Accuracy: 25.791511654392224%
2024-01-31 11:23:25,125 - INFO - Epoch [233/500], Loss: 207.92273145914078, Accuracy: 25.821881406119505%
2024-01-31 11:23:26,121 - INFO - Epoch [234/500], Loss: 207.8420125246048, Accuracy: 25.844658719914964%
2024-01-31 11:23:27,156 - INFO - Epoch [235/500], Loss: 207.76163241267204, Accuracy: 25.875028471642246%
2024-01-31 11:23:28,116 - INFO - Epoch [236/500], Loss: 207.68158620595932, Accuracy: 25.902867410725584%
2024-01-31 11:23:29,060 - INFO - Epoch [237/500], Loss: 207.60187700390816, Accuracy: 25.925644724521042%
2024-01-31 11:23:30,049 - INFO - Epoch [238/500], Loss: 207.52249577641487, Accuracy: 25.940829600384685%
2024-01-31 11:23:31,036 - INFO - Epoch [239/500], Loss: 207.44344320893288, Accuracy: 25.963606914180144%
2024-01-31 11:23:32,044 - INFO - Epoch [240/500], Loss: 207.36471518874168, Accuracy: 25.968668539468023%
2024-01-31 11:23:32,987 - INFO - Epoch [241/500], Loss: 207.28631073236465, Accuracy: 25.991445853263482%
2024-01-31 11:23:33,000 - INFO - Test Accuracy: 15.985130111524164%, Balanced Test Accuracy: 17.411359373315893%
2024-01-31 11:23:33,972 - INFO - Epoch [242/500], Loss: 207.20822674036026, Accuracy: 26.014223167058944%
2024-01-31 11:23:35,059 - INFO - Epoch [243/500], Loss: 207.13046130537987, Accuracy: 26.044592918786222%
2024-01-31 11:23:36,106 - INFO - Epoch [244/500], Loss: 207.0530073940754, Accuracy: 26.07243185786956%
2024-01-31 11:23:37,083 - INFO - Epoch [245/500], Loss: 206.97586700320244, Accuracy: 26.090147546377143%
2024-01-31 11:23:38,087 - INFO - Epoch [246/500], Loss: 206.89903968572617, Accuracy: 26.138232986612%
2024-01-31 11:23:39,108 - INFO - Epoch [247/500], Loss: 206.82251608371735, Accuracy: 26.158479487763522%
2024-01-31 11:23:40,114 - INFO - Epoch [248/500], Loss: 206.74629923701286, Accuracy: 26.19391086477868%
2024-01-31 11:23:41,073 - INFO - Epoch [249/500], Loss: 206.67038515210152, Accuracy: 26.22174980386202%
2024-01-31 11:23:42,064 - INFO - Epoch [250/500], Loss: 206.59477096796036, Accuracy: 26.24958874294536%
2024-01-31 11:23:43,069 - INFO - Epoch [251/500], Loss: 206.5194526910782, Accuracy: 26.26983524409688%
2024-01-31 11:23:43,083 - INFO - Test Accuracy: 15.861214374225527%, Balanced Test Accuracy: 17.300248262204786%
2024-01-31 11:23:44,107 - INFO - Epoch [252/500], Loss: 206.4444343149662, Accuracy: 26.29261255789234%
2024-01-31 11:23:45,110 - INFO - Epoch [253/500], Loss: 206.3697068989277, Accuracy: 26.32045149697568%
2024-01-31 11:23:46,104 - INFO - Epoch [254/500], Loss: 206.2952702641487, Accuracy: 26.338167185483258%
2024-01-31 11:23:47,133 - INFO - Epoch [255/500], Loss: 206.22112354636192, Accuracy: 26.36347531192266%
2024-01-31 11:23:48,209 - INFO - Epoch [256/500], Loss: 206.14726355671883, Accuracy: 26.396375876293877%
2024-01-31 11:23:49,231 - INFO - Epoch [257/500], Loss: 206.07369056344032, Accuracy: 26.42674562802116%
2024-01-31 11:23:50,271 - INFO - Epoch [258/500], Loss: 206.00039473176003, Accuracy: 26.469769442968136%
2024-01-31 11:23:51,296 - INFO - Epoch [259/500], Loss: 205.92738232016563, Accuracy: 26.474831068256016%
2024-01-31 11:23:52,340 - INFO - Epoch [260/500], Loss: 205.8546505868435, Accuracy: 26.505200819983298%
2024-01-31 11:23:53,401 - INFO - Epoch [261/500], Loss: 205.78219065070152, Accuracy: 26.533039759066636%
2024-01-31 11:23:53,414 - INFO - Test Accuracy: 15.861214374225527%, Balanced Test Accuracy: 17.300248262204786%
2024-01-31 11:23:54,515 - INFO - Epoch [262/500], Loss: 205.71000650525093, Accuracy: 26.545693822286335%
2024-01-31 11:23:55,540 - INFO - Epoch [263/500], Loss: 205.6380957365036, Accuracy: 26.568471136081797%
2024-01-31 11:23:56,484 - INFO - Epoch [264/500], Loss: 205.56645208597183, Accuracy: 26.601371700453015%
2024-01-31 11:23:57,455 - INFO - Epoch [265/500], Loss: 205.49508067965508, Accuracy: 26.621618201604534%
2024-01-31 11:23:58,426 - INFO - Epoch [266/500], Loss: 205.42397272586823, Accuracy: 26.639333890112116%
2024-01-31 11:23:59,441 - INFO - Epoch [267/500], Loss: 205.353129863739, Accuracy: 26.659580391263635%
2024-01-31 11:24:00,488 - INFO - Epoch [268/500], Loss: 205.28254854679108, Accuracy: 26.664642016551515%
2024-01-31 11:24:01,525 - INFO - Epoch [269/500], Loss: 205.21222719550133, Accuracy: 26.687419330346973%
2024-01-31 11:24:02,639 - INFO - Epoch [270/500], Loss: 205.14216655492783, Accuracy: 26.712727456786375%
2024-01-31 11:24:03,639 - INFO - Epoch [271/500], Loss: 205.07236105203629, Accuracy: 26.727912332650014%
2024-01-31 11:24:03,652 - INFO - Test Accuracy: 15.861214374225527%, Balanced Test Accuracy: 17.300248262204786%
2024-01-31 11:24:04,676 - INFO - Epoch [272/500], Loss: 205.00281012058258, Accuracy: 26.753220459089412%
2024-01-31 11:24:05,633 - INFO - Epoch [273/500], Loss: 204.933512955904, Accuracy: 26.775997772884875%
2024-01-31 11:24:06,614 - INFO - Epoch [274/500], Loss: 204.86446657776833, Accuracy: 26.796244274036393%
2024-01-31 11:24:07,626 - INFO - Epoch [275/500], Loss: 204.79567143321037, Accuracy: 26.819021587831852%
2024-01-31 11:24:08,606 - INFO - Epoch [276/500], Loss: 204.72712156176567, Accuracy: 26.856983777490953%
2024-01-31 11:24:09,580 - INFO - Epoch [277/500], Loss: 204.6588172018528, Accuracy: 26.88988434186217%
2024-01-31 11:24:10,567 - INFO - Epoch [278/500], Loss: 204.59076073765755, Accuracy: 26.907600030369753%
2024-01-31 11:24:11,608 - INFO - Epoch [279/500], Loss: 204.52294197678566, Accuracy: 26.922784906233392%
2024-01-31 11:24:12,567 - INFO - Epoch [280/500], Loss: 204.45537021756172, Accuracy: 26.94303140738491%
2024-01-31 11:24:13,504 - INFO - Epoch [281/500], Loss: 204.38803306221962, Accuracy: 26.983524409687952%
2024-01-31 11:24:13,517 - INFO - Test Accuracy: 15.737298636926889%, Balanced Test Accuracy: 17.161359373315893%
2024-01-31 11:24:14,606 - INFO - Epoch [282/500], Loss: 204.32093408703804, Accuracy: 27.00124009819553%
2024-01-31 11:24:15,653 - INFO - Epoch [283/500], Loss: 204.25407215952873, Accuracy: 27.02401741199099%
2024-01-31 11:24:16,686 - INFO - Epoch [284/500], Loss: 204.18744298815727, Accuracy: 27.04679472578645%
2024-01-31 11:24:17,577 - INFO - Epoch [285/500], Loss: 204.12104806303978, Accuracy: 27.06704122693797%
2024-01-31 11:24:18,456 - INFO - Epoch [286/500], Loss: 204.0548842549324, Accuracy: 27.08475691544555%
2024-01-31 11:24:19,368 - INFO - Epoch [287/500], Loss: 203.9889497756958, Accuracy: 27.11259585452889%
2024-01-31 11:24:20,330 - INFO - Epoch [288/500], Loss: 203.9232431948185, Accuracy: 27.13284235568041%
2024-01-31 11:24:21,231 - INFO - Epoch [289/500], Loss: 203.85776335000992, Accuracy: 27.14802723154405%
2024-01-31 11:24:22,189 - INFO - Epoch [290/500], Loss: 203.7925063073635, Accuracy: 27.165742920051628%
2024-01-31 11:24:23,214 - INFO - Epoch [291/500], Loss: 203.72747692465782, Accuracy: 27.18852023384709%
2024-01-31 11:24:23,227 - INFO - Test Accuracy: 15.985130111524164%, Balanced Test Accuracy: 17.40861212056864%
2024-01-31 11:24:24,289 - INFO - Epoch [292/500], Loss: 203.66266524791718, Accuracy: 27.223951610862247%
2024-01-31 11:24:25,358 - INFO - Epoch [293/500], Loss: 203.59807708859444, Accuracy: 27.234074861438007%
2024-01-31 11:24:26,461 - INFO - Epoch [294/500], Loss: 203.53370875120163, Accuracy: 27.26444461316529%
2024-01-31 11:24:27,550 - INFO - Epoch [295/500], Loss: 203.469554156065, Accuracy: 27.287221926960747%
2024-01-31 11:24:28,565 - INFO - Epoch [296/500], Loss: 203.40561681985855, Accuracy: 27.307468428112266%
2024-01-31 11:24:29,639 - INFO - Epoch [297/500], Loss: 203.3418949842453, Accuracy: 27.330245741907728%
2024-01-31 11:24:30,733 - INFO - Epoch [298/500], Loss: 203.27838715910912, Accuracy: 27.342899805127427%
2024-01-31 11:24:31,749 - INFO - Epoch [299/500], Loss: 203.2150890827179, Accuracy: 27.370738744210765%
2024-01-31 11:24:32,769 - INFO - Epoch [300/500], Loss: 203.15200451016426, Accuracy: 27.385923620074404%
2024-01-31 11:24:33,787 - INFO - Epoch [301/500], Loss: 203.08912682533264, Accuracy: 27.408700933869866%
2024-01-31 11:24:33,800 - INFO - Test Accuracy: 16.232961586121437%, Balanced Test Accuracy: 17.573668481277178%
2024-01-31 11:24:34,809 - INFO - Epoch [302/500], Loss: 203.02645710110664, Accuracy: 27.436539872953205%
2024-01-31 11:24:35,795 - INFO - Epoch [303/500], Loss: 202.96399542689323, Accuracy: 27.446663123528964%
2024-01-31 11:24:36,801 - INFO - Epoch [304/500], Loss: 202.90173855423927, Accuracy: 27.456786374104723%
2024-01-31 11:24:37,866 - INFO - Epoch [305/500], Loss: 202.8396860063076, Accuracy: 27.464378812036546%
2024-01-31 11:24:38,857 - INFO - Epoch [306/500], Loss: 202.7778337597847, Accuracy: 27.499810189051704%
2024-01-31 11:24:39,879 - INFO - Epoch [307/500], Loss: 202.71618694067, Accuracy: 27.522587502847163%
2024-01-31 11:24:40,929 - INFO - Epoch [308/500], Loss: 202.6547360420227, Accuracy: 27.545364816642625%
2024-01-31 11:24:41,964 - INFO - Epoch [309/500], Loss: 202.5934881567955, Accuracy: 27.560549692506264%
2024-01-31 11:24:42,971 - INFO - Epoch [310/500], Loss: 202.53243440389633, Accuracy: 27.583327006301722%
2024-01-31 11:24:43,957 - INFO - Epoch [311/500], Loss: 202.47157821059227, Accuracy: 27.601042694809305%
2024-01-31 11:24:43,968 - INFO - Test Accuracy: 16.1090458488228%, Balanced Test Accuracy: 17.422153329762022%
2024-01-31 11:24:44,960 - INFO - Epoch [312/500], Loss: 202.4109167456627, Accuracy: 27.623820008604763%
2024-01-31 11:24:45,958 - INFO - Epoch [313/500], Loss: 202.3504492342472, Accuracy: 27.646597322400222%
2024-01-31 11:24:46,977 - INFO - Epoch [314/500], Loss: 202.29017382860184, Accuracy: 27.65418976033204%
2024-01-31 11:24:48,004 - INFO - Epoch [315/500], Loss: 202.23008960485458, Accuracy: 27.679497886771443%
2024-01-31 11:24:49,026 - INFO - Epoch [316/500], Loss: 202.17019855976105, Accuracy: 27.697213575279022%
2024-01-31 11:24:50,057 - INFO - Epoch [317/500], Loss: 202.1104945242405, Accuracy: 27.704806013210842%
2024-01-31 11:24:51,093 - INFO - Epoch [318/500], Loss: 202.0509786605835, Accuracy: 27.72252170171842%
2024-01-31 11:24:52,138 - INFO - Epoch [319/500], Loss: 201.9916515648365, Accuracy: 27.73517576493812%
2024-01-31 11:24:53,206 - INFO - Epoch [320/500], Loss: 201.9325068295002, Accuracy: 27.752891453445702%
2024-01-31 11:24:54,227 - INFO - Epoch [321/500], Loss: 201.8735494017601, Accuracy: 27.78579201781692%
2024-01-31 11:24:54,239 - INFO - Test Accuracy: 16.232961586121437%, Balanced Test Accuracy: 17.588819996428693%
2024-01-31 11:24:55,211 - INFO - Epoch [322/500], Loss: 201.81477418541908, Accuracy: 27.8035077063245%
2024-01-31 11:24:56,281 - INFO - Epoch [323/500], Loss: 201.75618287920952, Accuracy: 27.8035077063245%
2024-01-31 11:24:57,266 - INFO - Epoch [324/500], Loss: 201.6977706849575, Accuracy: 27.83387745805178%
2024-01-31 11:24:58,247 - INFO - Epoch [325/500], Loss: 201.63953951001167, Accuracy: 27.84906233391542%
2024-01-31 11:24:59,238 - INFO - Epoch [326/500], Loss: 201.58148792386055, Accuracy: 27.86171639713512%
2024-01-31 11:25:00,185 - INFO - Epoch [327/500], Loss: 201.5236138701439, Accuracy: 27.89714777415028%
2024-01-31 11:25:01,186 - INFO - Epoch [328/500], Loss: 201.46591928601265, Accuracy: 27.91233265001392%
2024-01-31 11:25:02,183 - INFO - Epoch [329/500], Loss: 201.40839585661888, Accuracy: 27.935109963809378%
2024-01-31 11:25:03,177 - INFO - Epoch [330/500], Loss: 201.351048797369, Accuracy: 27.94776402702908%
2024-01-31 11:25:04,204 - INFO - Epoch [331/500], Loss: 201.29387691617012, Accuracy: 27.96547971553666%
2024-01-31 11:25:04,217 - INFO - Test Accuracy: 16.48079306071871%, Balanced Test Accuracy: 17.800460208068902%
2024-01-31 11:25:05,245 - INFO - Epoch [332/500], Loss: 201.23687800765038, Accuracy: 27.990787841976058%
2024-01-31 11:25:06,232 - INFO - Epoch [333/500], Loss: 201.18005096912384, Accuracy: 28.008503530483637%
2024-01-31 11:25:07,316 - INFO - Epoch [334/500], Loss: 201.12339207530022, Accuracy: 28.02621921899122%
2024-01-31 11:25:08,381 - INFO - Epoch [335/500], Loss: 201.06690791249275, Accuracy: 28.03887328221092%
2024-01-31 11:25:09,366 - INFO - Epoch [336/500], Loss: 201.01058921217918, Accuracy: 28.056588970718497%
2024-01-31 11:25:10,368 - INFO - Epoch [337/500], Loss: 200.95444133877754, Accuracy: 28.08442790980184%
2024-01-31 11:25:11,353 - INFO - Epoch [338/500], Loss: 200.89845764636993, Accuracy: 28.099612785665478%
2024-01-31 11:25:12,596 - INFO - Epoch [339/500], Loss: 200.84263890981674, Accuracy: 28.117328474173057%
2024-01-31 11:25:14,320 - INFO - Epoch [340/500], Loss: 200.78698897361755, Accuracy: 28.129982537392756%
2024-01-31 11:25:15,941 - INFO - Epoch [341/500], Loss: 200.731499761343, Accuracy: 28.147698225900335%
2024-01-31 11:25:15,989 - INFO - Test Accuracy: 16.60470879801735%, Balanced Test Accuracy: 17.87621778382648%
2024-01-31 11:25:17,576 - INFO - Epoch [342/500], Loss: 200.6761718094349, Accuracy: 28.162883101763978%
2024-01-31 11:25:19,418 - INFO - Epoch [343/500], Loss: 200.6210112273693, Accuracy: 28.170475539695797%
2024-01-31 11:25:20,298 - INFO - Epoch [344/500], Loss: 200.56601077318192, Accuracy: 28.185660415559436%
2024-01-31 11:25:21,212 - INFO - Epoch [345/500], Loss: 200.51116943359375, Accuracy: 28.198314478779135%
2024-01-31 11:25:22,209 - INFO - Epoch [346/500], Loss: 200.45648768544197, Accuracy: 28.208437729354895%
2024-01-31 11:25:23,185 - INFO - Epoch [347/500], Loss: 200.4019675552845, Accuracy: 28.213499354642774%
2024-01-31 11:25:24,145 - INFO - Epoch [348/500], Loss: 200.34759998321533, Accuracy: 28.226153417862477%
2024-01-31 11:25:25,129 - INFO - Epoch [349/500], Loss: 200.29339182376862, Accuracy: 28.246399919013996%
2024-01-31 11:25:26,146 - INFO - Epoch [350/500], Loss: 200.23934158682823, Accuracy: 28.269177232809454%
2024-01-31 11:25:27,139 - INFO - Epoch [351/500], Loss: 200.18544274568558, Accuracy: 28.281831296029154%
2024-01-31 11:25:27,150 - INFO - Test Accuracy: 16.728624535315983%, Balanced Test Accuracy: 17.951975359584054%
2024-01-31 11:25:28,118 - INFO - Epoch [352/500], Loss: 200.13170009851456, Accuracy: 28.299546984536736%
2024-01-31 11:25:29,122 - INFO - Epoch [353/500], Loss: 200.07810938358307, Accuracy: 28.314731860400375%
2024-01-31 11:25:30,175 - INFO - Epoch [354/500], Loss: 200.02467489242554, Accuracy: 28.329916736264014%
2024-01-31 11:25:31,193 - INFO - Epoch [355/500], Loss: 199.97139045596123, Accuracy: 28.347632424771593%
2024-01-31 11:25:32,221 - INFO - Epoch [356/500], Loss: 199.91825672984123, Accuracy: 28.362817300635236%
2024-01-31 11:25:33,241 - INFO - Epoch [357/500], Loss: 199.86527210474014, Accuracy: 28.400779490294333%
2024-01-31 11:25:34,296 - INFO - Epoch [358/500], Loss: 199.81243699789047, Accuracy: 28.42355680408979%
2024-01-31 11:25:35,308 - INFO - Epoch [359/500], Loss: 199.75975024700165, Accuracy: 28.453926555817073%
2024-01-31 11:25:36,370 - INFO - Epoch [360/500], Loss: 199.70721098780632, Accuracy: 28.48935793283223%
2024-01-31 11:25:37,377 - INFO - Epoch [361/500], Loss: 199.65482038259506, Accuracy: 28.504542808695874%
2024-01-31 11:25:37,388 - INFO - Test Accuracy: 16.97645600991326%, Balanced Test Accuracy: 18.113506638762395%
2024-01-31 11:25:38,344 - INFO - Epoch [362/500], Loss: 199.60257518291473, Accuracy: 28.529850935135272%
2024-01-31 11:25:39,305 - INFO - Epoch [363/500], Loss: 199.55047291517258, Accuracy: 28.55009743628679%
2024-01-31 11:25:40,289 - INFO - Epoch [364/500], Loss: 199.49851819872856, Accuracy: 28.577936375370133%
2024-01-31 11:25:41,312 - INFO - Epoch [365/500], Loss: 199.44670405983925, Accuracy: 28.60324450180953%
2024-01-31 11:25:42,321 - INFO - Epoch [366/500], Loss: 199.39503437280655, Accuracy: 28.61842937767317%
2024-01-31 11:25:43,338 - INFO - Epoch [367/500], Loss: 199.3435079753399, Accuracy: 28.636145066180752%
2024-01-31 11:25:44,290 - INFO - Epoch [368/500], Loss: 199.29212123155594, Accuracy: 28.65132994204439%
2024-01-31 11:25:45,274 - INFO - Epoch [369/500], Loss: 199.24087823927402, Accuracy: 28.67916888112773%
2024-01-31 11:25:46,226 - INFO - Epoch [370/500], Loss: 199.18977284431458, Accuracy: 28.68676131905955%
2024-01-31 11:25:47,203 - INFO - Epoch [371/500], Loss: 199.13880537450314, Accuracy: 28.71713107078683%
2024-01-31 11:25:47,216 - INFO - Test Accuracy: 17.100371747211895%, Balanced Test Accuracy: 18.241711766967523%
2024-01-31 11:25:48,202 - INFO - Epoch [372/500], Loss: 199.08797858655453, Accuracy: 28.72725432136259%
2024-01-31 11:25:49,277 - INFO - Epoch [373/500], Loss: 199.03728894889355, Accuracy: 28.75256244780199%
2024-01-31 11:25:50,294 - INFO - Epoch [374/500], Loss: 198.98673637211323, Accuracy: 28.772808948953507%
2024-01-31 11:25:51,307 - INFO - Epoch [375/500], Loss: 198.93631979823112, Accuracy: 28.79558626274897%
2024-01-31 11:25:52,385 - INFO - Epoch [376/500], Loss: 198.88603964447975, Accuracy: 28.815832763900488%
2024-01-31 11:25:53,427 - INFO - Epoch [377/500], Loss: 198.83589212596416, Accuracy: 28.833548452408067%
2024-01-31 11:25:54,483 - INFO - Epoch [378/500], Loss: 198.7858840674162, Accuracy: 28.86391820413535%
2024-01-31 11:25:55,519 - INFO - Epoch [379/500], Loss: 198.73600400984287, Accuracy: 28.876572267355048%
2024-01-31 11:25:56,674 - INFO - Epoch [380/500], Loss: 198.68625988066196, Accuracy: 28.896818768506566%
2024-01-31 11:25:57,743 - INFO - Epoch [381/500], Loss: 198.6366466730833, Accuracy: 28.91706526965809%
2024-01-31 11:25:57,756 - INFO - Test Accuracy: 16.97645600991326%, Balanced Test Accuracy: 18.10282287807863%
2024-01-31 11:25:58,791 - INFO - Epoch [382/500], Loss: 198.58716595172882, Accuracy: 28.939842583453547%
2024-01-31 11:25:59,853 - INFO - Epoch [383/500], Loss: 198.5378146469593, Accuracy: 28.947435021385367%
2024-01-31 11:26:00,886 - INFO - Epoch [384/500], Loss: 198.48859529197216, Accuracy: 28.970212335180825%
2024-01-31 11:26:02,023 - INFO - Epoch [385/500], Loss: 198.43950566649437, Accuracy: 28.992989648976287%
2024-01-31 11:26:03,109 - INFO - Epoch [386/500], Loss: 198.39054165780544, Accuracy: 29.003112899552047%
2024-01-31 11:26:04,210 - INFO - Epoch [387/500], Loss: 198.34170803427696, Accuracy: 29.010705337483866%
2024-01-31 11:26:05,236 - INFO - Epoch [388/500], Loss: 198.29300345480442, Accuracy: 29.028421025991445%
2024-01-31 11:26:06,285 - INFO - Epoch [389/500], Loss: 198.24442438781261, Accuracy: 29.041075089211144%
2024-01-31 11:26:07,330 - INFO - Epoch [390/500], Loss: 198.19597241282463, Accuracy: 29.043605901855084%
2024-01-31 11:26:08,250 - INFO - Epoch [391/500], Loss: 198.14764294028282, Accuracy: 29.061321590362667%
2024-01-31 11:26:08,261 - INFO - Test Accuracy: 17.348203221809168%, Balanced Test Accuracy: 18.407658441066367%
2024-01-31 11:26:09,261 - INFO - Epoch [392/500], Loss: 198.0994419902563, Accuracy: 29.089160529446005%
2024-01-31 11:26:10,238 - INFO - Epoch [393/500], Loss: 198.05136314034462, Accuracy: 29.106876217953584%
2024-01-31 11:26:11,290 - INFO - Epoch [394/500], Loss: 198.00341223180294, Accuracy: 29.119530281173283%
2024-01-31 11:26:12,447 - INFO - Epoch [395/500], Loss: 197.955580458045, Accuracy: 29.134715157036926%
2024-01-31 11:26:13,491 - INFO - Epoch [396/500], Loss: 197.9078724682331, Accuracy: 29.149900032900565%
2024-01-31 11:26:14,526 - INFO - Epoch [397/500], Loss: 197.8602862507105, Accuracy: 29.165084908764204%
2024-01-31 11:26:15,633 - INFO - Epoch [398/500], Loss: 197.81282326579094, Accuracy: 29.165084908764204%
2024-01-31 11:26:16,631 - INFO - Epoch [399/500], Loss: 197.7654790431261, Accuracy: 29.180269784627843%
2024-01-31 11:26:17,635 - INFO - Epoch [400/500], Loss: 197.71825620532036, Accuracy: 29.190393035203606%
2024-01-31 11:26:18,641 - INFO - Epoch [401/500], Loss: 197.67115265130997, Accuracy: 29.200516285779365%
2024-01-31 11:26:18,652 - INFO - Test Accuracy: 17.348203221809168%, Balanced Test Accuracy: 18.407658441066367%
2024-01-31 11:26:19,660 - INFO - Epoch [402/500], Loss: 197.62416917085648, Accuracy: 29.208108723711184%
2024-01-31 11:26:20,629 - INFO - Epoch [403/500], Loss: 197.5772996097803, Accuracy: 29.213170348999064%
2024-01-31 11:26:21,609 - INFO - Epoch [404/500], Loss: 197.53055146336555, Accuracy: 29.233416850150583%
2024-01-31 11:26:22,579 - INFO - Epoch [405/500], Loss: 197.48392201960087, Accuracy: 29.243540100726342%
2024-01-31 11:26:23,648 - INFO - Epoch [406/500], Loss: 197.4374080747366, Accuracy: 29.25619416394604%
2024-01-31 11:26:24,671 - INFO - Epoch [407/500], Loss: 197.39100840687752, Accuracy: 29.266317414521804%
2024-01-31 11:26:25,778 - INFO - Epoch [408/500], Loss: 197.34472806751728, Accuracy: 29.273909852453624%
2024-01-31 11:26:26,821 - INFO - Epoch [409/500], Loss: 197.29856085777283, Accuracy: 29.301748791536962%
2024-01-31 11:26:27,913 - INFO - Epoch [410/500], Loss: 197.2525079101324, Accuracy: 29.32199529268848%
2024-01-31 11:26:28,962 - INFO - Epoch [411/500], Loss: 197.20656806230545, Accuracy: 29.334649355908184%
2024-01-31 11:26:28,973 - INFO - Test Accuracy: 17.100371747211895%, Balanced Test Accuracy: 18.27188841399199%
2024-01-31 11:26:29,995 - INFO - Epoch [412/500], Loss: 197.16074350476265, Accuracy: 29.347303419127883%
2024-01-31 11:26:30,966 - INFO - Epoch [413/500], Loss: 197.11503134667873, Accuracy: 29.37767317085516%
2024-01-31 11:26:31,918 - INFO - Epoch [414/500], Loss: 197.06943444907665, Accuracy: 29.38779642143092%
2024-01-31 11:26:32,882 - INFO - Epoch [415/500], Loss: 197.02394349873066, Accuracy: 29.418166173158202%
2024-01-31 11:26:33,943 - INFO - Epoch [416/500], Loss: 196.9785697311163, Accuracy: 29.42322779844608%
2024-01-31 11:26:34,974 - INFO - Epoch [417/500], Loss: 196.93330197036266, Accuracy: 29.44094348695366%
2024-01-31 11:26:36,005 - INFO - Epoch [418/500], Loss: 196.8881454616785, Accuracy: 29.43841267430972%
2024-01-31 11:26:36,993 - INFO - Epoch [419/500], Loss: 196.84310227632523, Accuracy: 29.473844051324882%
2024-01-31 11:26:37,993 - INFO - Epoch [420/500], Loss: 196.79816406965256, Accuracy: 29.49155973983246%
2024-01-31 11:26:39,001 - INFO - Epoch [421/500], Loss: 196.75333757698536, Accuracy: 29.50927542834004%
2024-01-31 11:26:39,015 - INFO - Test Accuracy: 17.100371747211895%, Balanced Test Accuracy: 18.27188841399199%
2024-01-31 11:26:40,073 - INFO - Epoch [422/500], Loss: 196.70861913263798, Accuracy: 29.52952192949156%
2024-01-31 11:26:41,116 - INFO - Epoch [423/500], Loss: 196.66400998830795, Accuracy: 29.54723761799914%
2024-01-31 11:26:42,058 - INFO - Epoch [424/500], Loss: 196.61950454115868, Accuracy: 29.56242249386278%
2024-01-31 11:26:43,125 - INFO - Epoch [425/500], Loss: 196.5751087665558, Accuracy: 29.57254574443854%
2024-01-31 11:26:44,121 - INFO - Epoch [426/500], Loss: 196.53081573545933, Accuracy: 29.5826689950143%
2024-01-31 11:26:45,059 - INFO - Epoch [427/500], Loss: 196.48663087189198, Accuracy: 29.61303874674158%
2024-01-31 11:26:46,011 - INFO - Epoch [428/500], Loss: 196.44255021214485, Accuracy: 29.62316199731734%
2024-01-31 11:26:47,045 - INFO - Epoch [429/500], Loss: 196.39857599139214, Accuracy: 29.63075443524916%
2024-01-31 11:26:48,009 - INFO - Epoch [430/500], Loss: 196.35470782220364, Accuracy: 29.648470123756738%
2024-01-31 11:26:48,988 - INFO - Epoch [431/500], Loss: 196.31094054877758, Accuracy: 29.6839015007719%
2024-01-31 11:26:49,000 - INFO - Test Accuracy: 17.100371747211895%, Balanced Test Accuracy: 18.27188841399199%
2024-01-31 11:26:50,019 - INFO - Epoch [432/500], Loss: 196.26727844774723, Accuracy: 29.69402475134766%
2024-01-31 11:26:51,022 - INFO - Epoch [433/500], Loss: 196.22371900081635, Accuracy: 29.704148001923418%
2024-01-31 11:26:52,023 - INFO - Epoch [434/500], Loss: 196.18026092648506, Accuracy: 29.716802065143117%
2024-01-31 11:26:52,973 - INFO - Epoch [435/500], Loss: 196.13690643012524, Accuracy: 29.734517753650696%
2024-01-31 11:26:54,021 - INFO - Epoch [436/500], Loss: 196.09365312755108, Accuracy: 29.74970262951434%
2024-01-31 11:26:55,116 - INFO - Epoch [437/500], Loss: 196.0505000501871, Accuracy: 29.75223344215828%
2024-01-31 11:26:56,171 - INFO - Epoch [438/500], Loss: 196.0074478238821, Accuracy: 29.74970262951434%
2024-01-31 11:26:57,198 - INFO - Epoch [439/500], Loss: 195.96449556946754, Accuracy: 29.772479943309797%
2024-01-31 11:26:58,236 - INFO - Epoch [440/500], Loss: 195.92164611816406, Accuracy: 29.772479943309797%
2024-01-31 11:26:59,286 - INFO - Epoch [441/500], Loss: 195.87889167666435, Accuracy: 29.790195631817376%
2024-01-31 11:26:59,300 - INFO - Test Accuracy: 16.97645600991326%, Balanced Test Accuracy: 18.086703228806805%
2024-01-31 11:27:00,391 - INFO - Epoch [442/500], Loss: 195.83623875677586, Accuracy: 29.805380507681015%
2024-01-31 11:27:01,418 - INFO - Epoch [443/500], Loss: 195.79368594288826, Accuracy: 29.835750259408297%
2024-01-31 11:27:02,478 - INFO - Epoch [444/500], Loss: 195.75122621655464, Accuracy: 29.848404322627996%
2024-01-31 11:27:03,463 - INFO - Epoch [445/500], Loss: 195.70886923372746, Accuracy: 29.863589198491635%
2024-01-31 11:27:04,510 - INFO - Epoch [446/500], Loss: 195.6666070818901, Accuracy: 29.873712449067394%
2024-01-31 11:27:05,467 - INFO - Epoch [447/500], Loss: 195.6244417577982, Accuracy: 29.886366512287097%
2024-01-31 11:27:06,472 - INFO - Epoch [448/500], Loss: 195.58237414062023, Accuracy: 29.899020575506796%
2024-01-31 11:27:07,479 - INFO - Epoch [449/500], Loss: 195.54039934277534, Accuracy: 29.906613013438616%
2024-01-31 11:27:08,562 - INFO - Epoch [450/500], Loss: 195.4985247552395, Accuracy: 29.916736264014375%
2024-01-31 11:27:09,712 - INFO - Epoch [451/500], Loss: 195.4567423760891, Accuracy: 29.929390327234074%
2024-01-31 11:27:09,725 - INFO - Test Accuracy: 16.97645600991326%, Balanced Test Accuracy: 18.086703228806805%
2024-01-31 11:27:10,910 - INFO - Epoch [452/500], Loss: 195.41505426168442, Accuracy: 29.944575203097713%
2024-01-31 11:27:11,941 - INFO - Epoch [453/500], Loss: 195.37346191704273, Accuracy: 29.957229266317416%
2024-01-31 11:27:12,921 - INFO - Epoch [454/500], Loss: 195.33196187019348, Accuracy: 29.962290891605296%
2024-01-31 11:27:14,026 - INFO - Epoch [455/500], Loss: 195.29055707156658, Accuracy: 29.972414142181055%
2024-01-31 11:27:15,160 - INFO - Epoch [456/500], Loss: 195.24924521148205, Accuracy: 29.977475767468935%
2024-01-31 11:27:16,199 - INFO - Epoch [457/500], Loss: 195.20802253484726, Accuracy: 29.990129830688634%
2024-01-31 11:27:17,278 - INFO - Epoch [458/500], Loss: 195.16689708828926, Accuracy: 29.997722268620453%
2024-01-31 11:27:18,280 - INFO - Epoch [459/500], Loss: 195.12586264312267, Accuracy: 30.012907144484092%
2024-01-31 11:27:19,286 - INFO - Epoch [460/500], Loss: 195.0849181562662, Accuracy: 30.020499582415912%
2024-01-31 11:27:20,315 - INFO - Epoch [461/500], Loss: 195.04406554996967, Accuracy: 30.023030395059855%
2024-01-31 11:27:20,327 - INFO - Test Accuracy: 16.97645600991326%, Balanced Test Accuracy: 18.113158255261833%
2024-01-31 11:27:21,340 - INFO - Epoch [462/500], Loss: 195.00330317020416, Accuracy: 30.030622832991675%
2024-01-31 11:27:22,219 - INFO - Epoch [463/500], Loss: 194.96263186633587, Accuracy: 30.050869334143194%
2024-01-31 11:27:23,095 - INFO - Epoch [464/500], Loss: 194.92205107212067, Accuracy: 30.058461772075013%
2024-01-31 11:27:23,984 - INFO - Epoch [465/500], Loss: 194.88155893981457, Accuracy: 30.058461772075013%
2024-01-31 11:27:24,907 - INFO - Epoch [466/500], Loss: 194.84115412831306, Accuracy: 30.078708273226532%
2024-01-31 11:27:25,871 - INFO - Epoch [467/500], Loss: 194.80084063112736, Accuracy: 30.098954774378054%
2024-01-31 11:27:26,879 - INFO - Epoch [468/500], Loss: 194.7606138586998, Accuracy: 30.111608837597753%
2024-01-31 11:27:27,921 - INFO - Epoch [469/500], Loss: 194.7204788774252, Accuracy: 30.131855338749272%
2024-01-31 11:27:28,940 - INFO - Epoch [470/500], Loss: 194.68042731285095, Accuracy: 30.14957102725685%
2024-01-31 11:27:30,056 - INFO - Epoch [471/500], Loss: 194.6404664069414, Accuracy: 30.167286715764433%
2024-01-31 11:27:30,070 - INFO - Test Accuracy: 17.100371747211895%, Balanced Test Accuracy: 18.241363383466965%
2024-01-31 11:27:31,229 - INFO - Epoch [472/500], Loss: 194.60059024393559, Accuracy: 30.179940778984133%
2024-01-31 11:27:32,309 - INFO - Epoch [473/500], Loss: 194.56080162525177, Accuracy: 30.19512565484777%
2024-01-31 11:27:33,387 - INFO - Epoch [474/500], Loss: 194.5211006551981, Accuracy: 30.20271809277959%
2024-01-31 11:27:34,466 - INFO - Epoch [475/500], Loss: 194.48148411512375, Accuracy: 30.20271809277959%
2024-01-31 11:27:35,528 - INFO - Epoch [476/500], Loss: 194.44195272028446, Accuracy: 30.22296459393111%
2024-01-31 11:27:36,575 - INFO - Epoch [477/500], Loss: 194.4025078266859, Accuracy: 30.230557031862933%
2024-01-31 11:27:37,689 - INFO - Epoch [478/500], Loss: 194.3631484657526, Accuracy: 30.230557031862933%
2024-01-31 11:27:38,733 - INFO - Epoch [479/500], Loss: 194.32387098670006, Accuracy: 30.245741907726572%
2024-01-31 11:27:39,761 - INFO - Epoch [480/500], Loss: 194.2846797555685, Accuracy: 30.25333434565839%
2024-01-31 11:27:40,763 - INFO - Epoch [481/500], Loss: 194.24557395279408, Accuracy: 30.26598840887809%
2024-01-31 11:27:40,775 - INFO - Test Accuracy: 17.100371747211895%, Balanced Test Accuracy: 18.241363383466965%
2024-01-31 11:27:41,823 - INFO - Epoch [482/500], Loss: 194.20654928684235, Accuracy: 30.27611165945385%
2024-01-31 11:27:42,827 - INFO - Epoch [483/500], Loss: 194.1676089912653, Accuracy: 30.29129653531749%
2024-01-31 11:27:43,894 - INFO - Epoch [484/500], Loss: 194.12875302135944, Accuracy: 30.29635816060537%
2024-01-31 11:27:44,883 - INFO - Epoch [485/500], Loss: 194.08997593820095, Accuracy: 30.30648141118113%
2024-01-31 11:27:45,827 - INFO - Epoch [486/500], Loss: 194.05128203332424, Accuracy: 30.32419709968871%
2024-01-31 11:27:46,764 - INFO - Epoch [487/500], Loss: 194.01267267763615, Accuracy: 30.33938197555235%
2024-01-31 11:27:47,710 - INFO - Epoch [488/500], Loss: 193.97414322197437, Accuracy: 30.35709766405993%
2024-01-31 11:27:48,648 - INFO - Epoch [489/500], Loss: 193.93569411337376, Accuracy: 30.37987497785539%
2024-01-31 11:27:49,634 - INFO - Epoch [490/500], Loss: 193.8973256200552, Accuracy: 30.38493660314327%
2024-01-31 11:27:50,606 - INFO - Epoch [491/500], Loss: 193.85904005169868, Accuracy: 30.39505985371903%
2024-01-31 11:27:50,618 - INFO - Test Accuracy: 17.224287484510533%, Balanced Test Accuracy: 18.313827151582903%
2024-01-31 11:27:51,571 - INFO - Epoch [492/500], Loss: 193.8208328485489, Accuracy: 30.40265229165085%
2024-01-31 11:27:52,565 - INFO - Epoch [493/500], Loss: 193.7827045917511, Accuracy: 30.41530635487055%
2024-01-31 11:27:53,530 - INFO - Epoch [494/500], Loss: 193.7446592003107, Accuracy: 30.435552856022067%
2024-01-31 11:27:54,507 - INFO - Epoch [495/500], Loss: 193.70668952167034, Accuracy: 30.45326854452965%
2024-01-31 11:27:55,460 - INFO - Epoch [496/500], Loss: 193.6688006669283, Accuracy: 30.478576670969048%
2024-01-31 11:27:56,420 - INFO - Epoch [497/500], Loss: 193.63098920881748, Accuracy: 30.486169108900867%
2024-01-31 11:27:57,407 - INFO - Epoch [498/500], Loss: 193.593258574605, Accuracy: 30.498823172120566%
2024-01-31 11:27:58,402 - INFO - Epoch [499/500], Loss: 193.55560614168644, Accuracy: 30.51147723534027%
2024-01-31 11:27:59,397 - INFO - Epoch [500/500], Loss: 193.5180284678936, Accuracy: 30.52413129855997%
2024-01-31 11:27:59,695 - INFO - Test Accuracy: 21.666666666666668%, Balanced Test Accuracy: 21.66666666666667%
2024-01-31 11:28:00,094 - INFO - Final unblanced test accuracy: 21.666666666666668% and final balanced test accuracy 21.66666666666667
