2024-02-02 13:42:28,680 - INFO - Configuration:
{
    "task": "5",
    "topic": "weaker lr",
    "train_classifier": true,
    "number_gpus": "1",
    "modalities": [
        "rgb"
    ],
    "encoder_model": "MAE",
    "mask_ratio": 0.8,
    "dataset": "NTU",
    "split": "CV",
    "num_classes": 60,
    "epochs": 500,
    "res_cktp": false,
    "cktp_dir": "/home/bas06400/Thesis/VIP/src/align_checkpoints/mae_checkpoints/",
    "trained_encoder": "checkpoint_rgb_CV_20240126_171249.pth",
    "learning_rate": 0.0001,
    "temperature": 0.1,
    "num_workers": 10,
    "batch_size": 64,
    "data_root": "/net/polaris/storage/deeplearning/ntu",
    "random_sample": false,
    "pin_memory": true,
    "scheduler_config": {
        "type": "plateau",
        "params": {
            "mode": "min",
            "factor": 0.1,
            "patience": 5
        }
    }
}
2024-02-02 13:42:28,731 - INFO - Training MAE for rgb...
2024-02-02 13:42:28,774 - INFO - Evaluing on the following GPUs [0]
2024-02-02 13:42:32,572 - INFO - Starting feature extraction...
2024-02-02 14:16:49,684 - INFO - Epoch [1/500], Loss: 39.066770339416244, Accuracy: 9.47767821102769%
2024-02-02 14:16:49,700 - INFO - Test Accuracy: 14.888010540184453%, Balanced Test Accuracy: 15.104673555718447%
2024-02-02 14:16:50,375 - INFO - Epoch [2/500], Loss: 32.57412681741229, Accuracy: 20.49998654503377%
2024-02-02 14:16:51,031 - INFO - Epoch [3/500], Loss: 30.321764065047443, Accuracy: 24.964344339495707%
2024-02-02 14:16:51,723 - INFO - Epoch [4/500], Loss: 28.84993648933152, Accuracy: 27.962110815101855%
2024-02-02 14:16:52,374 - INFO - Epoch [5/500], Loss: 27.766551175359954, Accuracy: 30.071849519657707%
2024-02-02 14:16:53,025 - INFO - Epoch [6/500], Loss: 26.914577702344474, Accuracy: 31.65146255482899%
2024-02-02 14:16:53,750 - INFO - Epoch [7/500], Loss: 26.216093334101014, Accuracy: 33.04270606280778%
2024-02-02 14:16:54,417 - INFO - Epoch [8/500], Loss: 25.626822701955245, Accuracy: 34.18099620569952%
2024-02-02 14:16:55,162 - INFO - Epoch [9/500], Loss: 25.11915155184471, Accuracy: 35.1389898011356%
2024-02-02 14:16:55,806 - INFO - Epoch [10/500], Loss: 24.67466462668726, Accuracy: 35.99741664648422%
2024-02-02 14:16:56,454 - INFO - Epoch [11/500], Loss: 24.280457015764917, Accuracy: 36.81816958639434%
2024-02-02 14:16:56,463 - INFO - Test Accuracy: 32.674571805006586%, Balanced Test Accuracy: 32.61806421848991%
2024-02-02 14:16:57,183 - INFO - Epoch [12/500], Loss: 23.92713364100052, Accuracy: 37.46938995183122%
2024-02-02 14:16:57,889 - INFO - Epoch [13/500], Loss: 23.607646275374847, Accuracy: 38.07486343209278%
2024-02-02 14:16:58,579 - INFO - Epoch [14/500], Loss: 23.316575713076833, Accuracy: 38.65073598665268%
2024-02-02 14:16:59,195 - INFO - Epoch [15/500], Loss: 23.04967143576024, Accuracy: 39.12165980463389%
2024-02-02 14:16:59,838 - INFO - Epoch [16/500], Loss: 22.803540805638846, Accuracy: 39.60334759559753%
2024-02-02 14:17:00,495 - INFO - Epoch [17/500], Loss: 22.57543632539652, Accuracy: 40.0554344608595%
2024-02-02 14:17:01,187 - INFO - Epoch [18/500], Loss: 22.36310399184793, Accuracy: 40.47522940717419%
2024-02-02 14:17:01,942 - INFO - Epoch [19/500], Loss: 22.164673692089018, Accuracy: 40.857350448050376%
2024-02-02 14:17:02,564 - INFO - Epoch [20/500], Loss: 21.978578074503755, Accuracy: 41.263690428137025%
2024-02-02 14:17:03,214 - INFO - Epoch [21/500], Loss: 21.80349186315375, Accuracy: 41.578536637873036%
2024-02-02 14:17:03,224 - INFO - Test Accuracy: 36.49538866930171%, Balanced Test Accuracy: 36.34530235130081%
2024-02-02 14:17:03,866 - INFO - Epoch [22/500], Loss: 21.63828523280257, Accuracy: 41.98756761120529%
2024-02-02 14:17:04,565 - INFO - Epoch [23/500], Loss: 21.481987670316535, Accuracy: 42.36161567234466%
2024-02-02 14:17:05,202 - INFO - Epoch [24/500], Loss: 21.33375966953019, Accuracy: 42.64416996313339%
2024-02-02 14:17:05,909 - INFO - Epoch [25/500], Loss: 21.192871516033755, Accuracy: 42.88905034848363%
2024-02-02 14:17:06,590 - INFO - Epoch [26/500], Loss: 21.05868403184212, Accuracy: 43.11778477436022%
2024-02-02 14:17:07,347 - INFO - Epoch [27/500], Loss: 20.93063554117235, Accuracy: 43.405721051640164%
2024-02-02 14:17:07,972 - INFO - Epoch [28/500], Loss: 20.808229363570778, Accuracy: 43.68020236269207%
2024-02-02 14:17:08,626 - INFO - Epoch [29/500], Loss: 20.691024638838687, Accuracy: 43.98428459944566%
2024-02-02 14:17:09,298 - INFO - Epoch [30/500], Loss: 20.57862838850183, Accuracy: 44.18072710637496%
2024-02-02 14:17:09,980 - INFO - Epoch [31/500], Loss: 20.470688797659793, Accuracy: 44.42022550523398%
2024-02-02 14:17:09,990 - INFO - Test Accuracy: 37.02239789196311%, Balanced Test Accuracy: 36.69408524052488%
2024-02-02 14:17:10,694 - INFO - Epoch [32/500], Loss: 20.36689014758094, Accuracy: 44.64357794461936%
2024-02-02 14:17:11,377 - INFO - Epoch [33/500], Loss: 20.266947564432176, Accuracy: 44.86962137725034%
2024-02-02 14:17:12,059 - INFO - Epoch [34/500], Loss: 20.170603578373537, Accuracy: 45.07682785716208%
2024-02-02 14:17:12,710 - INFO - Epoch [35/500], Loss: 20.07762515746941, Accuracy: 45.275961357336996%
2024-02-02 14:17:13,357 - INFO - Epoch [36/500], Loss: 19.987800139491842, Accuracy: 45.48585883049434%
2024-02-02 14:17:14,067 - INFO - Epoch [37/500], Loss: 19.90093476287389, Accuracy: 45.70113829014289%
2024-02-02 14:17:14,768 - INFO - Epoch [38/500], Loss: 19.816852713035324, Accuracy: 45.921799736282665%
2024-02-02 14:17:15,401 - INFO - Epoch [39/500], Loss: 19.73539162086228, Accuracy: 46.10209628373833%
2024-02-02 14:17:16,117 - INFO - Epoch [40/500], Loss: 19.65640285055516, Accuracy: 46.225881973036245%
2024-02-02 14:17:16,759 - INFO - Epoch [41/500], Loss: 19.57974968522282, Accuracy: 46.34697666908856%
2024-02-02 14:17:16,768 - INFO - Test Accuracy: 38.3399209486166%, Balanced Test Accuracy: 38.10360447086454%
2024-02-02 14:17:17,475 - INFO - Epoch [42/500], Loss: 19.50530590647358, Accuracy: 46.54072818277226%
2024-02-02 14:17:18,190 - INFO - Epoch [43/500], Loss: 19.43295500238063, Accuracy: 46.747934662683996%
2024-02-02 14:17:18,839 - INFO - Epoch [44/500], Loss: 19.36258915319281, Accuracy: 46.90132127768359%
2024-02-02 14:17:19,533 - INFO - Epoch [45/500], Loss: 19.294108156430518, Accuracy: 47.017033987244695%
2024-02-02 14:17:20,210 - INFO - Epoch [46/500], Loss: 19.227419210692585, Accuracy: 47.20271252119157%
2024-02-02 14:17:20,913 - INFO - Epoch [47/500], Loss: 19.16243620646202, Accuracy: 47.33995317671753%
2024-02-02 14:17:21,596 - INFO - Epoch [48/500], Loss: 19.099078241041152, Accuracy: 47.48795780522591%
2024-02-02 14:17:22,257 - INFO - Epoch [49/500], Loss: 19.037270679312236, Accuracy: 47.61443448776944%
2024-02-02 14:17:22,864 - INFO - Epoch [50/500], Loss: 18.976942892801965, Accuracy: 47.73552918382175%
2024-02-02 14:17:23,565 - INFO - Epoch [51/500], Loss: 18.91802974474632, Accuracy: 47.859314873119665%
2024-02-02 14:17:23,574 - INFO - Test Accuracy: 38.6034255599473%, Balanced Test Accuracy: 38.15184326910334%
2024-02-02 14:17:24,363 - INFO - Epoch [52/500], Loss: 18.86046925439673, Accuracy: 47.96695460294394%
2024-02-02 14:17:25,168 - INFO - Epoch [53/500], Loss: 18.804203972978108, Accuracy: 48.08535830575065%
2024-02-02 14:17:25,895 - INFO - Epoch [54/500], Loss: 18.74917971077612, Accuracy: 48.217216974785394%
2024-02-02 14:17:26,649 - INFO - Epoch [55/500], Loss: 18.69534551895271, Accuracy: 48.349075643820136%
2024-02-02 14:17:27,400 - INFO - Epoch [56/500], Loss: 18.642653473352983, Accuracy: 48.437878420925166%
2024-02-02 14:17:28,130 - INFO - Epoch [57/500], Loss: 18.591058430025132, Accuracy: 48.57511907645112%
2024-02-02 14:17:28,857 - INFO - Epoch [58/500], Loss: 18.540517505952867, Accuracy: 48.69083178601222%
2024-02-02 14:17:29,596 - INFO - Epoch [59/500], Loss: 18.490990705409292, Accuracy: 48.80385350232771%
2024-02-02 14:17:30,311 - INFO - Epoch [60/500], Loss: 18.442440008713028, Accuracy: 48.938403164608054%
2024-02-02 14:17:31,063 - INFO - Epoch [61/500], Loss: 18.39482926514189, Accuracy: 49.02451494846748%
2024-02-02 14:17:31,072 - INFO - Test Accuracy: 39.39393939393939%, Balanced Test Accuracy: 39.057515447801826%
2024-02-02 14:17:31,727 - INFO - Epoch [62/500], Loss: 18.348124508130347, Accuracy: 49.13484567153736%
2024-02-02 14:17:32,436 - INFO - Epoch [63/500], Loss: 18.30229313696845, Accuracy: 49.21826646215118%
2024-02-02 14:17:33,113 - INFO - Epoch [64/500], Loss: 18.257304920988567, Accuracy: 49.31514221899303%
2024-02-02 14:17:33,767 - INFO - Epoch [65/500], Loss: 18.213130468029085, Accuracy: 49.4200909555717%
2024-02-02 14:17:34,421 - INFO - Epoch [66/500], Loss: 18.16974225892859, Accuracy: 49.5358036651328%
2024-02-02 14:17:35,050 - INFO - Epoch [67/500], Loss: 18.12711364535962, Accuracy: 49.670353327413146%
2024-02-02 14:17:35,689 - INFO - Epoch [68/500], Loss: 18.085220211643282, Accuracy: 49.75377411802696%
2024-02-02 14:17:36,392 - INFO - Epoch [69/500], Loss: 18.044037679494437, Accuracy: 49.84795888162321%
2024-02-02 14:17:37,040 - INFO - Epoch [70/500], Loss: 18.003543350656155, Accuracy: 49.93676165872824%
2024-02-02 14:17:37,762 - INFO - Epoch [71/500], Loss: 17.963715377500503, Accuracy: 50.0390194020613%
2024-02-02 14:17:37,771 - INFO - Test Accuracy: 39.52569169960474%, Balanced Test Accuracy: 39.003173955960335%
2024-02-02 14:17:38,440 - INFO - Epoch [72/500], Loss: 17.924533377259465, Accuracy: 50.133204165657546%
2024-02-02 14:17:39,053 - INFO - Epoch [73/500], Loss: 17.88597761574438, Accuracy: 50.19778800355211%
2024-02-02 14:17:39,685 - INFO - Epoch [74/500], Loss: 17.848029017448425, Accuracy: 50.26506283469229%
2024-02-02 14:17:40,316 - INFO - Epoch [75/500], Loss: 17.810669521153983, Accuracy: 50.33771965232367%
2024-02-02 14:17:40,955 - INFO - Epoch [76/500], Loss: 17.773882182977967, Accuracy: 50.4265224294287%
2024-02-02 14:17:41,600 - INFO - Epoch [77/500], Loss: 17.73765011561119, Accuracy: 50.5018702403057%
2024-02-02 14:17:42,307 - INFO - Epoch [78/500], Loss: 17.701957292475942, Accuracy: 50.566454078200266%
2024-02-02 14:17:43,021 - INFO - Epoch [79/500], Loss: 17.666789105383017, Accuracy: 50.671402814778936%
2024-02-02 14:17:43,809 - INFO - Epoch [80/500], Loss: 17.632130546084905, Accuracy: 50.76827857162078%
2024-02-02 14:17:44,497 - INFO - Epoch [81/500], Loss: 17.597967669115228, Accuracy: 50.8140254567961%
2024-02-02 14:17:44,507 - INFO - Test Accuracy: 40.71146245059288%, Balanced Test Accuracy: 40.073507689993754%
2024-02-02 14:17:45,208 - INFO - Epoch [82/500], Loss: 17.564287361452134, Accuracy: 50.90282823390113%
2024-02-02 14:17:45,932 - INFO - Epoch [83/500], Loss: 17.531076186794344, Accuracy: 50.99701299749738%
2024-02-02 14:17:46,710 - INFO - Epoch [84/500], Loss: 17.49832209086014, Accuracy: 51.07505180161998%
2024-02-02 14:17:47,345 - INFO - Epoch [85/500], Loss: 17.466013150700068, Accuracy: 51.13156265977772%
2024-02-02 14:17:48,053 - INFO - Epoch [86/500], Loss: 17.434137988898712, Accuracy: 51.228438416619575%
2024-02-02 14:17:48,749 - INFO - Epoch [87/500], Loss: 17.402685488684703, Accuracy: 51.32531417346142%
2024-02-02 14:17:49,391 - INFO - Epoch [88/500], Loss: 17.371644892935027, Accuracy: 51.41411695056645%
2024-02-02 14:17:50,041 - INFO - Epoch [89/500], Loss: 17.34100606886007, Accuracy: 51.451790856004955%
2024-02-02 14:17:50,709 - INFO - Epoch [90/500], Loss: 17.31075922715462, Accuracy: 51.543284626355586%
2024-02-02 14:17:51,340 - INFO - Epoch [91/500], Loss: 17.280894853300968, Accuracy: 51.64285137644305%
2024-02-02 14:17:51,350 - INFO - Test Accuracy: 41.23847167325428%, Balanced Test Accuracy: 40.556162290295426%
2024-02-02 14:17:52,010 - INFO - Epoch [92/500], Loss: 17.251403493396307, Accuracy: 51.723581173811255%
2024-02-02 14:17:52,650 - INFO - Epoch [93/500], Loss: 17.22227657447427, Accuracy: 51.76125507924975%
2024-02-02 14:17:53,336 - INFO - Epoch [94/500], Loss: 17.193505418502678, Accuracy: 51.82314792389871%
2024-02-02 14:17:53,991 - INFO - Epoch [95/500], Loss: 17.16508198390573, Accuracy: 51.890422755038884%
2024-02-02 14:17:54,714 - INFO - Epoch [96/500], Loss: 17.136997921992158, Accuracy: 51.979225532143914%
2024-02-02 14:17:55,399 - INFO - Epoch [97/500], Loss: 17.109245940790338, Accuracy: 52.03304539705606%
2024-02-02 14:17:56,178 - INFO - Epoch [98/500], Loss: 17.081818364434323, Accuracy: 52.129921153897904%
2024-02-02 14:17:56,950 - INFO - Epoch [99/500], Loss: 17.054708030264255, Accuracy: 52.218723931002934%
2024-02-02 14:17:57,614 - INFO - Epoch [100/500], Loss: 17.027908058489782, Accuracy: 52.28061677565189%
2024-02-02 14:17:58,297 - INFO - Epoch [101/500], Loss: 17.00141147839821, Accuracy: 52.320981674336%
2024-02-02 14:17:58,306 - INFO - Test Accuracy: 41.37022397891963%, Balanced Test Accuracy: 40.79095065008378%
2024-02-02 14:17:58,974 - INFO - Epoch [102/500], Loss: 16.975212064840026, Accuracy: 52.40440246494981%
2024-02-02 14:17:59,667 - INFO - Epoch [103/500], Loss: 16.94930319664842, Accuracy: 52.474368289335594%
2024-02-02 14:18:00,415 - INFO - Epoch [104/500], Loss: 16.923679058834658, Accuracy: 52.560480073195016%
2024-02-02 14:18:01,238 - INFO - Epoch [105/500], Loss: 16.89833354343802, Accuracy: 52.64390086380883%
2024-02-02 14:18:01,979 - INFO - Epoch [106/500], Loss: 16.873260774854888, Accuracy: 52.70310271521218%
2024-02-02 14:18:02,760 - INFO - Epoch [107/500], Loss: 16.848455364421262, Accuracy: 52.74615860714189%
2024-02-02 14:18:03,425 - INFO - Epoch [108/500], Loss: 16.823911794161393, Accuracy: 52.802669465299644%
2024-02-02 14:18:04,164 - INFO - Epoch [109/500], Loss: 16.799624762292634, Accuracy: 52.85918032345739%
2024-02-02 14:18:04,921 - INFO - Epoch [110/500], Loss: 16.77558946003348, Accuracy: 52.937219127579986%
2024-02-02 14:18:05,664 - INFO - Epoch [111/500], Loss: 16.75180065833916, Accuracy: 53.0179489249482%
2024-02-02 14:18:05,674 - INFO - Test Accuracy: 41.76548089591568%, Balanced Test Accuracy: 41.105084637011885%
2024-02-02 14:18:06,384 - INFO - Epoch [112/500], Loss: 16.728253530243695, Accuracy: 53.09329673582519%
2024-02-02 14:18:07,099 - INFO - Epoch [113/500], Loss: 16.704943761987202, Accuracy: 53.133661634509295%
2024-02-02 14:18:07,860 - INFO - Epoch [114/500], Loss: 16.68186640133292, Accuracy: 53.19286348591265%
2024-02-02 14:18:08,547 - INFO - Epoch [115/500], Loss: 16.65901725777125, Accuracy: 53.24130136433357%
2024-02-02 14:18:09,281 - INFO - Epoch [116/500], Loss: 16.636392005419328, Accuracy: 53.295121229245716%
2024-02-02 14:18:10,016 - INFO - Epoch [117/500], Loss: 16.613986528525917, Accuracy: 53.35432308064907%
2024-02-02 14:18:10,773 - INFO - Epoch [118/500], Loss: 16.591796836610566, Accuracy: 53.42159791178924%
2024-02-02 14:18:11,550 - INFO - Epoch [119/500], Loss: 16.56981872906119, Accuracy: 53.49425472942063%
2024-02-02 14:18:12,268 - INFO - Epoch [120/500], Loss: 16.54804850634882, Accuracy: 53.53192863485913%
2024-02-02 14:18:12,986 - INFO - Epoch [121/500], Loss: 16.52648241641158, Accuracy: 53.59382147950809%
2024-02-02 14:18:12,995 - INFO - Test Accuracy: 41.37022397891963%, Balanced Test Accuracy: 40.71425324618049%
2024-02-02 14:18:13,746 - INFO - Epoch [122/500], Loss: 16.505116929442195, Accuracy: 53.639568364683406%
2024-02-02 14:18:14,389 - INFO - Epoch [123/500], Loss: 16.483948475223478, Accuracy: 53.69069723634993%
2024-02-02 14:18:15,140 - INFO - Epoch [124/500], Loss: 16.46297364921893, Accuracy: 53.7149161755604%
2024-02-02 14:18:15,846 - INFO - Epoch [125/500], Loss: 16.44218899435916, Accuracy: 53.76604504722693%
2024-02-02 14:18:16,535 - INFO - Epoch [126/500], Loss: 16.42159102124683, Accuracy: 53.806409945911035%
2024-02-02 14:18:17,196 - INFO - Epoch [127/500], Loss: 16.401177113339052, Accuracy: 53.8709937838056%
2024-02-02 14:18:17,821 - INFO - Epoch [128/500], Loss: 16.380943781238493, Accuracy: 53.911358682489706%
2024-02-02 14:18:18,454 - INFO - Epoch [129/500], Loss: 16.360887860847733, Accuracy: 53.93019563520895%
2024-02-02 14:18:19,111 - INFO - Epoch [130/500], Loss: 16.341006771992827, Accuracy: 53.99477947310352%
2024-02-02 14:18:19,750 - INFO - Epoch [131/500], Loss: 16.321297378863317, Accuracy: 54.03245337854202%
2024-02-02 14:18:19,759 - INFO - Test Accuracy: 41.23847167325428%, Balanced Test Accuracy: 40.48578958021683%
2024-02-02 14:18:20,521 - INFO - Epoch [132/500], Loss: 16.30175706491632, Accuracy: 54.075509270471734%
2024-02-02 14:18:21,210 - INFO - Epoch [133/500], Loss: 16.28238291457548, Accuracy: 54.123947148892654%
2024-02-02 14:18:21,859 - INFO - Epoch [134/500], Loss: 16.263172062776857, Accuracy: 54.17507602055919%
2024-02-02 14:18:22,482 - INFO - Epoch [135/500], Loss: 16.244122359712247, Accuracy: 54.21544091924329%
2024-02-02 14:18:23,190 - INFO - Epoch [136/500], Loss: 16.225230889805292, Accuracy: 54.239659858453756%
2024-02-02 14:18:23,825 - INFO - Epoch [137/500], Loss: 16.206495297157158, Accuracy: 54.29347972336589%
2024-02-02 14:18:24,462 - INFO - Epoch [138/500], Loss: 16.187913256176447, Accuracy: 54.34191760178682%
2024-02-02 14:18:25,142 - INFO - Epoch [139/500], Loss: 16.16948211597184, Accuracy: 54.36882753424289%
2024-02-02 14:18:25,786 - INFO - Epoch [140/500], Loss: 16.151199696427685, Accuracy: 54.40381044643578%
2024-02-02 14:18:26,450 - INFO - Epoch [141/500], Loss: 16.13306373256748, Accuracy: 54.44417534511988%
2024-02-02 14:18:26,459 - INFO - Test Accuracy: 40.843214756258234%, Balanced Test Accuracy: 40.11645915573935%
2024-02-02 14:18:27,146 - INFO - Epoch [142/500], Loss: 16.115072054378057, Accuracy: 54.50068620327763%
2024-02-02 14:18:27,778 - INFO - Epoch [143/500], Loss: 16.097222473661777, Accuracy: 54.53836010871613%
2024-02-02 14:18:28,404 - INFO - Epoch [144/500], Loss: 16.079512779995547, Accuracy: 54.59487096687387%
2024-02-02 14:18:29,143 - INFO - Epoch [145/500], Loss: 16.061940902370516, Accuracy: 54.656763811522836%
2024-02-02 14:18:29,882 - INFO - Epoch [146/500], Loss: 16.044504945561037, Accuracy: 54.69712871020694%
2024-02-02 14:18:30,657 - INFO - Epoch [147/500], Loss: 16.027202921398615, Accuracy: 54.75633056161029%
2024-02-02 14:18:31,435 - INFO - Epoch [148/500], Loss: 16.01003257096824, Accuracy: 54.81553241301364%
2024-02-02 14:18:32,134 - INFO - Epoch [149/500], Loss: 15.992992356672126, Accuracy: 54.84782433196093%
2024-02-02 14:18:32,921 - INFO - Epoch [150/500], Loss: 15.976080342874688, Accuracy: 54.88011625090821%
2024-02-02 14:18:33,700 - INFO - Epoch [151/500], Loss: 15.95929458585836, Accuracy: 54.93393611582035%
2024-02-02 14:18:33,710 - INFO - Test Accuracy: 41.37022397891963%, Balanced Test Accuracy: 40.685369412149605%
2024-02-02 14:18:34,437 - INFO - Epoch [152/500], Loss: 15.94263331970926, Accuracy: 54.97161002125885%
2024-02-02 14:18:35,168 - INFO - Epoch [153/500], Loss: 15.92609485529237, Accuracy: 55.006592933451735%
2024-02-02 14:18:35,972 - INFO - Epoch [154/500], Loss: 15.909677426693802, Accuracy: 55.04426683889024%
2024-02-02 14:18:36,646 - INFO - Epoch [155/500], Loss: 15.893379395290957, Accuracy: 55.07386776459191%
2024-02-02 14:18:37,322 - INFO - Epoch [156/500], Loss: 15.877199223486043, Accuracy: 55.13576060924087%
2024-02-02 14:18:38,064 - INFO - Epoch [157/500], Loss: 15.861135286799932, Accuracy: 55.19496246064423%
2024-02-02 14:18:38,847 - INFO - Epoch [158/500], Loss: 15.845185811236753, Accuracy: 55.24878232555636%
2024-02-02 14:18:39,635 - INFO - Epoch [159/500], Loss: 15.829349412756452, Accuracy: 55.29452921073168%
2024-02-02 14:18:40,386 - INFO - Epoch [160/500], Loss: 15.81362440020351, Accuracy: 55.32951212292457%
2024-02-02 14:18:41,208 - INFO - Epoch [161/500], Loss: 15.798009597649008, Accuracy: 55.38871397432793%
2024-02-02 14:18:41,217 - INFO - Test Accuracy: 41.76548089591568%, Balanced Test Accuracy: 41.01938262116281%
2024-02-02 14:18:42,010 - INFO - Epoch [162/500], Loss: 15.782503196748637, Accuracy: 55.423696886520815%
2024-02-02 14:18:42,683 - INFO - Epoch [163/500], Loss: 15.767103989245529, Accuracy: 55.46137079195931%
2024-02-02 14:18:43,416 - INFO - Epoch [164/500], Loss: 15.75181068000147, Accuracy: 55.46675277845053%
2024-02-02 14:18:44,111 - INFO - Epoch [165/500], Loss: 15.736621816279525, Accuracy: 55.48828072441538%
2024-02-02 14:18:44,777 - INFO - Epoch [166/500], Loss: 15.721535605899359, Accuracy: 55.512499663625846%
2024-02-02 14:18:45,507 - INFO - Epoch [167/500], Loss: 15.70655149928594, Accuracy: 55.57977449476602%
2024-02-02 14:18:46,242 - INFO - Epoch [168/500], Loss: 15.691667581008652, Accuracy: 55.6120664137133%
2024-02-02 14:18:46,924 - INFO - Epoch [169/500], Loss: 15.676882899413675, Accuracy: 55.633594359678156%
2024-02-02 14:18:47,599 - INFO - Epoch [170/500], Loss: 15.662196169465275, Accuracy: 55.652431312397404%
2024-02-02 14:18:48,255 - INFO - Epoch [171/500], Loss: 15.647606110168716, Accuracy: 55.66588627862544%
2024-02-02 14:18:48,264 - INFO - Test Accuracy: 41.89723320158103%, Balanced Test Accuracy: 40.82823186015911%
2024-02-02 14:18:49,047 - INFO - Epoch [172/500], Loss: 15.633111678947836, Accuracy: 55.71432415704636%
2024-02-02 14:18:49,692 - INFO - Epoch [173/500], Loss: 15.61871127758996, Accuracy: 55.73854309625683%
2024-02-02 14:18:50,332 - INFO - Epoch [174/500], Loss: 15.60440424539275, Accuracy: 55.784289981432146%
2024-02-02 14:18:51,021 - INFO - Epoch [175/500], Loss: 15.590189101332324, Accuracy: 55.813890907133825%
2024-02-02 14:18:51,650 - INFO - Epoch [176/500], Loss: 15.576065012964152, Accuracy: 55.83541885309868%
2024-02-02 14:18:52,363 - INFO - Epoch [177/500], Loss: 15.562030501284841, Accuracy: 55.86232878555475%
2024-02-02 14:18:53,080 - INFO - Epoch [178/500], Loss: 15.548084820731212, Accuracy: 55.902693684238855%
2024-02-02 14:18:53,749 - INFO - Epoch [179/500], Loss: 15.534226799415329, Accuracy: 55.94305858292296%
2024-02-02 14:18:54,532 - INFO - Epoch [180/500], Loss: 15.520455457396427, Accuracy: 55.98342348160706%
2024-02-02 14:18:55,185 - INFO - Epoch [181/500], Loss: 15.506769436900898, Accuracy: 56.01302440730874%
2024-02-02 14:18:55,194 - INFO - Test Accuracy: 42.29249011857708%, Balanced Test Accuracy: 41.25283503476228%
2024-02-02 14:18:55,882 - INFO - Epoch [182/500], Loss: 15.49316839646485, Accuracy: 56.05069831274724%
2024-02-02 14:18:56,603 - INFO - Epoch [183/500], Loss: 15.479650915679285, Accuracy: 56.099136191168164%
2024-02-02 14:18:57,309 - INFO - Epoch [184/500], Loss: 15.466215992377975, Accuracy: 56.142192083097875%
2024-02-02 14:18:57,930 - INFO - Epoch [185/500], Loss: 15.452862804218874, Accuracy: 56.20946691423804%
2024-02-02 14:18:58,689 - INFO - Epoch [186/500], Loss: 15.439590336912769, Accuracy: 56.22292188046608%
2024-02-02 14:18:59,384 - INFO - Epoch [187/500], Loss: 15.42639765699031, Accuracy: 56.27135975888701%
2024-02-02 14:19:00,028 - INFO - Epoch [188/500], Loss: 15.413284047175262, Accuracy: 56.306342671079896%
2024-02-02 14:19:00,681 - INFO - Epoch [189/500], Loss: 15.400248380030616, Accuracy: 56.338634590027176%
2024-02-02 14:19:01,372 - INFO - Epoch [190/500], Loss: 15.387289859480777, Accuracy: 56.3870724684481%
2024-02-02 14:19:02,033 - INFO - Epoch [191/500], Loss: 15.374407699552632, Accuracy: 56.43281935362342%
2024-02-02 14:19:02,042 - INFO - Test Accuracy: 42.29249011857708%, Balanced Test Accuracy: 41.25283503476228%
2024-02-02 14:19:02,754 - INFO - Epoch [192/500], Loss: 15.361601059719668, Accuracy: 56.46511127257071%
2024-02-02 14:19:03,396 - INFO - Epoch [193/500], Loss: 15.348868883262247, Accuracy: 56.489330211781166%
2024-02-02 14:19:04,097 - INFO - Epoch [194/500], Loss: 15.3362106428308, Accuracy: 56.52162213072845%
2024-02-02 14:19:04,746 - INFO - Epoch [195/500], Loss: 15.323625388792006, Accuracy: 56.55391404967573%
2024-02-02 14:19:05,415 - INFO - Epoch [196/500], Loss: 15.311112407910622, Accuracy: 56.594278948359836%
2024-02-02 14:19:06,147 - INFO - Epoch [197/500], Loss: 15.298670596995596, Accuracy: 56.62657086730712%
2024-02-02 14:19:06,820 - INFO - Epoch [198/500], Loss: 15.286299768140761, Accuracy: 56.66155377950001%
2024-02-02 14:19:07,595 - INFO - Epoch [199/500], Loss: 15.27399861610542, Accuracy: 56.696536691692906%
2024-02-02 14:19:08,233 - INFO - Epoch [200/500], Loss: 15.261766605458018, Accuracy: 56.72344662414897%
2024-02-02 14:19:08,857 - INFO - Epoch [201/500], Loss: 15.249603208848985, Accuracy: 56.774575495815505%
2024-02-02 14:19:08,866 - INFO - Test Accuracy: 42.687747035573125%, Balanced Test Accuracy: 41.79648582841307%
2024-02-02 14:19:09,527 - INFO - Epoch [202/500], Loss: 15.237507345312732, Accuracy: 56.812249401254%
2024-02-02 14:19:10,155 - INFO - Epoch [203/500], Loss: 15.225478570340043, Accuracy: 56.836468340464464%
2024-02-02 14:19:10,856 - INFO - Epoch [204/500], Loss: 15.21351601511745, Accuracy: 56.88490621888539%
2024-02-02 14:19:11,597 - INFO - Epoch [205/500], Loss: 15.20161914017241, Accuracy: 56.906434164850246%
2024-02-02 14:19:12,341 - INFO - Epoch [206/500], Loss: 15.189787169634286, Accuracy: 56.9279621108151%
2024-02-02 14:19:13,069 - INFO - Epoch [207/500], Loss: 15.178019537764081, Accuracy: 56.94949005677996%
2024-02-02 14:19:13,689 - INFO - Epoch [208/500], Loss: 15.166315521224071, Accuracy: 57.00330992169209%
2024-02-02 14:19:14,316 - INFO - Epoch [209/500], Loss: 15.154674453250433, Accuracy: 57.043674820376204%
2024-02-02 14:19:15,019 - INFO - Epoch [210/500], Loss: 15.143095551911047, Accuracy: 57.0813487258147%
2024-02-02 14:19:15,668 - INFO - Epoch [211/500], Loss: 15.131578471701024, Accuracy: 57.102876671779555%
2024-02-02 14:19:15,678 - INFO - Test Accuracy: 43.214756258234516%, Balanced Test Accuracy: 42.33257620002976%
2024-02-02 14:19:16,350 - INFO - Epoch [212/500], Loss: 15.120122469077677, Accuracy: 57.14324157046366%
2024-02-02 14:19:17,071 - INFO - Epoch [213/500], Loss: 15.108727042957888, Accuracy: 57.17553348941094%
2024-02-02 14:19:17,714 - INFO - Epoch [214/500], Loss: 15.097391197236918, Accuracy: 57.21051640160383%
2024-02-02 14:19:18,418 - INFO - Epoch [215/500], Loss: 15.086114853115404, Accuracy: 57.24549931379672%
2024-02-02 14:19:19,072 - INFO - Epoch [216/500], Loss: 15.074897204415272, Accuracy: 57.27240924625279%
2024-02-02 14:19:19,740 - INFO - Epoch [217/500], Loss: 15.063737491429862, Accuracy: 57.31815613142811%
2024-02-02 14:19:20,394 - INFO - Epoch [218/500], Loss: 15.05263559090889, Accuracy: 57.34506606388418%
2024-02-02 14:19:21,048 - INFO - Epoch [219/500], Loss: 15.041590587567475, Accuracy: 57.37735798283146%
2024-02-02 14:19:21,664 - INFO - Epoch [220/500], Loss: 15.030601808580302, Accuracy: 57.41234089502435%
2024-02-02 14:19:22,276 - INFO - Epoch [221/500], Loss: 15.019669171107017, Accuracy: 57.45270579370846%
2024-02-02 14:19:22,285 - INFO - Test Accuracy: 43.214756258234516%, Balanced Test Accuracy: 42.35588622333978%
2024-02-02 14:19:22,948 - INFO - Epoch [222/500], Loss: 15.00879174167827, Accuracy: 57.47154274642771%
2024-02-02 14:19:23,671 - INFO - Epoch [223/500], Loss: 14.997969128317752, Accuracy: 57.506525658620596%
2024-02-02 14:19:24,324 - INFO - Epoch [224/500], Loss: 14.987201017848516, Accuracy: 57.53074459783106%
2024-02-02 14:19:25,071 - INFO - Epoch [225/500], Loss: 14.976486616215464, Accuracy: 57.552272543795915%
2024-02-02 14:19:25,719 - INFO - Epoch [226/500], Loss: 14.965825590036683, Accuracy: 57.60071042221684%
2024-02-02 14:19:26,379 - INFO - Epoch [227/500], Loss: 14.955217422065088, Accuracy: 57.63300234116412%
2024-02-02 14:19:27,012 - INFO - Epoch [228/500], Loss: 14.94466132430707, Accuracy: 57.66529426011141%
2024-02-02 14:19:27,647 - INFO - Epoch [229/500], Loss: 14.934157120979439, Accuracy: 57.68413121283066%
2024-02-02 14:19:28,290 - INFO - Epoch [230/500], Loss: 14.923704381716453, Accuracy: 57.702968165549905%
2024-02-02 14:19:28,913 - INFO - Epoch [231/500], Loss: 14.913302421569824, Accuracy: 57.762170016953256%
2024-02-02 14:19:28,922 - INFO - Test Accuracy: 43.47826086956522%, Balanced Test Accuracy: 42.56421955667312%
2024-02-02 14:19:29,553 - INFO - Epoch [232/500], Loss: 14.902950800071329, Accuracy: 57.778315976426896%
2024-02-02 14:19:30,294 - INFO - Epoch [233/500], Loss: 14.892649129285651, Accuracy: 57.79715292914615%
2024-02-02 14:19:30,918 - INFO - Epoch [234/500], Loss: 14.882396978847051, Accuracy: 57.82675385484782%
2024-02-02 14:19:31,562 - INFO - Epoch [235/500], Loss: 14.872194043660569, Accuracy: 57.869809746777534%
2024-02-02 14:19:32,272 - INFO - Epoch [236/500], Loss: 14.862039543814578, Accuracy: 57.89941067247921%
2024-02-02 14:19:32,947 - INFO - Epoch [237/500], Loss: 14.851933137845185, Accuracy: 57.91555663195285%
2024-02-02 14:19:33,577 - INFO - Epoch [238/500], Loss: 14.841874759076005, Accuracy: 57.94784855090014%
2024-02-02 14:19:34,241 - INFO - Epoch [239/500], Loss: 14.831863532632084, Accuracy: 57.96130351712817%
2024-02-02 14:19:34,903 - INFO - Epoch [240/500], Loss: 14.821899149377467, Accuracy: 57.988213449584244%
2024-02-02 14:19:35,592 - INFO - Epoch [241/500], Loss: 14.811981253704783, Accuracy: 58.02050536853152%
2024-02-02 14:19:35,601 - INFO - Test Accuracy: 43.61001317523057%, Balanced Test Accuracy: 42.58818469828532%
2024-02-02 14:19:36,270 - INFO - Epoch [242/500], Loss: 14.802109657707861, Accuracy: 58.03396033475956%
2024-02-02 14:19:36,904 - INFO - Epoch [243/500], Loss: 14.79228351883969, Accuracy: 58.05279728747881%
2024-02-02 14:19:37,609 - INFO - Epoch [244/500], Loss: 14.78250274213694, Accuracy: 58.08508920642609%
2024-02-02 14:19:38,273 - INFO - Epoch [245/500], Loss: 14.77276667902025, Accuracy: 58.11469013212777%
2024-02-02 14:19:38,996 - INFO - Epoch [246/500], Loss: 14.763075404247996, Accuracy: 58.136218078092625%
2024-02-02 14:19:39,721 - INFO - Epoch [247/500], Loss: 14.753428162154504, Accuracy: 58.15505503081187%
2024-02-02 14:19:40,402 - INFO - Epoch [248/500], Loss: 14.743824514292054, Accuracy: 58.17927397002234%
2024-02-02 14:19:41,057 - INFO - Epoch [249/500], Loss: 14.734264280836461, Accuracy: 58.20080191598719%
2024-02-02 14:19:41,744 - INFO - Epoch [250/500], Loss: 14.724747114262339, Accuracy: 58.23309383493447%
2024-02-02 14:19:42,415 - INFO - Epoch [251/500], Loss: 14.715272578142457, Accuracy: 58.26269476063615%
2024-02-02 14:19:42,423 - INFO - Test Accuracy: 43.34650856389987%, Balanced Test Accuracy: 42.389354288928594%
2024-02-02 14:19:43,058 - INFO - Epoch [252/500], Loss: 14.705840276459517, Accuracy: 58.2815317133554%
2024-02-02 14:19:43,715 - INFO - Epoch [253/500], Loss: 14.696449839462668, Accuracy: 58.30844164581147%
2024-02-02 14:19:44,368 - INFO - Epoch [254/500], Loss: 14.687101057020284, Accuracy: 58.319205618793895%
2024-02-02 14:19:44,989 - INFO - Epoch [255/500], Loss: 14.677793559381517, Accuracy: 58.348806544495574%
2024-02-02 14:19:45,655 - INFO - Epoch [256/500], Loss: 14.668526855565734, Accuracy: 58.362261510723606%
2024-02-02 14:19:46,333 - INFO - Epoch [257/500], Loss: 14.659300810199673, Accuracy: 58.39455342967089%
2024-02-02 14:19:46,995 - INFO - Epoch [258/500], Loss: 14.650114940384688, Accuracy: 58.41608137563575%
2024-02-02 14:19:47,682 - INFO - Epoch [259/500], Loss: 14.640968854144468, Accuracy: 58.44030031484621%
2024-02-02 14:19:48,373 - INFO - Epoch [260/500], Loss: 14.63186245853618, Accuracy: 58.44837329458303%
2024-02-02 14:19:49,094 - INFO - Epoch [261/500], Loss: 14.622795288845644, Accuracy: 58.4752832270391%
2024-02-02 14:19:49,104 - INFO - Test Accuracy: 43.08300395256917%, Balanced Test Accuracy: 42.16274610179409%
2024-02-02 14:19:49,803 - INFO - Epoch [262/500], Loss: 14.613766957137544, Accuracy: 58.512957132477595%
2024-02-02 14:19:50,479 - INFO - Epoch [263/500], Loss: 14.60477732803862, Accuracy: 58.53717607168806%
2024-02-02 14:19:51,142 - INFO - Epoch [264/500], Loss: 14.595825969162634, Accuracy: 58.558704017652914%
2024-02-02 14:19:51,805 - INFO - Epoch [265/500], Loss: 14.586912583496611, Accuracy: 58.56408600414413%
2024-02-02 14:19:52,539 - INFO - Epoch [266/500], Loss: 14.578036935652717, Accuracy: 58.5909959366002%
2024-02-02 14:19:53,285 - INFO - Epoch [267/500], Loss: 14.569198665982587, Accuracy: 58.601759909582626%
2024-02-02 14:19:53,987 - INFO - Epoch [268/500], Loss: 14.56039747343225, Accuracy: 58.62597884879309%
2024-02-02 14:19:54,636 - INFO - Epoch [269/500], Loss: 14.551632975117634, Accuracy: 58.65288878124916%
2024-02-02 14:19:55,350 - INFO - Epoch [270/500], Loss: 14.542905258930336, Accuracy: 58.67172573396841%
2024-02-02 14:19:56,003 - INFO - Epoch [271/500], Loss: 14.534213672250004, Accuracy: 58.6690347407228%
2024-02-02 14:19:56,011 - INFO - Test Accuracy: 43.214756258234516%, Balanced Test Accuracy: 42.29095122999922%
2024-02-02 14:19:56,696 - INFO - Epoch [272/500], Loss: 14.525557856438523, Accuracy: 58.69863566642448%
2024-02-02 14:19:57,418 - INFO - Epoch [273/500], Loss: 14.51693791555146, Accuracy: 58.72823659212615%
2024-02-02 14:19:58,074 - INFO - Epoch [274/500], Loss: 14.508353139384319, Accuracy: 58.75514652458222%
2024-02-02 14:19:58,737 - INFO - Epoch [275/500], Loss: 14.499803758273691, Accuracy: 58.78743844352951%
2024-02-02 14:19:59,388 - INFO - Epoch [276/500], Loss: 14.491289106466002, Accuracy: 58.808966389494366%
2024-02-02 14:20:00,040 - INFO - Epoch [277/500], Loss: 14.48280910213115, Accuracy: 58.81973036247679%
2024-02-02 14:20:00,686 - INFO - Epoch [278/500], Loss: 14.474363202765836, Accuracy: 58.83318532870482%
2024-02-02 14:20:01,359 - INFO - Epoch [279/500], Loss: 14.465951538692087, Accuracy: 58.83856731519604%
2024-02-02 14:20:02,014 - INFO - Epoch [280/500], Loss: 14.457573657318697, Accuracy: 58.85471327466968%
2024-02-02 14:20:02,731 - INFO - Epoch [281/500], Loss: 14.44922928587865, Accuracy: 58.89238718010818%
2024-02-02 14:20:02,741 - INFO - Test Accuracy: 43.214756258234516%, Balanced Test Accuracy: 42.344427165828094%
2024-02-02 14:20:03,455 - INFO - Epoch [282/500], Loss: 14.44091834254184, Accuracy: 58.916606119318644%
2024-02-02 14:20:04,102 - INFO - Epoch [283/500], Loss: 14.432640408055256, Accuracy: 58.94351605177471%
2024-02-02 14:20:04,734 - INFO - Epoch [284/500], Loss: 14.424395168231705, Accuracy: 58.96504399773956%
2024-02-02 14:20:05,352 - INFO - Epoch [285/500], Loss: 14.416182509923386, Accuracy: 58.98118995721321%
2024-02-02 14:20:06,118 - INFO - Epoch [286/500], Loss: 14.408002249265122, Accuracy: 58.99733591668685%
2024-02-02 14:20:06,859 - INFO - Epoch [287/500], Loss: 14.399854054895497, Accuracy: 59.01079088291488%
2024-02-02 14:20:07,492 - INFO - Epoch [288/500], Loss: 14.391737571207143, Accuracy: 59.035009822125346%
2024-02-02 14:20:08,233 - INFO - Epoch [289/500], Loss: 14.383652862855943, Accuracy: 59.053846774844594%
2024-02-02 14:20:08,856 - INFO - Epoch [290/500], Loss: 14.375599566152541, Accuracy: 59.07537472080945%
2024-02-02 14:20:09,574 - INFO - Epoch [291/500], Loss: 14.367577257802932, Accuracy: 59.10228465326552%
2024-02-02 14:20:09,583 - INFO - Test Accuracy: 43.214756258234516%, Balanced Test Accuracy: 42.344427165828094%
2024-02-02 14:20:10,251 - INFO - Epoch [292/500], Loss: 14.359585894366441, Accuracy: 59.12381259923038%
2024-02-02 14:20:10,894 - INFO - Epoch [293/500], Loss: 14.351625385930983, Accuracy: 59.14534054519523%
2024-02-02 14:20:11,553 - INFO - Epoch [294/500], Loss: 14.343695350622726, Accuracy: 59.169559484405696%
2024-02-02 14:20:12,226 - INFO - Epoch [295/500], Loss: 14.335795403537103, Accuracy: 59.185705443879336%
2024-02-02 14:20:12,888 - INFO - Epoch [296/500], Loss: 14.327925643678439, Accuracy: 59.19916041010737%
2024-02-02 14:20:13,593 - INFO - Epoch [297/500], Loss: 14.320085661896204, Accuracy: 59.22068835607222%
2024-02-02 14:20:14,237 - INFO - Epoch [298/500], Loss: 14.312275403636997, Accuracy: 59.247598288528295%
2024-02-02 14:20:14,887 - INFO - Epoch [299/500], Loss: 14.304494451668303, Accuracy: 59.27181722773876%
2024-02-02 14:20:15,521 - INFO - Epoch [300/500], Loss: 14.296742646370904, Accuracy: 59.28258120072119%
2024-02-02 14:20:16,155 - INFO - Epoch [301/500], Loss: 14.289019961478347, Accuracy: 59.309491133177254%
2024-02-02 14:20:16,164 - INFO - Test Accuracy: 43.34650856389987%, Balanced Test Accuracy: 42.48331605471699%
2024-02-02 14:20:16,790 - INFO - Epoch [302/500], Loss: 14.281326162613045, Accuracy: 59.3283280858965%
2024-02-02 14:20:17,447 - INFO - Epoch [303/500], Loss: 14.273660768896846, Accuracy: 59.34447404537015%
2024-02-02 14:20:18,089 - INFO - Epoch [304/500], Loss: 14.266023919744006, Accuracy: 59.366001991335004%
2024-02-02 14:20:18,752 - INFO - Epoch [305/500], Loss: 14.258415100938183, Accuracy: 59.39291192379107%
2024-02-02 14:20:19,385 - INFO - Epoch [306/500], Loss: 14.25083434985856, Accuracy: 59.4036758967735%
2024-02-02 14:20:20,015 - INFO - Epoch [307/500], Loss: 14.243281376563896, Accuracy: 59.43865880896639%
2024-02-02 14:20:20,634 - INFO - Epoch [308/500], Loss: 14.235756278038025, Accuracy: 59.44942278194882%
2024-02-02 14:20:21,268 - INFO - Epoch [309/500], Loss: 14.228258338014959, Accuracy: 59.47633271440489%
2024-02-02 14:20:21,896 - INFO - Epoch [310/500], Loss: 14.220787712072921, Accuracy: 59.50593364010656%
2024-02-02 14:20:22,525 - INFO - Epoch [311/500], Loss: 14.213344192100784, Accuracy: 59.53284357256263%
2024-02-02 14:20:22,534 - INFO - Test Accuracy: 43.61001317523057%, Balanced Test Accuracy: 42.753878825279756%
2024-02-02 14:20:23,215 - INFO - Epoch [312/500], Loss: 14.205927476034326, Accuracy: 59.54898953203627%
2024-02-02 14:20:23,902 - INFO - Epoch [313/500], Loss: 14.198537363844403, Accuracy: 59.57320847124674%
2024-02-02 14:20:24,635 - INFO - Epoch [314/500], Loss: 14.191174075765124, Accuracy: 59.58666343747477%
2024-02-02 14:20:25,283 - INFO - Epoch [315/500], Loss: 14.183836888458769, Accuracy: 59.605500390194024%
2024-02-02 14:20:25,979 - INFO - Epoch [316/500], Loss: 14.17652582314055, Accuracy: 59.63241032265009%
2024-02-02 14:20:26,651 - INFO - Epoch [317/500], Loss: 14.16924081919557, Accuracy: 59.64048330238691%
2024-02-02 14:20:27,371 - INFO - Epoch [318/500], Loss: 14.161981740240323, Accuracy: 59.66739323484298%
2024-02-02 14:20:28,132 - INFO - Epoch [319/500], Loss: 14.154748222585452, Accuracy: 59.70506714028148%
2024-02-02 14:20:28,887 - INFO - Epoch [320/500], Loss: 14.147540259159218, Accuracy: 59.723904093000726%
2024-02-02 14:20:29,605 - INFO - Epoch [321/500], Loss: 14.140357350899002, Accuracy: 59.753505018702405%
2024-02-02 14:20:29,615 - INFO - Test Accuracy: 43.61001317523057%, Balanced Test Accuracy: 42.753878825279756%
2024-02-02 14:20:30,308 - INFO - Epoch [322/500], Loss: 14.133199772592318, Accuracy: 59.7508140254568%
2024-02-02 14:20:31,106 - INFO - Epoch [323/500], Loss: 14.126067286830837, Accuracy: 59.769650978176045%
2024-02-02 14:20:31,892 - INFO - Epoch [324/500], Loss: 14.11895937232648, Accuracy: 59.79656091063212%
2024-02-02 14:20:32,611 - INFO - Epoch [325/500], Loss: 14.111876219005907, Accuracy: 59.82616183633379%
2024-02-02 14:20:33,233 - INFO - Epoch [326/500], Loss: 14.104817422769838, Accuracy: 59.83423481607061%
2024-02-02 14:20:33,868 - INFO - Epoch [327/500], Loss: 14.097783226077839, Accuracy: 59.858453755281076%
2024-02-02 14:20:34,577 - INFO - Epoch [328/500], Loss: 14.09077305308843, Accuracy: 59.88805468098275%
2024-02-02 14:20:35,237 - INFO - Epoch [329/500], Loss: 14.083786902791363, Accuracy: 59.91227362019321%
2024-02-02 14:20:35,913 - INFO - Epoch [330/500], Loss: 14.076824632741637, Accuracy: 59.92841957966686%
2024-02-02 14:20:36,536 - INFO - Epoch [331/500], Loss: 14.069886049981845, Accuracy: 59.9445655391405%
2024-02-02 14:20:36,545 - INFO - Test Accuracy: 43.61001317523057%, Balanced Test Accuracy: 42.753878825279756%
2024-02-02 14:20:37,169 - INFO - Epoch [332/500], Loss: 14.062971035302695, Accuracy: 59.96071149861414%
2024-02-02 14:20:37,838 - INFO - Epoch [333/500], Loss: 14.05607926643501, Accuracy: 59.98762143107021%
2024-02-02 14:20:38,542 - INFO - Epoch [334/500], Loss: 14.049211141416581, Accuracy: 60.00376739054385%
2024-02-02 14:20:39,212 - INFO - Epoch [335/500], Loss: 14.04236595004292, Accuracy: 60.02798632975431%
2024-02-02 14:20:39,862 - INFO - Epoch [336/500], Loss: 14.035543635740119, Accuracy: 60.03605930949114%
2024-02-02 14:20:40,514 - INFO - Epoch [337/500], Loss: 14.028744286399776, Accuracy: 60.03605930949114%
2024-02-02 14:20:41,184 - INFO - Epoch [338/500], Loss: 14.021967456502429, Accuracy: 60.054896262210384%
2024-02-02 14:20:41,930 - INFO - Epoch [339/500], Loss: 14.015213418815096, Accuracy: 60.07373321492963%
2024-02-02 14:20:42,632 - INFO - Epoch [340/500], Loss: 14.008481683367389, Accuracy: 60.08987917440327%
2024-02-02 14:20:43,293 - INFO - Epoch [341/500], Loss: 14.001772288548745, Accuracy: 60.09526116089449%
2024-02-02 14:20:43,303 - INFO - Test Accuracy: 43.61001317523057%, Balanced Test Accuracy: 42.753878825279756%
2024-02-02 14:20:43,948 - INFO - Epoch [342/500], Loss: 13.99508491107973, Accuracy: 60.12755307984177%
2024-02-02 14:20:44,582 - INFO - Epoch [343/500], Loss: 13.988419575206304, Accuracy: 60.13562605957859%
2024-02-02 14:20:45,293 - INFO - Epoch [344/500], Loss: 13.981776159698681, Accuracy: 60.15715400554345%
2024-02-02 14:20:46,073 - INFO - Epoch [345/500], Loss: 13.975154275611295, Accuracy: 60.16522698528027%
2024-02-02 14:20:46,722 - INFO - Epoch [346/500], Loss: 13.968554173485707, Accuracy: 60.18406393799952%
2024-02-02 14:20:47,349 - INFO - Epoch [347/500], Loss: 13.961975385576991, Accuracy: 60.205591883964374%
2024-02-02 14:20:47,959 - INFO - Epoch [348/500], Loss: 13.955418013920218, Accuracy: 60.221737843438014%
2024-02-02 14:20:48,587 - INFO - Epoch [349/500], Loss: 13.948881856465745, Accuracy: 60.23250181642044%
2024-02-02 14:20:49,214 - INFO - Epoch [350/500], Loss: 13.942366856639667, Accuracy: 60.2567207556309%
2024-02-02 14:20:49,835 - INFO - Epoch [351/500], Loss: 13.935872653783377, Accuracy: 60.28363068808697%
2024-02-02 14:20:49,844 - INFO - Test Accuracy: 43.741765480895914%, Balanced Test Accuracy: 42.87292644432738%
2024-02-02 14:20:50,484 - INFO - Epoch [352/500], Loss: 13.92939928426581, Accuracy: 60.30246764080622%
2024-02-02 14:20:51,124 - INFO - Epoch [353/500], Loss: 13.92294665817487, Accuracy: 60.31861360027986%
2024-02-02 14:20:51,740 - INFO - Epoch [354/500], Loss: 13.916514455261877, Accuracy: 60.32937757326229%
2024-02-02 14:20:52,394 - INFO - Epoch [355/500], Loss: 13.910103001837003, Accuracy: 60.353596512472755%
2024-02-02 14:20:53,110 - INFO - Epoch [356/500], Loss: 13.903711666495113, Accuracy: 60.36166949220957%
2024-02-02 14:20:53,977 - INFO - Epoch [357/500], Loss: 13.89734064522436, Accuracy: 60.39127041791125%
2024-02-02 14:20:54,841 - INFO - Epoch [358/500], Loss: 13.890989642022019, Accuracy: 60.40741637738489%
2024-02-02 14:20:55,722 - INFO - Epoch [359/500], Loss: 13.884658598293692, Accuracy: 60.42894432334975%
2024-02-02 14:20:56,453 - INFO - Epoch [360/500], Loss: 13.878347386748104, Accuracy: 60.447781276068994%
2024-02-02 14:20:57,161 - INFO - Epoch [361/500], Loss: 13.87205595283185, Accuracy: 60.46123624229703%
2024-02-02 14:20:57,171 - INFO - Test Accuracy: 43.61001317523057%, Balanced Test Accuracy: 42.744721316122245%
2024-02-02 14:20:57,966 - INFO - Epoch [362/500], Loss: 13.865784277350215, Accuracy: 60.458545249051426%
2024-02-02 14:20:58,818 - INFO - Epoch [363/500], Loss: 13.859531937009198, Accuracy: 60.46392723554264%
2024-02-02 14:20:59,599 - INFO - Epoch [364/500], Loss: 13.853299016669645, Accuracy: 60.488146174753105%
2024-02-02 14:21:00,380 - INFO - Epoch [365/500], Loss: 13.847085480972872, Accuracy: 60.504292134226745%
2024-02-02 14:21:01,069 - INFO - Epoch [366/500], Loss: 13.84089115312544, Accuracy: 60.531202066682816%
2024-02-02 14:21:01,814 - INFO - Epoch [367/500], Loss: 13.834715743186111, Accuracy: 60.547348026156456%
2024-02-02 14:21:02,548 - INFO - Epoch [368/500], Loss: 13.828559386528145, Accuracy: 60.55542100589327%
2024-02-02 14:21:03,327 - INFO - Epoch [369/500], Loss: 13.82242192555282, Accuracy: 60.563493985630096%
2024-02-02 14:21:04,119 - INFO - Epoch [370/500], Loss: 13.816302984447802, Accuracy: 60.57694895185813%
2024-02-02 14:21:04,861 - INFO - Epoch [371/500], Loss: 13.810202905687236, Accuracy: 60.58502193159495%
2024-02-02 14:21:04,870 - INFO - Test Accuracy: 43.873517786561266%, Balanced Test Accuracy: 43.057221316122245%
2024-02-02 14:21:05,633 - INFO - Epoch [372/500], Loss: 13.804121095245167, Accuracy: 60.6038588843142%
2024-02-02 14:21:06,436 - INFO - Epoch [373/500], Loss: 13.798058015815283, Accuracy: 60.62269583703345%
2024-02-02 14:21:07,162 - INFO - Epoch [374/500], Loss: 13.792013033971948, Accuracy: 60.62807782352466%
2024-02-02 14:21:07,818 - INFO - Epoch [375/500], Loss: 13.785986354795552, Accuracy: 60.638841796507094%
2024-02-02 14:21:08,459 - INFO - Epoch [376/500], Loss: 13.779977705519078, Accuracy: 60.64691477624391%
2024-02-02 14:21:09,112 - INFO - Epoch [377/500], Loss: 13.773987194239083, Accuracy: 60.66575172896316%
2024-02-02 14:21:09,889 - INFO - Epoch [378/500], Loss: 13.768014424938267, Accuracy: 60.67382470869998%
2024-02-02 14:21:10,757 - INFO - Epoch [379/500], Loss: 13.762059619871236, Accuracy: 60.69266166141923%
2024-02-02 14:21:11,588 - INFO - Epoch [380/500], Loss: 13.756122518393953, Accuracy: 60.70073464115605%
2024-02-02 14:21:12,351 - INFO - Epoch [381/500], Loss: 13.750202876026348, Accuracy: 60.714189607384085%
2024-02-02 14:21:12,360 - INFO - Test Accuracy: 43.873517786561266%, Balanced Test Accuracy: 43.057221316122245%
2024-02-02 14:21:13,115 - INFO - Epoch [382/500], Loss: 13.744301041304055, Accuracy: 60.72495358036652%
2024-02-02 14:21:13,856 - INFO - Epoch [383/500], Loss: 13.738416410098642, Accuracy: 60.76262748580501%
2024-02-02 14:21:14,510 - INFO - Epoch [384/500], Loss: 13.732549067270957, Accuracy: 60.776082452033044%
2024-02-02 14:21:15,156 - INFO - Epoch [385/500], Loss: 13.72669900979026, Accuracy: 60.78415543176987%
2024-02-02 14:21:15,811 - INFO - Epoch [386/500], Loss: 13.72086605278112, Accuracy: 60.789537418261084%
2024-02-02 14:21:16,452 - INFO - Epoch [387/500], Loss: 13.715050262919927, Accuracy: 60.789537418261084%
2024-02-02 14:21:17,108 - INFO - Epoch [388/500], Loss: 13.709251342183453, Accuracy: 60.802992384489116%
2024-02-02 14:21:17,728 - INFO - Epoch [389/500], Loss: 13.703469282489712, Accuracy: 60.82452033045397%
2024-02-02 14:21:18,335 - INFO - Epoch [390/500], Loss: 13.697703958567926, Accuracy: 60.837975296682%
2024-02-02 14:21:18,936 - INFO - Epoch [391/500], Loss: 13.691955242116572, Accuracy: 60.85412125615565%
2024-02-02 14:21:18,945 - INFO - Test Accuracy: 43.873517786561266%, Balanced Test Accuracy: 43.057221316122245%
2024-02-02 14:21:19,556 - INFO - Epoch [392/500], Loss: 13.686223310939337, Accuracy: 60.8729582088749%
2024-02-02 14:21:20,160 - INFO - Epoch [393/500], Loss: 13.680507802357107, Accuracy: 60.88910416834854%
2024-02-02 14:21:20,797 - INFO - Epoch [394/500], Loss: 13.674808506238259, Accuracy: 60.897177148085355%
2024-02-02 14:21:21,443 - INFO - Epoch [395/500], Loss: 13.669125753944202, Accuracy: 60.90255913457657%
2024-02-02 14:21:22,135 - INFO - Epoch [396/500], Loss: 13.663459113088704, Accuracy: 60.924087080541426%
2024-02-02 14:21:22,933 - INFO - Epoch [397/500], Loss: 13.657808724096267, Accuracy: 60.94561502650628%
2024-02-02 14:21:23,720 - INFO - Epoch [398/500], Loss: 13.652174245502989, Accuracy: 60.96714297247114%
2024-02-02 14:21:24,485 - INFO - Epoch [399/500], Loss: 13.646555880368766, Accuracy: 60.99405290492721%
2024-02-02 14:21:25,296 - INFO - Epoch [400/500], Loss: 13.640953405428741, Accuracy: 61.00750787115524%
2024-02-02 14:21:26,089 - INFO - Epoch [401/500], Loss: 13.6353666863199, Accuracy: 61.02365383062889%
2024-02-02 14:21:26,098 - INFO - Test Accuracy: 44.00527009222662%, Balanced Test Accuracy: 43.12509934452659%
2024-02-02 14:21:26,894 - INFO - Epoch [402/500], Loss: 13.629795782646891, Accuracy: 61.03979979010253%
2024-02-02 14:21:27,569 - INFO - Epoch [403/500], Loss: 13.624240401437728, Accuracy: 61.047872769839344%
2024-02-02 14:21:28,319 - INFO - Epoch [404/500], Loss: 13.618700568958864, Accuracy: 61.0667097225586%
2024-02-02 14:21:29,093 - INFO - Epoch [405/500], Loss: 13.613176328650976, Accuracy: 61.0694007158042%
2024-02-02 14:21:29,845 - INFO - Epoch [406/500], Loss: 13.607667220851122, Accuracy: 61.08554667527785%
2024-02-02 14:21:30,579 - INFO - Epoch [407/500], Loss: 13.602173846656994, Accuracy: 61.09631064826027%
2024-02-02 14:21:31,274 - INFO - Epoch [408/500], Loss: 13.596695547386751, Accuracy: 61.11783859422513%
2024-02-02 14:21:32,065 - INFO - Epoch [409/500], Loss: 13.591232337183872, Accuracy: 61.1447485266812%
2024-02-02 14:21:32,826 - INFO - Epoch [410/500], Loss: 13.585784381729061, Accuracy: 61.16089448615484%
2024-02-02 14:21:33,593 - INFO - Epoch [411/500], Loss: 13.58035118296995, Accuracy: 61.17704044562848%
2024-02-02 14:21:33,603 - INFO - Test Accuracy: 44.26877470355731%, Balanced Test Accuracy: 43.438489657916904%
2024-02-02 14:21:34,327 - INFO - Epoch [412/500], Loss: 13.574933210671958, Accuracy: 61.19587739834773%
2024-02-02 14:21:35,107 - INFO - Epoch [413/500], Loss: 13.569529768774064, Accuracy: 61.22009633755819%
2024-02-02 14:21:35,819 - INFO - Epoch [414/500], Loss: 13.564141431097257, Accuracy: 61.241624283523045%
2024-02-02 14:21:36,546 - INFO - Epoch [415/500], Loss: 13.558767677363702, Accuracy: 61.24700627001426%
2024-02-02 14:21:37,197 - INFO - Epoch [416/500], Loss: 13.553408495450425, Accuracy: 61.2604612362423%
2024-02-02 14:21:37,889 - INFO - Epoch [417/500], Loss: 13.548063825752775, Accuracy: 61.27929818896155%
2024-02-02 14:21:38,662 - INFO - Epoch [418/500], Loss: 13.542733586440653, Accuracy: 61.298135141680795%
2024-02-02 14:21:39,329 - INFO - Epoch [419/500], Loss: 13.537417798729265, Accuracy: 61.30889911466322%
2024-02-02 14:21:39,971 - INFO - Epoch [420/500], Loss: 13.532116517172021, Accuracy: 61.32773606738247%
2024-02-02 14:21:40,643 - INFO - Epoch [421/500], Loss: 13.526829341710624, Accuracy: 61.34119103361051%
2024-02-02 14:21:40,652 - INFO - Test Accuracy: 44.13702239789196%, Balanced Test Accuracy: 43.33432299125024%
2024-02-02 14:21:41,320 - INFO - Epoch [422/500], Loss: 13.521556362257165, Accuracy: 61.34926401334732%
2024-02-02 14:21:41,993 - INFO - Epoch [423/500], Loss: 13.516297551534944, Accuracy: 61.376173945803394%
2024-02-02 14:21:42,644 - INFO - Epoch [424/500], Loss: 13.511052932779668, Accuracy: 61.39501089852264%
2024-02-02 14:21:43,438 - INFO - Epoch [425/500], Loss: 13.505822097851059, Accuracy: 61.40846586475068%
2024-02-02 14:21:44,145 - INFO - Epoch [426/500], Loss: 13.500605266983227, Accuracy: 61.42730281746993%
2024-02-02 14:21:44,937 - INFO - Epoch [427/500], Loss: 13.495402125988976, Accuracy: 61.43806679045235%
2024-02-02 14:21:45,634 - INFO - Epoch [428/500], Loss: 13.490212911266392, Accuracy: 61.44344877694357%
2024-02-02 14:21:46,268 - INFO - Epoch [429/500], Loss: 13.485037398540367, Accuracy: 61.46228572966282%
2024-02-02 14:21:46,925 - INFO - Epoch [430/500], Loss: 13.479875439304417, Accuracy: 61.481122682382065%
2024-02-02 14:21:47,535 - INFO - Epoch [431/500], Loss: 13.474726985066624, Accuracy: 61.49995963510131%
2024-02-02 14:21:47,544 - INFO - Test Accuracy: 44.13702239789196%, Balanced Test Accuracy: 43.33432299125024%
2024-02-02 14:21:48,255 - INFO - Epoch [432/500], Loss: 13.469592292430038, Accuracy: 61.51879658782057%
2024-02-02 14:21:49,034 - INFO - Epoch [433/500], Loss: 13.464470859301292, Accuracy: 61.537633540539815%
2024-02-02 14:21:49,770 - INFO - Epoch [434/500], Loss: 13.459362870555813, Accuracy: 61.543015527031024%
2024-02-02 14:21:50,499 - INFO - Epoch [435/500], Loss: 13.454268232240516, Accuracy: 61.54570652027663%
2024-02-02 14:21:51,261 - INFO - Epoch [436/500], Loss: 13.449186683711359, Accuracy: 61.569925459487095%
2024-02-02 14:21:52,021 - INFO - Epoch [437/500], Loss: 13.444118393679796, Accuracy: 61.580689432469526%
2024-02-02 14:21:52,738 - INFO - Epoch [438/500], Loss: 13.439063281325971, Accuracy: 61.586071418960735%
2024-02-02 14:21:53,484 - INFO - Epoch [439/500], Loss: 13.434021247645555, Accuracy: 61.60490837167999%
2024-02-02 14:21:54,223 - INFO - Epoch [440/500], Loss: 13.428992205757206, Accuracy: 61.62374532439924%
2024-02-02 14:21:54,923 - INFO - Epoch [441/500], Loss: 13.423976027359396, Accuracy: 61.642582277118485%
2024-02-02 14:21:54,932 - INFO - Test Accuracy: 43.873517786561266%, Balanced Test Accuracy: 43.01532417960436%
2024-02-02 14:21:55,687 - INFO - Epoch [442/500], Loss: 13.41897271245213, Accuracy: 61.65603724334652%
2024-02-02 14:21:56,469 - INFO - Epoch [443/500], Loss: 13.413982254973913, Accuracy: 61.658728236592125%
2024-02-02 14:21:57,262 - INFO - Epoch [444/500], Loss: 13.409004490254288, Accuracy: 61.66411022308334%
2024-02-02 14:21:58,006 - INFO - Epoch [445/500], Loss: 13.404039327370919, Accuracy: 61.67218320282016%
2024-02-02 14:21:58,757 - INFO - Epoch [446/500], Loss: 13.399087074449508, Accuracy: 61.69371114878501%
2024-02-02 14:21:59,451 - INFO - Epoch [447/500], Loss: 13.394147157669067, Accuracy: 61.70178412852184%
2024-02-02 14:22:00,219 - INFO - Epoch [448/500], Loss: 13.389219870001583, Accuracy: 61.704475121767445%
2024-02-02 14:22:00,909 - INFO - Epoch [449/500], Loss: 13.384304934639042, Accuracy: 61.72331207448669%
2024-02-02 14:22:01,592 - INFO - Epoch [450/500], Loss: 13.37940245058577, Accuracy: 61.73945803396033%
2024-02-02 14:22:02,261 - INFO - Epoch [451/500], Loss: 13.37451227337627, Accuracy: 61.75829498667958%
2024-02-02 14:22:02,271 - INFO - Test Accuracy: 44.26877470355731%, Balanced Test Accuracy: 43.381624545904735%
2024-02-02 14:22:02,946 - INFO - Epoch [452/500], Loss: 13.369634403010545, Accuracy: 61.76905895966201%
2024-02-02 14:22:03,690 - INFO - Epoch [453/500], Loss: 13.364768714217817, Accuracy: 61.77444094615323%
2024-02-02 14:22:04,363 - INFO - Epoch [454/500], Loss: 13.359915103952764, Accuracy: 61.78789591238126%
2024-02-02 14:22:05,025 - INFO - Epoch [455/500], Loss: 13.355073727793613, Accuracy: 61.8040418718549%
2024-02-02 14:22:05,693 - INFO - Epoch [456/500], Loss: 13.350244221040757, Accuracy: 61.81211485159172%
2024-02-02 14:22:06,352 - INFO - Epoch [457/500], Loss: 13.345426794836076, Accuracy: 61.825569817819755%
2024-02-02 14:22:07,006 - INFO - Epoch [458/500], Loss: 13.340621386544179, Accuracy: 61.84978875703022%
2024-02-02 14:22:07,667 - INFO - Epoch [459/500], Loss: 13.335827861802052, Accuracy: 61.86593471650386%
2024-02-02 14:22:08,314 - INFO - Epoch [460/500], Loss: 13.331046248896648, Accuracy: 61.871316702995074%
2024-02-02 14:22:09,120 - INFO - Epoch [461/500], Loss: 13.326276138677436, Accuracy: 61.89015365571432%
2024-02-02 14:22:09,130 - INFO - Test Accuracy: 44.26877470355731%, Balanced Test Accuracy: 43.34690232368252%
2024-02-02 14:22:09,836 - INFO - Epoch [462/500], Loss: 13.321517898874768, Accuracy: 61.91706358817039%
2024-02-02 14:22:10,498 - INFO - Epoch [463/500], Loss: 13.316771358756696, Accuracy: 61.92513656790722%
2024-02-02 14:22:11,192 - INFO - Epoch [464/500], Loss: 13.312036422349639, Accuracy: 61.919754581416%
2024-02-02 14:22:11,824 - INFO - Epoch [465/500], Loss: 13.307312877501472, Accuracy: 61.943973520626464%
2024-02-02 14:22:12,512 - INFO - Epoch [466/500], Loss: 13.302601058604354, Accuracy: 61.95204650036328%
2024-02-02 14:22:13,169 - INFO - Epoch [467/500], Loss: 13.297900629245628, Accuracy: 61.976265439573744%
2024-02-02 14:22:13,856 - INFO - Epoch [468/500], Loss: 13.293211589425297, Accuracy: 62.00048437878421%
2024-02-02 14:22:14,617 - INFO - Epoch [469/500], Loss: 13.288533840139033, Accuracy: 62.01393934501225%
2024-02-02 14:22:15,266 - INFO - Epoch [470/500], Loss: 13.283867560200772, Accuracy: 62.019321331503455%
2024-02-02 14:22:15,895 - INFO - Epoch [471/500], Loss: 13.279212344500978, Accuracy: 62.032776297731495%
2024-02-02 14:22:15,903 - INFO - Test Accuracy: 44.26877470355731%, Balanced Test Accuracy: 43.34690232368252%
2024-02-02 14:22:16,516 - INFO - Epoch [472/500], Loss: 13.27456845469394, Accuracy: 62.04084927746831%
2024-02-02 14:22:17,150 - INFO - Epoch [473/500], Loss: 13.269935772580615, Accuracy: 62.048922257205135%
2024-02-02 14:22:17,836 - INFO - Epoch [474/500], Loss: 13.265314219361645, Accuracy: 62.05430424369635%
2024-02-02 14:22:18,554 - INFO - Epoch [475/500], Loss: 13.260703579854157, Accuracy: 62.06775920992438%
2024-02-02 14:22:19,354 - INFO - Epoch [476/500], Loss: 13.256103933867761, Accuracy: 62.08390516939802%
2024-02-02 14:22:20,079 - INFO - Epoch [477/500], Loss: 13.251515228869552, Accuracy: 62.091978149134846%
2024-02-02 14:22:20,772 - INFO - Epoch [478/500], Loss: 13.246937596191794, Accuracy: 62.108124108608486%
2024-02-02 14:22:21,435 - INFO - Epoch [479/500], Loss: 13.242370545864105, Accuracy: 62.11888808159092%
2024-02-02 14:22:22,052 - INFO - Epoch [480/500], Loss: 13.23781448804726, Accuracy: 62.121579074836525%
2024-02-02 14:22:22,666 - INFO - Epoch [481/500], Loss: 13.233269198466155, Accuracy: 62.14310702080138%
2024-02-02 14:22:22,675 - INFO - Test Accuracy: 44.26877470355731%, Balanced Test Accuracy: 43.34690232368252%
2024-02-02 14:22:23,307 - INFO - Epoch [482/500], Loss: 13.228734542757778, Accuracy: 62.1511800005382%
2024-02-02 14:22:23,939 - INFO - Epoch [483/500], Loss: 13.224210555270567, Accuracy: 62.170016953257445%
2024-02-02 14:22:24,619 - INFO - Epoch [484/500], Loss: 13.219697279445196, Accuracy: 62.18616291273109%
2024-02-02 14:22:25,314 - INFO - Epoch [485/500], Loss: 13.215194499088547, Accuracy: 62.196926885713516%
2024-02-02 14:22:25,991 - INFO - Epoch [486/500], Loss: 13.210702335430405, Accuracy: 62.215763838432764%
2024-02-02 14:22:26,689 - INFO - Epoch [487/500], Loss: 13.2062206298618, Accuracy: 62.226527811415195%
2024-02-02 14:22:27,354 - INFO - Epoch [488/500], Loss: 13.20174926519394, Accuracy: 62.226527811415195%
2024-02-02 14:22:28,000 - INFO - Epoch [489/500], Loss: 13.197288425292, Accuracy: 62.242673770888835%
2024-02-02 14:22:28,716 - INFO - Epoch [490/500], Loss: 13.192837894973108, Accuracy: 62.25343774387126%
2024-02-02 14:22:29,422 - INFO - Epoch [491/500], Loss: 13.188397685349997, Accuracy: 62.274965689836115%
2024-02-02 14:22:29,431 - INFO - Test Accuracy: 44.400527009222664%, Balanced Test Accuracy: 43.44494153936879%
2024-02-02 14:22:30,057 - INFO - Epoch [492/500], Loss: 13.183967762074229, Accuracy: 62.28303866957294%
2024-02-02 14:22:30,737 - INFO - Epoch [493/500], Loss: 13.179548043315693, Accuracy: 62.30187562229219%
2024-02-02 14:22:31,400 - INFO - Epoch [494/500], Loss: 13.175138411885602, Accuracy: 62.30994860202901%
2024-02-02 14:22:32,082 - INFO - Epoch [495/500], Loss: 13.170738925368099, Accuracy: 62.31263959527462%
2024-02-02 14:22:32,726 - INFO - Epoch [496/500], Loss: 13.166349658521556, Accuracy: 62.320712575011434%
2024-02-02 14:22:33,354 - INFO - Epoch [497/500], Loss: 13.161970304230513, Accuracy: 62.32340356825704%
2024-02-02 14:22:33,991 - INFO - Epoch [498/500], Loss: 13.157601047370393, Accuracy: 62.331476547993866%
2024-02-02 14:22:34,660 - INFO - Epoch [499/500], Loss: 13.153241670737833, Accuracy: 62.33685853448508%
2024-02-02 14:22:35,281 - INFO - Epoch [500/500], Loss: 13.148892199589035, Accuracy: 62.36645946018675%
2024-02-02 14:22:35,550 - INFO - Test Accuracy: 20.838607594936708%, Balanced Test Accuracy: 20.83860759493671%
2024-02-02 14:22:35,802 - INFO - Final unblanced test accuracy: 20.838607594936708% and final balanced test accuracy 20.83860759493671
