2024-02-02 13:02:47,715 - INFO - Configuration:
{
    "task": "5",
    "topic": "stronger lr",
    "train_classifier": true,
    "number_gpus": "1",
    "modalities": [
        "rgb"
    ],
    "encoder_model": "MAE",
    "mask_ratio": 0.8,
    "dataset": "NTU",
    "split": "CV",
    "num_classes": 60,
    "epochs": 500,
    "res_cktp": false,
    "cktp_dir": "/home/bas06400/Thesis/VIP/src/align_checkpoints/mae_checkpoints/",
    "trained_encoder": "checkpoint_rgb_CV_20240126_171249.pth",
    "learning_rate": 0.01,
    "temperature": 0.1,
    "num_workers": 10,
    "batch_size": 64,
    "data_root": "/net/polaris/storage/deeplearning/ntu",
    "random_sample": false,
    "pin_memory": true,
    "scheduler_config": {
        "type": "plateau",
        "params": {
            "mode": "min",
            "factor": 0.1,
            "patience": 5
        }
    }
}
2024-02-02 13:02:47,766 - INFO - Training MAE for rgb...
2024-02-02 13:02:47,813 - INFO - Evaluing on the following GPUs [3]
2024-02-02 13:02:51,735 - INFO - Starting feature extraction...
2024-02-02 13:36:21,326 - INFO - Epoch [1/500], Loss: 31.458573038295164, Accuracy: 24.14090040633998%
2024-02-02 13:36:21,341 - INFO - Test Accuracy: 27.93148880105402%, Balanced Test Accuracy: 27.30652329123691%
2024-02-02 13:36:22,107 - INFO - Epoch [2/500], Loss: 26.654591647245116, Accuracy: 33.40599015096472%
2024-02-02 13:36:22,821 - INFO - Epoch [3/500], Loss: 25.23424006114572, Accuracy: 36.95541024192029%
2024-02-02 13:36:23,478 - INFO - Epoch [4/500], Loss: 24.378464173462433, Accuracy: 39.03285702752886%
2024-02-02 13:36:24,171 - INFO - Epoch [5/500], Loss: 23.778179506124076, Accuracy: 40.652834961384244%
2024-02-02 13:36:24,807 - INFO - Epoch [6/500], Loss: 23.269822029744166, Accuracy: 41.8368719894513%
2024-02-02 13:36:25,446 - INFO - Epoch [7/500], Loss: 22.8297837972641, Accuracy: 42.80562955786981%
2024-02-02 13:36:26,106 - INFO - Epoch [8/500], Loss: 22.52445706674608, Accuracy: 43.57256263286779%
2024-02-02 13:36:26,900 - INFO - Epoch [9/500], Loss: 22.15579721887233, Accuracy: 44.59514006619843%
2024-02-02 13:36:27,629 - INFO - Epoch [10/500], Loss: 21.77197116108264, Accuracy: 45.2786523505826%
2024-02-02 13:36:28,295 - INFO - Epoch [11/500], Loss: 21.556218116970385, Accuracy: 45.96754662145798%
2024-02-02 13:36:28,305 - INFO - Test Accuracy: 36.89064558629776%, Balanced Test Accuracy: 36.442349933062005%
2024-02-02 13:36:28,961 - INFO - Epoch [12/500], Loss: 21.41999306113033, Accuracy: 46.42770646645677%
2024-02-02 13:36:29,711 - INFO - Epoch [13/500], Loss: 21.15548398131031, Accuracy: 47.20271252119157%
2024-02-02 13:36:30,341 - INFO - Epoch [14/500], Loss: 21.110513689154285, Accuracy: 47.439519926804984%
2024-02-02 13:36:30,985 - INFO - Epoch [15/500], Loss: 21.14983042013847, Accuracy: 47.55254164312048%
2024-02-02 13:36:31,656 - INFO - Epoch [16/500], Loss: 21.013782545671624, Accuracy: 47.93735367724227%
2024-02-02 13:36:32,297 - INFO - Epoch [17/500], Loss: 20.923464738716515, Accuracy: 48.249508893732674%
2024-02-02 13:36:33,023 - INFO - Epoch [18/500], Loss: 20.71759549237914, Accuracy: 48.892656279432735%
2024-02-02 13:36:33,686 - INFO - Epoch [19/500], Loss: 20.546164577290163, Accuracy: 49.18059255671268%
2024-02-02 13:36:34,395 - INFO - Epoch [20/500], Loss: 20.404937402676726, Accuracy: 49.68111730039558%
2024-02-02 13:36:35,094 - INFO - Epoch [21/500], Loss: 20.296228917978578, Accuracy: 50.05516536153494%
2024-02-02 13:36:35,103 - INFO - Test Accuracy: 38.076416337285906%, Balanced Test Accuracy: 38.380036057280634%
2024-02-02 13:36:35,833 - INFO - Epoch [22/500], Loss: 20.084508534205163, Accuracy: 50.52608917951616%
2024-02-02 13:36:36,618 - INFO - Epoch [23/500], Loss: 19.92866563695972, Accuracy: 50.76020559188397%
2024-02-02 13:36:37,282 - INFO - Epoch [24/500], Loss: 19.91724981493869, Accuracy: 50.929738166357204%
2024-02-02 13:36:37,959 - INFO - Epoch [25/500], Loss: 19.799662416264162, Accuracy: 51.14501762600576%
2024-02-02 13:36:38,736 - INFO - Epoch [26/500], Loss: 19.820565039828672, Accuracy: 51.20691047065472%
2024-02-02 13:36:39,381 - INFO - Epoch [27/500], Loss: 19.807120174674665, Accuracy: 51.42757191679449%
2024-02-02 13:36:40,037 - INFO - Epoch [28/500], Loss: 19.636171743021173, Accuracy: 51.798928984688246%
2024-02-02 13:36:40,715 - INFO - Epoch [29/500], Loss: 19.750001638622606, Accuracy: 51.645542369688656%
2024-02-02 13:36:41,337 - INFO - Epoch [30/500], Loss: 19.60819173465341, Accuracy: 52.00075347810877%
2024-02-02 13:36:42,074 - INFO - Epoch [31/500], Loss: 19.577076075440747, Accuracy: 52.04650036328409%
2024-02-02 13:36:42,083 - INFO - Test Accuracy: 39.52569169960474%, Balanced Test Accuracy: 39.704197154468055%
2024-02-02 13:36:42,724 - INFO - Epoch [32/500], Loss: 19.582920248225584, Accuracy: 52.15952207959958%
2024-02-02 13:36:43,413 - INFO - Epoch [33/500], Loss: 19.309597468982307, Accuracy: 52.87532628293103%
2024-02-02 13:36:44,137 - INFO - Epoch [34/500], Loss: 19.298359540559478, Accuracy: 52.783832512580396%
2024-02-02 13:36:44,830 - INFO - Epoch [35/500], Loss: 19.188809713064614, Accuracy: 53.10944269529883%
2024-02-02 13:36:45,577 - INFO - Epoch [36/500], Loss: 19.069516267816898, Accuracy: 53.21708242512311%
2024-02-02 13:36:46,378 - INFO - Epoch [37/500], Loss: 19.133994411613983, Accuracy: 53.311267188719356%
2024-02-02 13:36:47,172 - INFO - Epoch [38/500], Loss: 19.010287013094302, Accuracy: 53.58574849977126%
2024-02-02 13:36:47,890 - INFO - Epoch [39/500], Loss: 19.0268326118841, Accuracy: 53.5588385673152%
2024-02-02 13:36:48,651 - INFO - Epoch [40/500], Loss: 19.022323677095315, Accuracy: 53.717607168806005%
2024-02-02 13:36:49,407 - INFO - Epoch [41/500], Loss: 18.916843905287273, Accuracy: 54.04859933801566%
2024-02-02 13:36:49,416 - INFO - Test Accuracy: 39.657444005270094%, Balanced Test Accuracy: 39.9246635144468%
2024-02-02 13:36:50,087 - INFO - Epoch [42/500], Loss: 18.949334498179162, Accuracy: 54.107801189419014%
2024-02-02 13:36:50,866 - INFO - Epoch [43/500], Loss: 18.898955821990967, Accuracy: 54.15623906783994%
2024-02-02 13:36:51,559 - INFO - Epoch [44/500], Loss: 18.82930800167181, Accuracy: 54.45763031134792%
2024-02-02 13:36:52,341 - INFO - Epoch [45/500], Loss: 18.83188270310224, Accuracy: 54.3365356152956%
2024-02-02 13:36:53,117 - INFO - Epoch [46/500], Loss: 18.725579075894114, Accuracy: 54.67829175748769%
2024-02-02 13:36:53,903 - INFO - Epoch [47/500], Loss: 18.50810536792723, Accuracy: 55.04695783213584%
2024-02-02 13:36:54,595 - INFO - Epoch [48/500], Loss: 18.48033982010211, Accuracy: 55.02812087941659%
2024-02-02 13:36:55,229 - INFO - Epoch [49/500], Loss: 18.482952670525695, Accuracy: 55.11692365652162%
2024-02-02 13:36:55,880 - INFO - Epoch [50/500], Loss: 18.46973577293299, Accuracy: 54.95008207529399%
2024-02-02 13:36:56,579 - INFO - Epoch [51/500], Loss: 18.553879810591877, Accuracy: 55.01466591318856%
2024-02-02 13:36:56,589 - INFO - Test Accuracy: 40.05270092226614%, Balanced Test Accuracy: 40.034238336482915%
2024-02-02 13:36:57,245 - INFO - Epoch [52/500], Loss: 18.415806226811167, Accuracy: 55.340276095907%
2024-02-02 13:36:58,024 - INFO - Epoch [53/500], Loss: 18.430283302977934, Accuracy: 55.291838217486074%
2024-02-02 13:36:58,825 - INFO - Epoch [54/500], Loss: 18.362218288041777, Accuracy: 55.43446085950324%
2024-02-02 13:36:59,625 - INFO - Epoch [55/500], Loss: 18.2433510200452, Accuracy: 55.79236296116897%
2024-02-02 13:37:00,375 - INFO - Epoch [56/500], Loss: 18.2979741419776, Accuracy: 55.56093754204677%
2024-02-02 13:37:01,180 - INFO - Epoch [57/500], Loss: 18.211401473667664, Accuracy: 55.768144021958506%
2024-02-02 13:37:01,949 - INFO - Epoch [58/500], Loss: 18.201952182640465, Accuracy: 55.90000269099325%
2024-02-02 13:37:02,677 - INFO - Epoch [59/500], Loss: 18.24988798973924, Accuracy: 55.83810984634429%
2024-02-02 13:37:03,477 - INFO - Epoch [60/500], Loss: 18.270024693618385, Accuracy: 55.86771077204596%
2024-02-02 13:37:04,195 - INFO - Epoch [61/500], Loss: 18.26516886484825, Accuracy: 55.82465488011625%
2024-02-02 13:37:04,205 - INFO - Test Accuracy: 41.10671936758893%, Balanced Test Accuracy: 41.28911813161038%
2024-02-02 13:37:04,953 - INFO - Epoch [62/500], Loss: 18.349086795823048, Accuracy: 56.02647937353677%
2024-02-02 13:37:05,737 - INFO - Epoch [63/500], Loss: 18.181190492743152, Accuracy: 56.23906783993972%
2024-02-02 13:37:06,523 - INFO - Epoch [64/500], Loss: 18.071861713619555, Accuracy: 56.39245445493932%
2024-02-02 13:37:07,287 - INFO - Epoch [65/500], Loss: 18.15704814155223, Accuracy: 56.306342671079896%
2024-02-02 13:37:07,941 - INFO - Epoch [66/500], Loss: 18.046504587440168, Accuracy: 56.52969511046527%
2024-02-02 13:37:08,623 - INFO - Epoch [67/500], Loss: 18.054212364099794, Accuracy: 56.57544199564059%
2024-02-02 13:37:09,385 - INFO - Epoch [68/500], Loss: 17.97780020863323, Accuracy: 56.669626759236834%
2024-02-02 13:37:10,053 - INFO - Epoch [69/500], Loss: 18.11204091472141, Accuracy: 56.46780226581631%
2024-02-02 13:37:10,789 - INFO - Epoch [70/500], Loss: 18.122761698092443, Accuracy: 56.53238610371088%
2024-02-02 13:37:11,449 - INFO - Epoch [71/500], Loss: 18.328795470423618, Accuracy: 56.413982400904175%
2024-02-02 13:37:11,458 - INFO - Test Accuracy: 40.05270092226614%, Balanced Test Accuracy: 40.37324655765059%
2024-02-02 13:37:12,139 - INFO - Epoch [72/500], Loss: 18.187940763214886, Accuracy: 56.5000941847636%
2024-02-02 13:37:12,910 - INFO - Epoch [73/500], Loss: 18.13436974812362, Accuracy: 56.5000941847636%
2024-02-02 13:37:13,597 - INFO - Epoch [74/500], Loss: 18.082933803736154, Accuracy: 56.67769973897366%
2024-02-02 13:37:14,376 - INFO - Epoch [75/500], Loss: 18.011993421336353, Accuracy: 56.88490621888539%
2024-02-02 13:37:15,053 - INFO - Epoch [76/500], Loss: 17.995777915089818, Accuracy: 56.895670191867815%
2024-02-02 13:37:15,774 - INFO - Epoch [77/500], Loss: 17.849419916080215, Accuracy: 57.20244342186701%
2024-02-02 13:37:16,481 - INFO - Epoch [78/500], Loss: 17.94880471391193, Accuracy: 57.11364064476198%
2024-02-02 13:37:17,135 - INFO - Epoch [79/500], Loss: 17.883650617074156, Accuracy: 57.22128037458626%
2024-02-02 13:37:17,829 - INFO - Epoch [80/500], Loss: 17.76719224655022, Accuracy: 57.24819030704233%
2024-02-02 13:37:18,516 - INFO - Epoch [81/500], Loss: 17.615430342949043, Accuracy: 57.447323807217245%
2024-02-02 13:37:18,525 - INFO - Test Accuracy: 41.63372859025033%, Balanced Test Accuracy: 41.872536827064685%
2024-02-02 13:37:19,228 - INFO - Epoch [82/500], Loss: 17.567343091560623, Accuracy: 57.581873469497594%
2024-02-02 13:37:19,976 - INFO - Epoch [83/500], Loss: 17.501004801968396, Accuracy: 57.7406420709884%
2024-02-02 13:37:20,791 - INFO - Epoch [84/500], Loss: 17.55913795758102, Accuracy: 57.68951319932187%
2024-02-02 13:37:21,587 - INFO - Epoch [85/500], Loss: 17.62454793917931, Accuracy: 57.71104114528673%
2024-02-02 13:37:22,279 - INFO - Epoch [86/500], Loss: 17.519221382626032, Accuracy: 57.76755200344447%
2024-02-02 13:37:22,973 - INFO - Epoch [87/500], Loss: 17.507659699957248, Accuracy: 57.929011598180885%
2024-02-02 13:37:23,633 - INFO - Epoch [88/500], Loss: 17.572926160642655, Accuracy: 57.82675385484782%
2024-02-02 13:37:24,269 - INFO - Epoch [89/500], Loss: 17.59644287117457, Accuracy: 57.778315976426896%
2024-02-02 13:37:24,974 - INFO - Epoch [90/500], Loss: 17.450069370916335, Accuracy: 58.02319636177713%
2024-02-02 13:37:25,624 - INFO - Epoch [91/500], Loss: 17.38635096913677, Accuracy: 58.257312774144935%
2024-02-02 13:37:25,633 - INFO - Test Accuracy: 41.76548089591568%, Balanced Test Accuracy: 41.62578837714286%
2024-02-02 13:37:26,274 - INFO - Epoch [92/500], Loss: 17.402980799392118, Accuracy: 58.10123516589973%
2024-02-02 13:37:26,934 - INFO - Epoch [93/500], Loss: 17.415580746480973, Accuracy: 58.109308145636554%
2024-02-02 13:37:27,590 - INFO - Epoch [94/500], Loss: 17.356886994030518, Accuracy: 58.20080191598719%
2024-02-02 13:37:28,226 - INFO - Epoch [95/500], Loss: 17.475817887459772, Accuracy: 58.230402841688864%
2024-02-02 13:37:28,982 - INFO - Epoch [96/500], Loss: 17.56046086650784, Accuracy: 58.225020855197656%
2024-02-02 13:37:29,669 - INFO - Epoch [97/500], Loss: 17.517431131863997, Accuracy: 58.10392615914534%
2024-02-02 13:37:30,359 - INFO - Epoch [98/500], Loss: 17.728403697579594, Accuracy: 57.90210166572482%
2024-02-02 13:37:31,012 - INFO - Epoch [99/500], Loss: 17.45753727929067, Accuracy: 58.26269476063615%
2024-02-02 13:37:31,689 - INFO - Epoch [100/500], Loss: 17.426539908021184, Accuracy: 58.39993541616211%
2024-02-02 13:37:32,384 - INFO - Epoch [101/500], Loss: 17.38987965098882, Accuracy: 58.631360835284305%
2024-02-02 13:37:32,393 - INFO - Test Accuracy: 40.57971014492754%, Balanced Test Accuracy: 40.232086318967134%
2024-02-02 13:37:33,088 - INFO - Epoch [102/500], Loss: 17.292775835021068, Accuracy: 58.47797422028471%
2024-02-02 13:37:33,780 - INFO - Epoch [103/500], Loss: 17.286453211711624, Accuracy: 58.59368692984581%
2024-02-02 13:37:34,454 - INFO - Epoch [104/500], Loss: 17.098309174432593, Accuracy: 58.959662011248355%
2024-02-02 13:37:35,129 - INFO - Epoch [105/500], Loss: 17.11578494310379, Accuracy: 58.95158903151153%
2024-02-02 13:37:35,776 - INFO - Epoch [106/500], Loss: 17.10390932075048, Accuracy: 59.08882968703749%
2024-02-02 13:37:36,472 - INFO - Epoch [107/500], Loss: 17.148777991028155, Accuracy: 58.94351605177471%
2024-02-02 13:37:37,181 - INFO - Epoch [108/500], Loss: 17.33203537989471, Accuracy: 58.64212480826673%
2024-02-02 13:37:37,835 - INFO - Epoch [109/500], Loss: 17.23868074558549, Accuracy: 58.85471327466968%
2024-02-02 13:37:38,493 - INFO - Epoch [110/500], Loss: 17.092862972768685, Accuracy: 58.991953930195635%
2024-02-02 13:37:39,194 - INFO - Epoch [111/500], Loss: 17.241896653579452, Accuracy: 58.94351605177471%
2024-02-02 13:37:39,203 - INFO - Test Accuracy: 42.028985507246375%, Balanced Test Accuracy: 41.757912652649495%
2024-02-02 13:37:39,952 - INFO - Epoch [112/500], Loss: 17.073665182469256, Accuracy: 59.20454239659858%
2024-02-02 13:37:40,597 - INFO - Epoch [113/500], Loss: 17.309341197296725, Accuracy: 58.913915126073036%
2024-02-02 13:37:41,258 - INFO - Epoch [114/500], Loss: 17.305946691561555, Accuracy: 58.9408250585291%
2024-02-02 13:37:41,910 - INFO - Epoch [115/500], Loss: 17.302710891780208, Accuracy: 58.98657194370442%
2024-02-02 13:37:42,584 - INFO - Epoch [116/500], Loss: 17.340603137420395, Accuracy: 58.93544307203789%
2024-02-02 13:37:43,371 - INFO - Epoch [117/500], Loss: 17.51869949344861, Accuracy: 58.811657382739966%
2024-02-02 13:37:44,061 - INFO - Epoch [118/500], Loss: 17.35113115937023, Accuracy: 59.01348187616049%
2024-02-02 13:37:44,760 - INFO - Epoch [119/500], Loss: 17.285466666949, Accuracy: 59.08882968703749%
2024-02-02 13:37:45,477 - INFO - Epoch [120/500], Loss: 17.366374994738628, Accuracy: 58.89776916659939%
2024-02-02 13:37:46,186 - INFO - Epoch [121/500], Loss: 17.216499578144592, Accuracy: 59.28258120072119%
2024-02-02 13:37:46,194 - INFO - Test Accuracy: 41.23847167325428%, Balanced Test Accuracy: 40.787461399110015%
2024-02-02 13:37:46,952 - INFO - Epoch [122/500], Loss: 17.332635412781926, Accuracy: 59.09959366001991%
2024-02-02 13:37:47,697 - INFO - Epoch [123/500], Loss: 17.151611376616913, Accuracy: 59.43596781572078%
2024-02-02 13:37:48,361 - INFO - Epoch [124/500], Loss: 17.2779589436822, Accuracy: 59.21261537633541%
2024-02-02 13:37:49,063 - INFO - Epoch [125/500], Loss: 17.329733248484338, Accuracy: 59.10497564651113%
2024-02-02 13:37:49,721 - INFO - Epoch [126/500], Loss: 17.166556730108745, Accuracy: 59.4440407954576%
2024-02-02 13:37:50,488 - INFO - Epoch [127/500], Loss: 17.160993161848037, Accuracy: 59.3283280858965%
2024-02-02 13:37:51,256 - INFO - Epoch [128/500], Loss: 17.093519483582448, Accuracy: 59.72121309975512%
2024-02-02 13:37:51,969 - INFO - Epoch [129/500], Loss: 17.18355958744631, Accuracy: 59.32294609940529%
2024-02-02 13:37:52,666 - INFO - Epoch [130/500], Loss: 16.940557629375135, Accuracy: 59.8692177282635%
2024-02-02 13:37:53,351 - INFO - Epoch [131/500], Loss: 16.923619781510304, Accuracy: 59.7158311132639%
2024-02-02 13:37:53,361 - INFO - Test Accuracy: 42.687747035573125%, Balanced Test Accuracy: 42.47213140460045%
2024-02-02 13:37:54,037 - INFO - Epoch [132/500], Loss: 16.98010443226766, Accuracy: 59.69430316729905%
2024-02-02 13:37:54,709 - INFO - Epoch [133/500], Loss: 17.017436564978908, Accuracy: 59.58935443072038%
2024-02-02 13:37:55,433 - INFO - Epoch [134/500], Loss: 17.11886603145276, Accuracy: 59.41174887651032%
2024-02-02 13:37:56,089 - INFO - Epoch [135/500], Loss: 17.13799973564633, Accuracy: 59.34178305212454%
2024-02-02 13:37:56,776 - INFO - Epoch [136/500], Loss: 17.04818548085326, Accuracy: 59.653938268614944%
2024-02-02 13:37:57,563 - INFO - Epoch [137/500], Loss: 17.209854387630852, Accuracy: 59.61357336993084%
2024-02-02 13:37:58,371 - INFO - Epoch [138/500], Loss: 17.12273845329123, Accuracy: 59.605500390194024%
2024-02-02 13:37:59,081 - INFO - Epoch [139/500], Loss: 17.13004284187899, Accuracy: 59.41174887651032%
2024-02-02 13:37:59,794 - INFO - Epoch [140/500], Loss: 16.964353568473104, Accuracy: 59.96878447835096%
2024-02-02 13:38:00,642 - INFO - Epoch [141/500], Loss: 16.87012496540102, Accuracy: 60.10871612712252%
2024-02-02 13:38:00,651 - INFO - Test Accuracy: 42.95125164690382%, Balanced Test Accuracy: 42.54692697939602%
2024-02-02 13:38:01,446 - INFO - Epoch [142/500], Loss: 16.991286848561238, Accuracy: 59.82347084308818%
2024-02-02 13:38:02,222 - INFO - Epoch [143/500], Loss: 17.004769628330813, Accuracy: 59.952638518877315%
2024-02-02 13:38:02,965 - INFO - Epoch [144/500], Loss: 16.972062210915453, Accuracy: 59.85307176878986%
2024-02-02 13:38:03,681 - INFO - Epoch [145/500], Loss: 16.916206272981935, Accuracy: 60.1006431473857%
2024-02-02 13:38:04,397 - INFO - Epoch [146/500], Loss: 16.82009420051413, Accuracy: 60.264793735367725%
2024-02-02 13:38:05,195 - INFO - Epoch [147/500], Loss: 17.008272320537245, Accuracy: 59.83692580931622%
2024-02-02 13:38:05,904 - INFO - Epoch [148/500], Loss: 16.972071526414258, Accuracy: 59.93380156615807%
2024-02-02 13:38:06,591 - INFO - Epoch [149/500], Loss: 16.807397741382406, Accuracy: 60.38319743817443%
2024-02-02 13:38:07,312 - INFO - Epoch [150/500], Loss: 16.81075004904957, Accuracy: 60.37512445843761%
2024-02-02 13:38:08,109 - INFO - Epoch [151/500], Loss: 16.80885624885559, Accuracy: 60.264793735367725%
2024-02-02 13:38:08,118 - INFO - Test Accuracy: 42.29249011857708%, Balanced Test Accuracy: 42.29133466865665%
2024-02-02 13:38:08,937 - INFO - Epoch [152/500], Loss: 16.78214864205506, Accuracy: 60.47738220177067%
2024-02-02 13:38:09,657 - INFO - Epoch [153/500], Loss: 16.771869060346635, Accuracy: 60.52851107343721%
2024-02-02 13:38:10,366 - INFO - Epoch [154/500], Loss: 16.611176969641345, Accuracy: 60.78415543176987%
2024-02-02 13:38:11,159 - INFO - Epoch [155/500], Loss: 16.74482177273702, Accuracy: 60.531202066682816%
2024-02-02 13:38:11,885 - INFO - Epoch [156/500], Loss: 16.64954717987675, Accuracy: 60.913323107559%
2024-02-02 13:38:12,666 - INFO - Epoch [157/500], Loss: 16.6780714978606, Accuracy: 60.652296762735126%
2024-02-02 13:38:13,435 - INFO - Epoch [158/500], Loss: 16.763671040534973, Accuracy: 60.38857942466564%
2024-02-02 13:38:14,173 - INFO - Epoch [159/500], Loss: 16.730441207602873, Accuracy: 60.27824870159576%
2024-02-02 13:38:14,852 - INFO - Epoch [160/500], Loss: 16.5895952491437, Accuracy: 60.81106536422594%
2024-02-02 13:38:15,533 - INFO - Epoch [161/500], Loss: 16.661009783461942, Accuracy: 60.92946906703264%
2024-02-02 13:38:15,542 - INFO - Test Accuracy: 41.76548089591568%, Balanced Test Accuracy: 42.07454159331094%
2024-02-02 13:38:16,327 - INFO - Epoch [162/500], Loss: 16.789656745175183, Accuracy: 60.36166949220957%
2024-02-02 13:38:17,150 - INFO - Epoch [163/500], Loss: 16.789409200013694, Accuracy: 60.504292134226745%
2024-02-02 13:38:17,860 - INFO - Epoch [164/500], Loss: 16.6045410168373, Accuracy: 60.85950324264686%
2024-02-02 13:38:18,637 - INFO - Epoch [165/500], Loss: 16.67331140324221, Accuracy: 60.6442237829983%
2024-02-02 13:38:19,379 - INFO - Epoch [166/500], Loss: 16.579801649360334, Accuracy: 60.8756492021205%
2024-02-02 13:38:20,093 - INFO - Epoch [167/500], Loss: 16.53710354687804, Accuracy: 60.8756492021205%
2024-02-02 13:38:20,840 - INFO - Epoch [168/500], Loss: 16.613178049103688, Accuracy: 60.98059793869918%
2024-02-02 13:38:21,650 - INFO - Epoch [169/500], Loss: 16.56704729896481, Accuracy: 60.81106536422594%
2024-02-02 13:38:22,478 - INFO - Epoch [170/500], Loss: 16.564625749143502, Accuracy: 61.08016468878663%
2024-02-02 13:38:23,181 - INFO - Epoch [171/500], Loss: 16.431158320378447, Accuracy: 61.24431527676865%
2024-02-02 13:38:23,191 - INFO - Test Accuracy: 42.29249011857708%, Balanced Test Accuracy: 42.170706930381854%
2024-02-02 13:38:23,871 - INFO - Epoch [172/500], Loss: 16.548339381056316, Accuracy: 60.95906999273432%
2024-02-02 13:38:24,539 - INFO - Epoch [173/500], Loss: 16.54396059553502, Accuracy: 61.0694007158042%
2024-02-02 13:38:25,258 - INFO - Epoch [174/500], Loss: 16.462266867443667, Accuracy: 61.193186405102125%
2024-02-02 13:38:26,035 - INFO - Epoch [175/500], Loss: 16.482127466444243, Accuracy: 61.23086031054062%
2024-02-02 13:38:26,815 - INFO - Epoch [176/500], Loss: 16.511245829574133, Accuracy: 61.236242297031836%
2024-02-02 13:38:27,517 - INFO - Epoch [177/500], Loss: 16.445486807217033, Accuracy: 61.22009633755819%
2024-02-02 13:38:28,201 - INFO - Epoch [178/500], Loss: 16.453182094177958, Accuracy: 61.378864939049%
2024-02-02 13:38:28,870 - INFO - Epoch [179/500], Loss: 16.48332761910002, Accuracy: 61.19587739834773%
2024-02-02 13:38:29,515 - INFO - Epoch [180/500], Loss: 16.42541878405264, Accuracy: 61.34119103361051%
2024-02-02 13:38:30,147 - INFO - Epoch [181/500], Loss: 16.34962514598491, Accuracy: 61.50265062834692%
2024-02-02 13:38:30,155 - INFO - Test Accuracy: 42.687747035573125%, Balanced Test Accuracy: 42.74399397328963%
2024-02-02 13:38:30,920 - INFO - Epoch [182/500], Loss: 16.414107545957727, Accuracy: 61.42999381071554%
2024-02-02 13:38:31,588 - INFO - Epoch [183/500], Loss: 16.24955053147623, Accuracy: 61.73945803396033%
2024-02-02 13:38:32,247 - INFO - Epoch [184/500], Loss: 16.364044864298933, Accuracy: 61.5322515540486%
2024-02-02 13:38:32,917 - INFO - Epoch [185/500], Loss: 16.51885619304948, Accuracy: 61.22816931729501%
2024-02-02 13:38:33,566 - INFO - Epoch [186/500], Loss: 16.409613214306912, Accuracy: 61.1851134253653%
2024-02-02 13:38:34,254 - INFO - Epoch [187/500], Loss: 16.369785681619483, Accuracy: 61.67218320282016%
2024-02-02 13:38:34,992 - INFO - Epoch [188/500], Loss: 16.417579256882103, Accuracy: 61.494577648610104%
2024-02-02 13:38:35,643 - INFO - Epoch [189/500], Loss: 16.41972942776599, Accuracy: 61.583380425715134%
2024-02-02 13:38:36,377 - INFO - Epoch [190/500], Loss: 16.323279812174327, Accuracy: 61.73945803396033%
2024-02-02 13:38:37,078 - INFO - Epoch [191/500], Loss: 16.5383361961882, Accuracy: 61.46766771615403%
2024-02-02 13:38:37,087 - INFO - Test Accuracy: 41.23847167325428%, Balanced Test Accuracy: 41.23018310092614%
2024-02-02 13:38:37,862 - INFO - Epoch [192/500], Loss: 16.486810886253746, Accuracy: 61.454212749926%
2024-02-02 13:38:38,633 - INFO - Epoch [193/500], Loss: 16.509020698272575, Accuracy: 61.47843168913646%
2024-02-02 13:38:39,412 - INFO - Epoch [194/500], Loss: 16.53251526517383, Accuracy: 61.510723608083744%
2024-02-02 13:38:40,086 - INFO - Epoch [195/500], Loss: 16.58057449429722, Accuracy: 61.268534215979116%
2024-02-02 13:38:40,754 - INFO - Epoch [196/500], Loss: 16.367860998137523, Accuracy: 61.71254810150427%
2024-02-02 13:38:41,417 - INFO - Epoch [197/500], Loss: 16.39851273116419, Accuracy: 61.76905895966201%
2024-02-02 13:38:42,113 - INFO - Epoch [198/500], Loss: 16.48294620089612, Accuracy: 61.52956056080299%
2024-02-02 13:38:42,773 - INFO - Epoch [199/500], Loss: 16.486118824805242, Accuracy: 61.66411022308334%
2024-02-02 13:38:43,414 - INFO - Epoch [200/500], Loss: 16.406638211112913, Accuracy: 61.56454347299588%
2024-02-02 13:38:44,070 - INFO - Epoch [201/500], Loss: 16.338912909313784, Accuracy: 61.94935550711768%
2024-02-02 13:38:44,079 - INFO - Test Accuracy: 41.23847167325428%, Balanced Test Accuracy: 41.257047640755076%
2024-02-02 13:38:44,720 - INFO - Epoch [202/500], Loss: 16.309357640096696, Accuracy: 61.90629961518797%
2024-02-02 13:38:45,413 - INFO - Epoch [203/500], Loss: 16.250974702633034, Accuracy: 62.05161325045074%
2024-02-02 13:38:46,050 - INFO - Epoch [204/500], Loss: 16.226785214270574, Accuracy: 61.855170743521434%
2024-02-02 13:38:46,663 - INFO - Epoch [205/500], Loss: 16.29242047718016, Accuracy: 62.02470331799467%
2024-02-02 13:38:47,332 - INFO - Epoch [206/500], Loss: 16.389205613378753, Accuracy: 61.80135087860929%
2024-02-02 13:38:47,960 - INFO - Epoch [207/500], Loss: 16.29511589620073, Accuracy: 62.04354027071392%
2024-02-02 13:38:48,653 - INFO - Epoch [208/500], Loss: 16.386066222594955, Accuracy: 61.67218320282016%
2024-02-02 13:38:49,396 - INFO - Epoch [209/500], Loss: 16.253197666952165, Accuracy: 62.08928715588924%
2024-02-02 13:38:50,045 - INFO - Epoch [210/500], Loss: 16.238439331620427, Accuracy: 61.987029412556176%
2024-02-02 13:38:50,677 - INFO - Epoch [211/500], Loss: 16.379586538015786, Accuracy: 61.77444094615323%
2024-02-02 13:38:50,686 - INFO - Test Accuracy: 41.76548089591568%, Balanced Test Accuracy: 41.64743081422648%
2024-02-02 13:38:51,434 - INFO - Epoch [212/500], Loss: 16.384853255950798, Accuracy: 61.96550146659132%
2024-02-02 13:38:52,129 - INFO - Epoch [213/500], Loss: 16.28360874369993, Accuracy: 62.094669142380454%
2024-02-02 13:38:52,821 - INFO - Epoch [214/500], Loss: 16.317266149035955, Accuracy: 62.07045020316999%
2024-02-02 13:38:53,482 - INFO - Epoch [215/500], Loss: 16.4382827221337, Accuracy: 62.00855735852103%
2024-02-02 13:38:54,165 - INFO - Epoch [216/500], Loss: 16.414398301455932, Accuracy: 61.92244557466161%
2024-02-02 13:38:54,878 - INFO - Epoch [217/500], Loss: 16.258447069232748, Accuracy: 62.215763838432764%
2024-02-02 13:38:55,533 - INFO - Epoch [218/500], Loss: 16.370987366821808, Accuracy: 62.094669142380454%
2024-02-02 13:38:56,175 - INFO - Epoch [219/500], Loss: 16.36627634501053, Accuracy: 61.99241139904739%
2024-02-02 13:38:56,962 - INFO - Epoch [220/500], Loss: 16.26194103087409, Accuracy: 62.226527811415195%
2024-02-02 13:38:57,665 - INFO - Epoch [221/500], Loss: 16.287907969143433, Accuracy: 62.28034767632733%
2024-02-02 13:38:57,675 - INFO - Test Accuracy: 41.37022397891963%, Balanced Test Accuracy: 41.48218592839336%
2024-02-02 13:38:58,330 - INFO - Epoch [222/500], Loss: 16.230507266723503, Accuracy: 62.36645946018675%
2024-02-02 13:38:59,041 - INFO - Epoch [223/500], Loss: 16.149654582395392, Accuracy: 62.385296412906%
2024-02-02 13:38:59,848 - INFO - Epoch [224/500], Loss: 16.345859840764838, Accuracy: 62.1135060950997%
2024-02-02 13:39:00,612 - INFO - Epoch [225/500], Loss: 16.392873044741357, Accuracy: 62.25074675062566%
2024-02-02 13:39:01,312 - INFO - Epoch [226/500], Loss: 16.219681027582137, Accuracy: 62.39606038588843%
2024-02-02 13:39:01,980 - INFO - Epoch [227/500], Loss: 16.269080752033297, Accuracy: 62.28303866957294%
2024-02-02 13:39:02,645 - INFO - Epoch [228/500], Loss: 16.31718990762355, Accuracy: 62.14041602755577%
2024-02-02 13:39:03,302 - INFO - Epoch [229/500], Loss: 16.42202085054527, Accuracy: 61.98433841931057%
2024-02-02 13:39:03,999 - INFO - Epoch [230/500], Loss: 16.393559739751332, Accuracy: 62.199617878959124%
2024-02-02 13:39:04,730 - INFO - Epoch [231/500], Loss: 16.363018545053773, Accuracy: 62.23729178439762%
2024-02-02 13:39:04,740 - INFO - Test Accuracy: 42.29249011857708%, Balanced Test Accuracy: 42.07356717786285%
2024-02-02 13:39:05,464 - INFO - Epoch [232/500], Loss: 16.24662948968047, Accuracy: 62.38798740615161%
2024-02-02 13:39:06,093 - INFO - Epoch [233/500], Loss: 16.400519863023597, Accuracy: 62.14579801404698%
2024-02-02 13:39:06,777 - INFO - Epoch [234/500], Loss: 16.440725586171876, Accuracy: 62.32609456150265%
2024-02-02 13:39:07,461 - INFO - Epoch [235/500], Loss: 16.18587294271437, Accuracy: 62.62210381851941%
2024-02-02 13:39:08,124 - INFO - Epoch [236/500], Loss: 16.350239356695596, Accuracy: 62.320712575011434%
2024-02-02 13:39:08,839 - INFO - Epoch [237/500], Loss: 16.151056031049308, Accuracy: 62.570974946852886%
2024-02-02 13:39:09,478 - INFO - Epoch [238/500], Loss: 16.248303671004408, Accuracy: 62.53599203465999%
2024-02-02 13:39:10,192 - INFO - Epoch [239/500], Loss: 16.273256464529847, Accuracy: 62.527919054923174%
2024-02-02 13:39:10,846 - INFO - Epoch [240/500], Loss: 16.205646454277684, Accuracy: 62.66785070369473%
2024-02-02 13:39:11,477 - INFO - Epoch [241/500], Loss: 16.20332839630418, Accuracy: 62.56290196711606%
2024-02-02 13:39:11,486 - INFO - Test Accuracy: 43.214756258234516%, Balanced Test Accuracy: 43.0568138789888%
2024-02-02 13:39:12,257 - INFO - Epoch [242/500], Loss: 16.07662163245476, Accuracy: 63.09033664325503%
2024-02-02 13:39:12,979 - INFO - Epoch [243/500], Loss: 16.260433751647756, Accuracy: 62.557519980624846%
2024-02-02 13:39:13,664 - INFO - Epoch [244/500], Loss: 16.234130163313978, Accuracy: 62.55213799413364%
2024-02-02 13:39:14,407 - INFO - Epoch [245/500], Loss: 16.24088256540945, Accuracy: 62.64632275772988%
2024-02-02 13:39:15,112 - INFO - Epoch [246/500], Loss: 16.367795599719226, Accuracy: 62.452571244046176%
2024-02-02 13:39:15,814 - INFO - Epoch [247/500], Loss: 16.297457933425903, Accuracy: 62.63555878474745%
2024-02-02 13:39:16,505 - INFO - Epoch [248/500], Loss: 16.225864081059473, Accuracy: 62.68937864965959%
2024-02-02 13:39:17,156 - INFO - Epoch [249/500], Loss: 16.13378869476965, Accuracy: 62.96924194720271%
2024-02-02 13:39:17,797 - INFO - Epoch [250/500], Loss: 16.18418740822097, Accuracy: 62.86429321062404%
2024-02-02 13:39:18,411 - INFO - Epoch [251/500], Loss: 16.126783071938206, Accuracy: 62.89927612281693%
2024-02-02 13:39:18,419 - INFO - Test Accuracy: 42.687747035573125%, Balanced Test Accuracy: 42.609268805669736%
2024-02-02 13:39:19,038 - INFO - Epoch [252/500], Loss: 16.232632159176518, Accuracy: 62.82392831193994%
2024-02-02 13:39:19,678 - INFO - Epoch [253/500], Loss: 16.250694035473515, Accuracy: 62.54675600764242%
2024-02-02 13:39:20,307 - INFO - Epoch [254/500], Loss: 16.198134540501286, Accuracy: 62.901967116062536%
2024-02-02 13:39:20,939 - INFO - Epoch [255/500], Loss: 16.230611485950018, Accuracy: 62.71359758887005%
2024-02-02 13:39:21,576 - INFO - Epoch [256/500], Loss: 16.275412639318887, Accuracy: 62.60864885229138%
2024-02-02 13:39:22,194 - INFO - Epoch [257/500], Loss: 16.282978759983838, Accuracy: 62.74588950781734%
2024-02-02 13:39:22,813 - INFO - Epoch [258/500], Loss: 16.24105514106104, Accuracy: 62.576356933344094%
2024-02-02 13:39:23,490 - INFO - Epoch [259/500], Loss: 16.09434305207204, Accuracy: 63.009606845886815%
2024-02-02 13:39:24,118 - INFO - Epoch [260/500], Loss: 16.243978506427702, Accuracy: 62.842765264659185%
2024-02-02 13:39:24,743 - INFO - Epoch [261/500], Loss: 16.288379638882006, Accuracy: 62.65170474422109%
2024-02-02 13:39:24,752 - INFO - Test Accuracy: 41.89723320158103%, Balanced Test Accuracy: 41.4976192251734%
2024-02-02 13:39:25,419 - INFO - Epoch [262/500], Loss: 16.346539982294633, Accuracy: 62.71897957536127%
2024-02-02 13:39:26,088 - INFO - Epoch [263/500], Loss: 16.280281416440413, Accuracy: 62.83469228492236%
2024-02-02 13:39:26,746 - INFO - Epoch [264/500], Loss: 16.196516233985708, Accuracy: 63.0795726702726%
2024-02-02 13:39:27,414 - INFO - Epoch [265/500], Loss: 16.288175614203436, Accuracy: 62.810473345711905%
2024-02-02 13:39:28,018 - INFO - Epoch [266/500], Loss: 16.20552644285105, Accuracy: 62.86429321062404%
2024-02-02 13:39:28,631 - INFO - Epoch [267/500], Loss: 16.160198831962326, Accuracy: 63.04458975807971%
2024-02-02 13:39:29,246 - INFO - Epoch [268/500], Loss: 16.173136263580645, Accuracy: 63.039207771588494%
2024-02-02 13:39:29,868 - INFO - Epoch [269/500], Loss: 16.10458630929559, Accuracy: 63.082263663518205%
2024-02-02 13:39:30,493 - INFO - Epoch [270/500], Loss: 16.168814196424968, Accuracy: 63.066117704044565%
2024-02-02 13:39:31,134 - INFO - Epoch [271/500], Loss: 16.007742739329903, Accuracy: 63.06342671079896%
2024-02-02 13:39:31,143 - INFO - Test Accuracy: 40.843214756258234%, Balanced Test Accuracy: 40.62090498081211%
2024-02-02 13:39:31,778 - INFO - Epoch [272/500], Loss: 16.007677874322663, Accuracy: 63.10110061623745%
2024-02-02 13:39:32,414 - INFO - Epoch [273/500], Loss: 15.979391097012213, Accuracy: 63.25717822448266%
2024-02-02 13:39:33,089 - INFO - Epoch [274/500], Loss: 16.227230650893713, Accuracy: 62.97193294044832%
2024-02-02 13:39:33,793 - INFO - Epoch [275/500], Loss: 16.374684120638896, Accuracy: 62.58981189957213%
2024-02-02 13:39:34,481 - INFO - Epoch [276/500], Loss: 16.12166298243959, Accuracy: 63.13608352843034%
2024-02-02 13:39:35,149 - INFO - Epoch [277/500], Loss: 16.177064899670874, Accuracy: 63.020370818869246%
2024-02-02 13:39:35,898 - INFO - Epoch [278/500], Loss: 16.2369830547753, Accuracy: 62.99076989316757%
2024-02-02 13:39:36,645 - INFO - Epoch [279/500], Loss: 16.06983894715875, Accuracy: 63.039207771588494%
2024-02-02 13:39:37,429 - INFO - Epoch [280/500], Loss: 15.95655345411624, Accuracy: 63.49398563009607%
2024-02-02 13:39:38,219 - INFO - Epoch [281/500], Loss: 16.08177491365853, Accuracy: 63.262560210973874%
2024-02-02 13:39:38,229 - INFO - Test Accuracy: 40.843214756258234%, Balanced Test Accuracy: 40.949771075158075%
2024-02-02 13:39:38,905 - INFO - Epoch [282/500], Loss: 15.866358706506633, Accuracy: 63.55587847474503%
2024-02-02 13:39:39,580 - INFO - Epoch [283/500], Loss: 16.086498400922547, Accuracy: 63.144156508167164%
2024-02-02 13:39:40,235 - INFO - Epoch [284/500], Loss: 15.95595546799191, Accuracy: 63.39172788676301%
2024-02-02 13:39:40,902 - INFO - Epoch [285/500], Loss: 15.978750319804176, Accuracy: 63.41863781921907%
2024-02-02 13:39:41,608 - INFO - Epoch [286/500], Loss: 16.050821952900645, Accuracy: 63.354053981324505%
2024-02-02 13:39:42,314 - INFO - Epoch [287/500], Loss: 15.969570775153274, Accuracy: 63.39172788676301%
2024-02-02 13:39:42,996 - INFO - Epoch [288/500], Loss: 15.966179921465406, Accuracy: 63.426710798955895%
2024-02-02 13:39:43,675 - INFO - Epoch [289/500], Loss: 16.00307152735985, Accuracy: 63.32445305562283%
2024-02-02 13:39:44,349 - INFO - Epoch [290/500], Loss: 16.057480954517754, Accuracy: 63.31907106913162%
2024-02-02 13:39:45,045 - INFO - Epoch [291/500], Loss: 15.878145977602166, Accuracy: 63.741557008691906%
2024-02-02 13:39:45,055 - INFO - Test Accuracy: 40.974967061923586%, Balanced Test Accuracy: 40.61639509298178%
2024-02-02 13:39:45,707 - INFO - Epoch [292/500], Loss: 15.947409185312562, Accuracy: 63.577406420709885%
2024-02-02 13:39:46,384 - INFO - Epoch [293/500], Loss: 16.042507722216136, Accuracy: 63.34059901509647%
2024-02-02 13:39:47,069 - INFO - Epoch [294/500], Loss: 16.05512632858955, Accuracy: 63.47783967062243%
2024-02-02 13:39:47,759 - INFO - Epoch [295/500], Loss: 15.923577995623573, Accuracy: 63.49398563009607%
2024-02-02 13:39:48,557 - INFO - Epoch [296/500], Loss: 15.844688274092594, Accuracy: 63.69042813702538%
2024-02-02 13:39:49,232 - INFO - Epoch [297/500], Loss: 15.986754218400534, Accuracy: 63.40518285299104%
2024-02-02 13:39:49,907 - INFO - Epoch [298/500], Loss: 15.868528077157878, Accuracy: 63.604316353165956%
2024-02-02 13:39:50,705 - INFO - Epoch [299/500], Loss: 15.856101292674824, Accuracy: 63.72002906272705%
2024-02-02 13:39:51,368 - INFO - Epoch [300/500], Loss: 15.831432626409045, Accuracy: 63.67697317079734%
2024-02-02 13:39:52,033 - INFO - Epoch [301/500], Loss: 15.724730474463964, Accuracy: 63.892252630445896%
2024-02-02 13:39:52,042 - INFO - Test Accuracy: 40.974967061923586%, Balanced Test Accuracy: 40.63736656790063%
2024-02-02 13:39:52,687 - INFO - Epoch [302/500], Loss: 15.824466763916663, Accuracy: 63.728102042463874%
2024-02-02 13:39:53,329 - INFO - Epoch [303/500], Loss: 15.77742707426265, Accuracy: 63.73348402895509%
2024-02-02 13:39:54,011 - INFO - Epoch [304/500], Loss: 15.680544480428857, Accuracy: 63.79806786684966%
2024-02-02 13:39:54,689 - INFO - Epoch [305/500], Loss: 15.817489664433365, Accuracy: 63.74962998842873%
2024-02-02 13:39:55,390 - INFO - Epoch [306/500], Loss: 15.868887888172926, Accuracy: 63.53704152202578%
2024-02-02 13:39:56,165 - INFO - Epoch [307/500], Loss: 15.825770705433214, Accuracy: 63.70388310325341%
2024-02-02 13:39:56,837 - INFO - Epoch [308/500], Loss: 15.751091502480588, Accuracy: 64.05909421167352%
2024-02-02 13:39:57,572 - INFO - Epoch [309/500], Loss: 15.761388407925429, Accuracy: 63.771157934393585%
2024-02-02 13:39:58,353 - INFO - Epoch [310/500], Loss: 15.838052735490313, Accuracy: 63.7765399208848%
2024-02-02 13:39:59,038 - INFO - Epoch [311/500], Loss: 15.743200396077107, Accuracy: 63.82497779930572%
2024-02-02 13:39:59,048 - INFO - Test Accuracy: 40.44795783926219%, Balanced Test Accuracy: 40.19332140597621%
2024-02-02 13:39:59,821 - INFO - Epoch [312/500], Loss: 15.717344319416306, Accuracy: 63.905707596673935%
2024-02-02 13:40:00,488 - INFO - Epoch [313/500], Loss: 15.648209903199794, Accuracy: 63.91916256290197%
2024-02-02 13:40:01,241 - INFO - Epoch [314/500], Loss: 15.677863647372035, Accuracy: 63.81152283307769%
2024-02-02 13:40:01,938 - INFO - Epoch [315/500], Loss: 15.713093231290074, Accuracy: 63.86803369123543%
2024-02-02 13:40:02,619 - INFO - Epoch [316/500], Loss: 15.592098536127704, Accuracy: 64.2044078469363%
2024-02-02 13:40:03,420 - INFO - Epoch [317/500], Loss: 15.56349961131306, Accuracy: 64.29590161728694%
2024-02-02 13:40:04,085 - INFO - Epoch [318/500], Loss: 15.640642439914963, Accuracy: 64.0860041441296%
2024-02-02 13:40:04,806 - INFO - Epoch [319/500], Loss: 15.670307499877477, Accuracy: 63.91108958316514%
2024-02-02 13:40:05,499 - INFO - Epoch [320/500], Loss: 15.601181456598185, Accuracy: 64.11829606307688%
2024-02-02 13:40:06,330 - INFO - Epoch [321/500], Loss: 15.6267447562541, Accuracy: 64.19633486719948%
2024-02-02 13:40:06,339 - INFO - Test Accuracy: 40.316205533596836%, Balanced Test Accuracy: 40.24589127762502%
2024-02-02 13:40:07,099 - INFO - Epoch [322/500], Loss: 15.5910818708145, Accuracy: 64.22324479965555%
2024-02-02 13:40:07,823 - INFO - Epoch [323/500], Loss: 15.509592657372103, Accuracy: 64.33626651597105%
2024-02-02 13:40:08,622 - INFO - Epoch [324/500], Loss: 15.679621316618839, Accuracy: 64.01603831974381%
2024-02-02 13:40:09,251 - INFO - Epoch [325/500], Loss: 15.78556234553709, Accuracy: 63.8949436236915%
2024-02-02 13:40:09,904 - INFO - Epoch [326/500], Loss: 15.591096652766405, Accuracy: 64.10484109684884%
2024-02-02 13:40:10,703 - INFO - Epoch [327/500], Loss: 15.482325635724148, Accuracy: 64.4708161782514%
2024-02-02 13:40:11,384 - INFO - Epoch [328/500], Loss: 15.47424297110509, Accuracy: 64.3927773741288%
2024-02-02 13:40:12,158 - INFO - Epoch [329/500], Loss: 15.635122752795786, Accuracy: 64.19902586044509%
2024-02-02 13:40:12,865 - INFO - Epoch [330/500], Loss: 15.620159629037826, Accuracy: 64.22862678614676%
2024-02-02 13:40:13,558 - INFO - Epoch [331/500], Loss: 15.68238175925562, Accuracy: 64.10484109684884%
2024-02-02 13:40:13,567 - INFO - Test Accuracy: 40.44795783926219%, Balanced Test Accuracy: 40.357893725927774%
2024-02-02 13:40:14,238 - INFO - Epoch [332/500], Loss: 15.594693107120062, Accuracy: 64.11829606307688%
2024-02-02 13:40:14,878 - INFO - Epoch [333/500], Loss: 15.547357607696016, Accuracy: 64.22593579290115%
2024-02-02 13:40:15,564 - INFO - Epoch [334/500], Loss: 15.53871447252015, Accuracy: 64.40892333360243%
2024-02-02 13:40:16,207 - INFO - Epoch [335/500], Loss: 15.474686891345655, Accuracy: 64.34164850246226%
2024-02-02 13:40:16,844 - INFO - Epoch [336/500], Loss: 15.523671746253967, Accuracy: 64.38739538763758%
2024-02-02 13:40:17,582 - INFO - Epoch [337/500], Loss: 15.469346272743355, Accuracy: 64.40354134711122%
2024-02-02 13:40:18,251 - INFO - Epoch [338/500], Loss: 15.667478891752534, Accuracy: 64.05640321842792%
2024-02-02 13:40:18,913 - INFO - Epoch [339/500], Loss: 15.572274532358525, Accuracy: 64.25015473211162%
2024-02-02 13:40:19,596 - INFO - Epoch [340/500], Loss: 15.415749565019446, Accuracy: 64.48965313097064%
2024-02-02 13:40:20,243 - INFO - Epoch [341/500], Loss: 15.476339848364814, Accuracy: 64.53270902290035%
2024-02-02 13:40:20,252 - INFO - Test Accuracy: 40.974967061923586%, Balanced Test Accuracy: 41.04871903265866%
2024-02-02 13:40:20,980 - INFO - Epoch [342/500], Loss: 15.602532984846729, Accuracy: 64.25015473211162%
2024-02-02 13:40:21,669 - INFO - Epoch [343/500], Loss: 15.753784456495511, Accuracy: 63.94069050886682%
2024-02-02 13:40:22,388 - INFO - Epoch [344/500], Loss: 15.474415919538272, Accuracy: 64.59998385404053%
2024-02-02 13:40:23,125 - INFO - Epoch [345/500], Loss: 15.511409232171916, Accuracy: 64.59460186754931%
2024-02-02 13:40:23,781 - INFO - Epoch [346/500], Loss: 15.678444636070122, Accuracy: 64.29321062404134%
2024-02-02 13:40:24,510 - INFO - Epoch [347/500], Loss: 15.599287899874025, Accuracy: 64.22862678614676%
2024-02-02 13:40:25,173 - INFO - Epoch [348/500], Loss: 15.549946774870662, Accuracy: 64.42506929307608%
2024-02-02 13:40:25,845 - INFO - Epoch [349/500], Loss: 15.552516694796287, Accuracy: 64.40623234035682%
2024-02-02 13:40:26,599 - INFO - Epoch [350/500], Loss: 15.610672464815236, Accuracy: 64.31473857000618%
2024-02-02 13:40:27,323 - INFO - Epoch [351/500], Loss: 15.980246313547683, Accuracy: 63.76308495465676%
2024-02-02 13:40:27,333 - INFO - Test Accuracy: 40.843214756258234%, Balanced Test Accuracy: 40.471148283261286%
2024-02-02 13:40:28,055 - INFO - Epoch [352/500], Loss: 15.68980848789215, Accuracy: 64.58383789456688%
2024-02-02 13:40:28,813 - INFO - Epoch [353/500], Loss: 15.598135986570584, Accuracy: 64.60267484728614%
2024-02-02 13:40:29,587 - INFO - Epoch [354/500], Loss: 15.651342689990997, Accuracy: 64.45197922553214%
2024-02-02 13:40:30,294 - INFO - Epoch [355/500], Loss: 15.705881558232388, Accuracy: 64.26630069158526%
2024-02-02 13:40:30,940 - INFO - Epoch [356/500], Loss: 15.66591237763227, Accuracy: 64.25822771184845%
2024-02-02 13:40:31,606 - INFO - Epoch [357/500], Loss: 15.770402011224778, Accuracy: 64.00796534000699%
2024-02-02 13:40:32,259 - INFO - Epoch [358/500], Loss: 15.53583815542318, Accuracy: 64.52463604316353%
2024-02-02 13:40:32,890 - INFO - Epoch [359/500], Loss: 15.530651001606957, Accuracy: 64.46812518500579%
2024-02-02 13:40:33,651 - INFO - Epoch [360/500], Loss: 15.668924981254643, Accuracy: 64.34972148219909%
2024-02-02 13:40:34,294 - INFO - Epoch [361/500], Loss: 15.774573765568814, Accuracy: 64.23131777939237%
2024-02-02 13:40:34,303 - INFO - Test Accuracy: 40.44795783926219%, Balanced Test Accuracy: 40.392013093831984%
2024-02-02 13:40:34,961 - INFO - Epoch [362/500], Loss: 15.736449239617688, Accuracy: 64.27168267807647%
2024-02-02 13:40:35,605 - INFO - Epoch [363/500], Loss: 15.828860074786817, Accuracy: 64.25553671860284%
2024-02-02 13:40:36,254 - INFO - Epoch [364/500], Loss: 15.635259509086609, Accuracy: 64.52732703640913%
2024-02-02 13:40:37,016 - INFO - Epoch [365/500], Loss: 15.604769599639763, Accuracy: 64.42776028632169%
2024-02-02 13:40:37,733 - INFO - Epoch [366/500], Loss: 15.626790162870439, Accuracy: 64.49234412421625%
2024-02-02 13:40:38,370 - INFO - Epoch [367/500], Loss: 15.637755868798596, Accuracy: 64.40623234035682%
2024-02-02 13:40:39,050 - INFO - Epoch [368/500], Loss: 15.67888026722407, Accuracy: 64.41699631333925%
2024-02-02 13:40:39,741 - INFO - Epoch [369/500], Loss: 15.623264617839101, Accuracy: 64.61343882026856%
2024-02-02 13:40:40,447 - INFO - Epoch [370/500], Loss: 15.721244458424843, Accuracy: 64.36855843491833%
2024-02-02 13:40:41,142 - INFO - Epoch [371/500], Loss: 15.565611924155284, Accuracy: 64.60805683377735%
2024-02-02 13:40:41,151 - INFO - Test Accuracy: 40.316205533596836%, Balanced Test Accuracy: 40.19519728923754%
2024-02-02 13:40:41,804 - INFO - Epoch [372/500], Loss: 15.487542941408643, Accuracy: 64.49234412421625%
2024-02-02 13:40:42,458 - INFO - Epoch [373/500], Loss: 15.579628131147158, Accuracy: 64.50849008368989%
2024-02-02 13:40:43,110 - INFO - Epoch [374/500], Loss: 15.45838555036965, Accuracy: 64.85293721912758%
2024-02-02 13:40:43,765 - INFO - Epoch [375/500], Loss: 15.562332428107828, Accuracy: 64.39815936062%
2024-02-02 13:40:44,398 - INFO - Epoch [376/500], Loss: 15.54618496510942, Accuracy: 64.46005220526897%
2024-02-02 13:40:45,025 - INFO - Epoch [377/500], Loss: 15.48164047225047, Accuracy: 64.66187669868948%
2024-02-02 13:40:45,660 - INFO - Epoch [378/500], Loss: 15.49021227784076, Accuracy: 64.60267484728614%
2024-02-02 13:40:46,321 - INFO - Epoch [379/500], Loss: 15.349146168110734, Accuracy: 65.00363284088156%
2024-02-02 13:40:47,063 - INFO - Epoch [380/500], Loss: 15.438911054093959, Accuracy: 64.71838755684723%
2024-02-02 13:40:47,853 - INFO - Epoch [381/500], Loss: 15.4935053778907, Accuracy: 64.5892198810581%
2024-02-02 13:40:47,863 - INFO - Test Accuracy: 42.028985507246375%, Balanced Test Accuracy: 41.689876386083824%
2024-02-02 13:40:48,586 - INFO - Epoch [382/500], Loss: 15.549505501480425, Accuracy: 64.68878663114556%
2024-02-02 13:40:49,255 - INFO - Epoch [383/500], Loss: 15.499543205156165, Accuracy: 64.78297139474179%
2024-02-02 13:40:49,962 - INFO - Epoch [384/500], Loss: 15.56298403315625, Accuracy: 64.50579909044428%
2024-02-02 13:40:50,637 - INFO - Epoch [385/500], Loss: 15.445704595517304, Accuracy: 64.75875245553134%
2024-02-02 13:40:51,269 - INFO - Epoch [386/500], Loss: 15.525415653899564, Accuracy: 64.69955060412798%
2024-02-02 13:40:51,953 - INFO - Epoch [387/500], Loss: 15.572971250041057, Accuracy: 64.60536584053175%
2024-02-02 13:40:52,757 - INFO - Epoch [388/500], Loss: 15.765316743971939, Accuracy: 64.30666559026938%
2024-02-02 13:40:53,543 - INFO - Epoch [389/500], Loss: 15.648131839299607, Accuracy: 64.65918570544387%
2024-02-02 13:40:54,320 - INFO - Epoch [390/500], Loss: 15.548964769153272, Accuracy: 64.82871827991711%
2024-02-02 13:40:55,117 - INFO - Epoch [391/500], Loss: 15.639937471535246, Accuracy: 64.61343882026856%
2024-02-02 13:40:55,126 - INFO - Test Accuracy: 41.63372859025033%, Balanced Test Accuracy: 41.33477145203151%
2024-02-02 13:40:55,919 - INFO - Epoch [392/500], Loss: 15.669058538089365, Accuracy: 64.45736121202336%
2024-02-02 13:40:56,718 - INFO - Epoch [393/500], Loss: 15.502026692285376, Accuracy: 64.70224159737359%
2024-02-02 13:40:57,493 - INFO - Epoch [394/500], Loss: 15.333285663087489, Accuracy: 65.04668873281128%
2024-02-02 13:40:58,262 - INFO - Epoch [395/500], Loss: 15.500478746527332, Accuracy: 64.71569656360163%
2024-02-02 13:40:58,925 - INFO - Epoch [396/500], Loss: 15.370764592946585, Accuracy: 64.87984715158365%
2024-02-02 13:40:59,595 - INFO - Epoch [397/500], Loss: 15.41701921265004, Accuracy: 64.85293721912758%
2024-02-02 13:41:00,278 - INFO - Epoch [398/500], Loss: 15.413062209800138, Accuracy: 64.8959931110573%
2024-02-02 13:41:00,939 - INFO - Epoch [399/500], Loss: 15.345725323184062, Accuracy: 64.96595893544307%
2024-02-02 13:41:01,637 - INFO - Epoch [400/500], Loss: 15.492514587054819, Accuracy: 64.80180834746105%
2024-02-02 13:41:02,297 - INFO - Epoch [401/500], Loss: 15.462980221893828, Accuracy: 64.8179543069347%
2024-02-02 13:41:02,307 - INFO - Test Accuracy: 41.50197628458498%, Balanced Test Accuracy: 41.334365983746785%
2024-02-02 13:41:02,993 - INFO - Epoch [402/500], Loss: 15.388203154175969, Accuracy: 64.93366701649579%
2024-02-02 13:41:03,695 - INFO - Epoch [403/500], Loss: 15.393891383025606, Accuracy: 65.0924356179866%
2024-02-02 13:41:04,390 - INFO - Epoch [404/500], Loss: 15.448801091161824, Accuracy: 64.84755523263637%
2024-02-02 13:41:05,030 - INFO - Epoch [405/500], Loss: 15.449601041058363, Accuracy: 64.85562821237319%
2024-02-02 13:41:05,693 - INFO - Epoch [406/500], Loss: 15.560537643351797, Accuracy: 64.75067947579451%
2024-02-02 13:41:06,345 - INFO - Epoch [407/500], Loss: 15.54459578000893, Accuracy: 64.7452974893033%
2024-02-02 13:41:07,028 - INFO - Epoch [408/500], Loss: 15.374849309355525, Accuracy: 64.97403191517989%
2024-02-02 13:41:07,674 - INFO - Epoch [409/500], Loss: 15.443660747196715, Accuracy: 64.88792013132047%
2024-02-02 13:41:08,307 - INFO - Epoch [410/500], Loss: 15.475033344858783, Accuracy: 65.08167164500418%
2024-02-02 13:41:09,029 - INFO - Epoch [411/500], Loss: 15.48318681171385, Accuracy: 65.17585640860041%
2024-02-02 13:41:09,038 - INFO - Test Accuracy: 41.23847167325428%, Balanced Test Accuracy: 41.0145881308807%
2024-02-02 13:41:09,787 - INFO - Epoch [412/500], Loss: 15.49338018591121, Accuracy: 64.90137509754851%
2024-02-02 13:41:10,466 - INFO - Epoch [413/500], Loss: 15.408204458527646, Accuracy: 64.96057694895185%
2024-02-02 13:41:11,181 - INFO - Epoch [414/500], Loss: 15.372116100990166, Accuracy: 65.25120421947742%
2024-02-02 13:41:11,833 - INFO - Epoch [415/500], Loss: 15.235854007429996, Accuracy: 65.28080514517909%
2024-02-02 13:41:12,467 - INFO - Epoch [416/500], Loss: 15.357247622336372, Accuracy: 64.97134092193429%
2024-02-02 13:41:13,108 - INFO - Epoch [417/500], Loss: 15.259205884852651, Accuracy: 65.1731654153548%
2024-02-02 13:41:13,741 - INFO - Epoch [418/500], Loss: 15.362674621202178, Accuracy: 64.9767229084255%
2024-02-02 13:41:14,363 - INFO - Epoch [419/500], Loss: 15.30933411343623, Accuracy: 65.25389521272301%
2024-02-02 13:41:14,993 - INFO - Epoch [420/500], Loss: 15.40844169107534, Accuracy: 65.25120421947742%
2024-02-02 13:41:15,654 - INFO - Epoch [421/500], Loss: 15.514145765264155, Accuracy: 65.04668873281128%
2024-02-02 13:41:15,663 - INFO - Test Accuracy: 42.028985507246375%, Balanced Test Accuracy: 41.95290889737484%
2024-02-02 13:41:16,448 - INFO - Epoch [422/500], Loss: 15.292505900738602, Accuracy: 65.21622130728451%
2024-02-02 13:41:17,156 - INFO - Epoch [423/500], Loss: 15.36203770213208, Accuracy: 65.14356448965313%
2024-02-02 13:41:17,808 - INFO - Epoch [424/500], Loss: 15.301229963868352, Accuracy: 65.0924356179866%
2024-02-02 13:41:18,468 - INFO - Epoch [425/500], Loss: 15.262478609206314, Accuracy: 65.19738435456527%
2024-02-02 13:41:19,139 - INFO - Epoch [426/500], Loss: 15.472689687195471, Accuracy: 65.02785178009204%
2024-02-02 13:41:19,922 - INFO - Epoch [427/500], Loss: 15.358304231853808, Accuracy: 65.0547617125481%
2024-02-02 13:41:20,627 - INFO - Epoch [428/500], Loss: 15.235482507843082, Accuracy: 65.15971044912678%
2024-02-02 13:41:21,347 - INFO - Epoch [429/500], Loss: 15.290102515180232, Accuracy: 65.11934555044267%
2024-02-02 13:41:22,038 - INFO - Epoch [430/500], Loss: 15.387267298617605, Accuracy: 65.23505826000377%
2024-02-02 13:41:22,729 - INFO - Epoch [431/500], Loss: 15.385049048116652, Accuracy: 65.25389521272301%
2024-02-02 13:41:22,738 - INFO - Test Accuracy: 41.37022397891963%, Balanced Test Accuracy: 40.82206724447437%
2024-02-02 13:41:23,527 - INFO - Epoch [432/500], Loss: 15.467901815802364, Accuracy: 65.04668873281128%
2024-02-02 13:41:24,229 - INFO - Epoch [433/500], Loss: 15.367512071536758, Accuracy: 65.37768090202094%
2024-02-02 13:41:24,949 - INFO - Epoch [434/500], Loss: 15.440314163595943, Accuracy: 65.14625548289874%
2024-02-02 13:41:25,696 - INFO - Epoch [435/500], Loss: 15.37926847348779, Accuracy: 65.07359866526735%
2024-02-02 13:41:26,382 - INFO - Epoch [436/500], Loss: 15.204540390079304, Accuracy: 65.31847905061758%
2024-02-02 13:41:27,116 - INFO - Epoch [437/500], Loss: 15.190214454117468, Accuracy: 65.5525954629854%
2024-02-02 13:41:27,822 - INFO - Epoch [438/500], Loss: 15.199025321814974, Accuracy: 65.29695110465272%
2024-02-02 13:41:28,585 - INFO - Epoch [439/500], Loss: 15.248996341632584, Accuracy: 65.38575388175775%
2024-02-02 13:41:29,409 - INFO - Epoch [440/500], Loss: 15.17648404634605, Accuracy: 65.47724765210839%
2024-02-02 13:41:30,250 - INFO - Epoch [441/500], Loss: 15.215316139035306, Accuracy: 65.39113586824897%
2024-02-02 13:41:30,260 - INFO - Test Accuracy: 42.42424242424242%, Balanced Test Accuracy: 41.84768531691906%
2024-02-02 13:41:31,066 - INFO - Epoch [442/500], Loss: 15.14088362455368, Accuracy: 65.61448830763435%
2024-02-02 13:41:31,824 - INFO - Epoch [443/500], Loss: 15.151322294089754, Accuracy: 65.630634267108%
2024-02-02 13:41:32,593 - INFO - Epoch [444/500], Loss: 15.48559099031707, Accuracy: 65.04399773956567%
2024-02-02 13:41:33,292 - INFO - Epoch [445/500], Loss: 15.177565033152952, Accuracy: 65.47455665886278%
2024-02-02 13:41:33,963 - INFO - Epoch [446/500], Loss: 15.057756953320261, Accuracy: 65.78402088210758%
2024-02-02 13:41:34,622 - INFO - Epoch [447/500], Loss: 15.411662987733292, Accuracy: 64.99555986114476%
2024-02-02 13:41:35,301 - INFO - Epoch [448/500], Loss: 15.188206927251008, Accuracy: 65.58219638868707%
2024-02-02 13:41:36,086 - INFO - Epoch [449/500], Loss: 15.167121048701011, Accuracy: 65.57681440219585%
2024-02-02 13:41:36,854 - INFO - Epoch [450/500], Loss: 15.08148086374089, Accuracy: 65.50953957105568%
2024-02-02 13:41:37,518 - INFO - Epoch [451/500], Loss: 15.198820814237756, Accuracy: 65.479938645354%
2024-02-02 13:41:37,527 - INFO - Test Accuracy: 42.028985507246375%, Balanced Test Accuracy: 41.38944053882135%
2024-02-02 13:41:38,186 - INFO - Epoch [452/500], Loss: 15.278879169690407, Accuracy: 65.37229891552973%
2024-02-02 13:41:38,915 - INFO - Epoch [453/500], Loss: 15.35598836207794, Accuracy: 65.31578805737198%
2024-02-02 13:41:39,741 - INFO - Epoch [454/500], Loss: 15.347384618500532, Accuracy: 65.24851322623181%
2024-02-02 13:41:40,411 - INFO - Epoch [455/500], Loss: 15.338111337968858, Accuracy: 65.39651785474018%
2024-02-02 13:41:41,094 - INFO - Epoch [456/500], Loss: 15.381140761456248, Accuracy: 65.27004117219666%
2024-02-02 13:41:41,754 - INFO - Epoch [457/500], Loss: 15.55590453188298, Accuracy: 65.31040607088076%
2024-02-02 13:41:42,419 - INFO - Epoch [458/500], Loss: 15.370656481233693, Accuracy: 65.14894647614435%
2024-02-02 13:41:43,093 - INFO - Epoch [459/500], Loss: 15.319010135480912, Accuracy: 65.41535480745944%
2024-02-02 13:41:43,771 - INFO - Epoch [460/500], Loss: 15.453058452929481, Accuracy: 65.40728182772261%
2024-02-02 13:41:44,448 - INFO - Epoch [461/500], Loss: 15.415278022572146, Accuracy: 65.42880977368746%
2024-02-02 13:41:44,457 - INFO - Test Accuracy: 42.81949934123847%, Balanced Test Accuracy: 42.54569400757482%
2024-02-02 13:41:45,127 - INFO - Epoch [462/500], Loss: 15.401716786926075, Accuracy: 65.0924356179866%
2024-02-02 13:41:45,800 - INFO - Epoch [463/500], Loss: 15.307742024882366, Accuracy: 65.4826296385996%
2024-02-02 13:41:46,470 - INFO - Epoch [464/500], Loss: 15.353762323573484, Accuracy: 65.29156911816152%
2024-02-02 13:41:47,145 - INFO - Epoch [465/500], Loss: 15.443449664924104, Accuracy: 65.05207071930249%
2024-02-02 13:41:47,821 - INFO - Epoch [466/500], Loss: 15.225363612174988, Accuracy: 65.58488738193267%
2024-02-02 13:41:48,491 - INFO - Epoch [467/500], Loss: 15.206565125513885, Accuracy: 65.62256128737117%
2024-02-02 13:41:49,186 - INFO - Epoch [468/500], Loss: 15.174998219740592, Accuracy: 65.79478485509001%
2024-02-02 13:41:49,846 - INFO - Epoch [469/500], Loss: 15.198994985071279, Accuracy: 65.5956513549151%
2024-02-02 13:41:50,526 - INFO - Epoch [470/500], Loss: 15.215518153319925, Accuracy: 65.63870724684482%
2024-02-02 13:41:51,217 - INFO - Epoch [471/500], Loss: 15.30600473840358, Accuracy: 65.48801162509082%
2024-02-02 13:41:51,226 - INFO - Test Accuracy: 41.37022397891963%, Balanced Test Accuracy: 40.92129930326525%
2024-02-02 13:41:51,896 - INFO - Epoch [472/500], Loss: 15.25877539384163, Accuracy: 65.63601625359921%
2024-02-02 13:41:52,571 - INFO - Epoch [473/500], Loss: 15.361509828244225, Accuracy: 65.41535480745944%
2024-02-02 13:41:53,254 - INFO - Epoch [474/500], Loss: 15.25206992181681, Accuracy: 65.64139824009041%
2024-02-02 13:41:53,928 - INFO - Epoch [475/500], Loss: 15.255475136183076, Accuracy: 65.630634267108%
2024-02-02 13:41:54,609 - INFO - Epoch [476/500], Loss: 15.39126978587296, Accuracy: 65.54183149000296%
2024-02-02 13:41:55,266 - INFO - Epoch [477/500], Loss: 15.044678792104882, Accuracy: 65.96700842280886%
2024-02-02 13:41:55,915 - INFO - Epoch [478/500], Loss: 15.167142583151994, Accuracy: 65.64139824009041%
2024-02-02 13:41:56,614 - INFO - Epoch [479/500], Loss: 15.302007726693558, Accuracy: 65.57950539544146%
2024-02-02 13:41:57,287 - INFO - Epoch [480/500], Loss: 15.300374759455858, Accuracy: 65.30771507763515%
2024-02-02 13:41:57,923 - INFO - Epoch [481/500], Loss: 15.248994226172819, Accuracy: 65.63870724684482%
2024-02-02 13:41:57,932 - INFO - Test Accuracy: 41.10671936758893%, Balanced Test Accuracy: 40.62661849387856%
2024-02-02 13:41:58,569 - INFO - Epoch [482/500], Loss: 15.209851467003256, Accuracy: 65.67907214552892%
2024-02-02 13:41:59,181 - INFO - Epoch [483/500], Loss: 15.130545812138056, Accuracy: 65.8270767740373%
2024-02-02 13:41:59,810 - INFO - Epoch [484/500], Loss: 15.27096657530736, Accuracy: 65.60910632114313%
2024-02-02 13:42:00,435 - INFO - Epoch [485/500], Loss: 15.247837306079218, Accuracy: 65.64139824009041%
2024-02-02 13:42:01,079 - INFO - Epoch [486/500], Loss: 15.456859818959641, Accuracy: 65.53644950351175%
2024-02-02 13:42:01,735 - INFO - Epoch [487/500], Loss: 15.343367392733946, Accuracy: 65.4422647399155%
2024-02-02 13:42:02,380 - INFO - Epoch [488/500], Loss: 15.434221486924057, Accuracy: 65.43419176017868%
2024-02-02 13:42:03,028 - INFO - Epoch [489/500], Loss: 15.338255764064142, Accuracy: 65.66830817254649%
2024-02-02 13:42:03,684 - INFO - Epoch [490/500], Loss: 15.481222619444637, Accuracy: 65.35346196281047%
2024-02-02 13:42:04,336 - INFO - Epoch [491/500], Loss: 15.51209950144008, Accuracy: 65.33731600333684%
2024-02-02 13:42:04,345 - INFO - Test Accuracy: 42.16073781291173%, Balanced Test Accuracy: 41.59175041218385%
2024-02-02 13:42:05,038 - INFO - Epoch [492/500], Loss: 15.397697455802206, Accuracy: 65.48532063184521%
2024-02-02 13:42:05,726 - INFO - Epoch [493/500], Loss: 15.476499299881821, Accuracy: 65.34807997631926%
2024-02-02 13:42:06,390 - INFO - Epoch [494/500], Loss: 15.179809120752044, Accuracy: 65.70867307123059%
2024-02-02 13:42:07,085 - INFO - Epoch [495/500], Loss: 15.276854220083205, Accuracy: 65.404590834477%
2024-02-02 13:42:07,861 - INFO - Epoch [496/500], Loss: 15.291037658513602, Accuracy: 65.62794327386239%
2024-02-02 13:42:08,529 - INFO - Epoch [497/500], Loss: 15.368995801877167, Accuracy: 65.404590834477%
2024-02-02 13:42:09,245 - INFO - Epoch [498/500], Loss: 15.16114699638496, Accuracy: 65.58757837517828%
2024-02-02 13:42:09,953 - INFO - Epoch [499/500], Loss: 15.149558086516494, Accuracy: 65.91857054438793%
2024-02-02 13:42:10,603 - INFO - Epoch [500/500], Loss: 15.137537477380139, Accuracy: 65.95624444982643%
2024-02-02 13:42:10,862 - INFO - Test Accuracy: 19.456751054852322%, Balanced Test Accuracy: 19.45675105485232%
2024-02-02 13:42:11,170 - INFO - Final unblanced test accuracy: 19.456751054852322% and final balanced test accuracy 19.45675105485232
