2023-11-17 02:22:38,016 - INFO - Epoch 1/10 - Training
2023-11-17 02:26:04,302 - INFO - Aligning modalities...
2023-11-17 02:26:11,544 - INFO - Starting training loop
2023-11-17 02:26:11,546 - INFO - Epoch 1/10 - Training
2023-11-17 07:00:45,690 - INFO - Epoch [1/10], Avg Loss: 2.0594
2023-11-17 07:00:45,692 - INFO - Epoch 1/10 - Validation
2023-11-17 07:37:09,494 - INFO - Epoch [1/10], Validation Loss: 2.0759
2023-11-17 07:37:13,979 - INFO - Best val loss 2.075932164400103
2023-11-17 07:37:13,979 - INFO - New best model saved at epoch 1
2023-11-17 07:37:13,983 - INFO - Training statistics saved to /home/bas06400/Thesis/VIP/src/align_checkpoints/checkpoint_rgb_ir_20231117_022611
2023-11-17 07:37:13,983 - INFO - Training complete!
2023-11-17 07:37:13,985 - INFO - Epoch 2/10 - Training
2023-11-17 11:55:05,627 - INFO - Epoch [2/10], Avg Loss: 2.0728
2023-11-17 11:55:05,630 - INFO - Epoch 2/10 - Validation
2023-11-17 12:30:11,428 - INFO - Epoch [2/10], Validation Loss: 2.0787
2023-11-17 12:30:11,436 - INFO - Training statistics saved to /home/bas06400/Thesis/VIP/src/align_checkpoints/checkpoint_rgb_ir_20231117_022611
2023-11-17 12:30:11,437 - INFO - Training complete!
2023-11-17 12:30:11,438 - INFO - Epoch 3/10 - Training
2023-11-17 17:12:23,435 - INFO - Epoch [3/10], Avg Loss: 2.0754
2023-11-17 17:12:23,437 - INFO - Epoch 3/10 - Validation
2023-11-17 18:00:15,502 - INFO - Epoch [3/10], Validation Loss: 2.0646
2023-11-17 18:00:25,114 - INFO - Best val loss 2.064612118336051
2023-11-17 18:00:25,115 - INFO - New best model saved at epoch 3
2023-11-17 18:00:25,122 - INFO - Training statistics saved to /home/bas06400/Thesis/VIP/src/align_checkpoints/checkpoint_rgb_ir_20231117_022611
2023-11-17 18:00:25,122 - INFO - Training complete!
2023-11-17 18:00:25,130 - INFO - Epoch 4/10 - Training
2023-11-17 22:46:33,386 - INFO - Epoch [4/10], Avg Loss: 2.0485
2023-11-17 22:46:33,390 - INFO - Epoch 4/10 - Validation
2023-11-17 23:22:07,463 - INFO - Epoch [4/10], Validation Loss: 1.9952
2023-11-17 23:22:12,359 - INFO - Best val loss 1.9952424073856423
2023-11-17 23:22:12,359 - INFO - New best model saved at epoch 4
2023-11-17 23:22:12,364 - INFO - Training statistics saved to /home/bas06400/Thesis/VIP/src/align_checkpoints/checkpoint_rgb_ir_20231117_022611
2023-11-17 23:22:12,364 - INFO - Training complete!
2023-11-17 23:22:12,366 - INFO - Epoch 5/10 - Training
2023-11-18 03:17:32,324 - INFO - Epoch [5/10], Avg Loss: 2.0717
2023-11-18 03:17:32,328 - INFO - Epoch 5/10 - Validation
2023-11-18 03:48:10,801 - INFO - Epoch [5/10], Validation Loss: 2.0620
2023-11-18 03:48:10,810 - INFO - Training statistics saved to /home/bas06400/Thesis/VIP/src/align_checkpoints/checkpoint_rgb_ir_20231117_022611
2023-11-18 03:48:10,810 - INFO - Training complete!
2023-11-18 03:48:10,813 - INFO - Epoch 6/10 - Training
2023-11-18 07:34:28,368 - INFO - Epoch [6/10], Avg Loss: 2.0544
2023-11-18 07:34:28,370 - INFO - Epoch 6/10 - Validation
2023-11-18 08:05:21,439 - INFO - Epoch [6/10], Validation Loss: 2.0700
2023-11-18 08:05:21,453 - INFO - Training statistics saved to /home/bas06400/Thesis/VIP/src/align_checkpoints/checkpoint_rgb_ir_20231117_022611
2023-11-18 08:05:21,453 - INFO - Training complete!
2023-11-18 08:05:21,456 - INFO - Epoch 7/10 - Training
2023-11-18 11:48:36,284 - INFO - Epoch [7/10], Avg Loss: 2.0189
2023-11-18 11:48:36,289 - INFO - Epoch 7/10 - Validation
2023-11-18 12:19:11,438 - INFO - Epoch [7/10], Validation Loss: 1.8977
2023-11-18 12:19:16,557 - INFO - Best val loss 1.8976546240925956
2023-11-18 12:19:16,558 - INFO - New best model saved at epoch 7
2023-11-18 12:19:16,571 - INFO - Training statistics saved to /home/bas06400/Thesis/VIP/src/align_checkpoints/checkpoint_rgb_ir_20231117_022611
2023-11-18 12:19:16,571 - INFO - Training complete!
2023-11-18 12:19:16,573 - INFO - Epoch 8/10 - Training
2023-11-18 16:02:50,687 - INFO - Epoch [8/10], Avg Loss: 1.7653
2023-11-18 16:02:50,691 - INFO - Epoch 8/10 - Validation
2023-11-18 16:33:41,491 - INFO - Epoch [8/10], Validation Loss: 1.5717
2023-11-18 16:33:46,886 - INFO - Best val loss 1.5717116176830566
2023-11-18 16:33:46,886 - INFO - New best model saved at epoch 8
2023-11-18 16:33:46,896 - INFO - Training statistics saved to /home/bas06400/Thesis/VIP/src/align_checkpoints/checkpoint_rgb_ir_20231117_022611
2023-11-18 16:33:46,896 - INFO - Training complete!
2023-11-18 16:33:46,900 - INFO - Epoch 9/10 - Training
2023-11-18 20:41:30,213 - INFO - Epoch [9/10], Avg Loss: 1.5544
2023-11-18 20:41:30,215 - INFO - Epoch 9/10 - Validation
2023-11-18 21:18:00,198 - INFO - Epoch [9/10], Validation Loss: 1.3462
2023-11-18 21:18:06,797 - INFO - Best val loss 1.3461515173295044
2023-11-18 21:18:06,797 - INFO - New best model saved at epoch 9
2023-11-18 21:18:06,806 - INFO - Training statistics saved to /home/bas06400/Thesis/VIP/src/align_checkpoints/checkpoint_rgb_ir_20231117_022611
2023-11-18 21:18:06,806 - INFO - Training complete!
2023-11-18 21:18:06,810 - INFO - Epoch 10/10 - Training
