2024-01-19 02:31:15,451 - INFO - Configuration:
{
    "task": "5",
    "train_classifier": false,
    "number_gpus": "2",
    "modalities": [
        "rgb"
    ],
    "mask_ratio": 0.8,
    "dataset": "NTU",
    "split": "CV",
    "epochs": 50,
    "res_cktp": false,
    "cktp_dir": "/home/bas06400/Thesis/VIP/src/align_checkpoints/mae_checkpoints",
    "trained_encoder": "checkpoint_rgb_CV_20240118_052027.pth",
    "learning_rate": 0.0001,
    "temperature": 0.1,
    "num_workers": 10,
    "batch_size": 32,
    "data_root": "/net/polaris/storage/deeplearning/ntu",
    "random_sample": false,
    "pin_memory": true,
    "scheduler_config": {
        "type": "plateau",
        "params": {
            "mode": "min",
            "factor": 0.1,
            "patience": 5
        }
    }
}
2024-01-19 02:31:15,514 - INFO - Training MAE for rgb...
2024-01-19 02:31:16,197 - INFO - Evaluing on the following GPUs [0, 1]
2024-01-19 02:48:10,496 - INFO - Epoch: 0, Average Training Loss: 0.4594842008412808
2024-01-19 02:48:25,727 - INFO - Epoch: 0, Validation Training Loss: 0.27396178369720775
2024-01-19 02:48:31,014 - INFO - Saved checkpoint at epoch 0 to /home/bas06400/Thesis/VIP/src/align_checkpoints/mae_checkpoints/checkpoint_rgb_CV_20240119_023126.pth
