2024-01-18 02:43:27,306 - INFO - Configuration:
{
    "task": "5",
    "number_gpus": "2",
    "modalities": [
        "rgb"
    ],
    "mask_ratio": 0.8,
    "dataset": "NTU",
    "split": "CV",
    "epochs": 10,
    "res_cktp": false,
    "cktp_dir": "/home/bas06400/Thesis/VIP/src/align_checkpoints/mae_checkpoints",
    "learning_rate": 0.0001,
    "temperature": 0.1,
    "num_workers": 10,
    "batch_size": 32,
    "data_root": "/net/polaris/storage/deeplearning/ntu",
    "random_sample": false,
    "pin_memory": true,
    "scheduler_config": {
        "type": "plateau",
        "params": {
            "mode": "min",
            "factor": 0.1,
            "patience": 5
        }
    }
}
2024-01-18 02:43:27,378 - INFO - Training MAE for rgb...
2024-01-18 02:43:27,422 - INFO - Evaluing on the following GPUs [0, 1]
2024-01-18 04:55:26,504 - INFO - Epoch: 0, Average Training Loss: 0.4509972810950419
2024-01-18 04:58:45,326 - INFO - Saved checkpoint at epoch 0 to /home/bas06400/Thesis/VIP/src/align_checkpoints/mae_checkpoints/checkpoint_rgb_CV_20240118_045841.pth
2024-01-18 06:53:59,967 - INFO - Epoch: 1, Average Training Loss: 0.2081237353140844
2024-01-18 06:56:47,169 - INFO - Saved checkpoint at epoch 1 to /home/bas06400/Thesis/VIP/src/align_checkpoints/mae_checkpoints/checkpoint_rgb_CV_20240118_065643.pth
2024-01-18 08:47:09,228 - INFO - Epoch: 2, Average Training Loss: 0.14008944869528744
2024-01-18 08:49:57,363 - INFO - Saved checkpoint at epoch 2 to /home/bas06400/Thesis/VIP/src/align_checkpoints/mae_checkpoints/checkpoint_rgb_CV_20240118_084952.pth
2024-01-18 10:36:47,978 - INFO - Epoch: 3, Average Training Loss: 0.10917506079075669
2024-01-18 10:39:39,229 - INFO - Saved checkpoint at epoch 3 to /home/bas06400/Thesis/VIP/src/align_checkpoints/mae_checkpoints/checkpoint_rgb_CV_20240118_103935.pth
2024-01-18 12:26:15,100 - INFO - Epoch: 4, Average Training Loss: 0.09190029665032681
2024-01-18 12:29:00,267 - INFO - Saved checkpoint at epoch 4 to /home/bas06400/Thesis/VIP/src/align_checkpoints/mae_checkpoints/checkpoint_rgb_CV_20240118_122856.pth
2024-01-18 14:31:35,868 - INFO - Epoch: 5, Average Training Loss: 0.08088180043842008
2024-01-18 14:35:10,601 - INFO - Saved checkpoint at epoch 5 to /home/bas06400/Thesis/VIP/src/align_checkpoints/mae_checkpoints/checkpoint_rgb_CV_20240118_143459.pth
2024-01-18 16:38:56,318 - INFO - Epoch: 6, Average Training Loss: 0.07348414563065757
2024-01-18 16:41:52,175 - INFO - Saved checkpoint at epoch 6 to /home/bas06400/Thesis/VIP/src/align_checkpoints/mae_checkpoints/checkpoint_rgb_CV_20240118_164145.pth
2024-01-18 18:29:16,413 - INFO - Epoch: 7, Average Training Loss: 0.0675766866320741
2024-01-18 18:32:11,994 - INFO - Saved checkpoint at epoch 7 to /home/bas06400/Thesis/VIP/src/align_checkpoints/mae_checkpoints/checkpoint_rgb_CV_20240118_183209.pth
2024-01-18 20:21:13,901 - INFO - Epoch: 8, Average Training Loss: 0.06311369653977134
2024-01-18 20:23:56,734 - INFO - Saved checkpoint at epoch 8 to /home/bas06400/Thesis/VIP/src/align_checkpoints/mae_checkpoints/checkpoint_rgb_CV_20240118_202354.pth
