2024-01-18 13:10:33,166 - INFO - Configuration:
{
    "task": "5",
    "number_gpus": "2",
    "modalities": [
        "rgb"
    ],
    "mask_ratio": 0.8,
    "dataset": "NTU",
    "split": "CV",
    "epochs": 50,
    "res_cktp": false,
    "cktp_dir": "/home/bas06400/Thesis/VIP/src/align_checkpoints/mae_checkpoints",
    "learning_rate": 0.0001,
    "temperature": 0.1,
    "num_workers": 10,
    "batch_size": 32,
    "data_root": "/net/polaris/storage/deeplearning/ntu",
    "random_sample": false,
    "pin_memory": true,
    "scheduler_config": {
        "type": "plateau",
        "params": {
            "mode": "min",
            "factor": 0.1,
            "patience": 5
        }
    }
}
2024-01-18 13:10:33,234 - INFO - Training MAE for rgb...
2024-01-18 13:10:33,537 - INFO - Evaluing on the following GPUs [2, 3]
2024-01-18 13:27:36,888 - INFO - Epoch: 0, Average Training Loss: 0.4594842008412808
2024-01-18 13:27:57,864 - INFO - Saved checkpoint at epoch 0 to /home/bas06400/Thesis/VIP/src/align_checkpoints/mae_checkpoints/checkpoint_rgb_CV_20240118_132755.pth
2024-01-18 13:44:37,063 - INFO - Epoch: 1, Average Training Loss: 0.207964655800551
2024-01-18 13:45:01,537 - INFO - Saved checkpoint at epoch 1 to /home/bas06400/Thesis/VIP/src/align_checkpoints/mae_checkpoints/checkpoint_rgb_CV_20240118_134457.pth
2024-01-18 14:01:44,198 - INFO - Epoch: 2, Average Training Loss: 0.13807462802134365
2024-01-18 14:02:08,313 - INFO - Saved checkpoint at epoch 2 to /home/bas06400/Thesis/VIP/src/align_checkpoints/mae_checkpoints/checkpoint_rgb_CV_20240118_140202.pth
2024-01-18 14:18:42,630 - INFO - Epoch: 3, Average Training Loss: 0.10711132722190243
2024-01-18 14:19:04,310 - INFO - Saved checkpoint at epoch 3 to /home/bas06400/Thesis/VIP/src/align_checkpoints/mae_checkpoints/checkpoint_rgb_CV_20240118_141901.pth
2024-01-18 14:35:40,073 - INFO - Epoch: 4, Average Training Loss: 0.08974990092871932
2024-01-18 14:36:01,154 - INFO - Saved checkpoint at epoch 4 to /home/bas06400/Thesis/VIP/src/align_checkpoints/mae_checkpoints/checkpoint_rgb_CV_20240118_143558.pth
2024-01-18 14:52:32,082 - INFO - Epoch: 5, Average Training Loss: 0.07852274390408792
2024-01-18 14:52:55,283 - INFO - Saved checkpoint at epoch 5 to /home/bas06400/Thesis/VIP/src/align_checkpoints/mae_checkpoints/checkpoint_rgb_CV_20240118_145250.pth
2024-01-18 15:09:26,679 - INFO - Epoch: 6, Average Training Loss: 0.07089484515383507
2024-01-18 15:09:48,466 - INFO - Saved checkpoint at epoch 6 to /home/bas06400/Thesis/VIP/src/align_checkpoints/mae_checkpoints/checkpoint_rgb_CV_20240118_150944.pth
2024-01-18 15:26:25,443 - INFO - Epoch: 7, Average Training Loss: 0.0652827347553433
2024-01-18 15:26:52,446 - INFO - Saved checkpoint at epoch 7 to /home/bas06400/Thesis/VIP/src/align_checkpoints/mae_checkpoints/checkpoint_rgb_CV_20240118_152645.pth
2024-01-18 15:43:33,296 - INFO - Epoch: 8, Average Training Loss: 0.06070994792855545
2024-01-18 15:43:56,793 - INFO - Saved checkpoint at epoch 8 to /home/bas06400/Thesis/VIP/src/align_checkpoints/mae_checkpoints/checkpoint_rgb_CV_20240118_154353.pth
2024-01-18 16:00:32,011 - INFO - Epoch: 9, Average Training Loss: 0.05705576283591134
2024-01-18 16:01:00,166 - INFO - Saved checkpoint at epoch 9 to /home/bas06400/Thesis/VIP/src/align_checkpoints/mae_checkpoints/checkpoint_rgb_CV_20240118_160050.pth
