2024-01-18 20:59:12,540 - INFO - Configuration:
{
    "task": "5",
    "train_classifier": true,
    "number_gpus": "1",
    "modalities": [
        "rgb"
    ],
    "mask_ratio": 0.8,
    "dataset": "NTU",
    "split": "CV",
    "num_classes": 60,
    "epochs": 50,
    "res_cktp": false,
    "cktp_dir": "/home/bas06400/Thesis/VIP/src/align_checkpoints/mae_checkpoints",
    "trained_encoder": "checkpoint_rgb_CV_20240118_052027.pth",
    "learning_rate": 0.0001,
    "temperature": 0.1,
    "num_workers": 10,
    "batch_size": 64,
    "data_root": "/net/polaris/storage/deeplearning/ntu",
    "random_sample": false,
    "pin_memory": true,
    "scheduler_config": {
        "type": "plateau",
        "params": {
            "mode": "min",
            "factor": 0.1,
            "patience": 5
        }
    }
}
2024-01-18 20:59:12,614 - INFO - Training MAE for rgb...
2024-01-18 20:59:13,189 - INFO - Evaluing on the following GPUs [2]
2024-01-18 20:59:19,565 - INFO - Starting feature extraction...
